11-15 19:12:04.193  9711  9711 I auditd  : type=1400 audit(0.0:3937): avc: denied { read } for comm="pidof" scontext=u:r:direct_network_config:s0 tcontext=u:r:hal_cas_default:s0 tclass=file permissive=1
11-15 19:12:04.193  9711  9711 I auditd  : type=1400 audit(0.0:3938): avc: denied { read } for comm="pidof" scontext=u:r:direct_network_config:s0 tcontext=u:r:hal_configstore_default:s0 tclass=file permissive=1
11-15 19:12:04.193  9711  9711 I auditd  : type=1400 audit(0.0:3939): avc: denied { read } for comm="pidof" scontext=u:r:direct_network_config:s0 tcontext=u:r:hal_contexthub_default:s0 tclass=file permissive=1
11-15 19:12:04.193  9711  9711 I auditd  : type=1400 audit(0.0:3940): avc: denied { read } for comm="pidof" scontext=u:r:direct_network_config:s0 tcontext=u:r:hal_drm_default:s0 tclass=file permissive=1
11-15 19:12:09.509  9721  9721 I auditd  : type=1400 audit(0.0:3957): avc: denied { read } for comm="pidof" scontext=u:r:direct_network_config:s0 tcontext=u:r:early_power:s0 tclass=file permissive=1
11-15 19:12:09.509  9721  9721 I auditd  : type=1400 audit(0.0:3958): avc: denied { read } for comm="pidof" scontext=u:r:direct_network_config:s0 tcontext=u:r:hal_dumpstate_default:s0 tclass=file permissive=1
11-15 19:12:09.509  9721  9721 I auditd  : type=1400 audit(0.0:3959): avc: denied { read } for comm="pidof" scontext=u:r:direct_network_config:s0 tcontext=u:r:hal_gatekeeper_default:s0 tclass=file permissive=1
11-15 19:12:09.513  9721  9721 I auditd  : type=1400 audit(0.0:3960): avc: denied { open } for comm="pidof" path="/proc/1577/comm" dev="proc" ino=262952 scontext=u:r:direct_network_config:s0 tcontext=u:r:early_power:s0 tclass=file permissive=1
11-15 19:12:09.513  9721  9721 I auditd  : type=1400 audit(0.0:3961): avc: denied { open } for comm="pidof" path="/proc/1701/comm" dev="proc" ino=262988 scontext=u:r:direct_network_config:s0 tcontext=u:r:hal_dumpstate_default:s0 tclass=file permissive=1
11-15 19:12:17.668  2044  2415 I ntp_failure: [ntp1.aliyun.com,java.net.UnknownHostException: Unable to resolve host "ntp1.aliyun.com": No address associated with hostname]
11-15 19:12:20.141  9739  9739 I auditd  : type=1400 audit(0.0:3965): avc: denied { read } for comm="pidof" scontext=u:r:direct_network_config:s0 tcontext=u:r:hal_gnss_default:s0 tclass=file permissive=1
11-15 19:12:20.141  9739  9739 I auditd  : type=1400 audit(0.0:3966): avc: denied { read } for comm="pidof" scontext=u:r:direct_network_config:s0 tcontext=u:r:hal_graphics_allocator_default:s0 tclass=file permissive=1
11-15 19:12:20.141  9739  9739 I auditd  : type=1400 audit(0.0:3967): avc: denied { read } for comm="pidof" scontext=u:r:direct_network_config:s0 tcontext=u:r:hal_graphics_composer_default:s0 tclass=file permissive=1
11-15 19:12:20.145  9739  9739 I auditd  : type=1400 audit(0.0:3968): avc: denied { search } for comm="pidof" name="1564" dev="proc" ino=262777 scontext=u:r:direct_network_config:s0 tcontext=u:r:logd:s0 tclass=dir permissive=1
11-15 19:12:20.145  9739  9739 I auditd  : type=1400 audit(0.0:3969): avc: denied { read } for comm="pidof" scontext=u:r:direct_network_config:s0 tcontext=u:r:vold:s0 tclass=file permissive=1
11-15 19:12:22.789  9746  9746 I auditd  : type=1400 audit(0.0:3979): avc: denied { read } for comm="pidof" scontext=u:r:direct_network_config:s0 tcontext=u:r:vendor_init:s0 tclass=file permissive=1
11-15 19:12:22.793  9746  9746 I auditd  : type=1400 audit(0.0:3980): avc: denied { open } for comm="pidof" path="/proc/1234/comm" dev="proc" ino=262763 scontext=u:r:direct_network_config:s0 tcontext=u:r:vendor_init:s0 tclass=file permissive=1
11-15 19:12:36.057  9774  9774 I auditd  : type=1400 audit(0.0:3981): avc: denied { sys_ptrace } for comm="pidof" capability=19 scontext=u:r:direct_network_config:s0 tcontext=u:r:direct_network_config:s0 tclass=capability permissive=1
11-15 19:12:36.065  9774  9774 I auditd  : type=1400 audit(0.0:3982): avc: denied { read } for comm="pidof" scontext=u:r:direct_network_config:s0 tcontext=u:r:hal_health_default:s0 tclass=file permissive=1
11-15 19:12:36.069  9774  9774 I auditd  : type=1400 audit(0.0:3983): avc: denied { open } for comm="pidof" path="/proc/1706/comm" dev="proc" ino=262998 scontext=u:r:direct_network_config:s0 tcontext=u:r:hal_health_default:s0 tclass=file permissive=1
11-15 19:12:36.073  9774  9774 I auditd  : type=1400 audit(0.0:3984): avc: denied { search } for comm="pidof" name="1887" dev="proc" ino=262832 scontext=u:r:direct_network_config:s0 tcontext=u:r:mediaextractor:s0 tclass=dir permissive=1
11-15 19:13:17.684  2044  2415 I ntp_failure: [ntp2.aliyun.com,java.net.UnknownHostException: Unable to resolve host "ntp2.aliyun.com": No address associated with hostname]
11-15 19:13:17.727  2044  2057 I am_pss  : [2501,1000,com.desaysv.launcher,93772800,88195072,0,190693376,0,2,42]
11-15 19:13:21.944  2044  2123 I commit_sys_config_file: [settings-1-0,38]
11-15 19:13:22.919  2044  2123 I commit_sys_config_file: [settings-1-0,41]
11-15 19:13:23.917  9864  9864 I auditd  : type=1400 audit(0.0:3985): avc: denied { read } for comm="pidof" scontext=u:r:direct_network_config:s0 tcontext=u:r:ueventd:s0 tclass=file permissive=1
11-15 19:13:23.925  9864  9864 I auditd  : type=1400 audit(0.0:3986): avc: denied { open } for comm="pidof" path="/proc/1236/comm" dev="proc" ino=262767 scontext=u:r:direct_network_config:s0 tcontext=u:r:ueventd:s0 tclass=file permissive=1
11-15 19:13:23.925  9864  9864 I auditd  : type=1400 audit(0.0:3987): avc: denied { read } for comm="pidof" scontext=u:r:direct_network_config:s0 tcontext=u:r:hal_memtrack_default:s0 tclass=file permissive=1
11-15 19:13:23.925  9864  9864 I auditd  : type=1400 audit(0.0:3988): avc: denied { read } for comm="pidof" scontext=u:r:direct_network_config:s0 tcontext=u:r:hal_sensors_default:s0 tclass=file permissive=1
11-15 19:13:23.925  9864  9864 I auditd  : type=1400 audit(0.0:3989): avc: denied { read } for comm="pidof" scontext=u:r:direct_network_config:s0 tcontext=u:r:system_server:s0 tclass=file permissive=1
11-15 19:13:23.925  9864  9864 I auditd  : type=1400 audit(0.0:3990): avc: denied { read } for comm="pidof" scontext=u:r:direct_network_config:s0 tcontext=u:r:system_app:s0 tclass=file permissive=1
11-15 19:13:23.929  9864  9864 I auditd  : type=1400 audit(0.0:3991): avc: denied { open } for comm="pidof" path="/proc/1707/comm" dev="proc" ino=263000 scontext=u:r:direct_network_config:s0 tcontext=u:r:hal_memtrack_default:s0 tclass=file permissive=1
11-15 19:13:23.929  9864  9864 I auditd  : type=1400 audit(0.0:3992): avc: denied { open } for comm="pidof" path="/proc/1708/comm" dev="proc" ino=263002 scontext=u:r:direct_network_config:s0 tcontext=u:r:hal_sensors_default:s0 tclass=file permissive=1
11-15 19:13:23.929  9864  9864 I auditd  : type=1400 audit(0.0:3993): avc: denied { search } for comm="pidof" name="1883" dev="proc" ino=262829 scontext=u:r:direct_network_config:s0 tcontext=u:r:installd:s0 tclass=dir permissive=1
11-15 19:13:25.308  2044  2123 I commit_sys_config_file: [settings-1-0,17]
11-15 19:13:34.238  2044  2123 I commit_sys_config_file: [settings-1-0,14]
11-15 19:13:44.511  2044  2123 I commit_sys_config_file: [settings-1-0,18]
11-15 19:14:06.511  2044  2123 I commit_sys_config_file: [settings-1-0,17]
11-15 19:14:17.262  2044  2123 I commit_sys_config_file: [settings-1-0,16]
11-15 19:14:36.200  2044  2123 I commit_sys_config_file: [settings-1-0,23]
11-15 19:14:37.581  2044  2138 I netstats_mobile_sample: [0,0,0,0,0,0,0,0,0,0,0,0,1763223277581]
11-15 19:14:37.582  2044  2138 I netstats_wifi_sample: [0,0,0,0,0,0,0,0,0,0,0,0,1763223277581]
11-15 19:14:37.584  1685  1685 I auditd  : type=1400 audit(0.0:3996): avc: denied { add_name } for comm="Binder:1685_2" name="globalAlert" scontext=u:r:netd:s0 tcontext=u:object_r:proc_net:s0 tclass=dir permissive=1
11-15 19:14:37.584  1685  1685 I auditd  : type=1400 audit(0.0:3997): avc: denied { create } for comm="Binder:1685_2" name="globalAlert" scontext=u:r:netd:s0 tcontext=u:object_r:proc_net:s0 tclass=file permissive=1
11-15 19:14:38.348  9991  9991 I auditd  : type=1400 audit(0.0:3998): avc: denied { read } for comm="pidof" scontext=u:r:direct_network_config:s0 tcontext=u:r:kernel:s0 tclass=file permissive=1
11-15 19:14:38.348  9991  9991 I auditd  : type=1400 audit(0.0:3999): avc: denied { search } for comm="pidof" name="1" dev="proc" ino=262473 scontext=u:r:direct_network_config:s0 tcontext=u:r:init:s0 tclass=dir permissive=1
11-15 19:14:38.348  9991  9991 I auditd  : type=1400 audit(0.0:4000): avc: denied { open } for comm="pidof" path="/proc/2/comm" dev="proc" ino=262574 scontext=u:r:direct_network_config:s0 tcontext=u:r:kernel:s0 tclass=file permissive=1
11-15 19:14:57.685  2044  2415 I ntp_failure: [2.cn.pool.ntp.org,java.net.UnknownHostException: Unable to resolve host "2.cn.pool.ntp.org": No address associated with hostname]
11-15 19:14:59.640 10025 10025 I auditd  : type=1400 audit(0.0:4012): avc: denied { read } for comm="pidof" scontext=u:r:direct_network_config:s0 tcontext=u:r:lmkd:s0 tclass=file permissive=1
11-15 19:14:59.644 10025 10025 I auditd  : type=1400 audit(0.0:4013): avc: denied { open } for comm="pidof" path="/proc/1712/comm" dev="proc" ino=263010 scontext=u:r:direct_network_config:s0 tcontext=u:r:lmkd:s0 tclass=file permissive=1
11-15 19:14:59.652 10025 10025 I auditd  : type=1400 audit(0.0:4014): avc: denied { search } for comm="pidof" name="3714" dev="proc" ino=262900 scontext=u:r:direct_network_config:s0 tcontext=u:r:hal_wifi_hostapd_default:s0 tclass=dir permissive=1
11-15 19:15:04.215  2044  2123 I commit_sys_config_file: [settings-1-0,16]
11-15 19:15:05.000 10040 10040 I auditd  : type=1400 audit(0.0:4015): avc: denied { read } for comm="pidof" scontext=u:r:direct_network_config:s0 tcontext=u:r:platform_app:s0:c512,c768 tclass=file permissive=1
11-15 19:15:05.004 10040 10040 I auditd  : type=1400 audit(0.0:4016): avc: denied { search } for comm="pidof" name="1877" dev="proc" ino=276025 scontext=u:r:direct_network_config:s0 tcontext=u:r:adbd:s0 tclass=dir permissive=1
11-15 19:15:05.008 10040 10040 I auditd  : type=1400 audit(0.0:4017): avc: denied { open } for comm="pidof" path="/proc/2283/comm" dev="proc" ino=276289 scontext=u:r:direct_network_config:s0 tcontext=u:r:platform_app:s0:c512,c768 tclass=file permissive=1
11-15 19:15:18.110  2044  2123 I commit_sys_config_file: [settings-1-0,37]
11-15 19:15:33.624  2044  2123 I commit_sys_config_file: [settings-1-0,14]
11-15 19:15:43.522  2044  2044 I commit_sys_config_file: [notification-policy,86]
11-15 19:15:43.570  2044  2044 I commit_sys_config_file: [notification-policy,36]
11-15 19:15:46.453  2044  2123 I commit_sys_config_file: [settings-1-0,28]
11-15 19:15:52.898  2044  2123 I commit_sys_config_file: [settings-1-0,8]
11-15 19:15:56.822  2044  2123 I commit_sys_config_file: [settings-1-0,24]
11-15 19:15:57.699  2044  2415 I ntp_failure: [s2f.time.edu.cn,java.net.UnknownHostException: Unable to resolve host "s2f.time.edu.cn": No address associated with hostname]
11-15 19:16:00.952 10148 10148 I auditd  : type=1400 audit(0.0:4018): avc: denied { read } for comm="pidof" scontext=u:r:direct_network_config:s0 tcontext=u:r:hal_wifi_supplicant_default:s0 tclass=file permissive=1
11-15 19:16:00.952 10148 10148 I auditd  : type=1400 audit(0.0:4019): avc: denied { read } for comm="pidof" scontext=u:r:direct_network_config:s0 tcontext=u:r:vehicle_shmemslaver:s0 tclass=file permissive=1
11-15 19:16:00.952 10148 10148 I auditd  : type=1400 audit(0.0:4020): avc: denied { read } for comm="pidof" scontext=u:r:direct_network_config:s0 tcontext=u:r:vehicle_linkdevicemanager:s0 tclass=file permissive=1
11-15 19:16:00.956 10148 10148 I auditd  : type=1400 audit(0.0:4021): avc: denied { search } for comm="pidof" name="1878" dev="proc" ino=276026 scontext=u:r:direct_network_config:s0 tcontext=u:r:svdebug:s0 tclass=dir permissive=1
11-15 19:16:00.960 10148 10148 I auditd  : type=1400 audit(0.0:4022): avc: denied { open } for comm="pidof" path="/proc/2448/comm" dev="proc" ino=276303 scontext=u:r:direct_network_config:s0 tcontext=u:r:hal_wifi_supplicant_default:s0 tclass=file permissive=1
11-15 19:16:00.960 10148 10148 I auditd  : type=1400 audit(0.0:4023): avc: denied { search } for comm="pidof" name="2598" dev="proc" ino=276068 scontext=u:r:direct_network_config:s0 tcontext=u:r:vehicle_shmemslaver:s0 tclass=dir permissive=1
11-15 19:16:00.960 10148 10148 I auditd  : type=1400 audit(0.0:4024): avc: denied { open } for comm="pidof" path="/proc/2598/comm" dev="proc" ino=276319 scontext=u:r:direct_network_config:s0 tcontext=u:r:vehicle_shmemslaver:s0 tclass=file permissive=1
11-15 19:16:00.960 10148 10148 I auditd  : type=1400 audit(0.0:4025): avc: denied { search } for comm="pidof" name="2605" dev="proc" ino=276070 scontext=u:r:direct_network_config:s0 tcontext=u:r:vehicle_linkdevicemanager:s0 tclass=dir permissive=1
11-15 19:16:00.960 10148 10148 I auditd  : type=1400 audit(0.0:4026): avc: denied { open } for comm="pidof" path="/proc/2605/comm" dev="proc" ino=276323 scontext=u:r:direct_network_config:s0 tcontext=u:r:vehicle_linkdevicemanager:s0 tclass=file permissive=1
11-15 19:16:01.017  2044  2123 I commit_sys_config_file: [settings-1-0,16]
11-15 19:16:03.596 10153 10153 I auditd  : type=1400 audit(0.0:4032): avc: denied { read } for comm="pidof" scontext=u:r:direct_network_config:s0 tcontext=u:r:bluetooth:s0 tclass=file permissive=1
11-15 19:16:03.604 10153 10153 I auditd  : type=1400 audit(0.0:4033): avc: denied { open } for comm="pidof" path="/proc/2658/comm" dev="proc" ino=276327 scontext=u:r:direct_network_config:s0 tcontext=u:r:bluetooth:s0 tclass=file permissive=1
11-15 19:16:20.882  2044  2123 I commit_sys_config_file: [settings-1-0,13]
11-15 19:16:23.884  2044  2123 I commit_sys_config_file: [settings-1-0,10]
11-15 19:16:34.721  2044  2123 I commit_sys_config_file: [settings-1-0,24]
11-15 19:16:39.034  2044  2123 I commit_sys_config_file: [settings-1-0,25]
11-15 19:16:54.155 10242 10242 I auditd  : type=1400 audit(0.0:4034): avc: denied { search } for comm="pidof" name="2342" dev="proc" ino=276059 scontext=u:r:direct_network_config:s0 tcontext=u:r:webview_zygote:s0 tclass=dir permissive=1
11-15 19:16:54.155 10242 10242 I auditd  : type=1400 audit(0.0:4035): avc: denied { search } for comm="pidof" name="2448" dev="proc" ino=276060 scontext=u:r:direct_network_config:s0 tcontext=u:r:hal_wifi_supplicant_default:s0 tclass=dir permissive=1
11-15 19:17:00.086  2044  2123 I commit_sys_config_file: [settings-1-0,13]
11-15 19:17:06.503  2044  2123 I commit_sys_config_file: [settings-1-0,15]
11-15 19:17:15.419  2044  2123 I commit_sys_config_file: [settings-1-0,16]
11-15 19:17:28.306  2044  2123 I commit_sys_config_file: [settings-1-0,13]
11-15 19:17:36.877  2044  2123 I commit_sys_config_file: [settings-1-0,17]
11-15 19:17:37.675  2044  2415 I ntp_failure: [cn.pool.ntp.org,java.net.UnknownHostException: Unable to resolve host "cn.pool.ntp.org": No address associated with hostname]
11-15 19:17:46.103  2044  2123 I commit_sys_config_file: [settings-1-0,21]
11-15 19:17:46.482  2044  2123 I commit_sys_config_file: [settings-1-0,17]
11-15 19:17:47.415  2044  2123 I commit_sys_config_file: [settings-1-0,18]
11-15 19:17:52.651 10342 10342 I auditd  : type=1400 audit(0.0:4036): avc: denied { read } for comm="pidof" scontext=u:r:direct_network_config:s0 tcontext=u:r:mdnsd:s0 tclass=file permissive=1
11-15 19:17:52.659 10342 10342 I auditd  : type=1400 audit(0.0:4037): avc: denied { open } for comm="pidof" path="/proc/3050/comm" dev="proc" ino=276355 scontext=u:r:direct_network_config:s0 tcontext=u:r:mdnsd:s0 tclass=file permissive=1
11-15 19:18:16.655 10384 10384 I auditd  : type=1400 audit(0.0:4038): avc: denied { read } for comm="pidof" scontext=u:r:direct_network_config:s0 tcontext=u:r:mediaprovider:s0:c512,c768 tclass=file permissive=1
11-15 19:18:16.663 10384 10384 I auditd  : type=1400 audit(0.0:4039): avc: denied { search } for comm="pidof" name="2283" dev="proc" ino=289460 scontext=u:r:direct_network_config:s0 tcontext=u:r:platform_app:s0:c512,c768 tclass=dir permissive=1
11-15 19:18:16.663 10384 10384 I auditd  : type=1400 audit(0.0:4040): avc: denied { open } for comm="pidof" path="/proc/3165/comm" dev="proc" ino=289769 scontext=u:r:direct_network_config:s0 tcontext=u:r:mediaprovider:s0:c512,c768 tclass=file permissive=1
11-15 19:18:23.322  2044  2123 I commit_sys_config_file: [settings-1-0,29]
11-15 19:18:32.273  2044  2123 I commit_sys_config_file: [settings-1-0,23]
11-15 19:18:37.685  2044  2415 I ntp_failure: [ntp1.aliyun.com,java.net.UnknownHostException: Unable to resolve host "ntp1.aliyun.com": No address associated with hostname]
11-15 19:18:51.131  2044  2123 I commit_sys_config_file: [settings-1-0,38]
11-15 19:19:13.627  2044  2123 I commit_sys_config_file: [settings-1-0,21]
11-15 19:19:37.704  2044  2415 I ntp_failure: [ntp2.aliyun.com,java.net.UnknownHostException: Unable to resolve host "ntp2.aliyun.com": No address associated with hostname]
11-15 19:19:54.921  2044  2123 I commit_sys_config_file: [settings-1-0,27]
11-15 19:20:02.278  2044  2123 I commit_sys_config_file: [settings-1-0,25]
11-15 19:20:02.565  2044  2123 I commit_sys_config_file: [settings-1-0,22]
11-15 19:20:03.206 10590 10590 I auditd  : type=1400 audit(0.0:4041): avc: denied { read } for comm="pidof" scontext=u:r:direct_network_config:s0 tcontext=u:r:init:s0 tclass=file permissive=1
11-15 19:20:03.206 10590 10590 I auditd  : type=1400 audit(0.0:4042): avc: denied { open } for comm="pidof" path="/proc/1/comm" dev="proc" ino=289181 scontext=u:r:direct_network_config:s0 tcontext=u:r:init:s0 tclass=file permissive=1
11-15 19:20:03.210 10590 10590 I auditd  : type=1400 audit(0.0:4043): avc: denied { search } for comm="pidof" name="2" dev="proc" ino=289083 scontext=u:r:direct_network_config:s0 tcontext=u:r:kernel:s0 tclass=dir permissive=1
11-15 19:20:03.214 10590 10590 I auditd  : type=1400 audit(0.0:4044): avc: denied { read } for comm="pidof" scontext=u:r:direct_network_config:s0 tcontext=u:r:svdebug:s0 tclass=file permissive=1
11-15 19:20:03.218 10590 10590 I auditd  : type=1400 audit(0.0:4045): avc: denied { read } for comm="pidof" scontext=u:r:direct_network_config:s0 tcontext=u:r:cameraserver:s0 tclass=file permissive=1
11-15 19:20:03.218 10590 10590 I auditd  : type=1400 audit(0.0:4046): avc: denied { read } for comm="pidof" scontext=u:r:direct_network_config:s0 tcontext=u:r:drmserver:s0 tclass=file permissive=1
11-15 19:20:05.890 10596 10596 I auditd  : type=1400 audit(0.0:4072): avc: denied { read } for comm="pidof" scontext=u:r:direct_network_config:s0 tcontext=u:r:mediadrmserver:s0 tclass=file permissive=1
11-15 19:20:05.890 10596 10596 I auditd  : type=1400 audit(0.0:4073): avc: denied { read } for comm="pidof" scontext=u:r:direct_network_config:s0 tcontext=u:r:mediaextractor:s0 tclass=file permissive=1
11-15 19:20:05.894 10596 10596 I auditd  : type=1400 audit(0.0:4074): avc: denied { search } for comm="pidof" name="1706" dev="proc" ino=289415 scontext=u:r:direct_network_config:s0 tcontext=u:r:hal_health_default:s0 tclass=dir permissive=1
11-15 19:20:05.894 10596 10596 I auditd  : type=1400 audit(0.0:4075): avc: denied { open } for comm="pidof" path="/proc/1885/comm" dev="proc" ino=289655 scontext=u:r:direct_network_config:s0 tcontext=u:r:mediadrmserver:s0 tclass=file permissive=1
11-15 19:20:05.894 10596 10596 I auditd  : type=1400 audit(0.0:4076): avc: denied { open } for comm="pidof" path="/proc/1887/comm" dev="proc" ino=289657 scontext=u:r:direct_network_config:s0 tcontext=u:r:mediaextractor:s0 tclass=file permissive=1
11-15 19:20:08.492  2044  2123 I commit_sys_config_file: [settings-1-0,43]
11-15 19:20:08.578 10605 10605 I auditd  : type=1400 audit(0.0:4077): avc: denied { search } for comm="pidof" name="1234" dev="proc" ino=289177 scontext=u:r:direct_network_config:s0 tcontext=u:r:vendor_init:s0 tclass=dir permissive=1
11-15 19:20:08.578 10605 10605 I auditd  : type=1400 audit(0.0:4078): avc: denied { search } for comm="pidof" name="1236" dev="proc" ino=289179 scontext=u:r:direct_network_config:s0 tcontext=u:r:ueventd:s0 tclass=dir permissive=1
11-15 19:20:08.582 10605 10605 I auditd  : type=1400 audit(0.0:4079): avc: denied { read } for comm="pidof" scontext=u:r:direct_network_config:s0 tcontext=u:r:mediametrics:s0 tclass=file permissive=1
11-15 19:20:08.582 10605 10605 I auditd  : type=1400 audit(0.0:4080): avc: denied { read } for comm="pidof" scontext=u:r:direct_network_config:s0 tcontext=u:r:mediaserver:s0 tclass=file permissive=1
11-15 19:20:08.582 10605 10605 I auditd  : type=1400 audit(0.0:4081): avc: denied { read } for comm="pidof" scontext=u:r:direct_network_config:s0 tcontext=u:r:statsd:s0 tclass=file permissive=1
11-15 19:20:09.126  2044  2123 I commit_sys_config_file: [settings-1-0,21]
11-15 19:20:10.030  2044  2123 I commit_sys_config_file: [settings-1-0,12]
11-15 19:20:11.302 10609 10609 I auditd  : type=1400 audit(0.0:4094): avc: denied { read } for comm="pidof" scontext=u:r:direct_network_config:s0 tcontext=u:r:logd:s0 tclass=file permissive=1
11-15 19:20:11.306 10609 10609 I auditd  : type=1400 audit(0.0:4095): avc: denied { open } for comm="pidof" path="/proc/1564/comm" dev="proc" ino=289547 scontext=u:r:direct_network_config:s0 tcontext=u:r:logd:s0 tclass=file permissive=1
11-15 19:20:11.306 10609 10609 I auditd  : type=1400 audit(0.0:4096): avc: denied { search } for comm="pidof" name="1703" dev="proc" ino=289412 scontext=u:r:direct_network_config:s0 tcontext=u:r:hal_gnss_default:s0 tclass=dir permissive=1
11-15 19:20:21.375  2044  2044 I commit_sys_config_file: [notification-policy,30]
11-15 19:20:21.417  2044  2044 I commit_sys_config_file: [notification-policy,37]
11-15 19:20:21.458  2044  2044 I commit_sys_config_file: [notification-policy,23]
11-15 19:20:28.965  2044  2044 I commit_sys_config_file: [notification-policy,32]
11-15 19:20:29.051  2044  2044 I commit_sys_config_file: [notification-policy,23]
11-15 19:20:29.090  2044  2044 I commit_sys_config_file: [notification-policy,35]
11-15 19:20:29.102  2044  2044 I commit_sys_config_file: [notification-policy,11]
11-15 19:20:29.188  2044  2044 I commit_sys_config_file: [notification-policy,10]
11-15 19:20:32.998 10652 10652 I auditd  : type=1400 audit(0.0:4097): avc: denied { read } for comm="pidof" scontext=u:r:direct_network_config:s0 tcontext=u:r:servicemanager:s0 tclass=file permissive=1
11-15 19:20:33.002 10652 10652 I auditd  : type=1400 audit(0.0:4098): avc: denied { read } for comm="pidof" scontext=u:r:direct_network_config:s0 tcontext=u:r:wificond:s0 tclass=file permissive=1
11-15 19:20:33.002 10652 10652 I auditd  : type=1400 audit(0.0:4099): avc: denied { read } for comm="pidof" scontext=u:r:direct_network_config:s0 tcontext=u:r:mediacodec:s0 tclass=file permissive=1
11-15 19:20:33.006 10652 10652 I auditd  : type=1400 audit(0.0:4100): avc: denied { open } for comm="pidof" path="/proc/1565/comm" dev="proc" ino=289549 scontext=u:r:direct_network_config:s0 tcontext=u:r:servicemanager:s0 tclass=file permissive=1
11-15 19:20:33.010 10652 10652 I auditd  : type=1400 audit(0.0:4101): avc: denied { search } for comm="pidof" name="1576" dev="proc" ino=289391 scontext=u:r:direct_network_config:s0 tcontext=u:r:hal_keymaster_default:s0 tclass=dir permissive=1
11-15 19:20:33.010 10652 10652 I auditd  : type=1400 audit(0.0:4102): avc: denied { search } for comm="pidof" name="1577" dev="proc" ino=289392 scontext=u:r:direct_network_config:s0 tcontext=u:r:early_power:s0 tclass=dir permissive=1
11-15 19:20:33.014 10652 10652 I auditd  : type=1400 audit(0.0:4103): avc: denied { search } for comm="pidof" name="1699" dev="proc" ino=289408 scontext=u:r:direct_network_config:s0 tcontext=u:r:hal_drm_clearkey:s0 tclass=dir permissive=1
11-15 19:20:37.724  2044  2415 I ntp_failure: [2.cn.pool.ntp.org,java.net.UnknownHostException: Unable to resolve host "2.cn.pool.ntp.org": No address associated with hostname]
11-15 19:20:37.787  2044  2057 I commit_sys_config_file: [batterystats,27]
11-15 19:20:38.422 10666 10666 I auditd  : type=1400 audit(0.0:4107): avc: denied { read } for comm="pidof" scontext=u:r:direct_network_config:s0 tcontext=u:r:vendor_init:s0 tclass=file permissive=1
11-15 19:20:38.426 10666 10666 I auditd  : type=1400 audit(0.0:4108): avc: denied { open } for comm="pidof" path="/proc/1234/comm" dev="proc" ino=289371 scontext=u:r:direct_network_config:s0 tcontext=u:r:vendor_init:s0 tclass=file permissive=1
11-15 19:20:38.426 10666 10666 I auditd  : type=1400 audit(0.0:4109): avc: denied { read } for comm="pidof" scontext=u:r:direct_network_config:s0 tcontext=u:r:hwservicemanager:s0 tclass=file permissive=1
11-15 19:20:38.426 10666 10666 I auditd  : type=1400 audit(0.0:4110): avc: denied { read } for comm="pidof" scontext=u:r:direct_network_config:s0 tcontext=u:r:hal_vehicle_g6:s0 tclass=file permissive=1
11-15 19:20:38.426 10666 10666 I auditd  : type=1400 audit(0.0:4111): avc: denied { read } for comm="pidof" scontext=u:r:direct_network_config:s0 tcontext=u:r:hal_bootctl_default:s0 tclass=file permissive=1
11-15 19:20:41.158 10670 10670 I auditd  : type=1400 audit(0.0:4182): avc: denied { read } for comm="pidof" scontext=u:r:direct_network_config:s0 tcontext=u:r:ueventd:s0 tclass=file permissive=1
11-15 19:20:41.158 10670 10670 I auditd  : type=1400 audit(0.0:4183): avc: denied { search } for comm="pidof" name="1" dev="proc" ino=289082 scontext=u:r:direct_network_config:s0 tcontext=u:r:init:s0 tclass=dir permissive=1
11-15 19:20:41.158 10670 10670 I auditd  : type=1400 audit(0.0:4184): avc: denied { read } for comm="pidof" scontext=u:r:direct_network_config:s0 tcontext=u:r:kernel:s0 tclass=file permissive=1
11-15 19:20:41.162 10670 10670 I auditd  : type=1400 audit(0.0:4185): avc: denied { open } for comm="pidof" path="/proc/2/comm" dev="proc" ino=289183 scontext=u:r:direct_network_config:s0 tcontext=u:r:kernel:s0 tclass=file permissive=1
11-15 19:20:41.166 10670 10670 I auditd  : type=1400 audit(0.0:4186): avc: denied { open } for comm="pidof" path="/proc/1236/comm" dev="proc" ino=289375 scontext=u:r:direct_network_config:s0 tcontext=u:r:ueventd:s0 tclass=file permissive=1
11-15 19:20:43.846 10674 10674 I auditd  : type=1400 audit(0.0:4197): avc: denied { read } for comm="pidof" scontext=u:r:direct_network_config:s0 tcontext=u:r:shell:s0 tclass=file permissive=1
11-15 19:20:43.846 10674 10674 I auditd  : type=1400 audit(0.0:4198): avc: denied { read } for comm="pidof" scontext=u:r:direct_network_config:s0 tcontext=u:r:surfaceflinger:s0 tclass=file permissive=1
11-15 19:20:43.846 10674 10674 I auditd  : type=1400 audit(0.0:4199): avc: denied { read } for comm="pidof" scontext=u:r:direct_network_config:s0 tcontext=u:r:platform_app:s0:c512,c768 tclass=file permissive=1
11-15 19:20:43.850 10674 10674 I auditd  : type=1400 audit(0.0:4200): avc: denied { open } for comm="pidof" path="/proc/1710/comm" dev="proc" ino=289615 scontext=u:r:direct_network_config:s0 tcontext=u:r:shell:s0 tclass=file permissive=1
11-15 19:20:43.850 10674 10674 I auditd  : type=1400 audit(0.0:4201): avc: denied { open } for comm="pidof" path="/proc/1714/comm" dev="proc" ino=289621 scontext=u:r:direct_network_config:s0 tcontext=u:r:surfaceflinger:s0 tclass=file permissive=1
11-15 19:20:49.250 10682 10682 I auditd  : type=1400 audit(0.0:4209): avc: denied { search } for comm="pidof" name="3050" dev="proc" ino=289493 scontext=u:r:direct_network_config:s0 tcontext=u:r:mdnsd:s0 tclass=dir permissive=1
11-15 19:20:54.694 10690 10690 I auditd  : type=1400 audit(0.0:4210): avc: denied { read } for comm="pidof" scontext=u:r:direct_network_config:s0 tcontext=u:r:webview_zygote:s0 tclass=file permissive=1
11-15 19:20:54.694 10690 10690 I auditd  : type=1400 audit(0.0:4211): avc: denied { read } for comm="pidof" scontext=u:r:direct_network_config:s0 tcontext=u:r:hal_wifi_supplicant_default:s0 tclass=file permissive=1
11-15 19:20:54.714 10690 10690 I auditd  : type=1400 audit(0.0:4212): avc: denied { open } for comm="pidof" path="/proc/2342/comm" dev="proc" ino=289709 scontext=u:r:direct_network_config:s0 tcontext=u:r:webview_zygote:s0 tclass=file permissive=1
11-15 19:20:54.714 10690 10690 I auditd  : type=1400 audit(0.0:4213): avc: denied { open } for comm="pidof" path="/proc/2448/comm" dev="proc" ino=289711 scontext=u:r:direct_network_config:s0 tcontext=u:r:hal_wifi_supplicant_default:s0 tclass=file permissive=1
11-15 19:20:54.718 10690 10690 I auditd  : type=1400 audit(0.0:4214): avc: denied { search } for comm="pidof" name="2605" dev="proc" ino=289477 scontext=u:r:direct_network_config:s0 tcontext=u:r:vehicle_linkdevicemanager:s0 tclass=dir permissive=1
11-15 19:20:54.718 10690 10690 I auditd  : type=1400 audit(0.0:4215): avc: denied { search } for comm="pidof" name="2658" dev="proc" ino=289479 scontext=u:r:direct_network_config:s0 tcontext=u:r:bluetooth:s0 tclass=dir permissive=1
11-15 19:20:54.826 10691 10691 I auditd  : type=1400 audit(0.0:4216): avc: denied { nlmsg_read } for comm="busybox" scontext=u:r:direct_network_config:s0 tcontext=u:r:direct_network_config:s0 tclass=netlink_route_socket permissive=1
11-15 19:20:57.542 10694 10694 I auditd  : type=1400 audit(0.0:4217): avc: denied { read } for comm="pidof" scontext=u:r:direct_network_config:s0 tcontext=u:r:vehicle_linkdevicemanager:s0 tclass=file permissive=1
11-15 19:20:57.550 10694 10694 I auditd  : type=1400 audit(0.0:4218): avc: denied { open } for comm="pidof" path="/proc/2605/comm" dev="proc" ino=289731 scontext=u:r:direct_network_config:s0 tcontext=u:r:vehicle_linkdevicemanager:s0 tclass=file permissive=1
11-15 19:20:58.816  2044  2123 I commit_sys_config_file: [settings-1-0,30]
11-15 19:20:59.125  2044  2123 I commit_sys_config_file: [settings-1-0,12]
11-15 19:21:00.052  2044  2057 I commit_sys_config_file: [procstats,39]
11-15 19:21:00.062  2044  2123 I commit_sys_config_file: [settings-1-0,41]
11-15 19:21:00.242 10701 10701 I auditd  : type=1400 audit(0.0:4219): avc: denied { read } for comm="pidof" scontext=u:r:direct_network_config:s0 tcontext=u:r:adbd:s0 tclass=file permissive=1
11-15 19:21:00.242 10701 10701 I auditd  : type=1400 audit(0.0:4220): avc: denied { read } for comm="pidof" scontext=u:r:direct_network_config:s0 tcontext=u:r:svdebug:s0 tclass=file permissive=1
11-15 19:21:00.242 10701 10701 I auditd  : type=1400 audit(0.0:4221): avc: denied { read } for comm="pidof" scontext=u:r:direct_network_config:s0 tcontext=u:r:mdnsd:s0 tclass=file permissive=1
11-15 19:21:00.242 10701 10701 I auditd  : type=1400 audit(0.0:4222): avc: denied { read } for comm="pidof" scontext=u:r:direct_network_config:s0 tcontext=u:r:mediaprovider:s0:c512,c768 tclass=file permissive=1
11-15 19:21:00.242 10701 10701 I auditd  : type=1400 audit(0.0:4223): avc: denied { read } for comm="pidof" scontext=u:r:direct_network_config:s0 tcontext=u:r:priv_app:s0:c512,c768 tclass=file permissive=1
11-15 19:21:02.930 10706 10706 I auditd  : type=1400 audit(0.0:4236): avc: denied { read } for comm="pidof" scontext=u:r:direct_network_config:s0 tcontext=u:r:incidentd:s0 tclass=file permissive=1
11-15 19:21:02.930 10706 10706 I auditd  : type=1400 audit(0.0:4237): avc: denied { read } for comm="pidof" scontext=u:r:direct_network_config:s0 tcontext=u:r:installd:s0 tclass=file permissive=1
11-15 19:21:02.934 10706 10706 I auditd  : type=1400 audit(0.0:4238): avc: denied { search } for comm="pidof" name="1710" dev="proc" ino=289419 scontext=u:r:direct_network_config:s0 tcontext=u:r:shell:s0 tclass=dir permissive=1
11-15 19:21:02.938 10706 10706 I auditd  : type=1400 audit(0.0:4239): avc: denied { open } for comm="pidof" path="/proc/1881/comm" dev="proc" ino=289649 scontext=u:r:direct_network_config:s0 tcontext=u:r:incidentd:s0 tclass=file permissive=1
11-15 19:21:02.938 10706 10706 I auditd  : type=1400 audit(0.0:4240): avc: denied { open } for comm="pidof" path="/proc/1883/comm" dev="proc" ino=289651 scontext=u:r:direct_network_config:s0 tcontext=u:r:installd:s0 tclass=file permissive=1
11-15 19:21:05.618 10711 10711 I auditd  : type=1400 audit(0.0:4241): avc: denied { read } for comm="pidof" scontext=u:r:direct_network_config:s0 tcontext=u:r:zygote:s0 tclass=file permissive=1
11-15 19:21:05.626 10711 10711 I auditd  : type=1400 audit(0.0:4242): avc: denied { search } for comm="pidof" name="1234" dev="proc" ino=303542 scontext=u:r:direct_network_config:s0 tcontext=u:r:vendor_init:s0 tclass=dir permissive=1
11-15 19:21:05.626 10711 10711 I auditd  : type=1400 audit(0.0:4243): avc: denied { read } for comm="pidof" scontext=u:r:direct_network_config:s0 tcontext=u:r:keystore:s0 tclass=file permissive=1
11-15 19:21:05.626 10711 10711 I auditd  : type=1400 audit(0.0:4244): avc: denied { read } for comm="pidof" scontext=u:r:direct_network_config:s0 tcontext=u:r:mediadrmserver:s0 tclass=file permissive=1
11-15 19:21:05.626 10711 10711 I auditd  : type=1400 audit(0.0:4245): avc: denied { read } for comm="pidof" scontext=u:r:direct_network_config:s0 tcontext=u:r:mediaextractor:s0 tclass=file permissive=1
11-15 19:21:06.919  2044 10717 I commit_sys_config_file: [appops,24]
11-15 19:21:08.290 10718 10718 I auditd  : type=1400 audit(0.0:4262): avc: denied { read } for comm="pidof" scontext=u:r:direct_network_config:s0 tcontext=u:r:logd:s0 tclass=file permissive=1
11-15 19:21:08.290 10718 10718 I auditd  : type=1400 audit(0.0:4263): avc: denied { read } for comm="pidof" scontext=u:r:direct_network_config:s0 tcontext=u:r:servicemanager:s0 tclass=file permissive=1
11-15 19:21:08.290 10718 10718 I auditd  : type=1400 audit(0.0:4264): avc: denied { read } for comm="pidof" scontext=u:r:direct_network_config:s0 tcontext=u:r:netd:s0 tclass=file permissive=1
11-15 19:21:08.294 10718 10718 I auditd  : type=1400 audit(0.0:4265): avc: denied { read } for comm="pidof" scontext=u:r:direct_network_config:s0 tcontext=u:r:wificond:s0 tclass=file permissive=1
11-15 19:21:08.294 10718 10718 I auditd  : type=1400 audit(0.0:4266): avc: denied { open } for comm="pidof" path="/proc/1564/comm" dev="proc" ino=303911 scontext=u:r:direct_network_config:s0 tcontext=u:r:logd:s0 tclass=file permissive=1
11-15 19:21:18.998 10735 10735 I auditd  : type=1400 audit(0.0:4275): avc: denied { read } for comm="pidof" scontext=u:r:direct_network_config:s0 tcontext=u:r:mediacodec:s0 tclass=file permissive=1
11-15 19:21:19.002 10735 10735 I auditd  : type=1400 audit(0.0:4276): avc: denied { search } for comm="pidof" name="1577" dev="proc" ino=303757 scontext=u:r:direct_network_config:s0 tcontext=u:r:early_power:s0 tclass=dir permissive=1
11-15 19:21:19.002 10735 10735 I auditd  : type=1400 audit(0.0:4277): avc: denied { search } for comm="pidof" name="1697" dev="proc" ino=303771 scontext=u:r:direct_network_config:s0 tcontext=u:r:hal_contexthub_default:s0 tclass=dir permissive=1
11-15 19:21:19.002 10735 10735 I auditd  : type=1400 audit(0.0:4278): avc: denied { search } for comm="pidof" name="1701" dev="proc" ino=303775 scontext=u:r:direct_network_config:s0 tcontext=u:r:hal_dumpstate_default:s0 tclass=dir permissive=1
11-15 19:21:19.006 10735 10735 I auditd  : type=1400 audit(0.0:4279): avc: denied { open } for comm="pidof" path="/proc/1899/comm" dev="proc" ino=304033 scontext=u:r:direct_network_config:s0 tcontext=u:r:mediacodec:s0 tclass=file permissive=1
11-15 19:21:37.774  1685  1685 I auditd  : type=1400 audit(0.0:4280): avc: denied { add_name } for comm="Binder:1685_2" name="globalAlert" scontext=u:r:netd:s0 tcontext=u:object_r:proc_net:s0 tclass=dir permissive=1
11-15 19:21:37.774  1685  1685 I auditd  : type=1400 audit(0.0:4281): avc: denied { create } for comm="Binder:1685_2" name="globalAlert" scontext=u:r:netd:s0 tcontext=u:object_r:proc_net:s0 tclass=file permissive=1
11-15 19:21:37.774  2044  2138 I netstats_mobile_sample: [0,0,0,0,0,0,0,0,0,0,0,0,1763223697774]
11-15 19:21:37.774  2044  2138 I netstats_wifi_sample: [0,0,0,0,0,0,0,0,0,0,0,0,1763223697774]
11-15 19:21:37.802  2044  2415 I ntp_failure: [s2f.time.edu.cn,java.net.UnknownHostException: Unable to resolve host "s2f.time.edu.cn": No address associated with hostname]
11-15 19:21:37.933  2044  2123 I commit_sys_config_file: [settings-1-0,27]
11-15 19:21:40.422 10776 10776 I auditd  : type=1400 audit(0.0:4282): avc: denied { read } for comm="pidof" scontext=u:r:direct_network_config:s0 tcontext=u:r:hwservicemanager:s0 tclass=file permissive=1
11-15 19:21:40.422 10776 10776 I auditd  : type=1400 audit(0.0:4283): avc: denied { read } for comm="pidof" scontext=u:r:direct_network_config:s0 tcontext=u:r:vndservicemanager:s0 tclass=file permissive=1
11-15 19:21:40.422 10776 10776 I auditd  : type=1400 audit(0.0:4284): avc: denied { read } for comm="pidof" scontext=u:r:direct_network_config:s0 tcontext=u:r:hal_vehicle_g6:s0 tclass=file permissive=1
11-15 19:21:40.422 10776 10776 I auditd  : type=1400 audit(0.0:4285): avc: denied { read } for comm="pidof" scontext=u:r:direct_network_config:s0 tcontext=u:r:hal_bootctl_default:s0 tclass=file permissive=1
11-15 19:21:40.422 10776 10776 I auditd  : type=1400 audit(0.0:4286): avc: denied { read } for comm="pidof" scontext=u:r:direct_network_config:s0 tcontext=u:r:hal_keymaster_default:s0 tclass=file permissive=1
11-15 19:21:40.422 10776 10776 I auditd  : type=1400 audit(0.0:4287): avc: denied { read } for comm="pidof" scontext=u:r:direct_network_config:s0 tcontext=u:r:early_power:s0 tclass=file permissive=1
11-15 19:21:40.422 10776 10776 I auditd  : type=1400 audit(0.0:4288): avc: denied { read } for comm="pidof" scontext=u:r:direct_network_config:s0 tcontext=u:r:hal_audio_default:s0 tclass=file permissive=1
11-15 19:21:40.422 10776 10776 I auditd  : type=1400 audit(0.0:4289): avc: denied { read } for comm="pidof" scontext=u:r:direct_network_config:s0 tcontext=u:r:hal_camera_default:s0 tclass=file permissive=1
11-15 19:21:40.773  2044  2123 I commit_sys_config_file: [settings-1-0,40]
11-15 19:21:41.097  2044  2123 I commit_sys_config_file: [settings-1-0,18]
11-15 19:21:43.134 10782 10782 I auditd  : type=1400 audit(0.0:4343): avc: denied { read } for comm="pidof" scontext=u:r:direct_network_config:s0 tcontext=u:r:vendor_init:s0 tclass=file permissive=1
11-15 19:21:43.134 10782 10782 I auditd  : type=1400 audit(0.0:4344): avc: denied { sys_ptrace } for comm="pidof" capability=19 scontext=u:r:direct_network_config:s0 tcontext=u:r:direct_network_config:s0 tclass=capability permissive=1
11-15 19:21:43.138 10782 10782 I auditd  : type=1400 audit(0.0:4345): avc: denied { open } for comm="pidof" path="/proc/1234/comm" dev="proc" ino=303736 scontext=u:r:direct_network_config:s0 tcontext=u:r:vendor_init:s0 tclass=file permissive=1
11-15 19:21:43.138 10782 10782 I auditd  : type=1400 audit(0.0:4346): avc: denied { read } for comm="pidof" scontext=u:r:direct_network_config:s0 tcontext=u:r:vold:s0 tclass=file permissive=1
11-15 19:21:43.138 10782 10782 I auditd  : type=1400 audit(0.0:4347): avc: denied { read } for comm="pidof" scontext=u:r:direct_network_config:s0 tcontext=u:r:hal_graphics_composer_default:s0 tclass=file permissive=1
11-15 19:21:45.782 10786 10786 I auditd  : type=1400 audit(0.0:4354): avc: denied { read } for comm="pidof" scontext=u:r:direct_network_config:s0 tcontext=u:r:ueventd:s0 tclass=file permissive=1
11-15 19:21:45.786 10786 10786 I auditd  : type=1400 audit(0.0:4355): avc: denied { open } for comm="pidof" path="/proc/1236/comm" dev="proc" ino=303740 scontext=u:r:direct_network_config:s0 tcontext=u:r:ueventd:s0 tclass=file permissive=1
11-15 19:21:45.790 10786 10786 I auditd  : type=1400 audit(0.0:4356): avc: denied { read } for comm="pidof" scontext=u:r:direct_network_config:s0 tcontext=u:r:hal_memtrack_default:s0 tclass=file permissive=1
11-15 19:21:45.794 10786 10786 I auditd  : type=1400 audit(0.0:4357): avc: denied { open } for comm="pidof" path="/proc/1707/comm" dev="proc" ino=303973 scontext=u:r:direct_network_config:s0 tcontext=u:r:hal_memtrack_default:s0 tclass=file permissive=1
11-15 19:21:45.794 10786 10786 I auditd  : type=1400 audit(0.0:4358): avc: denied { search } for comm="pidof" name="1883" dev="proc" ino=303802 scontext=u:r:direct_network_config:s0 tcontext=u:r:installd:s0 tclass=dir permissive=1
11-15 19:22:02.886  2044  2123 I commit_sys_config_file: [settings-1-0,33]
11-15 19:22:03.139  2044  2123 I commit_sys_config_file: [settings-1-0,22]
11-15 19:22:04.542 10819 10819 I auditd  : type=1400 audit(0.0:4359): avc: denied { read } for comm="pidof" scontext=u:r:direct_network_config:s0 tcontext=u:r:hal_sensors_default:s0 tclass=file permissive=1
11-15 19:22:04.542 10819 10819 I auditd  : type=1400 audit(0.0:4360): avc: denied { read } for comm="pidof" scontext=u:r:direct_network_config:s0 tcontext=u:r:system_server:s0 tclass=file permissive=1
11-15 19:22:04.542 10819 10819 I auditd  : type=1400 audit(0.0:4361): avc: denied { read } for comm="pidof" scontext=u:r:direct_network_config:s0 tcontext=u:r:system_app:s0 tclass=file permissive=1
11-15 19:22:04.546 10819 10819 I auditd  : type=1400 audit(0.0:4362): avc: denied { search } for comm="pidof" name="1541" dev="proc" ino=303545 scontext=u:r:direct_network_config:s0 tcontext=u:r:zygote:s0 tclass=dir permissive=1
11-15 19:22:04.550 10819 10819 I auditd  : type=1400 audit(0.0:4363): avc: denied { open } for comm="pidof" path="/proc/1708/comm" dev="proc" ino=303975 scontext=u:r:direct_network_config:s0 tcontext=u:r:hal_sensors_default:s0 tclass=file permissive=1
11-15 19:22:06.108  2044  2123 I commit_sys_config_file: [settings-1-0,11]
11-15 19:22:06.390  2044  2123 I commit_sys_config_file: [settings-1-0,37]
11-15 19:22:07.274 10827 10827 I auditd  : type=1400 audit(0.0:4367): avc: denied { read } for comm="pidof" scontext=u:r:direct_network_config:s0 tcontext=u:r:hal_wifi_default:s0 tclass=file permissive=1
11-15 19:22:07.278 10827 10827 I auditd  : type=1400 audit(0.0:4368): avc: denied { read } for comm="pidof" scontext=u:r:direct_network_config:s0 tcontext=u:r:carservice_app:s0 tclass=file permissive=1
11-15 19:22:07.282 10827 10827 I auditd  : type=1400 audit(0.0:4369): avc: denied { open } for comm="pidof" path="/proc/1709/comm" dev="proc" ino=303977 scontext=u:r:direct_network_config:s0 tcontext=u:r:hal_wifi_default:s0 tclass=file permissive=1
11-15 19:22:07.286 10827 10827 I auditd  : type=1400 audit(0.0:4370): avc: denied { search } for comm="pidof" name="1880" dev="proc" ino=303800 scontext=u:r:direct_network_config:s0 tcontext=u:r:drmserver:s0 tclass=dir permissive=1
11-15 19:22:07.286 10827 10827 I auditd  : type=1400 audit(0.0:4371): avc: denied { open } for comm="pidof" path="/proc/2210/comm" dev="proc" ino=304055 scontext=u:r:direct_network_config:s0 tcontext=u:r:carservice_app:s0 tclass=file permissive=1
11-15 19:22:19.066  2044  2123 I commit_sys_config_file: [settings-1-0,41]
11-15 19:22:19.362  2044  2123 I commit_sys_config_file: [settings-1-0,16]
11-15 19:22:21.061  2044  2123 I commit_sys_config_file: [settings-1-0,24]
11-15 19:22:37.815  2044  2415 I ntp_failure: [cn.pool.ntp.org,java.net.UnknownHostException: Unable to resolve host "cn.pool.ntp.org": No address associated with hostname]
11-15 19:22:47.281 10907 10907 I auditd  : type=1400 audit(0.0:4372): avc: denied { read } for comm="pidof" scontext=u:r:direct_network_config:s0 tcontext=u:r:kernel:s0 tclass=file permissive=1
11-15 19:22:47.281 10907 10907 I auditd  : type=1400 audit(0.0:4373): avc: denied { search } for comm="pidof" name="1" dev="proc" ino=303447 scontext=u:r:direct_network_config:s0 tcontext=u:r:init:s0 tclass=dir permissive=1
11-15 19:22:47.281 10907 10907 I auditd  : type=1400 audit(0.0:4374): avc: denied { open } for comm="pidof" path="/proc/2/comm" dev="proc" ino=303548 scontext=u:r:direct_network_config:s0 tcontext=u:r:kernel:s0 tclass=file permissive=1
11-15 19:22:47.289 10907 10907 I auditd  : type=1400 audit(0.0:4375): avc: denied { read } for comm="pidof" scontext=u:r:direct_network_config:s0 tcontext=u:r:shell:s0 tclass=file permissive=1
11-15 19:22:47.289 10907 10907 I auditd  : type=1400 audit(0.0:4376): avc: denied { read } for comm="pidof" scontext=u:r:direct_network_config:s0 tcontext=u:r:audioserver:s0 tclass=file permissive=1
11-15 19:23:10.858  2044  2570 I wm_stack_created: 1
11-15 19:23:10.896  2044  2570 I wm_task_created: [203,1]
11-15 19:23:10.899  2044  2570 I wm_task_moved: [203,0,2147483647]
11-15 19:23:10.904  2044  2570 I am_focused_stack: [0,1,0,reuseOrNewTask]
11-15 19:23:10.905  2044  2570 I am_create_task: [0,203]
11-15 19:23:10.906  2044  2570 I am_create_activity: [0,264378801,203,org.kman.WifiManager/.WifiControlActivity,NULL,NULL,NULL,268435456]
11-15 19:23:10.907  2044  2570 I wm_task_moved: [203,0,2147483647]
11-15 19:23:10.916  2044  2570 I am_pause_activity: [0,63668698,com.desaysv.launcher/com.desaysv.appmenu.activity.AppMenuActivity,userLeaving=true]
11-15 19:23:10.932  2501  2501 I am_on_paused_called: [0,com.desaysv.appmenu.activity.AppMenuActivity,performPause]
11-15 19:23:10.946  2044  4207 I am_uid_running: 10047
11-15 19:23:10.964  2044  2058 I sysui_count: [window_time_0,3738]
11-15 19:23:10.964  2044  2058 I sysui_multi_action: [757,803,799,window_time_0,802,3738]
11-15 19:23:11.079  2044  2060 I am_proc_start: [0,10951,10047,org.kman.WifiManager,activity,org.kman.WifiManager/.WifiControlActivity]
11-15 19:23:11.142  2044  2570 I am_proc_bound: [0,10951,org.kman.WifiManager]
11-15 19:23:11.170  2044  2570 I am_uid_active: 10047
11-15 19:23:11.171  2044  2570 I am_restart_activity: [0,264378801,203,org.kman.WifiManager/.WifiControlActivity]
11-15 19:23:11.174  2044  2570 I am_set_resumed_activity: [0,org.kman.WifiManager/.WifiControlActivity,minimalResumeActivityLocked]
11-15 19:23:11.189 10964 10964 I auditd  : type=1400 audit(0.0:4381): avc: denied { read } for comm="pidof" scontext=u:r:direct_network_config:s0 tcontext=u:r:init:s0 tclass=file permissive=1
11-15 19:23:11.193 10964 10964 I auditd  : type=1400 audit(0.0:4382): avc: denied { read } for comm="pidof" scontext=u:r:direct_network_config:s0 tcontext=u:r:zygote:s0 tclass=file permissive=1
11-15 19:23:11.193 10964 10964 I auditd  : type=1400 audit(0.0:4383): avc: denied { open } for comm="pidof" path="/proc/1/comm" dev="proc" ino=303546 scontext=u:r:direct_network_config:s0 tcontext=u:r:init:s0 tclass=file permissive=1
11-15 19:23:11.193 10964 10964 I auditd  : type=1400 audit(0.0:4384): avc: denied { search } for comm="pidof" name="2" dev="proc" ino=303448 scontext=u:r:direct_network_config:s0 tcontext=u:r:kernel:s0 tclass=dir permissive=1
11-15 19:23:11.201 10964 10964 I auditd  : type=1400 audit(0.0:4385): avc: denied { search } for comm="pidof" name="1234" dev="proc" ino=303542 scontext=u:r:direct_network_config:s0 tcontext=u:r:vendor_init:s0 tclass=dir permissive=1
11-15 19:23:11.865  2044  2057 I service_manager_slow: [42,companiondevice]
11-15 19:23:11.875 10951 10951 I am_on_create_called: [0,org.kman.WifiManager.WifiControlActivity,performCreate]
11-15 19:23:11.881  2044  2044 I commit_sys_config_file: [notification-policy,57]
11-15 19:23:11.882  2044  2044 I service_manager_stats: [100,144,981945]
11-15 19:23:11.964 10951 10951 I am_on_start_called: [0,org.kman.WifiManager.WifiControlActivity,handleStartActivity]
11-15 19:23:11.968 10951 10951 I am_on_resume_called: [0,org.kman.WifiManager.WifiControlActivity,RESUME_ACTIVITY]
11-15 19:23:12.439  2044  2057 I sysui_multi_action: [319,432,321,297,322,1583,325,3753,757,761,758,7,759,1,806,org.kman.WifiManager,871,org.kman.WifiManager.WifiControlActivity,904,com.desaysv.launcher,905,0,945,320,1320,8,1321,4]
11-15 19:23:12.466  2044  2057 I am_activity_launch_time: [0,264378801,org.kman.WifiManager/.WifiControlActivity,1583]
11-15 19:23:13.069  2044  2044 I commit_sys_config_file: [notification-policy,26]
11-15 19:23:13.092  2044  2044 I commit_sys_config_file: [notification-policy,21]
11-15 19:23:13.094  2044  2570 I am_stop_activity: [0,63668698,com.desaysv.launcher/com.desaysv.appmenu.activity.AppMenuActivity]
11-15 19:23:13.103  2501  2501 I am_on_stop_called: [0,com.desaysv.appmenu.activity.AppMenuActivity,STOP_ACTIVITY_ITEM]
11-15 19:23:13.913 10992 10992 I auditd  : type=1400 audit(0.0:4464): avc: denied { read } for comm="pidof" scontext=u:r:direct_network_config:s0 tcontext=u:r:vendor_init:s0 tclass=file permissive=1
11-15 19:23:13.917 10992 10992 I auditd  : type=1400 audit(0.0:4465): avc: denied { open } for comm="pidof" path="/proc/1234/comm" dev="proc" ino=303736 scontext=u:r:direct_network_config:s0 tcontext=u:r:vendor_init:s0 tclass=file permissive=1
11-15 19:23:13.917 10992 10992 I auditd  : type=1400 audit(0.0:4466): avc: denied { read } for comm="pidof" scontext=u:r:direct_network_config:s0 tcontext=u:r:servicemanager:s0 tclass=file permissive=1
11-15 19:23:13.917 10992 10992 I auditd  : type=1400 audit(0.0:4467): avc: denied { sys_ptrace } for comm="pidof" capability=19 scontext=u:r:direct_network_config:s0 tcontext=u:r:direct_network_config:s0 tclass=capability permissive=1
11-15 19:23:13.917 10992 10992 I auditd  : type=1400 audit(0.0:4468): avc: denied { read } for comm="pidof" scontext=u:r:direct_network_config:s0 tcontext=u:r:hwservicemanager:s0 tclass=file permissive=1
11-15 19:23:16.625 10997 10997 I auditd  : type=1400 audit(0.0:4565): avc: denied { read } for comm="pidof" scontext=u:r:direct_network_config:s0 tcontext=u:r:ueventd:s0 tclass=file permissive=1
11-15 19:23:16.625 10997 10997 I auditd  : type=1400 audit(0.0:4566): avc: denied { search } for comm="pidof" name="1" dev="proc" ino=303447 scontext=u:r:direct_network_config:s0 tcontext=u:r:init:s0 tclass=dir permissive=1
11-15 19:23:16.629 10997 10997 I auditd  : type=1400 audit(0.0:4567): avc: denied { open } for comm="pidof" path="/proc/1236/comm" dev="proc" ino=303740 scontext=u:r:direct_network_config:s0 tcontext=u:r:ueventd:s0 tclass=file permissive=1
11-15 19:23:16.629 10997 10997 I auditd  : type=1400 audit(0.0:4568): avc: denied { read } for comm="pidof" scontext=u:r:direct_network_config:s0 tcontext=u:r:lmkd:s0 tclass=file permissive=1
