11-15 20:12:49.968  3576  3576 I GpsManager: onSatelliteStatusChanged  GPS satelliteCount = 11 azimuthDegrees = 81.0 carrierFrequencyHz = 0.0 cn0DbHz = 38.0 elevationDegrees = 48.0 svId = 11 hasAlmanacData = true hasCarrierFrequencyHz = false hasEphemerisData = true usedInFix = true
11-15 20:12:49.968  3576  3576 I GpsManager: onSatelliteStatusChanged  GPS satelliteCount = 11 azimuthDegrees = 126.0 carrierFrequencyHz = 0.0 cn0DbHz = 34.0 elevationDegrees = 43.0 svId = 12 hasAlmanacData = true hasCarrierFrequencyHz = false hasEphemerisData = true usedInFix = true
11-15 20:12:49.968  3576  3576 I GpsManager: onSatelliteStatusChanged  GPS satelliteCount = 11 azimuthDegrees = 104.0 carrierFrequencyHz = 0.0 cn0DbHz = 34.0 elevationDegrees = 18.0 svId = 20 hasAlmanacData = true hasCarrierFrequencyHz = false hasEphemerisData = true usedInFix = true
11-15 20:12:49.968  3576  3576 I GpsManager: onSatelliteStatusChanged  GPS satelliteCount = 11 azimuthDegrees = 101.0 carrierFrequencyHz = 0.0 cn0DbHz = 34.0 elevationDegrees = 9.0 svId = 21 hasAlmanacData = true hasCarrierFrequencyHz = false hasEphemerisData = true usedInFix = true
11-15 20:12:49.968  3576  3576 I GpsManager: onSatelliteStatusChanged  GPS satelliteCount = 11 azimuthDegrees = 174.0 carrierFrequencyHz = 0.0 cn0DbHz = 34.0 elevationDegrees = 73.0 svId = 25 hasAlmanacData = true hasCarrierFrequencyHz = false hasEphemerisData = true usedInFix = true
11-15 20:12:49.968  3576  3576 I GpsManager: onSatelliteStatusChanged  GPS satelliteCount = 11 azimuthDegrees = 298.0 carrierFrequencyHz = 0.0 cn0DbHz = 25.0 elevationDegrees = 2.0 svId = 26 hasAlmanacData = true hasCarrierFrequencyHz = false hasEphemerisData = true usedInFix = true
11-15 20:12:49.968  3576  3576 I GpsManager: onSatelliteStatusChanged  GPS satelliteCount = 11 azimuthDegrees = 279.0 carrierFrequencyHz = 0.0 cn0DbHz = 35.0 elevationDegrees = 43.0 svId = 28 hasAlmanacData = true hasCarrierFrequencyHz = false hasEphemerisData = true usedInFix = true
11-15 20:12:49.968  3576  3576 I GpsManager: onSatelliteStatusChanged  GPS satelliteCount = 11 azimuthDegrees = 230.0 carrierFrequencyHz = 0.0 cn0DbHz = 35.0 elevationDegrees = 52.0 svId = 29 hasAlmanacData = true hasCarrierFrequencyHz = false hasEphemerisData = true usedInFix = true
11-15 20:12:49.968  3576  3576 I GpsManager: onSatelliteStatusChanged  GPS satelliteCount = 11 azimuthDegrees = 312.0 carrierFrequencyHz = 0.0 cn0DbHz = 33.0 elevationDegrees = 25.0 svId = 31 hasAlmanacData = true hasCarrierFrequencyHz = false hasEphemerisData = true usedInFix = true
11-15 20:12:49.973  2283  2305 I SYS_TBoxUtilLocal: onNetworkStatus: networkBean = NetworkBean{URI='content://tbox.automotive.neusoft.com/NetworkStatusNotification', DataConnection=false, SimCardRegistraionStatus=false, MobileNetworkType='NoNetwork', Roaming=false, SignalStrength=-1, RouterIPAddress='', VPNIPAddress=''}
11-15 20:12:49.974  3576  3776 I SYS_TBoxUtilLocal: onNetworkStatus: networkBean = NetworkBean{URI='content://tbox.automotive.neusoft.com/NetworkStatusNotification', DataConnection=false, SimCardRegistraionStatus=false, MobileNetworkType='NoNetwork', Roaming=false, SignalStrength=-1, RouterIPAddress='', VPNIPAddress=''}
11-15 20:12:50.402  2658  3327 I FlcAvrcpControllerInterface: getPlaybackState: address = [-12, 57, -90, -127, -3, -61]
11-15 20:12:50.456  2658  3227 I FlcAvrcpControllerCallback: onPlayPositionChanged: address = [-12, 57, -90, -127, -3, -61] songLen = 195906 currSongPosition = 67718
11-15 20:12:50.456  2658  3227 I FlcAvrcpControllerCallback: onPlayStatusChanged: address = [-12, 57, -90, -127, -3, -61] playStatus = 1
11-15 20:12:50.461  2044 14819 E ActivityManager: Sending non-protected broadcast android.bluetooth.avrcp-controller.profile.PLAY_STATUS_CHANGED from system 2658:com.android.bluetooth/1002 pkg com.android.bluetooth
11-15 20:12:50.461  2044 14819 E ActivityManager: java.lang.Throwable
11-15 20:12:50.461  2044 14819 E ActivityManager: 	at com.android.server.am.ActivityManagerService.checkBroadcastFromSystem(ActivityManagerService.java:21498)
11-15 20:12:50.461  2044 14819 E ActivityManager: 	at com.android.server.am.ActivityManagerService.broadcastIntentLocked(ActivityManagerService.java:22017)
11-15 20:12:50.461  2044 14819 E ActivityManager: 	at com.android.server.am.ActivityManagerService.broadcastIntent(ActivityManagerService.java:22252)
11-15 20:12:50.461  2044 14819 E ActivityManager: 	at android.app.IActivityManager$Stub.onTransact$broadcastIntent$(IActivityManager.java:10175)
11-15 20:12:50.461  2044 14819 E ActivityManager: 	at android.app.IActivityManager$Stub.onTransact(IActivityManager.java:167)
11-15 20:12:50.461  2044 14819 E ActivityManager: 	at com.android.server.am.ActivityManagerService.onTransact(ActivityManagerService.java:3346)
11-15 20:12:50.461  2044 14819 E ActivityManager: 	at android.os.Binder.execTransact(Binder.java:731)
11-15 20:12:50.461  2044 14819 E ActivityManager: Sending non-protected broadcast android.bluetooth.avrcp-controller.profile.PLAY_STATUS_CHANGED from system 2658:com.android.bluetooth/1002 pkg com.android.bluetooth
11-15 20:12:50.461  2044 14819 E ActivityManager: java.lang.Throwable
11-15 20:12:50.461  2044 14819 E ActivityManager: 	at com.android.server.am.ActivityManagerService.checkBroadcastFromSystem(ActivityManagerService.java:21498)
11-15 20:12:50.461  2044 14819 E ActivityManager: 	at com.android.server.am.ActivityManagerService.broadcastIntentLocked(ActivityManagerService.java:22110)
11-15 20:12:50.461  2044 14819 E ActivityManager: 	at com.android.server.am.ActivityManagerService.broadcastIntent(ActivityManagerService.java:22252)
11-15 20:12:50.461  2044 14819 E ActivityManager: 	at android.app.IActivityManager$Stub.onTransact$broadcastIntent$(IActivityManager.java:10175)
11-15 20:12:50.461  2044 14819 E ActivityManager: 	at android.app.IActivityManager$Stub.onTransact(IActivityManager.java:167)
11-15 20:12:50.461  2044 14819 E ActivityManager: 	at com.android.server.am.ActivityManagerService.onTransact(ActivityManagerService.java:3346)
11-15 20:12:50.461  2044 14819 E ActivityManager: 	at android.os.Binder.execTransact(Binder.java:731)
11-15 20:12:50.849  1703  3094 I teseo_hal_LocServiceProxy: Send satellite list: 7 satellites, 4 gps, 0 glonass, 0 galileo, 3 beidou, 0 others
11-15 20:12:50.945  2742  2742 I PlatoformUtil-ConfigUtil: [loadConfig] carConfig1:affc2de5
11-15 20:12:50.945  2742  2742 I PlatoformUtil-ConfigUtil: [loadConfig] carConfig2:5f01491f
11-15 20:12:50.945  2742  2742 I PlatoformUtil-ConfigUtil: [loadConfig] carConfig3:509ecc7003092a52
11-15 20:12:50.945  2742  2742 I PlatoformUtil-ConfigUtil: [loadConfig] carConfig4:2800f02312000010
11-15 20:12:50.945  2742  2742 I PlatoformUtil-ConfigUtil: [loadConfig] carConfig5:0802901400000f00
11-15 20:12:50.945  2742  2742 I PlatoformUtil-ConfigUtil: [loadConfig] carConfig6:0000000000000000
11-15 20:12:50.945  2742  2742 I PlatoformUtil-ConfigUtil: carConfig load success
11-15 20:12:50.950  2742  2742 I PlatoformUtil-ConfigT1DImpl: [getConfig] carConfig1:[175, 252, 45, 229]
11-15 20:12:50.950  2742  2742 I PlatoformUtil-ConfigT1DImpl: [getConfig] carConfig2:[95, 1, 73, 31]
11-15 20:12:50.950  2742  2742 I PlatoformUtil-ConfigT1DImpl: [getConfig] carConfig3:[80, 158, 204, 112, 3, 9, 42, 82]
11-15 20:12:50.950  2742  2742 I PlatoformUtil-ConfigT1DImpl: [getConfig] carConfig4:[40, 0, 240, 35, 18, 0, 0, 16]
11-15 20:12:50.950  2742  2742 I PlatoformUtil-ConfigT1DImpl: [getConfig] carConfig5:[8, 2, 144, 20, 0, 0, 15, 0]
11-15 20:12:50.950  2742  2742 I PlatoformUtil-ConfigT1DImpl: [getConfig] carConfig6:[0, 0, 0, 0, 0, 0, 0, 0]
11-15 20:12:50.957  3576  3576 I GpsManager: onSatelliteStatusChanged  GPS satelliteCount = 11 azimuthDegrees = 0.0 carrierFrequencyHz = 0.0 cn0DbHz = 27.0 elevationDegrees = 6.0 svId = 4 hasAlmanacData = true hasCarrierFrequencyHz = false hasEphemerisData = true usedInFix = true
11-15 20:12:50.957  3576  3576 I GpsManager: onSatelliteStatusChanged  GPS satelliteCount = 11 azimuthDegrees = 40.0 carrierFrequencyHz = 0.0 cn0DbHz = 23.0 elevationDegrees = 20.0 svId = 6 hasAlmanacData = true hasCarrierFrequencyHz = false hasEphemerisData = true usedInFix = true
11-15 20:12:50.957  3576  3576 I GpsManager: onSatelliteStatusChanged  GPS satelliteCount = 11 azimuthDegrees = 81.0 carrierFrequencyHz = 0.0 cn0DbHz = 39.0 elevationDegrees = 48.0 svId = 11 hasAlmanacData = true hasCarrierFrequencyHz = false hasEphemerisData = true usedInFix = true
11-15 20:12:50.957  3576  3576 I GpsManager: onSatelliteStatusChanged  GPS satelliteCount = 11 azimuthDegrees = 126.0 carrierFrequencyHz = 0.0 cn0DbHz = 34.0 elevationDegrees = 43.0 svId = 12 hasAlmanacData = true hasCarrierFrequencyHz = false hasEphemerisData = true usedInFix = true
11-15 20:12:50.957  3576  3576 I GpsManager: onSatelliteStatusChanged  GPS satelliteCount = 11 azimuthDegrees = 104.0 carrierFrequencyHz = 0.0 cn0DbHz = 34.0 elevationDegrees = 18.0 svId = 20 hasAlmanacData = true hasCarrierFrequencyHz = false hasEphemerisData = true usedInFix = true
11-15 20:12:50.958  3576  3576 I GpsManager: onSatelliteStatusChanged  GPS satelliteCount = 11 azimuthDegrees = 101.0 carrierFrequencyHz = 0.0 cn0DbHz = 34.0 elevationDegrees = 9.0 svId = 21 hasAlmanacData = true hasCarrierFrequencyHz = false hasEphemerisData = true usedInFix = true
11-15 20:12:50.958  3576  3576 I GpsManager: onSatelliteStatusChanged  GPS satelliteCount = 11 azimuthDegrees = 174.0 carrierFrequencyHz = 0.0 cn0DbHz = 34.0 elevationDegrees = 73.0 svId = 25 hasAlmanacData = true hasCarrierFrequencyHz = false hasEphemerisData = true usedInFix = true
11-15 20:12:50.958  3576  3576 I GpsManager: onSatelliteStatusChanged  GPS satelliteCount = 11 azimuthDegrees = 298.0 carrierFrequencyHz = 0.0 cn0DbHz = 25.0 elevationDegrees = 2.0 svId = 26 hasAlmanacData = true hasCarrierFrequencyHz = false hasEphemerisData = true usedInFix = true
11-15 20:12:50.958  3576  3576 I GpsManager: onSatelliteStatusChanged  GPS satelliteCount = 11 azimuthDegrees = 279.0 carrierFrequencyHz = 0.0 cn0DbHz = 35.0 elevationDegrees = 43.0 svId = 28 hasAlmanacData = true hasCarrierFrequencyHz = false hasEphemerisData = true usedInFix = true
11-15 20:12:50.958  3576  3576 I GpsManager: onSatelliteStatusChanged  GPS satelliteCount = 11 azimuthDegrees = 230.0 carrierFrequencyHz = 0.0 cn0DbHz = 35.0 elevationDegrees = 52.0 svId = 29 hasAlmanacData = true hasCarrierFrequencyHz = false hasEphemerisData = true usedInFix = true
11-15 20:12:50.958  3576  3576 I GpsManager: onSatelliteStatusChanged  GPS satelliteCount = 11 azimuthDegrees = 312.0 carrierFrequencyHz = 0.0 cn0DbHz = 33.0 elevationDegrees = 25.0 svId = 31 hasAlmanacData = true hasCarrierFrequencyHz = false hasEphemerisData = true usedInFix = true
11-15 20:12:51.460  2658  3327 I FlcAvrcpControllerInterface: getPlaybackState: address = [-12, 57, -90, -127, -3, -61]
11-15 20:12:51.515  2658  3227 I FlcAvrcpControllerCallback: onPlayPositionChanged: address = [-12, 57, -90, -127, -3, -61] songLen = 195906 currSongPosition = 68768
11-15 20:12:51.515  2658  3227 I FlcAvrcpControllerCallback: onPlayStatusChanged: address = [-12, 57, -90, -127, -3, -61] playStatus = 1
11-15 20:12:51.531  2044  2470 E ActivityManager: Sending non-protected broadcast android.bluetooth.avrcp-controller.profile.PLAY_STATUS_CHANGED from system 2658:com.android.bluetooth/1002 pkg com.android.bluetooth
11-15 20:12:51.531  2044  2470 E ActivityManager: java.lang.Throwable
11-15 20:12:51.531  2044  2470 E ActivityManager: 	at com.android.server.am.ActivityManagerService.checkBroadcastFromSystem(ActivityManagerService.java:21498)
11-15 20:12:51.531  2044  2470 E ActivityManager: 	at com.android.server.am.ActivityManagerService.broadcastIntentLocked(ActivityManagerService.java:22017)
11-15 20:12:51.531  2044  2470 E ActivityManager: 	at com.android.server.am.ActivityManagerService.broadcastIntent(ActivityManagerService.java:22252)
11-15 20:12:51.531  2044  2470 E ActivityManager: 	at android.app.IActivityManager$Stub.onTransact$broadcastIntent$(IActivityManager.java:10175)
11-15 20:12:51.531  2044  2470 E ActivityManager: 	at android.app.IActivityManager$Stub.onTransact(IActivityManager.java:167)
11-15 20:12:51.531  2044  2470 E ActivityManager: 	at com.android.server.am.ActivityManagerService.onTransact(ActivityManagerService.java:3346)
11-15 20:12:51.531  2044  2470 E ActivityManager: 	at android.os.Binder.execTransact(Binder.java:731)
11-15 20:12:51.532  2044  2470 E ActivityManager: Sending non-protected broadcast android.bluetooth.avrcp-controller.profile.PLAY_STATUS_CHANGED from system 2658:com.android.bluetooth/1002 pkg com.android.bluetooth
11-15 20:12:51.532  2044  2470 E ActivityManager: java.lang.Throwable
11-15 20:12:51.532  2044  2470 E ActivityManager: 	at com.android.server.am.ActivityManagerService.checkBroadcastFromSystem(ActivityManagerService.java:21498)
11-15 20:12:51.532  2044  2470 E ActivityManager: 	at com.android.server.am.ActivityManagerService.broadcastIntentLocked(ActivityManagerService.java:22110)
11-15 20:12:51.532  2044  2470 E ActivityManager: 	at com.android.server.am.ActivityManagerService.broadcastIntent(ActivityManagerService.java:22252)
11-15 20:12:51.532  2044  2470 E ActivityManager: 	at android.app.IActivityManager$Stub.onTransact$broadcastIntent$(IActivityManager.java:10175)
11-15 20:12:51.532  2044  2470 E ActivityManager: 	at android.app.IActivityManager$Stub.onTransact(IActivityManager.java:167)
11-15 20:12:51.532  2044  2470 E ActivityManager: 	at com.android.server.am.ActivityManagerService.onTransact(ActivityManagerService.java:3346)
11-15 20:12:51.532  2044  2470 E ActivityManager: 	at android.os.Binder.execTransact(Binder.java:731)
11-15 20:12:51.555  2827  3088 E ActivityThread: Failed to find provider info for com.iflytek.contentProvider.LocationProvider
11-15 20:12:51.556  2827  3088 W ContextImpl: Calling a method in the system process without a qualified user: android.app.ContextImpl.bindService:1611 android.content.ContextWrapper.bindService:698 com.iflytek.autofly.carpropertyservice.util.CarPropertyManager.initClient:113 com.iflytek.autofly.carpropertyservice.util.CarPropertyManager.serviceCheck:132 com.iflytek.autofly.carpropertyservice.util.CarPropertyManager.getCarProperty:249 
11-15 20:12:51.557  2044  2470 W ActivityManager: Unable to start service Intent { act=com.iflytek.autofly.carpropertyservice pkg=com.iflytek.autofly.platformservice } U=0: not found
11-15 20:12:51.558  2827  3088 W ContextImpl: Calling a method in the system process without a qualified user: android.app.ContextImpl.bindService:1611 android.content.ContextWrapper.bindService:698 com.iflytek.autofly.carpropertyservice.util.CarPropertyManager.initClient:113 com.iflytek.autofly.carpropertyservice.util.CarPropertyManager.serviceCheck:132 com.iflytek.autofly.carpropertyservice.util.CarPropertyManager.getCarProperty:249 
11-15 20:12:51.558  2044  2470 W ActivityManager: Unable to start service Intent { act=com.iflytek.autofly.carpropertyservice pkg=com.iflytek.autofly.platformservice } U=0: not found
11-15 20:12:51.559  2827  3088 W ContextImpl: Calling a method in the system process without a qualified user: android.app.ContextImpl.bindService:1611 android.content.ContextWrapper.bindService:698 com.iflytek.autofly.carpropertyservice.util.CarPropertyManager.initClient:113 com.iflytek.autofly.carpropertyservice.util.CarPropertyManager.serviceCheck:132 com.iflytek.autofly.carpropertyservice.util.CarPropertyManager.getCarProperty:249 
11-15 20:12:51.559  2044  2470 W ActivityManager: Unable to start service Intent { act=com.iflytek.autofly.carpropertyservice pkg=com.iflytek.autofly.platformservice } U=0: not found
11-15 20:12:51.559  2827  3088 W ContextImpl: Calling a method in the system process without a qualified user: android.app.ContextImpl.bindService:1611 android.content.ContextWrapper.bindService:698 com.iflytek.autofly.carpropertyservice.util.CarPropertyManager.initClient:113 com.iflytek.autofly.carpropertyservice.util.CarPropertyManager.serviceCheck:132 com.iflytek.autofly.carpropertyservice.util.CarPropertyManager.getCarProperty:249 
11-15 20:12:51.560  2044  2470 W ActivityManager: Unable to start service Intent { act=com.iflytek.autofly.carpropertyservice pkg=com.iflytek.autofly.platformservice } U=0: not found
11-15 20:12:51.561  2827  3088 W ContextImpl: Calling a method in the system process without a qualified user: android.app.ContextImpl.bindService:1611 android.content.ContextWrapper.bindService:698 com.iflytek.autofly.carpropertyservice.util.CarPropertyManager.initClient:113 com.iflytek.autofly.carpropertyservice.util.CarPropertyManager.serviceCheck:132 com.iflytek.autofly.carpropertyservice.util.CarPropertyManager.getCarProperty:249 
11-15 20:12:51.561  2044  2470 W ActivityManager: Unable to start service Intent { act=com.iflytek.autofly.carpropertyservice pkg=com.iflytek.autofly.platformservice } U=0: not found
11-15 20:12:51.562  2827  3088 W ContextImpl: Calling a method in the system process without a qualified user: android.app.ContextImpl.bindService:1611 android.content.ContextWrapper.bindService:698 com.iflytek.autofly.carpropertyservice.util.CarPropertyManager.initClient:113 com.iflytek.autofly.carpropertyservice.util.CarPropertyManager.serviceCheck:132 com.iflytek.autofly.carpropertyservice.util.CarPropertyManager.getCarProperty:249 
11-15 20:12:51.562  2044  2470 W ActivityManager: Unable to start service Intent { act=com.iflytek.autofly.carpropertyservice pkg=com.iflytek.autofly.platformservice } U=0: not found
11-15 20:12:51.563  2827  3088 W ContextImpl: Calling a method in the system process without a qualified user: android.app.ContextImpl.bindService:1611 android.content.ContextWrapper.bindService:698 com.iflytek.autofly.carpropertyservice.util.CarPropertyManager.initClient:113 com.iflytek.autofly.carpropertyservice.util.CarPropertyManager.serviceCheck:132 com.iflytek.autofly.carpropertyservice.util.CarPropertyManager.getCarProperty:249 
11-15 20:12:51.563  2044  2470 W ActivityManager: Unable to start service Intent { act=com.iflytek.autofly.carpropertyservice pkg=com.iflytek.autofly.platformservice } U=0: not found
11-15 20:12:51.563  2827  3088 W ContextImpl: Calling a method in the system process without a qualified user: android.app.ContextImpl.bindService:1611 android.content.ContextWrapper.bindService:698 com.iflytek.autofly.carpropertyservice.util.CarPropertyManager.initClient:113 com.iflytek.autofly.carpropertyservice.util.CarPropertyManager.serviceCheck:132 com.iflytek.autofly.carpropertyservice.util.CarPropertyManager.getCarProperty:249 
11-15 20:12:51.564  2044  2470 W ActivityManager: Unable to start service Intent { act=com.iflytek.autofly.carpropertyservice pkg=com.iflytek.autofly.platformservice } U=0: not found
11-15 20:12:51.564  2827  3088 W ContextImpl: Calling a method in the system process without a qualified user: android.app.ContextImpl.bindService:1611 android.content.ContextWrapper.bindService:698 com.iflytek.autofly.carpropertyservice.util.CarPropertyManager.initClient:113 com.iflytek.autofly.carpropertyservice.util.CarPropertyManager.serviceCheck:132 com.iflytek.autofly.carpropertyservice.util.CarPropertyManager.getCarProperty:249 
11-15 20:12:51.565  2044  2470 W ActivityManager: Unable to start service Intent { act=com.iflytek.autofly.carpropertyservice pkg=com.iflytek.autofly.platformservice } U=0: not found
11-15 20:12:51.566  2827  3088 W ContextImpl: Calling a method in the system process without a qualified user: android.app.ContextImpl.bindService:1611 android.content.ContextWrapper.bindService:698 com.iflytek.autofly.carpropertyservice.util.CarPropertyManager.initClient:113 com.iflytek.autofly.carpropertyservice.util.CarPropertyManager.serviceCheck:132 com.iflytek.autofly.carpropertyservice.util.CarPropertyManager.getCarProperty:249 
11-15 20:12:51.566  2044  2470 W ActivityManager: Unable to start service Intent { act=com.iflytek.autofly.carpropertyservice pkg=com.iflytek.autofly.platformservice } U=0: not found
11-15 20:12:51.567  2827  3088 W ContextImpl: Calling a method in the system process without a qualified user: android.app.ContextImpl.bindService:1611 android.content.ContextWrapper.bindService:698 com.iflytek.autofly.carpropertyservice.util.CarPropertyManager.initClient:113 com.iflytek.autofly.carpropertyservice.util.CarPropertyManager.serviceCheck:132 com.iflytek.autofly.carpropertyservice.util.CarPropertyManager.getCarProperty:249 
11-15 20:12:51.567  2044  2470 W ActivityManager: Unable to start service Intent { act=com.iflytek.autofly.carpropertyservice pkg=com.iflytek.autofly.platformservice } U=0: not found
11-15 20:12:51.567  2827  3088 W ContextImpl: Calling a method in the system process without a qualified user: android.app.ContextImpl.bindService:1611 android.content.ContextWrapper.bindService:698 com.iflytek.autofly.carpropertyservice.util.CarPropertyManager.initClient:113 com.iflytek.autofly.carpropertyservice.util.CarPropertyManager.serviceCheck:132 com.iflytek.autofly.carpropertyservice.util.CarPropertyManager.getCarProperty:249 
11-15 20:12:51.568  2044  2470 W ActivityManager: Unable to start service Intent { act=com.iflytek.autofly.carpropertyservice pkg=com.iflytek.autofly.platformservice } U=0: not found
11-15 20:12:51.736  1579  2039 I vehiclelan|commonProxy: begin to writeMessage msgType = 0x1005 subtype = 1 ret = 0
11-15 20:12:51.850  1703  3094 I teseo_hal_LocServiceProxy: Send satellite list: 7 satellites, 4 gps, 0 glonass, 0 galileo, 3 beidou, 0 others
11-15 20:12:51.870  2827  2827 W ContextImpl: Calling a method in the system process without a qualified user: android.app.ContextImpl.bindService:1611 android.content.ContextWrapper.bindService:698 com.iflytek.autofly.systemservice.util.FlySystemManager.initClient:195 com.iflytek.autofly.systemservice.util.FlySystemManager.serviceCheck:215 com.iflytek.autofly.systemservice.util.FlySystemManager.registerListener:290 
11-15 20:12:51.870  2044  2470 W ActivityManager: Unable to start service Intent { act=com.iflytek.autofly.systemservice pkg=com.iflytek.autofly.platformservice } U=0: not found
11-15 20:12:51.950  2742  2742 I PlatoformUtil-ConfigUtil: [loadConfig] carConfig1:affc2de5
11-15 20:12:51.950  2742  2742 I PlatoformUtil-ConfigUtil: [loadConfig] carConfig2:5f01491f
11-15 20:12:51.950  2742  2742 I PlatoformUtil-ConfigUtil: [loadConfig] carConfig3:509ecc7003092a52
11-15 20:12:51.950  2742  2742 I PlatoformUtil-ConfigUtil: [loadConfig] carConfig4:2800f02312000010
11-15 20:12:51.950  2742  2742 I PlatoformUtil-ConfigUtil: [loadConfig] carConfig5:0802901400000f00
11-15 20:12:51.950  2742  2742 I PlatoformUtil-ConfigUtil: [loadConfig] carConfig6:0000000000000000
11-15 20:12:51.950  2742  2742 I PlatoformUtil-ConfigUtil: carConfig load success
11-15 20:12:51.951  2742  2742 I PlatoformUtil-ConfigT1DImpl: [getConfig] carConfig1:[175, 252, 45, 229]
11-15 20:12:51.951  2742  2742 I PlatoformUtil-ConfigT1DImpl: [getConfig] carConfig2:[95, 1, 73, 31]
11-15 20:12:51.951  2742  2742 I PlatoformUtil-ConfigT1DImpl: [getConfig] carConfig3:[80, 158, 204, 112, 3, 9, 42, 82]
11-15 20:12:51.951  2742  2742 I PlatoformUtil-ConfigT1DImpl: [getConfig] carConfig4:[40, 0, 240, 35, 18, 0, 0, 16]
11-15 20:12:51.951  2742  2742 I PlatoformUtil-ConfigT1DImpl: [getConfig] carConfig5:[8, 2, 144, 20, 0, 0, 15, 0]
11-15 20:12:51.951  2742  2742 I PlatoformUtil-ConfigT1DImpl: [getConfig] carConfig6:[0, 0, 0, 0, 0, 0, 0, 0]
11-15 20:12:51.972  3576  3576 I GpsManager: onSatelliteStatusChanged  GPS satelliteCount = 11 azimuthDegrees = 0.0 carrierFrequencyHz = 0.0 cn0DbHz = 27.0 elevationDegrees = 6.0 svId = 4 hasAlmanacData = true hasCarrierFrequencyHz = false hasEphemerisData = true usedInFix = true
11-15 20:12:51.972  3576  3576 I GpsManager: onSatelliteStatusChanged  GPS satelliteCount = 11 azimuthDegrees = 40.0 carrierFrequencyHz = 0.0 cn0DbHz = 23.0 elevationDegrees = 20.0 svId = 6 hasAlmanacData = true hasCarrierFrequencyHz = false hasEphemerisData = true usedInFix = true
11-15 20:12:51.972  3576  3576 I GpsManager: onSatelliteStatusChanged  GPS satelliteCount = 11 azimuthDegrees = 81.0 carrierFrequencyHz = 0.0 cn0DbHz = 38.0 elevationDegrees = 48.0 svId = 11 hasAlmanacData = true hasCarrierFrequencyHz = false hasEphemerisData = true usedInFix = true
11-15 20:12:51.972  3576  3576 I GpsManager: onSatelliteStatusChanged  GPS satelliteCount = 11 azimuthDegrees = 126.0 carrierFrequencyHz = 0.0 cn0DbHz = 33.0 elevationDegrees = 43.0 svId = 12 hasAlmanacData = true hasCarrierFrequencyHz = false hasEphemerisData = true usedInFix = true
11-15 20:12:51.972  3576  3576 I GpsManager: onSatelliteStatusChanged  GPS satelliteCount = 11 azimuthDegrees = 104.0 carrierFrequencyHz = 0.0 cn0DbHz = 34.0 elevationDegrees = 18.0 svId = 20 hasAlmanacData = true hasCarrierFrequencyHz = false hasEphemerisData = true usedInFix = true
11-15 20:12:51.972  3576  3576 I GpsManager: onSatelliteStatusChanged  GPS satelliteCount = 11 azimuthDegrees = 101.0 carrierFrequencyHz = 0.0 cn0DbHz = 34.0 elevationDegrees = 9.0 svId = 21 hasAlmanacData = true hasCarrierFrequencyHz = false hasEphemerisData = true usedInFix = true
11-15 20:12:51.972  3576  3576 I GpsManager: onSatelliteStatusChanged  GPS satelliteCount = 11 azimuthDegrees = 174.0 carrierFrequencyHz = 0.0 cn0DbHz = 34.0 elevationDegrees = 73.0 svId = 25 hasAlmanacData = true hasCarrierFrequencyHz = false hasEphemerisData = true usedInFix = true
11-15 20:12:51.973  3576  3576 I GpsManager: onSatelliteStatusChanged  GPS satelliteCount = 11 azimuthDegrees = 298.0 carrierFrequencyHz = 0.0 cn0DbHz = 25.0 elevationDegrees = 2.0 svId = 26 hasAlmanacData = true hasCarrierFrequencyHz = false hasEphemerisData = true usedInFix = true
11-15 20:12:51.973  3576  3576 I GpsManager: onSatelliteStatusChanged  GPS satelliteCount = 11 azimuthDegrees = 279.0 carrierFrequencyHz = 0.0 cn0DbHz = 35.0 elevationDegrees = 43.0 svId = 28 hasAlmanacData = true hasCarrierFrequencyHz = false hasEphemerisData = true usedInFix = true
11-15 20:12:51.973  3576  3576 I GpsManager: onSatelliteStatusChanged  GPS satelliteCount = 11 azimuthDegrees = 230.0 carrierFrequencyHz = 0.0 cn0DbHz = 35.0 elevationDegrees = 52.0 svId = 29 hasAlmanacData = true hasCarrierFrequencyHz = false hasEphemerisData = true usedInFix = true
11-15 20:12:51.973  3576  3576 I GpsManager: onSatelliteStatusChanged  GPS satelliteCount = 11 azimuthDegrees = 312.0 carrierFrequencyHz = 0.0 cn0DbHz = 33.0 elevationDegrees = 25.0 svId = 31 hasAlmanacData = true hasCarrierFrequencyHz = false hasEphemerisData = true usedInFix = true
11-15 20:12:52.034  2044  2142 E WifiVendorHal: getWifiLinkLayerStats(l.937) failed {.code = ERROR_NOT_AVAILABLE, .description = }
11-15 20:12:52.524  2658  3327 I FlcAvrcpControllerInterface: getPlaybackState: address = [-12, 57, -90, -127, -3, -61]
11-15 20:12:52.590  2658  3227 I FlcAvrcpControllerCallback: onPlayPositionChanged: address = [-12, 57, -90, -127, -3, -61] songLen = 195906 currSongPosition = 69853
11-15 20:12:52.591  2658  3227 I FlcAvrcpControllerCallback: onPlayStatusChanged: address = [-12, 57, -90, -127, -3, -61] playStatus = 1
11-15 20:12:52.608  2044  2470 E ActivityManager: Sending non-protected broadcast android.bluetooth.avrcp-controller.profile.PLAY_STATUS_CHANGED from system 2658:com.android.bluetooth/1002 pkg com.android.bluetooth
11-15 20:12:52.608  2044  2470 E ActivityManager: java.lang.Throwable
11-15 20:12:52.608  2044  2470 E ActivityManager: 	at com.android.server.am.ActivityManagerService.checkBroadcastFromSystem(ActivityManagerService.java:21498)
11-15 20:12:52.608  2044  2470 E ActivityManager: 	at com.android.server.am.ActivityManagerService.broadcastIntentLocked(ActivityManagerService.java:22017)
11-15 20:12:52.608  2044  2470 E ActivityManager: 	at com.android.server.am.ActivityManagerService.broadcastIntent(ActivityManagerService.java:22252)
11-15 20:12:52.608  2044  2470 E ActivityManager: 	at android.app.IActivityManager$Stub.onTransact$broadcastIntent$(IActivityManager.java:10175)
11-15 20:12:52.608  2044  2470 E ActivityManager: 	at android.app.IActivityManager$Stub.onTransact(IActivityManager.java:167)
11-15 20:12:52.608  2044  2470 E ActivityManager: 	at com.android.server.am.ActivityManagerService.onTransact(ActivityManagerService.java:3346)
11-15 20:12:52.608  2044  2470 E ActivityManager: 	at android.os.Binder.execTransact(Binder.java:731)
11-15 20:12:52.609  2044  2470 E ActivityManager: Sending non-protected broadcast android.bluetooth.avrcp-controller.profile.PLAY_STATUS_CHANGED from system 2658:com.android.bluetooth/1002 pkg com.android.bluetooth
11-15 20:12:52.609  2044  2470 E ActivityManager: java.lang.Throwable
11-15 20:12:52.609  2044  2470 E ActivityManager: 	at com.android.server.am.ActivityManagerService.checkBroadcastFromSystem(ActivityManagerService.java:21498)
11-15 20:12:52.609  2044  2470 E ActivityManager: 	at com.android.server.am.ActivityManagerService.broadcastIntentLocked(ActivityManagerService.java:22110)
11-15 20:12:52.609  2044  2470 E ActivityManager: 	at com.android.server.am.ActivityManagerService.broadcastIntent(ActivityManagerService.java:22252)
11-15 20:12:52.609  2044  2470 E ActivityManager: 	at android.app.IActivityManager$Stub.onTransact$broadcastIntent$(IActivityManager.java:10175)
11-15 20:12:52.609  2044  2470 E ActivityManager: 	at android.app.IActivityManager$Stub.onTransact(IActivityManager.java:167)
11-15 20:12:52.609  2044  2470 E ActivityManager: 	at com.android.server.am.ActivityManagerService.onTransact(ActivityManagerService.java:3346)
11-15 20:12:52.609  2044  2470 E ActivityManager: 	at android.os.Binder.execTransact(Binder.java:731)
11-15 20:12:52.649  2180  2180 W CarStateManagerService: <VehiclePower>send type is:0;temp is:0
11-15 20:12:52.851  1703  3094 I teseo_hal_LocServiceProxy: Send satellite list: 7 satellites, 4 gps, 0 glonass, 0 galileo, 3 beidou, 0 others
11-15 20:12:52.944  2742  2742 I PlatoformUtil-ConfigUtil: [loadConfig] carConfig1:affc2de5
11-15 20:12:52.944  2742  2742 I PlatoformUtil-ConfigUtil: [loadConfig] carConfig2:5f01491f
11-15 20:12:52.944  2742  2742 I PlatoformUtil-ConfigUtil: [loadConfig] carConfig3:509ecc7003092a52
11-15 20:12:52.944  2742  2742 I PlatoformUtil-ConfigUtil: [loadConfig] carConfig4:2800f02312000010
11-15 20:12:52.944  2742  2742 I PlatoformUtil-ConfigUtil: [loadConfig] carConfig5:0802901400000f00
11-15 20:12:52.944  2742  2742 I PlatoformUtil-ConfigUtil: [loadConfig] carConfig6:0000000000000000
11-15 20:12:52.944  2742  2742 I PlatoformUtil-ConfigUtil: carConfig load success
11-15 20:12:52.946  2742  2742 I PlatoformUtil-ConfigT1DImpl: [getConfig] carConfig1:[175, 252, 45, 229]
11-15 20:12:52.946  2742  2742 I PlatoformUtil-ConfigT1DImpl: [getConfig] carConfig2:[95, 1, 73, 31]
11-15 20:12:52.946  2742  2742 I PlatoformUtil-ConfigT1DImpl: [getConfig] carConfig3:[80, 158, 204, 112, 3, 9, 42, 82]
11-15 20:12:52.946  2742  2742 I PlatoformUtil-ConfigT1DImpl: [getConfig] carConfig4:[40, 0, 240, 35, 18, 0, 0, 16]
11-15 20:12:52.946  2742  2742 I PlatoformUtil-ConfigT1DImpl: [getConfig] carConfig5:[8, 2, 144, 20, 0, 0, 15, 0]
11-15 20:12:52.946  2742  2742 I PlatoformUtil-ConfigT1DImpl: [getConfig] carConfig6:[0, 0, 0, 0, 0, 0, 0, 0]
11-15 20:12:52.960  3576  3576 I GpsManager: onSatelliteStatusChanged  GPS satelliteCount = 11 azimuthDegrees = 0.0 carrierFrequencyHz = 0.0 cn0DbHz = 27.0 elevationDegrees = 6.0 svId = 4 hasAlmanacData = true hasCarrierFrequencyHz = false hasEphemerisData = true usedInFix = true
11-15 20:12:52.968  3576  3576 I GpsManager: onSatelliteStatusChanged  GPS satelliteCount = 11 azimuthDegrees = 40.0 carrierFrequencyHz = 0.0 cn0DbHz = 21.0 elevationDegrees = 20.0 svId = 6 hasAlmanacData = true hasCarrierFrequencyHz = false hasEphemerisData = true usedInFix = true
11-15 20:12:52.968  3576  3576 I GpsManager: onSatelliteStatusChanged  GPS satelliteCount = 11 azimuthDegrees = 81.0 carrierFrequencyHz = 0.0 cn0DbHz = 38.0 elevationDegrees = 48.0 svId = 11 hasAlmanacData = true hasCarrierFrequencyHz = false hasEphemerisData = true usedInFix = true
11-15 20:12:52.968  3576  3576 I GpsManager: onSatelliteStatusChanged  GPS satelliteCount = 11 azimuthDegrees = 126.0 carrierFrequencyHz = 0.0 cn0DbHz = 33.0 elevationDegrees = 43.0 svId = 12 hasAlmanacData = true hasCarrierFrequencyHz = false hasEphemerisData = true usedInFix = true
11-15 20:12:52.968  3576  3576 I GpsManager: onSatelliteStatusChanged  GPS satelliteCount = 11 azimuthDegrees = 104.0 carrierFrequencyHz = 0.0 cn0DbHz = 34.0 elevationDegrees = 18.0 svId = 20 hasAlmanacData = true hasCarrierFrequencyHz = false hasEphemerisData = true usedInFix = true
11-15 20:12:52.968  3576  3576 I GpsManager: onSatelliteStatusChanged  GPS satelliteCount = 11 azimuthDegrees = 101.0 carrierFrequencyHz = 0.0 cn0DbHz = 34.0 elevationDegrees = 9.0 svId = 21 hasAlmanacData = true hasCarrierFrequencyHz = false hasEphemerisData = true usedInFix = true
11-15 20:12:52.969  3576  3576 I GpsManager: onSatelliteStatusChanged  GPS satelliteCount = 11 azimuthDegrees = 174.0 carrierFrequencyHz = 0.0 cn0DbHz = 33.0 elevationDegrees = 73.0 svId = 25 hasAlmanacData = true hasCarrierFrequencyHz = false hasEphemerisData = true usedInFix = true
11-15 20:12:52.969  3576  3576 I GpsManager: onSatelliteStatusChanged  GPS satelliteCount = 11 azimuthDegrees = 298.0 carrierFrequencyHz = 0.0 cn0DbHz = 25.0 elevationDegrees = 2.0 svId = 26 hasAlmanacData = true hasCarrierFrequencyHz = false hasEphemerisData = true usedInFix = true
11-15 20:12:52.969  3576  3576 I GpsManager: onSatelliteStatusChanged  GPS satelliteCount = 11 azimuthDegrees = 279.0 carrierFrequencyHz = 0.0 cn0DbHz = 35.0 elevationDegrees = 43.0 svId = 28 hasAlmanacData = true hasCarrierFrequencyHz = false hasEphemerisData = true usedInFix = true
11-15 20:12:52.969  3576  3576 I GpsManager: onSatelliteStatusChanged  GPS satelliteCount = 11 azimuthDegrees = 230.0 carrierFrequencyHz = 0.0 cn0DbHz = 35.0 elevationDegrees = 52.0 svId = 29 hasAlmanacData = true hasCarrierFrequencyHz = false hasEphemerisData = true usedInFix = true
11-15 20:12:52.969  3576  3576 I GpsManager: onSatelliteStatusChanged  GPS satelliteCount = 11 azimuthDegrees = 312.0 carrierFrequencyHz = 0.0 cn0DbHz = 33.0 elevationDegrees = 25.0 svId = 31 hasAlmanacData = true hasCarrierFrequencyHz = false hasEphemerisData = true usedInFix = true
11-15 20:12:53.597  2658  3327 I FlcAvrcpControllerInterface: getPlaybackState: address = [-12, 57, -90, -127, -3, -61]
11-15 20:12:53.637  2658  3227 I FlcAvrcpControllerCallback: onPlayPositionChanged: address = [-12, 57, -90, -127, -3, -61] songLen = 195906 currSongPosition = 70898
11-15 20:12:53.637  2658  3227 I FlcAvrcpControllerCallback: onPlayStatusChanged: address = [-12, 57, -90, -127, -3, -61] playStatus = 1
11-15 20:12:53.642  2044  6803 E ActivityManager: Sending non-protected broadcast android.bluetooth.avrcp-controller.profile.PLAY_STATUS_CHANGED from system 2658:com.android.bluetooth/1002 pkg com.android.bluetooth
11-15 20:12:53.642  2044  6803 E ActivityManager: java.lang.Throwable
11-15 20:12:53.642  2044  6803 E ActivityManager: 	at com.android.server.am.ActivityManagerService.checkBroadcastFromSystem(ActivityManagerService.java:21498)
11-15 20:12:53.642  2044  6803 E ActivityManager: 	at com.android.server.am.ActivityManagerService.broadcastIntentLocked(ActivityManagerService.java:22017)
11-15 20:12:53.642  2044  6803 E ActivityManager: 	at com.android.server.am.ActivityManagerService.broadcastIntent(ActivityManagerService.java:22252)
11-15 20:12:53.642  2044  6803 E ActivityManager: 	at android.app.IActivityManager$Stub.onTransact$broadcastIntent$(IActivityManager.java:10175)
11-15 20:12:53.642  2044  6803 E ActivityManager: 	at android.app.IActivityManager$Stub.onTransact(IActivityManager.java:167)
11-15 20:12:53.642  2044  6803 E ActivityManager: 	at com.android.server.am.ActivityManagerService.onTransact(ActivityManagerService.java:3346)
11-15 20:12:53.642  2044  6803 E ActivityManager: 	at android.os.Binder.execTransact(Binder.java:731)
11-15 20:12:53.642  2044  6803 E ActivityManager: Sending non-protected broadcast android.bluetooth.avrcp-controller.profile.PLAY_STATUS_CHANGED from system 2658:com.android.bluetooth/1002 pkg com.android.bluetooth
11-15 20:12:53.642  2044  6803 E ActivityManager: java.lang.Throwable
11-15 20:12:53.642  2044  6803 E ActivityManager: 	at com.android.server.am.ActivityManagerService.checkBroadcastFromSystem(ActivityManagerService.java:21498)
11-15 20:12:53.642  2044  6803 E ActivityManager: 	at com.android.server.am.ActivityManagerService.broadcastIntentLocked(ActivityManagerService.java:22110)
11-15 20:12:53.642  2044  6803 E ActivityManager: 	at com.android.server.am.ActivityManagerService.broadcastIntent(ActivityManagerService.java:22252)
11-15 20:12:53.642  2044  6803 E ActivityManager: 	at android.app.IActivityManager$Stub.onTransact$broadcastIntent$(IActivityManager.java:10175)
11-15 20:12:53.642  2044  6803 E ActivityManager: 	at android.app.IActivityManager$Stub.onTransact(IActivityManager.java:167)
11-15 20:12:53.642  2044  6803 E ActivityManager: 	at com.android.server.am.ActivityManagerService.onTransact(ActivityManagerService.java:3346)
11-15 20:12:53.642  2044  6803 E ActivityManager: 	at android.os.Binder.execTransact(Binder.java:731)
11-15 20:12:53.852  1703  3094 I teseo_hal_LocServiceProxy: Send satellite list: 7 satellites, 4 gps, 0 glonass, 0 galileo, 3 beidou, 0 others
11-15 20:12:53.872  2827  2827 W ContextImpl: Calling a method in the system process without a qualified user: android.app.ContextImpl.bindService:1611 android.content.ContextWrapper.bindService:698 com.iflytek.autofly.systemservice.util.FlySystemManager.initClient:195 com.iflytek.autofly.systemservice.util.FlySystemManager.serviceCheck:215 com.iflytek.autofly.systemservice.util.FlySystemManager.registerListener:290 
11-15 20:12:53.873  2044  2470 W ActivityManager: Unable to start service Intent { act=com.iflytek.autofly.systemservice pkg=com.iflytek.autofly.platformservice } U=0: not found
11-15 20:12:53.944  2742  2742 I PlatoformUtil-ConfigUtil: [loadConfig] carConfig1:affc2de5
11-15 20:12:53.945  2742  2742 I PlatoformUtil-ConfigUtil: [loadConfig] carConfig2:5f01491f
11-15 20:12:53.945  2742  2742 I PlatoformUtil-ConfigUtil: [loadConfig] carConfig3:509ecc7003092a52
11-15 20:12:53.945  2742  2742 I PlatoformUtil-ConfigUtil: [loadConfig] carConfig4:2800f02312000010
11-15 20:12:53.945  2742  2742 I PlatoformUtil-ConfigUtil: [loadConfig] carConfig5:0802901400000f00
11-15 20:12:53.945  2742  2742 I PlatoformUtil-ConfigUtil: [loadConfig] carConfig6:0000000000000000
11-15 20:12:53.945  2742  2742 I PlatoformUtil-ConfigUtil: carConfig load success
11-15 20:12:53.946  2742  2742 I PlatoformUtil-ConfigT1DImpl: [getConfig] carConfig1:[175, 252, 45, 229]
11-15 20:12:53.946  2742  2742 I PlatoformUtil-ConfigT1DImpl: [getConfig] carConfig2:[95, 1, 73, 31]
11-15 20:12:53.946  2742  2742 I PlatoformUtil-ConfigT1DImpl: [getConfig] carConfig3:[80, 158, 204, 112, 3, 9, 42, 82]
11-15 20:12:53.946  2742  2742 I PlatoformUtil-ConfigT1DImpl: [getConfig] carConfig4:[40, 0, 240, 35, 18, 0, 0, 16]
11-15 20:12:53.946  2742  2742 I PlatoformUtil-ConfigT1DImpl: [getConfig] carConfig5:[8, 2, 144, 20, 0, 0, 15, 0]
11-15 20:12:53.947  2742  2742 I PlatoformUtil-ConfigT1DImpl: [getConfig] carConfig6:[0, 0, 0, 0, 0, 0, 0, 0]
11-15 20:12:53.971  3576  3576 I GpsManager: onSatelliteStatusChanged  GPS satelliteCount = 11 azimuthDegrees = 0.0 carrierFrequencyHz = 0.0 cn0DbHz = 27.0 elevationDegrees = 6.0 svId = 4 hasAlmanacData = true hasCarrierFrequencyHz = false hasEphemerisData = true usedInFix = true
11-15 20:12:53.971  3576  3576 I GpsManager: onSatelliteStatusChanged  GPS satelliteCount = 11 azimuthDegrees = 40.0 carrierFrequencyHz = 0.0 cn0DbHz = 22.0 elevationDegrees = 20.0 svId = 6 hasAlmanacData = true hasCarrierFrequencyHz = false hasEphemerisData = true usedInFix = true
11-15 20:12:53.971  3576  3576 I GpsManager: onSatelliteStatusChanged  GPS satelliteCount = 11 azimuthDegrees = 81.0 carrierFrequencyHz = 0.0 cn0DbHz = 38.0 elevationDegrees = 48.0 svId = 11 hasAlmanacData = true hasCarrierFrequencyHz = false hasEphemerisData = true usedInFix = true
11-15 20:12:53.971  3576  3576 I GpsManager: onSatelliteStatusChanged  GPS satelliteCount = 11 azimuthDegrees = 126.0 carrierFrequencyHz = 0.0 cn0DbHz = 34.0 elevationDegrees = 43.0 svId = 12 hasAlmanacData = true hasCarrierFrequencyHz = false hasEphemerisData = true usedInFix = true
11-15 20:12:53.971  3576  3576 I GpsManager: onSatelliteStatusChanged  GPS satelliteCount = 11 azimuthDegrees = 104.0 carrierFrequencyHz = 0.0 cn0DbHz = 34.0 elevationDegrees = 18.0 svId = 20 hasAlmanacData = true hasCarrierFrequencyHz = false hasEphemerisData = true usedInFix = true
11-15 20:12:53.971  3576  3576 I GpsManager: onSatelliteStatusChanged  GPS satelliteCount = 11 azimuthDegrees = 101.0 carrierFrequencyHz = 0.0 cn0DbHz = 34.0 elevationDegrees = 9.0 svId = 21 hasAlmanacData = true hasCarrierFrequencyHz = false hasEphemerisData = true usedInFix = true
11-15 20:12:53.971  3576  3576 I GpsManager: onSatelliteStatusChanged  GPS satelliteCount = 11 azimuthDegrees = 174.0 carrierFrequencyHz = 0.0 cn0DbHz = 33.0 elevationDegrees = 73.0 svId = 25 hasAlmanacData = true hasCarrierFrequencyHz = false hasEphemerisData = true usedInFix = true
11-15 20:12:53.971  3576  3576 I GpsManager: onSatelliteStatusChanged  GPS satelliteCount = 11 azimuthDegrees = 298.0 carrierFrequencyHz = 0.0 cn0DbHz = 24.0 elevationDegrees = 2.0 svId = 26 hasAlmanacData = true hasCarrierFrequencyHz = false hasEphemerisData = true usedInFix = true
11-15 20:12:53.971  3576  3576 I GpsManager: onSatelliteStatusChanged  GPS satelliteCount = 11 azimuthDegrees = 279.0 carrierFrequencyHz = 0.0 cn0DbHz = 35.0 elevationDegrees = 43.0 svId = 28 hasAlmanacData = true hasCarrierFrequencyHz = false hasEphemerisData = true usedInFix = true
11-15 20:12:53.971  3576  3576 I GpsManager: onSatelliteStatusChanged  GPS satelliteCount = 11 azimuthDegrees = 230.0 carrierFrequencyHz = 0.0 cn0DbHz = 35.0 elevationDegrees = 52.0 svId = 29 hasAlmanacData = true hasCarrierFrequencyHz = false hasEphemerisData = true usedInFix = true
11-15 20:12:53.971  3576  3576 I GpsManager: onSatelliteStatusChanged  GPS satelliteCount = 11 azimuthDegrees = 312.0 carrierFrequencyHz = 0.0 cn0DbHz = 34.0 elevationDegrees = 25.0 svId = 31 hasAlmanacData = true hasCarrierFrequencyHz = false hasEphemerisData = true usedInFix = true
11-15 20:12:54.092  2044  2053 I system_server: Background concurrent copying GC freed 88467(5MB) AllocSpace objects, 13(260KB) LOS objects, 42% free, 7MB/13MB, paused 321us total 149.755ms
11-15 20:12:54.231 17265 17265 I find    : type=1400 audit(0.0:26692): avc: denied { getattr } for path="/system/etc/selinux/plat_mac_permissions.xml" dev="vda25" ino=2547 scontext=u:r:shell:s0 tcontext=u:object_r:mac_perms_file:s0 tclass=file permissive=1
11-15 20:12:54.231 17265 17265 I find    : type=1400 audit(0.0:26693): avc: denied { getattr } for path="/system/etc/selinux/plat_hwservice_contexts" dev="vda25" ino=2539 scontext=u:r:shell:s0 tcontext=u:object_r:hwservice_contexts_file:s0 tclass=file permissive=1
11-15 20:12:54.347 17265 17265 I find    : type=1400 audit(0.0:26694): avc: denied { getattr } for path="/system/bin/blank_screen" dev="vda25" ino=1050 scontext=u:r:shell:s0 tcontext=u:object_r:blank_screen_exec:s0 tclass=file permissive=1
11-15 20:12:54.351 17265 17265 I find    : type=1400 audit(0.0:26695): avc: denied { getattr } for path="/system/bin/e2fsck" dev="vda25" ino=1063 scontext=u:r:shell:s0 tcontext=u:object_r:fsck_exec:s0 tclass=file permissive=1
11-15 20:12:54.351 17265 17265 I find    : type=1400 audit(0.0:26696): avc: denied { getattr } for path="/system/bin/statsd" dev="vda25" ino=1065 scontext=u:r:shell:s0 tcontext=u:object_r:statsd_exec:s0 tclass=file permissive=1
11-15 20:12:54.351 17265 17265 I find    : type=1400 audit(0.0:26697): avc: denied { getattr } for path="/system/bin/mke2fs" dev="vda25" ino=1067 scontext=u:r:shell:s0 tcontext=u:object_r:e2fs_exec:s0 tclass=file permissive=1
11-15 20:12:54.351 17265 17265 I find    : type=1400 audit(0.0:26698): avc: denied { getattr } for path="/system/bin/tombstoned" dev="vda25" ino=1074 scontext=u:r:shell:s0 tcontext=u:object_r:tombstoned_exec:s0 tclass=file permissive=1
11-15 20:12:54.351 17265 17265 I find    : type=1400 audit(0.0:26699): avc: denied { getattr } for path="/system/bin/clear_cache.sh" dev="vda25" ino=1082 scontext=u:r:shell:s0 tcontext=u:object_r:system_bin_clear_cache_exec:s0 tclass=file permissive=1
11-15 20:12:54.351 17265 17265 I find    : type=1400 audit(0.0:26700): avc: denied { getattr } for path="/system/bin/audioserver" dev="vda25" ino=1086 scontext=u:r:shell:s0 tcontext=u:object_r:audioserver_exec:s0 tclass=file permissive=1
11-15 20:12:54.485  2044  2131 W PowerManagerService-JNI: Couldn't load power HAL service modify by desaysv
11-15 20:12:54.583  2044  2131 I chatty  : uid=1000(system) InputDispatcher identical 6 lines
11-15 20:12:54.583  2044  2131 W PowerManagerService-JNI: Couldn't load power HAL service modify by desaysv
11-15 20:12:54.642  2658  3327 I FlcAvrcpControllerInterface: getPlaybackState: address = [-12, 57, -90, -127, -3, -61]
11-15 20:12:54.664  2044  2059 W PowerManagerService-JNI: Couldn't load power HAL service modify by desaysv
11-15 20:12:54.664  2044  2059 W PowerManagerService-JNI: Couldn't load power HAL service modify by desaysv
11-15 20:12:54.707  2658  3227 I FlcAvrcpControllerCallback: onPlayPositionChanged: address = [-12, 57, -90, -127, -3, -61] songLen = 195906 currSongPosition = 71947
11-15 20:12:54.708  2658  3227 I FlcAvrcpControllerCallback: onPlayStatusChanged: address = [-12, 57, -90, -127, -3, -61] playStatus = 1
11-15 20:12:54.724  2044  6803 E ActivityManager: Sending non-protected broadcast android.bluetooth.avrcp-controller.profile.PLAY_STATUS_CHANGED from system 2658:com.android.bluetooth/1002 pkg com.android.bluetooth
11-15 20:12:54.724  2044  6803 E ActivityManager: java.lang.Throwable
11-15 20:12:54.724  2044  6803 E ActivityManager: 	at com.android.server.am.ActivityManagerService.checkBroadcastFromSystem(ActivityManagerService.java:21498)
11-15 20:12:54.724  2044  6803 E ActivityManager: 	at com.android.server.am.ActivityManagerService.broadcastIntentLocked(ActivityManagerService.java:22017)
11-15 20:12:54.724  2044  6803 E ActivityManager: 	at com.android.server.am.ActivityManagerService.broadcastIntent(ActivityManagerService.java:22252)
11-15 20:12:54.724  2044  6803 E ActivityManager: 	at android.app.IActivityManager$Stub.onTransact$broadcastIntent$(IActivityManager.java:10175)
11-15 20:12:54.724  2044  6803 E ActivityManager: 	at android.app.IActivityManager$Stub.onTransact(IActivityManager.java:167)
11-15 20:12:54.724  2044  6803 E ActivityManager: 	at com.android.server.am.ActivityManagerService.onTransact(ActivityManagerService.java:3346)
11-15 20:12:54.724  2044  6803 E ActivityManager: 	at android.os.Binder.execTransact(Binder.java:731)
11-15 20:12:54.725  2044  6803 E ActivityManager: Sending non-protected broadcast android.bluetooth.avrcp-controller.profile.PLAY_STATUS_CHANGED from system 2658:com.android.bluetooth/1002 pkg com.android.bluetooth
11-15 20:12:54.725  2044  6803 E ActivityManager: java.lang.Throwable
11-15 20:12:54.725  2044  6803 E ActivityManager: 	at com.android.server.am.ActivityManagerService.checkBroadcastFromSystem(ActivityManagerService.java:21498)
11-15 20:12:54.725  2044  6803 E ActivityManager: 	at com.android.server.am.ActivityManagerService.broadcastIntentLocked(ActivityManagerService.java:22110)
11-15 20:12:54.725  2044  6803 E ActivityManager: 	at com.android.server.am.ActivityManagerService.broadcastIntent(ActivityManagerService.java:22252)
11-15 20:12:54.725  2044  6803 E ActivityManager: 	at android.app.IActivityManager$Stub.onTransact$broadcastIntent$(IActivityManager.java:10175)
11-15 20:12:54.725  2044  6803 E ActivityManager: 	at android.app.IActivityManager$Stub.onTransact(IActivityManager.java:167)
11-15 20:12:54.725  2044  6803 E ActivityManager: 	at com.android.server.am.ActivityManagerService.onTransact(ActivityManagerService.java:3346)
11-15 20:12:54.725  2044  6803 E ActivityManager: 	at android.os.Binder.execTransact(Binder.java:731)
11-15 20:12:54.849  1703  3094 I teseo_hal_LocServiceProxy: Send satellite list: 7 satellites, 4 gps, 0 glonass, 0 galileo, 3 beidou, 0 others
11-15 20:12:54.949  2742  2742 I PlatoformUtil-ConfigUtil: [loadConfig] carConfig1:affc2de5
11-15 20:12:54.949  2742  2742 I PlatoformUtil-ConfigUtil: [loadConfig] carConfig2:5f01491f
11-15 20:12:54.949  2742  2742 I PlatoformUtil-ConfigUtil: [loadConfig] carConfig3:509ecc7003092a52
11-15 20:12:54.949  2742  2742 I PlatoformUtil-ConfigUtil: [loadConfig] carConfig4:2800f02312000010
11-15 20:12:54.949  2742  2742 I PlatoformUtil-ConfigUtil: [loadConfig] carConfig5:0802901400000f00
11-15 20:12:54.949  2742  2742 I PlatoformUtil-ConfigUtil: [loadConfig] carConfig6:0000000000000000
11-15 20:12:54.949  2742  2742 I PlatoformUtil-ConfigUtil: carConfig load success
11-15 20:12:54.950  2742  2742 I PlatoformUtil-ConfigT1DImpl: [getConfig] carConfig1:[175, 252, 45, 229]
11-15 20:12:54.950  2742  2742 I PlatoformUtil-ConfigT1DImpl: [getConfig] carConfig2:[95, 1, 73, 31]
11-15 20:12:54.950  2742  2742 I PlatoformUtil-ConfigT1DImpl: [getConfig] carConfig3:[80, 158, 204, 112, 3, 9, 42, 82]
11-15 20:12:54.950  2742  2742 I PlatoformUtil-ConfigT1DImpl: [getConfig] carConfig4:[40, 0, 240, 35, 18, 0, 0, 16]
11-15 20:12:54.950  2742  2742 I PlatoformUtil-ConfigT1DImpl: [getConfig] carConfig5:[8, 2, 144, 20, 0, 0, 15, 0]
11-15 20:12:54.950  2742  2742 I PlatoformUtil-ConfigT1DImpl: [getConfig] carConfig6:[0, 0, 0, 0, 0, 0, 0, 0]
