11-15 20:12:44.964  3576  3576 I GpsManager: onSatelliteStatusChanged  GPS satelliteCount = 11 azimuthDegrees = 40.0 carrierFrequencyHz = 0.0 cn0DbHz = 20.0 elevationDegrees = 20.0 svId = 6 hasAlmanacData = true hasCarrierFrequencyHz = false hasEphemerisData = true usedInFix = true
11-15 20:12:44.964  3576  3576 I GpsManager: onSatelliteStatusChanged  GPS satelliteCount = 11 azimuthDegrees = 81.0 carrierFrequencyHz = 0.0 cn0DbHz = 39.0 elevationDegrees = 48.0 svId = 11 hasAlmanacData = true hasCarrierFrequencyHz = false hasEphemerisData = true usedInFix = true
11-15 20:12:44.964  3576  3576 I GpsManager: onSatelliteStatusChanged  GPS satelliteCount = 11 azimuthDegrees = 126.0 carrierFrequencyHz = 0.0 cn0DbHz = 35.0 elevationDegrees = 43.0 svId = 12 hasAlmanacData = true hasCarrierFrequencyHz = false hasEphemerisData = true usedInFix = true
11-15 20:12:44.964  3576  3576 I GpsManager: onSatelliteStatusChanged  GPS satelliteCount = 11 azimuthDegrees = 104.0 carrierFrequencyHz = 0.0 cn0DbHz = 34.0 elevationDegrees = 18.0 svId = 20 hasAlmanacData = true hasCarrierFrequencyHz = false hasEphemerisData = true usedInFix = true
11-15 20:12:44.964  3576  3576 I GpsManager: onSatelliteStatusChanged  GPS satelliteCount = 11 azimuthDegrees = 101.0 carrierFrequencyHz = 0.0 cn0DbHz = 35.0 elevationDegrees = 9.0 svId = 21 hasAlmanacData = true hasCarrierFrequencyHz = false hasEphemerisData = true usedInFix = true
11-15 20:12:44.965  3576  3576 I GpsManager: onSatelliteStatusChanged  GPS satelliteCount = 11 azimuthDegrees = 174.0 carrierFrequencyHz = 0.0 cn0DbHz = 35.0 elevationDegrees = 73.0 svId = 25 hasAlmanacData = true hasCarrierFrequencyHz = false hasEphemerisData = true usedInFix = true
11-15 20:12:44.965  3576  3576 I GpsManager: onSatelliteStatusChanged  GPS satelliteCount = 11 azimuthDegrees = 298.0 carrierFrequencyHz = 0.0 cn0DbHz = 25.0 elevationDegrees = 2.0 svId = 26 hasAlmanacData = true hasCarrierFrequencyHz = false hasEphemerisData = true usedInFix = true
11-15 20:12:44.965  3576  3576 I GpsManager: onSatelliteStatusChanged  GPS satelliteCount = 11 azimuthDegrees = 279.0 carrierFrequencyHz = 0.0 cn0DbHz = 36.0 elevationDegrees = 43.0 svId = 28 hasAlmanacData = true hasCarrierFrequencyHz = false hasEphemerisData = true usedInFix = true
11-15 20:12:44.965  3576  3576 I GpsManager: onSatelliteStatusChanged  GPS satelliteCount = 11 azimuthDegrees = 230.0 carrierFrequencyHz = 0.0 cn0DbHz = 35.0 elevationDegrees = 52.0 svId = 29 hasAlmanacData = true hasCarrierFrequencyHz = false hasEphemerisData = true usedInFix = true
11-15 20:12:44.965  3576  3576 I GpsManager: onSatelliteStatusChanged  GPS satelliteCount = 11 azimuthDegrees = 312.0 carrierFrequencyHz = 0.0 cn0DbHz = 35.0 elevationDegrees = 25.0 svId = 31 hasAlmanacData = true hasCarrierFrequencyHz = false hasEphemerisData = true usedInFix = true
11-15 20:12:44.983  3576  3776 I SYS_TBoxUtilLocal: onNetworkStatus: networkBean = NetworkBean{URI='content://tbox.automotive.neusoft.com/NetworkStatusNotification', DataConnection=false, SimCardRegistraionStatus=false, MobileNetworkType='NoNetwork', Roaming=false, SignalStrength=-1, RouterIPAddress='', VPNIPAddress=''}
11-15 20:12:44.983  2283  2305 I SYS_TBoxUtilLocal: onNetworkStatus: networkBean = NetworkBean{URI='content://tbox.automotive.neusoft.com/NetworkStatusNotification', DataConnection=false, SimCardRegistraionStatus=false, MobileNetworkType='NoNetwork', Roaming=false, SignalStrength=-1, RouterIPAddress='', VPNIPAddress=''}
11-15 20:12:45.139  2658  3327 I FlcAvrcpControllerInterface: getPlaybackState: address = [-12, 57, -90, -127, -3, -61]
11-15 20:12:45.197  2658  3227 I FlcAvrcpControllerCallback: onPlayPositionChanged: address = [-12, 57, -90, -127, -3, -61] songLen = 195906 currSongPosition = 62438
11-15 20:12:45.198  2658  3227 I FlcAvrcpControllerCallback: onPlayStatusChanged: address = [-12, 57, -90, -127, -3, -61] playStatus = 1
11-15 20:12:45.215  2044 14819 E ActivityManager: Sending non-protected broadcast android.bluetooth.avrcp-controller.profile.PLAY_STATUS_CHANGED from system 2658:com.android.bluetooth/1002 pkg com.android.bluetooth
11-15 20:12:45.215  2044 14819 E ActivityManager: java.lang.Throwable
11-15 20:12:45.215  2044 14819 E ActivityManager: 	at com.android.server.am.ActivityManagerService.checkBroadcastFromSystem(ActivityManagerService.java:21498)
11-15 20:12:45.215  2044 14819 E ActivityManager: 	at com.android.server.am.ActivityManagerService.broadcastIntentLocked(ActivityManagerService.java:22017)
11-15 20:12:45.215  2044 14819 E ActivityManager: 	at com.android.server.am.ActivityManagerService.broadcastIntent(ActivityManagerService.java:22252)
11-15 20:12:45.215  2044 14819 E ActivityManager: 	at android.app.IActivityManager$Stub.onTransact$broadcastIntent$(IActivityManager.java:10175)
11-15 20:12:45.215  2044 14819 E ActivityManager: 	at android.app.IActivityManager$Stub.onTransact(IActivityManager.java:167)
11-15 20:12:45.215  2044 14819 E ActivityManager: 	at com.android.server.am.ActivityManagerService.onTransact(ActivityManagerService.java:3346)
11-15 20:12:45.215  2044 14819 E ActivityManager: 	at android.os.Binder.execTransact(Binder.java:731)
11-15 20:12:45.216  2044 14819 E ActivityManager: Sending non-protected broadcast android.bluetooth.avrcp-controller.profile.PLAY_STATUS_CHANGED from system 2658:com.android.bluetooth/1002 pkg com.android.bluetooth
11-15 20:12:45.216  2044 14819 E ActivityManager: java.lang.Throwable
11-15 20:12:45.216  2044 14819 E ActivityManager: 	at com.android.server.am.ActivityManagerService.checkBroadcastFromSystem(ActivityManagerService.java:21498)
11-15 20:12:45.216  2044 14819 E ActivityManager: 	at com.android.server.am.ActivityManagerService.broadcastIntentLocked(ActivityManagerService.java:22110)
11-15 20:12:45.216  2044 14819 E ActivityManager: 	at com.android.server.am.ActivityManagerService.broadcastIntent(ActivityManagerService.java:22252)
11-15 20:12:45.216  2044 14819 E ActivityManager: 	at android.app.IActivityManager$Stub.onTransact$broadcastIntent$(IActivityManager.java:10175)
11-15 20:12:45.216  2044 14819 E ActivityManager: 	at android.app.IActivityManager$Stub.onTransact(IActivityManager.java:167)
11-15 20:12:45.216  2044 14819 E ActivityManager: 	at com.android.server.am.ActivityManagerService.onTransact(ActivityManagerService.java:3346)
11-15 20:12:45.216  2044 14819 E ActivityManager: 	at android.os.Binder.execTransact(Binder.java:731)
11-15 20:12:45.850  1703  3094 I teseo_hal_LocServiceProxy: Send satellite list: 7 satellites, 4 gps, 0 glonass, 0 galileo, 3 beidou, 0 others
11-15 20:12:45.860  2827  2827 W ContextImpl: Calling a method in the system process without a qualified user: android.app.ContextImpl.bindService:1611 android.content.ContextWrapper.bindService:698 com.iflytek.autofly.systemservice.util.FlySystemManager.initClient:195 com.iflytek.autofly.systemservice.util.FlySystemManager.serviceCheck:215 com.iflytek.autofly.systemservice.util.FlySystemManager.registerListener:290 
11-15 20:12:45.861  2044  6803 W ActivityManager: Unable to start service Intent { act=com.iflytek.autofly.systemservice pkg=com.iflytek.autofly.platformservice } U=0: not found
11-15 20:12:45.864 14428 14428 E H3NCustomCenter: Receive message:turbodog.system.navigation.message, code=201, data=0
11-15 20:12:45.942  2742  2742 I PlatoformUtil-ConfigUtil: [loadConfig] carConfig1:affc2de5
11-15 20:12:45.943  2742  2742 I PlatoformUtil-ConfigUtil: [loadConfig] carConfig2:5f01491f
11-15 20:12:45.943  2742  2742 I PlatoformUtil-ConfigUtil: [loadConfig] carConfig3:509ecc7003092a52
11-15 20:12:45.943  2742  2742 I PlatoformUtil-ConfigUtil: [loadConfig] carConfig4:2800f02312000010
11-15 20:12:45.943  2742  2742 I PlatoformUtil-ConfigUtil: [loadConfig] carConfig5:0802901400000f00
11-15 20:12:45.943  2742  2742 I PlatoformUtil-ConfigUtil: [loadConfig] carConfig6:0000000000000000
11-15 20:12:45.943  2742  2742 I PlatoformUtil-ConfigUtil: carConfig load success
11-15 20:12:45.944  2742  2742 I PlatoformUtil-ConfigT1DImpl: [getConfig] carConfig1:[175, 252, 45, 229]
11-15 20:12:45.944  2742  2742 I PlatoformUtil-ConfigT1DImpl: [getConfig] carConfig2:[95, 1, 73, 31]
11-15 20:12:45.944  2742  2742 I PlatoformUtil-ConfigT1DImpl: [getConfig] carConfig3:[80, 158, 204, 112, 3, 9, 42, 82]
11-15 20:12:45.944  2742  2742 I PlatoformUtil-ConfigT1DImpl: [getConfig] carConfig4:[40, 0, 240, 35, 18, 0, 0, 16]
11-15 20:12:45.944  2742  2742 I PlatoformUtil-ConfigT1DImpl: [getConfig] carConfig5:[8, 2, 144, 20, 0, 0, 15, 0]
11-15 20:12:45.944  2742  2742 I PlatoformUtil-ConfigT1DImpl: [getConfig] carConfig6:[0, 0, 0, 0, 0, 0, 0, 0]
11-15 20:12:45.960  3576  3576 I GpsManager: onSatelliteStatusChanged  GPS satelliteCount = 11 azimuthDegrees = 0.0 carrierFrequencyHz = 0.0 cn0DbHz = 29.0 elevationDegrees = 6.0 svId = 4 hasAlmanacData = true hasCarrierFrequencyHz = false hasEphemerisData = true usedInFix = true
11-15 20:12:45.960  3576  3576 I GpsManager: onSatelliteStatusChanged  GPS satelliteCount = 11 azimuthDegrees = 40.0 carrierFrequencyHz = 0.0 cn0DbHz = 20.0 elevationDegrees = 20.0 svId = 6 hasAlmanacData = true hasCarrierFrequencyHz = false hasEphemerisData = true usedInFix = true
11-15 20:12:45.960  3576  3576 I GpsManager: onSatelliteStatusChanged  GPS satelliteCount = 11 azimuthDegrees = 81.0 carrierFrequencyHz = 0.0 cn0DbHz = 39.0 elevationDegrees = 48.0 svId = 11 hasAlmanacData = true hasCarrierFrequencyHz = false hasEphemerisData = true usedInFix = true
11-15 20:12:45.960  3576  3576 I GpsManager: onSatelliteStatusChanged  GPS satelliteCount = 11 azimuthDegrees = 126.0 carrierFrequencyHz = 0.0 cn0DbHz = 34.0 elevationDegrees = 43.0 svId = 12 hasAlmanacData = true hasCarrierFrequencyHz = false hasEphemerisData = true usedInFix = true
11-15 20:12:45.960  3576  3576 I GpsManager: onSatelliteStatusChanged  GPS satelliteCount = 11 azimuthDegrees = 104.0 carrierFrequencyHz = 0.0 cn0DbHz = 34.0 elevationDegrees = 18.0 svId = 20 hasAlmanacData = true hasCarrierFrequencyHz = false hasEphemerisData = true usedInFix = true
11-15 20:12:45.960  3576  3576 I GpsManager: onSatelliteStatusChanged  GPS satelliteCount = 11 azimuthDegrees = 101.0 carrierFrequencyHz = 0.0 cn0DbHz = 34.0 elevationDegrees = 9.0 svId = 21 hasAlmanacData = true hasCarrierFrequencyHz = false hasEphemerisData = true usedInFix = true
11-15 20:12:45.960  3576  3576 I GpsManager: onSatelliteStatusChanged  GPS satelliteCount = 11 azimuthDegrees = 174.0 carrierFrequencyHz = 0.0 cn0DbHz = 35.0 elevationDegrees = 73.0 svId = 25 hasAlmanacData = true hasCarrierFrequencyHz = false hasEphemerisData = true usedInFix = true
11-15 20:12:45.960  3576  3576 I GpsManager: onSatelliteStatusChanged  GPS satelliteCount = 11 azimuthDegrees = 298.0 carrierFrequencyHz = 0.0 cn0DbHz = 25.0 elevationDegrees = 2.0 svId = 26 hasAlmanacData = true hasCarrierFrequencyHz = false hasEphemerisData = true usedInFix = true
11-15 20:12:45.960  3576  3576 I GpsManager: onSatelliteStatusChanged  GPS satelliteCount = 11 azimuthDegrees = 279.0 carrierFrequencyHz = 0.0 cn0DbHz = 36.0 elevationDegrees = 43.0 svId = 28 hasAlmanacData = true hasCarrierFrequencyHz = false hasEphemerisData = true usedInFix = true
11-15 20:12:45.960  3576  3576 I GpsManager: onSatelliteStatusChanged  GPS satelliteCount = 11 azimuthDegrees = 230.0 carrierFrequencyHz = 0.0 cn0DbHz = 35.0 elevationDegrees = 52.0 svId = 29 hasAlmanacData = true hasCarrierFrequencyHz = false hasEphemerisData = true usedInFix = true
11-15 20:12:45.960  3576  3576 I GpsManager: onSatelliteStatusChanged  GPS satelliteCount = 11 azimuthDegrees = 312.0 carrierFrequencyHz = 0.0 cn0DbHz = 34.0 elevationDegrees = 25.0 svId = 31 hasAlmanacData = true hasCarrierFrequencyHz = false hasEphemerisData = true usedInFix = true
11-15 20:12:45.984  2044  2142 E WifiVendorHal: getWifiLinkLayerStats(l.937) failed {.code = ERROR_NOT_AVAILABLE, .description = }
11-15 20:12:46.208  2658  3327 I FlcAvrcpControllerInterface: getPlaybackState: address = [-12, 57, -90, -127, -3, -61]
11-15 20:12:46.241  2658  3227 I FlcAvrcpControllerCallback: onPlayPositionChanged: address = [-12, 57, -90, -127, -3, -61] songLen = 195906 currSongPosition = 63497
11-15 20:12:46.241  2658  3227 I FlcAvrcpControllerCallback: onPlayStatusChanged: address = [-12, 57, -90, -127, -3, -61] playStatus = 1
11-15 20:12:46.251  2044 14819 E ActivityManager: Sending non-protected broadcast android.bluetooth.avrcp-controller.profile.PLAY_STATUS_CHANGED from system 2658:com.android.bluetooth/1002 pkg com.android.bluetooth
11-15 20:12:46.251  2044 14819 E ActivityManager: java.lang.Throwable
11-15 20:12:46.251  2044 14819 E ActivityManager: 	at com.android.server.am.ActivityManagerService.checkBroadcastFromSystem(ActivityManagerService.java:21498)
11-15 20:12:46.251  2044 14819 E ActivityManager: 	at com.android.server.am.ActivityManagerService.broadcastIntentLocked(ActivityManagerService.java:22017)
11-15 20:12:46.251  2044 14819 E ActivityManager: 	at com.android.server.am.ActivityManagerService.broadcastIntent(ActivityManagerService.java:22252)
11-15 20:12:46.251  2044 14819 E ActivityManager: 	at android.app.IActivityManager$Stub.onTransact$broadcastIntent$(IActivityManager.java:10175)
11-15 20:12:46.251  2044 14819 E ActivityManager: 	at android.app.IActivityManager$Stub.onTransact(IActivityManager.java:167)
11-15 20:12:46.251  2044 14819 E ActivityManager: 	at com.android.server.am.ActivityManagerService.onTransact(ActivityManagerService.java:3346)
11-15 20:12:46.251  2044 14819 E ActivityManager: 	at android.os.Binder.execTransact(Binder.java:731)
11-15 20:12:46.251  2044 14819 E ActivityManager: Sending non-protected broadcast android.bluetooth.avrcp-controller.profile.PLAY_STATUS_CHANGED from system 2658:com.android.bluetooth/1002 pkg com.android.bluetooth
11-15 20:12:46.251  2044 14819 E ActivityManager: java.lang.Throwable
11-15 20:12:46.251  2044 14819 E ActivityManager: 	at com.android.server.am.ActivityManagerService.checkBroadcastFromSystem(ActivityManagerService.java:21498)
11-15 20:12:46.251  2044 14819 E ActivityManager: 	at com.android.server.am.ActivityManagerService.broadcastIntentLocked(ActivityManagerService.java:22110)
11-15 20:12:46.251  2044 14819 E ActivityManager: 	at com.android.server.am.ActivityManagerService.broadcastIntent(ActivityManagerService.java:22252)
11-15 20:12:46.251  2044 14819 E ActivityManager: 	at android.app.IActivityManager$Stub.onTransact$broadcastIntent$(IActivityManager.java:10175)
11-15 20:12:46.251  2044 14819 E ActivityManager: 	at android.app.IActivityManager$Stub.onTransact(IActivityManager.java:167)
11-15 20:12:46.251  2044 14819 E ActivityManager: 	at com.android.server.am.ActivityManagerService.onTransact(ActivityManagerService.java:3346)
11-15 20:12:46.251  2044 14819 E ActivityManager: 	at android.os.Binder.execTransact(Binder.java:731)
11-15 20:12:46.510  2827  3088 E ActivityThread: Failed to find provider info for com.iflytek.contentProvider.LocationProvider
11-15 20:12:46.512  2827  3088 W ContextImpl: Calling a method in the system process without a qualified user: android.app.ContextImpl.bindService:1611 android.content.ContextWrapper.bindService:698 com.iflytek.autofly.carpropertyservice.util.CarPropertyManager.initClient:113 com.iflytek.autofly.carpropertyservice.util.CarPropertyManager.serviceCheck:132 com.iflytek.autofly.carpropertyservice.util.CarPropertyManager.getCarProperty:249 
11-15 20:12:46.514  2044 14819 W ActivityManager: Unable to start service Intent { act=com.iflytek.autofly.carpropertyservice pkg=com.iflytek.autofly.platformservice } U=0: not found
11-15 20:12:46.515  2827  3088 W ContextImpl: Calling a method in the system process without a qualified user: android.app.ContextImpl.bindService:1611 android.content.ContextWrapper.bindService:698 com.iflytek.autofly.carpropertyservice.util.CarPropertyManager.initClient:113 com.iflytek.autofly.carpropertyservice.util.CarPropertyManager.serviceCheck:132 com.iflytek.autofly.carpropertyservice.util.CarPropertyManager.getCarProperty:249 
11-15 20:12:46.515  2044 14819 W ActivityManager: Unable to start service Intent { act=com.iflytek.autofly.carpropertyservice pkg=com.iflytek.autofly.platformservice } U=0: not found
11-15 20:12:46.516  2827  3088 W ContextImpl: Calling a method in the system process without a qualified user: android.app.ContextImpl.bindService:1611 android.content.ContextWrapper.bindService:698 com.iflytek.autofly.carpropertyservice.util.CarPropertyManager.initClient:113 com.iflytek.autofly.carpropertyservice.util.CarPropertyManager.serviceCheck:132 com.iflytek.autofly.carpropertyservice.util.CarPropertyManager.getCarProperty:249 
11-15 20:12:46.517  2044 14819 W ActivityManager: Unable to start service Intent { act=com.iflytek.autofly.carpropertyservice pkg=com.iflytek.autofly.platformservice } U=0: not found
11-15 20:12:46.519  2827  3088 W ContextImpl: Calling a method in the system process without a qualified user: android.app.ContextImpl.bindService:1611 android.content.ContextWrapper.bindService:698 com.iflytek.autofly.carpropertyservice.util.CarPropertyManager.initClient:113 com.iflytek.autofly.carpropertyservice.util.CarPropertyManager.serviceCheck:132 com.iflytek.autofly.carpropertyservice.util.CarPropertyManager.getCarProperty:249 
11-15 20:12:46.528  2044 14819 W ActivityManager: Unable to start service Intent { act=com.iflytek.autofly.carpropertyservice pkg=com.iflytek.autofly.platformservice } U=0: not found
11-15 20:12:46.529  2827  3088 W ContextImpl: Calling a method in the system process without a qualified user: android.app.ContextImpl.bindService:1611 android.content.ContextWrapper.bindService:698 com.iflytek.autofly.carpropertyservice.util.CarPropertyManager.initClient:113 com.iflytek.autofly.carpropertyservice.util.CarPropertyManager.serviceCheck:132 com.iflytek.autofly.carpropertyservice.util.CarPropertyManager.getCarProperty:249 
11-15 20:12:46.530  2044 14819 W ActivityManager: Unable to start service Intent { act=com.iflytek.autofly.carpropertyservice pkg=com.iflytek.autofly.platformservice } U=0: not found
11-15 20:12:46.530  2827  3088 W ContextImpl: Calling a method in the system process without a qualified user: android.app.ContextImpl.bindService:1611 android.content.ContextWrapper.bindService:698 com.iflytek.autofly.carpropertyservice.util.CarPropertyManager.initClient:113 com.iflytek.autofly.carpropertyservice.util.CarPropertyManager.serviceCheck:132 com.iflytek.autofly.carpropertyservice.util.CarPropertyManager.getCarProperty:249 
11-15 20:12:46.531  2044 14819 W ActivityManager: Unable to start service Intent { act=com.iflytek.autofly.carpropertyservice pkg=com.iflytek.autofly.platformservice } U=0: not found
11-15 20:12:46.531  2827  3088 W ContextImpl: Calling a method in the system process without a qualified user: android.app.ContextImpl.bindService:1611 android.content.ContextWrapper.bindService:698 com.iflytek.autofly.carpropertyservice.util.CarPropertyManager.initClient:113 com.iflytek.autofly.carpropertyservice.util.CarPropertyManager.serviceCheck:132 com.iflytek.autofly.carpropertyservice.util.CarPropertyManager.getCarProperty:249 
11-15 20:12:46.531  2044 14819 W ActivityManager: Unable to start service Intent { act=com.iflytek.autofly.carpropertyservice pkg=com.iflytek.autofly.platformservice } U=0: not found
11-15 20:12:46.532  2827  3088 W ContextImpl: Calling a method in the system process without a qualified user: android.app.ContextImpl.bindService:1611 android.content.ContextWrapper.bindService:698 com.iflytek.autofly.carpropertyservice.util.CarPropertyManager.initClient:113 com.iflytek.autofly.carpropertyservice.util.CarPropertyManager.serviceCheck:132 com.iflytek.autofly.carpropertyservice.util.CarPropertyManager.getCarProperty:249 
11-15 20:12:46.532  2044 14819 W ActivityManager: Unable to start service Intent { act=com.iflytek.autofly.carpropertyservice pkg=com.iflytek.autofly.platformservice } U=0: not found
11-15 20:12:46.533  2827  3088 W ContextImpl: Calling a method in the system process without a qualified user: android.app.ContextImpl.bindService:1611 android.content.ContextWrapper.bindService:698 com.iflytek.autofly.carpropertyservice.util.CarPropertyManager.initClient:113 com.iflytek.autofly.carpropertyservice.util.CarPropertyManager.serviceCheck:132 com.iflytek.autofly.carpropertyservice.util.CarPropertyManager.getCarProperty:249 
11-15 20:12:46.533  2044 14819 W ActivityManager: Unable to start service Intent { act=com.iflytek.autofly.carpropertyservice pkg=com.iflytek.autofly.platformservice } U=0: not found
11-15 20:12:46.534  2827  3088 W ContextImpl: Calling a method in the system process without a qualified user: android.app.ContextImpl.bindService:1611 android.content.ContextWrapper.bindService:698 com.iflytek.autofly.carpropertyservice.util.CarPropertyManager.initClient:113 com.iflytek.autofly.carpropertyservice.util.CarPropertyManager.serviceCheck:132 com.iflytek.autofly.carpropertyservice.util.CarPropertyManager.getCarProperty:249 
11-15 20:12:46.534  2044 14819 W ActivityManager: Unable to start service Intent { act=com.iflytek.autofly.carpropertyservice pkg=com.iflytek.autofly.platformservice } U=0: not found
11-15 20:12:46.536  2827  3088 W ContextImpl: Calling a method in the system process without a qualified user: android.app.ContextImpl.bindService:1611 android.content.ContextWrapper.bindService:698 com.iflytek.autofly.carpropertyservice.util.CarPropertyManager.initClient:113 com.iflytek.autofly.carpropertyservice.util.CarPropertyManager.serviceCheck:132 com.iflytek.autofly.carpropertyservice.util.CarPropertyManager.getCarProperty:249 
11-15 20:12:46.539  2044 14819 W ActivityManager: Unable to start service Intent { act=com.iflytek.autofly.carpropertyservice pkg=com.iflytek.autofly.platformservice } U=0: not found
11-15 20:12:46.542  2827  3088 W ContextImpl: Calling a method in the system process without a qualified user: android.app.ContextImpl.bindService:1611 android.content.ContextWrapper.bindService:698 com.iflytek.autofly.carpropertyservice.util.CarPropertyManager.initClient:113 com.iflytek.autofly.carpropertyservice.util.CarPropertyManager.serviceCheck:132 com.iflytek.autofly.carpropertyservice.util.CarPropertyManager.getCarProperty:249 
11-15 20:12:46.546  2044 14819 W ActivityManager: Unable to start service Intent { act=com.iflytek.autofly.carpropertyservice pkg=com.iflytek.autofly.platformservice } U=0: not found
11-15 20:12:46.850  1703  3094 I teseo_hal_LocServiceProxy: Send satellite list: 7 satellites, 4 gps, 0 glonass, 0 galileo, 3 beidou, 0 others
11-15 20:12:46.946  2742  2742 I PlatoformUtil-ConfigUtil: [loadConfig] carConfig1:affc2de5
11-15 20:12:46.946  2742  2742 I PlatoformUtil-ConfigUtil: [loadConfig] carConfig2:5f01491f
11-15 20:12:46.946  2742  2742 I PlatoformUtil-ConfigUtil: [loadConfig] carConfig3:509ecc7003092a52
11-15 20:12:46.946  2742  2742 I PlatoformUtil-ConfigUtil: [loadConfig] carConfig4:2800f02312000010
11-15 20:12:46.946  2742  2742 I PlatoformUtil-ConfigUtil: [loadConfig] carConfig5:0802901400000f00
11-15 20:12:46.946  2742  2742 I PlatoformUtil-ConfigUtil: [loadConfig] carConfig6:0000000000000000
11-15 20:12:46.946  2742  2742 I PlatoformUtil-ConfigUtil: carConfig load success
11-15 20:12:46.950  2742  2742 I PlatoformUtil-ConfigT1DImpl: [getConfig] carConfig1:[175, 252, 45, 229]
11-15 20:12:46.950  2742  2742 I PlatoformUtil-ConfigT1DImpl: [getConfig] carConfig2:[95, 1, 73, 31]
11-15 20:12:46.950  2742  2742 I PlatoformUtil-ConfigT1DImpl: [getConfig] carConfig3:[80, 158, 204, 112, 3, 9, 42, 82]
11-15 20:12:46.950  2742  2742 I PlatoformUtil-ConfigT1DImpl: [getConfig] carConfig4:[40, 0, 240, 35, 18, 0, 0, 16]
11-15 20:12:46.950  2742  2742 I PlatoformUtil-ConfigT1DImpl: [getConfig] carConfig5:[8, 2, 144, 20, 0, 0, 15, 0]
11-15 20:12:46.950  2742  2742 I PlatoformUtil-ConfigT1DImpl: [getConfig] carConfig6:[0, 0, 0, 0, 0, 0, 0, 0]
11-15 20:12:46.964  3576  3576 I GpsManager: onSatelliteStatusChanged  GPS satelliteCount = 11 azimuthDegrees = 0.0 carrierFrequencyHz = 0.0 cn0DbHz = 28.0 elevationDegrees = 6.0 svId = 4 hasAlmanacData = true hasCarrierFrequencyHz = false hasEphemerisData = true usedInFix = true
11-15 20:12:46.964  3576  3576 I GpsManager: onSatelliteStatusChanged  GPS satelliteCount = 11 azimuthDegrees = 40.0 carrierFrequencyHz = 0.0 cn0DbHz = 22.0 elevationDegrees = 20.0 svId = 6 hasAlmanacData = true hasCarrierFrequencyHz = false hasEphemerisData = true usedInFix = true
11-15 20:12:46.964  3576  3576 I GpsManager: onSatelliteStatusChanged  GPS satelliteCount = 11 azimuthDegrees = 81.0 carrierFrequencyHz = 0.0 cn0DbHz = 39.0 elevationDegrees = 48.0 svId = 11 hasAlmanacData = true hasCarrierFrequencyHz = false hasEphemerisData = true usedInFix = true
11-15 20:12:46.964  3576  3576 I GpsManager: onSatelliteStatusChanged  GPS satelliteCount = 11 azimuthDegrees = 126.0 carrierFrequencyHz = 0.0 cn0DbHz = 34.0 elevationDegrees = 43.0 svId = 12 hasAlmanacData = true hasCarrierFrequencyHz = false hasEphemerisData = true usedInFix = true
11-15 20:12:46.964  3576  3576 I GpsManager: onSatelliteStatusChanged  GPS satelliteCount = 11 azimuthDegrees = 104.0 carrierFrequencyHz = 0.0 cn0DbHz = 34.0 elevationDegrees = 18.0 svId = 20 hasAlmanacData = true hasCarrierFrequencyHz = false hasEphemerisData = true usedInFix = true
11-15 20:12:46.964  3576  3576 I GpsManager: onSatelliteStatusChanged  GPS satelliteCount = 11 azimuthDegrees = 101.0 carrierFrequencyHz = 0.0 cn0DbHz = 34.0 elevationDegrees = 9.0 svId = 21 hasAlmanacData = true hasCarrierFrequencyHz = false hasEphemerisData = true usedInFix = true
11-15 20:12:46.964  3576  3576 I GpsManager: onSatelliteStatusChanged  GPS satelliteCount = 11 azimuthDegrees = 174.0 carrierFrequencyHz = 0.0 cn0DbHz = 34.0 elevationDegrees = 73.0 svId = 25 hasAlmanacData = true hasCarrierFrequencyHz = false hasEphemerisData = true usedInFix = true
11-15 20:12:46.964  3576  3576 I GpsManager: onSatelliteStatusChanged  GPS satelliteCount = 11 azimuthDegrees = 298.0 carrierFrequencyHz = 0.0 cn0DbHz = 25.0 elevationDegrees = 2.0 svId = 26 hasAlmanacData = true hasCarrierFrequencyHz = false hasEphemerisData = true usedInFix = true
11-15 20:12:46.964  3576  3576 I GpsManager: onSatelliteStatusChanged  GPS satelliteCount = 11 azimuthDegrees = 279.0 carrierFrequencyHz = 0.0 cn0DbHz = 36.0 elevationDegrees = 43.0 svId = 28 hasAlmanacData = true hasCarrierFrequencyHz = false hasEphemerisData = true usedInFix = true
11-15 20:12:46.964  3576  3576 I GpsManager: onSatelliteStatusChanged  GPS satelliteCount = 11 azimuthDegrees = 230.0 carrierFrequencyHz = 0.0 cn0DbHz = 36.0 elevationDegrees = 52.0 svId = 29 hasAlmanacData = true hasCarrierFrequencyHz = false hasEphemerisData = true usedInFix = true
11-15 20:12:46.964  3576  3576 I GpsManager: onSatelliteStatusChanged  GPS satelliteCount = 11 azimuthDegrees = 312.0 carrierFrequencyHz = 0.0 cn0DbHz = 34.0 elevationDegrees = 25.0 svId = 31 hasAlmanacData = true hasCarrierFrequencyHz = false hasEphemerisData = true usedInFix = true
11-15 20:12:46.995 14428 14428 E H3NCustomCenter: Receive message:turbodog.system.navigation.message, code=202, data=1
11-15 20:12:47.248  2658  3327 I FlcAvrcpControllerInterface: getPlaybackState: address = [-12, 57, -90, -127, -3, -61]
11-15 20:12:47.311  2658  3227 I FlcAvrcpControllerCallback: onPlayPositionChanged: address = [-12, 57, -90, -127, -3, -61] songLen = 195906 currSongPosition = 64568
11-15 20:12:47.312  2658  3227 I FlcAvrcpControllerCallback: onPlayStatusChanged: address = [-12, 57, -90, -127, -3, -61] playStatus = 1
11-15 20:12:47.316  2044  6803 E ActivityManager: Sending non-protected broadcast android.bluetooth.avrcp-controller.profile.PLAY_STATUS_CHANGED from system 2658:com.android.bluetooth/1002 pkg com.android.bluetooth
11-15 20:12:47.316  2044  6803 E ActivityManager: java.lang.Throwable
11-15 20:12:47.316  2044  6803 E ActivityManager: 	at com.android.server.am.ActivityManagerService.checkBroadcastFromSystem(ActivityManagerService.java:21498)
11-15 20:12:47.316  2044  6803 E ActivityManager: 	at com.android.server.am.ActivityManagerService.broadcastIntentLocked(ActivityManagerService.java:22017)
11-15 20:12:47.316  2044  6803 E ActivityManager: 	at com.android.server.am.ActivityManagerService.broadcastIntent(ActivityManagerService.java:22252)
11-15 20:12:47.316  2044  6803 E ActivityManager: 	at android.app.IActivityManager$Stub.onTransact$broadcastIntent$(IActivityManager.java:10175)
11-15 20:12:47.316  2044  6803 E ActivityManager: 	at android.app.IActivityManager$Stub.onTransact(IActivityManager.java:167)
11-15 20:12:47.316  2044  6803 E ActivityManager: 	at com.android.server.am.ActivityManagerService.onTransact(ActivityManagerService.java:3346)
11-15 20:12:47.316  2044  6803 E ActivityManager: 	at android.os.Binder.execTransact(Binder.java:731)
11-15 20:12:47.317  2044  6803 E ActivityManager: Sending non-protected broadcast android.bluetooth.avrcp-controller.profile.PLAY_STATUS_CHANGED from system 2658:com.android.bluetooth/1002 pkg com.android.bluetooth
11-15 20:12:47.317  2044  6803 E ActivityManager: java.lang.Throwable
11-15 20:12:47.317  2044  6803 E ActivityManager: 	at com.android.server.am.ActivityManagerService.checkBroadcastFromSystem(ActivityManagerService.java:21498)
11-15 20:12:47.317  2044  6803 E ActivityManager: 	at com.android.server.am.ActivityManagerService.broadcastIntentLocked(ActivityManagerService.java:22110)
11-15 20:12:47.317  2044  6803 E ActivityManager: 	at com.android.server.am.ActivityManagerService.broadcastIntent(ActivityManagerService.java:22252)
11-15 20:12:47.317  2044  6803 E ActivityManager: 	at android.app.IActivityManager$Stub.onTransact$broadcastIntent$(IActivityManager.java:10175)
11-15 20:12:47.317  2044  6803 E ActivityManager: 	at android.app.IActivityManager$Stub.onTransact(IActivityManager.java:167)
11-15 20:12:47.317  2044  6803 E ActivityManager: 	at com.android.server.am.ActivityManagerService.onTransact(ActivityManagerService.java:3346)
11-15 20:12:47.317  2044  6803 E ActivityManager: 	at android.os.Binder.execTransact(Binder.java:731)
11-15 20:12:47.645  2180  2180 W CarStateManagerService: <VehiclePower>send type is:0;temp is:0
11-15 20:12:47.849  1703  3094 I teseo_hal_LocServiceProxy: Send satellite list: 7 satellites, 4 gps, 0 glonass, 0 galileo, 3 beidou, 0 others
11-15 20:12:47.863  2827  2827 W ContextImpl: Calling a method in the system process without a qualified user: android.app.ContextImpl.bindService:1611 android.content.ContextWrapper.bindService:698 com.iflytek.autofly.systemservice.util.FlySystemManager.initClient:195 com.iflytek.autofly.systemservice.util.FlySystemManager.serviceCheck:215 com.iflytek.autofly.systemservice.util.FlySystemManager.registerListener:290 
11-15 20:12:47.864  2044  6803 W ActivityManager: Unable to start service Intent { act=com.iflytek.autofly.systemservice pkg=com.iflytek.autofly.platformservice } U=0: not found
11-15 20:12:47.947  2742  2742 I PlatoformUtil-ConfigUtil: [loadConfig] carConfig1:affc2de5
11-15 20:12:47.947  2742  2742 I PlatoformUtil-ConfigUtil: [loadConfig] carConfig2:5f01491f
11-15 20:12:47.947  2742  2742 I PlatoformUtil-ConfigUtil: [loadConfig] carConfig3:509ecc7003092a52
11-15 20:12:47.947  2742  2742 I PlatoformUtil-ConfigUtil: [loadConfig] carConfig4:2800f02312000010
11-15 20:12:47.947  2742  2742 I PlatoformUtil-ConfigUtil: [loadConfig] carConfig5:0802901400000f00
11-15 20:12:47.947  2742  2742 I PlatoformUtil-ConfigUtil: [loadConfig] carConfig6:0000000000000000
11-15 20:12:47.947  2742  2742 I PlatoformUtil-ConfigUtil: carConfig load success
11-15 20:12:47.950  2742  2742 I PlatoformUtil-ConfigT1DImpl: [getConfig] carConfig1:[175, 252, 45, 229]
11-15 20:12:47.950  2742  2742 I PlatoformUtil-ConfigT1DImpl: [getConfig] carConfig2:[95, 1, 73, 31]
11-15 20:12:47.950  2742  2742 I PlatoformUtil-ConfigT1DImpl: [getConfig] carConfig3:[80, 158, 204, 112, 3, 9, 42, 82]
11-15 20:12:47.950  2742  2742 I PlatoformUtil-ConfigT1DImpl: [getConfig] carConfig4:[40, 0, 240, 35, 18, 0, 0, 16]
11-15 20:12:47.950  2742  2742 I PlatoformUtil-ConfigT1DImpl: [getConfig] carConfig5:[8, 2, 144, 20, 0, 0, 15, 0]
11-15 20:12:47.950  2742  2742 I PlatoformUtil-ConfigT1DImpl: [getConfig] carConfig6:[0, 0, 0, 0, 0, 0, 0, 0]
11-15 20:12:47.956  3576  3576 I GpsManager: onSatelliteStatusChanged  GPS satelliteCount = 11 azimuthDegrees = 0.0 carrierFrequencyHz = 0.0 cn0DbHz = 27.0 elevationDegrees = 6.0 svId = 4 hasAlmanacData = true hasCarrierFrequencyHz = false hasEphemerisData = true usedInFix = true
11-15 20:12:47.957  3576  3576 I GpsManager: onSatelliteStatusChanged  GPS satelliteCount = 11 azimuthDegrees = 40.0 carrierFrequencyHz = 0.0 cn0DbHz = 22.0 elevationDegrees = 20.0 svId = 6 hasAlmanacData = true hasCarrierFrequencyHz = false hasEphemerisData = true usedInFix = true
11-15 20:12:47.957  3576  3576 I GpsManager: onSatelliteStatusChanged  GPS satelliteCount = 11 azimuthDegrees = 81.0 carrierFrequencyHz = 0.0 cn0DbHz = 39.0 elevationDegrees = 48.0 svId = 11 hasAlmanacData = true hasCarrierFrequencyHz = false hasEphemerisData = true usedInFix = true
11-15 20:12:47.959  3576  3576 I GpsManager: onSatelliteStatusChanged  GPS satelliteCount = 11 azimuthDegrees = 126.0 carrierFrequencyHz = 0.0 cn0DbHz = 34.0 elevationDegrees = 43.0 svId = 12 hasAlmanacData = true hasCarrierFrequencyHz = false hasEphemerisData = true usedInFix = true
11-15 20:12:47.959  3576  3576 I GpsManager: onSatelliteStatusChanged  GPS satelliteCount = 11 azimuthDegrees = 104.0 carrierFrequencyHz = 0.0 cn0DbHz = 34.0 elevationDegrees = 18.0 svId = 20 hasAlmanacData = true hasCarrierFrequencyHz = false hasEphemerisData = true usedInFix = true
11-15 20:12:47.959  3576  3576 I GpsManager: onSatelliteStatusChanged  GPS satelliteCount = 11 azimuthDegrees = 101.0 carrierFrequencyHz = 0.0 cn0DbHz = 34.0 elevationDegrees = 9.0 svId = 21 hasAlmanacData = true hasCarrierFrequencyHz = false hasEphemerisData = true usedInFix = true
11-15 20:12:47.959  3576  3576 I GpsManager: onSatelliteStatusChanged  GPS satelliteCount = 11 azimuthDegrees = 174.0 carrierFrequencyHz = 0.0 cn0DbHz = 34.0 elevationDegrees = 73.0 svId = 25 hasAlmanacData = true hasCarrierFrequencyHz = false hasEphemerisData = true usedInFix = true
11-15 20:12:47.959  3576  3576 I GpsManager: onSatelliteStatusChanged  GPS satelliteCount = 11 azimuthDegrees = 298.0 carrierFrequencyHz = 0.0 cn0DbHz = 25.0 elevationDegrees = 2.0 svId = 26 hasAlmanacData = true hasCarrierFrequencyHz = false hasEphemerisData = true usedInFix = true
11-15 20:12:47.959  3576  3576 I GpsManager: onSatelliteStatusChanged  GPS satelliteCount = 11 azimuthDegrees = 279.0 carrierFrequencyHz = 0.0 cn0DbHz = 36.0 elevationDegrees = 43.0 svId = 28 hasAlmanacData = true hasCarrierFrequencyHz = false hasEphemerisData = true usedInFix = true
11-15 20:12:47.959  3576  3576 I GpsManager: onSatelliteStatusChanged  GPS satelliteCount = 11 azimuthDegrees = 230.0 carrierFrequencyHz = 0.0 cn0DbHz = 35.0 elevationDegrees = 52.0 svId = 29 hasAlmanacData = true hasCarrierFrequencyHz = false hasEphemerisData = true usedInFix = true
11-15 20:12:47.959  3576  3576 I GpsManager: onSatelliteStatusChanged  GPS satelliteCount = 11 azimuthDegrees = 312.0 carrierFrequencyHz = 0.0 cn0DbHz = 35.0 elevationDegrees = 25.0 svId = 31 hasAlmanacData = true hasCarrierFrequencyHz = false hasEphemerisData = true usedInFix = true
11-15 20:12:48.315  2658  3327 I FlcAvrcpControllerInterface: getPlaybackState: address = [-12, 57, -90, -127, -3, -61]
11-15 20:12:48.367  2658  3227 I FlcAvrcpControllerCallback: onPlayPositionChanged: address = [-12, 57, -90, -127, -3, -61] songLen = 195906 currSongPosition = 65618
11-15 20:12:48.368  2658  3227 I FlcAvrcpControllerCallback: onPlayStatusChanged: address = [-12, 57, -90, -127, -3, -61] playStatus = 1
11-15 20:12:48.371  2044 14819 E ActivityManager: Sending non-protected broadcast android.bluetooth.avrcp-controller.profile.PLAY_STATUS_CHANGED from system 2658:com.android.bluetooth/1002 pkg com.android.bluetooth
11-15 20:12:48.371  2044 14819 E ActivityManager: java.lang.Throwable
11-15 20:12:48.371  2044 14819 E ActivityManager: 	at com.android.server.am.ActivityManagerService.checkBroadcastFromSystem(ActivityManagerService.java:21498)
11-15 20:12:48.371  2044 14819 E ActivityManager: 	at com.android.server.am.ActivityManagerService.broadcastIntentLocked(ActivityManagerService.java:22017)
11-15 20:12:48.371  2044 14819 E ActivityManager: 	at com.android.server.am.ActivityManagerService.broadcastIntent(ActivityManagerService.java:22252)
11-15 20:12:48.371  2044 14819 E ActivityManager: 	at android.app.IActivityManager$Stub.onTransact$broadcastIntent$(IActivityManager.java:10175)
11-15 20:12:48.371  2044 14819 E ActivityManager: 	at android.app.IActivityManager$Stub.onTransact(IActivityManager.java:167)
11-15 20:12:48.371  2044 14819 E ActivityManager: 	at com.android.server.am.ActivityManagerService.onTransact(ActivityManagerService.java:3346)
11-15 20:12:48.371  2044 14819 E ActivityManager: 	at android.os.Binder.execTransact(Binder.java:731)
11-15 20:12:48.372  2044 14819 E ActivityManager: Sending non-protected broadcast android.bluetooth.avrcp-controller.profile.PLAY_STATUS_CHANGED from system 2658:com.android.bluetooth/1002 pkg com.android.bluetooth
11-15 20:12:48.372  2044 14819 E ActivityManager: java.lang.Throwable
11-15 20:12:48.372  2044 14819 E ActivityManager: 	at com.android.server.am.ActivityManagerService.checkBroadcastFromSystem(ActivityManagerService.java:21498)
11-15 20:12:48.372  2044 14819 E ActivityManager: 	at com.android.server.am.ActivityManagerService.broadcastIntentLocked(ActivityManagerService.java:22110)
11-15 20:12:48.372  2044 14819 E ActivityManager: 	at com.android.server.am.ActivityManagerService.broadcastIntent(ActivityManagerService.java:22252)
11-15 20:12:48.372  2044 14819 E ActivityManager: 	at android.app.IActivityManager$Stub.onTransact$broadcastIntent$(IActivityManager.java:10175)
11-15 20:12:48.372  2044 14819 E ActivityManager: 	at android.app.IActivityManager$Stub.onTransact(IActivityManager.java:167)
11-15 20:12:48.372  2044 14819 E ActivityManager: 	at com.android.server.am.ActivityManagerService.onTransact(ActivityManagerService.java:3346)
11-15 20:12:48.372  2044 14819 E ActivityManager: 	at android.os.Binder.execTransact(Binder.java:731)
11-15 20:12:48.849  1703  3094 I teseo_hal_LocServiceProxy: Send satellite list: 7 satellites, 4 gps, 0 glonass, 0 galileo, 3 beidou, 0 others
11-15 20:12:48.946  2742  2742 I PlatoformUtil-ConfigUtil: [loadConfig] carConfig1:affc2de5
11-15 20:12:48.946  2742  2742 I PlatoformUtil-ConfigUtil: [loadConfig] carConfig2:5f01491f
11-15 20:12:48.946  2742  2742 I PlatoformUtil-ConfigUtil: [loadConfig] carConfig3:509ecc7003092a52
11-15 20:12:48.946  2742  2742 I PlatoformUtil-ConfigUtil: [loadConfig] carConfig4:2800f02312000010
11-15 20:12:48.946  2742  2742 I PlatoformUtil-ConfigUtil: [loadConfig] carConfig5:0802901400000f00
11-15 20:12:48.946  2742  2742 I PlatoformUtil-ConfigUtil: [loadConfig] carConfig6:0000000000000000
11-15 20:12:48.946  2742  2742 I PlatoformUtil-ConfigUtil: carConfig load success
11-15 20:12:48.949  2742  2742 I PlatoformUtil-ConfigT1DImpl: [getConfig] carConfig1:[175, 252, 45, 229]
11-15 20:12:48.949  2742  2742 I PlatoformUtil-ConfigT1DImpl: [getConfig] carConfig2:[95, 1, 73, 31]
11-15 20:12:48.949  2742  2742 I PlatoformUtil-ConfigT1DImpl: [getConfig] carConfig3:[80, 158, 204, 112, 3, 9, 42, 82]
11-15 20:12:48.950  2742  2742 I PlatoformUtil-ConfigT1DImpl: [getConfig] carConfig4:[40, 0, 240, 35, 18, 0, 0, 16]
11-15 20:12:48.950  2742  2742 I PlatoformUtil-ConfigT1DImpl: [getConfig] carConfig5:[8, 2, 144, 20, 0, 0, 15, 0]
11-15 20:12:48.950  2742  2742 I PlatoformUtil-ConfigT1DImpl: [getConfig] carConfig6:[0, 0, 0, 0, 0, 0, 0, 0]
11-15 20:12:48.960  3576  3576 I GpsManager: onSatelliteStatusChanged  GPS satelliteCount = 11 azimuthDegrees = 0.0 carrierFrequencyHz = 0.0 cn0DbHz = 28.0 elevationDegrees = 6.0 svId = 4 hasAlmanacData = true hasCarrierFrequencyHz = false hasEphemerisData = true usedInFix = true
11-15 20:12:48.960  3576  3576 I GpsManager: onSatelliteStatusChanged  GPS satelliteCount = 11 azimuthDegrees = 40.0 carrierFrequencyHz = 0.0 cn0DbHz = 20.0 elevationDegrees = 20.0 svId = 6 hasAlmanacData = true hasCarrierFrequencyHz = false hasEphemerisData = true usedInFix = true
11-15 20:12:48.960  3576  3576 I GpsManager: onSatelliteStatusChanged  GPS satelliteCount = 11 azimuthDegrees = 81.0 carrierFrequencyHz = 0.0 cn0DbHz = 39.0 elevationDegrees = 48.0 svId = 11 hasAlmanacData = true hasCarrierFrequencyHz = false hasEphemerisData = true usedInFix = true
11-15 20:12:48.960  3576  3576 I GpsManager: onSatelliteStatusChanged  GPS satelliteCount = 11 azimuthDegrees = 126.0 carrierFrequencyHz = 0.0 cn0DbHz = 34.0 elevationDegrees = 43.0 svId = 12 hasAlmanacData = true hasCarrierFrequencyHz = false hasEphemerisData = true usedInFix = true
11-15 20:12:48.960  3576  3576 I GpsManager: onSatelliteStatusChanged  GPS satelliteCount = 11 azimuthDegrees = 104.0 carrierFrequencyHz = 0.0 cn0DbHz = 34.0 elevationDegrees = 18.0 svId = 20 hasAlmanacData = true hasCarrierFrequencyHz = false hasEphemerisData = true usedInFix = true
11-15 20:12:48.960  3576  3576 I GpsManager: onSatelliteStatusChanged  GPS satelliteCount = 11 azimuthDegrees = 101.0 carrierFrequencyHz = 0.0 cn0DbHz = 34.0 elevationDegrees = 9.0 svId = 21 hasAlmanacData = true hasCarrierFrequencyHz = false hasEphemerisData = true usedInFix = true
11-15 20:12:48.960  3576  3576 I GpsManager: onSatelliteStatusChanged  GPS satelliteCount = 11 azimuthDegrees = 174.0 carrierFrequencyHz = 0.0 cn0DbHz = 34.0 elevationDegrees = 73.0 svId = 25 hasAlmanacData = true hasCarrierFrequencyHz = false hasEphemerisData = true usedInFix = true
11-15 20:12:48.960  3576  3576 I GpsManager: onSatelliteStatusChanged  GPS satelliteCount = 11 azimuthDegrees = 298.0 carrierFrequencyHz = 0.0 cn0DbHz = 25.0 elevationDegrees = 2.0 svId = 26 hasAlmanacData = true hasCarrierFrequencyHz = false hasEphemerisData = true usedInFix = true
11-15 20:12:48.960  3576  3576 I GpsManager: onSatelliteStatusChanged  GPS satelliteCount = 11 azimuthDegrees = 279.0 carrierFrequencyHz = 0.0 cn0DbHz = 35.0 elevationDegrees = 43.0 svId = 28 hasAlmanacData = true hasCarrierFrequencyHz = false hasEphemerisData = true usedInFix = true
11-15 20:12:48.960  3576  3576 I GpsManager: onSatelliteStatusChanged  GPS satelliteCount = 11 azimuthDegrees = 230.0 carrierFrequencyHz = 0.0 cn0DbHz = 35.0 elevationDegrees = 52.0 svId = 29 hasAlmanacData = true hasCarrierFrequencyHz = false hasEphemerisData = true usedInFix = true
11-15 20:12:48.960  3576  3576 I GpsManager: onSatelliteStatusChanged  GPS satelliteCount = 11 azimuthDegrees = 312.0 carrierFrequencyHz = 0.0 cn0DbHz = 34.0 elevationDegrees = 25.0 svId = 31 hasAlmanacData = true hasCarrierFrequencyHz = false hasEphemerisData = true usedInFix = true
11-15 20:12:49.011  2044  2142 E WifiVendorHal: getWifiLinkLayerStats(l.937) failed {.code = ERROR_NOT_AVAILABLE, .description = }
11-15 20:12:49.370  2658  3327 I FlcAvrcpControllerInterface: getPlaybackState: address = [-12, 57, -90, -127, -3, -61]
11-15 20:12:49.393  2658  3227 I FlcAvrcpControllerCallback: onPlayPositionChanged: address = [-12, 57, -90, -127, -3, -61] songLen = 195906 currSongPosition = 66660
11-15 20:12:49.393  2658  3227 I FlcAvrcpControllerCallback: onPlayStatusChanged: address = [-12, 57, -90, -127, -3, -61] playStatus = 1
11-15 20:12:49.403  2044 14819 E ActivityManager: Sending non-protected broadcast android.bluetooth.avrcp-controller.profile.PLAY_STATUS_CHANGED from system 2658:com.android.bluetooth/1002 pkg com.android.bluetooth
11-15 20:12:49.403  2044 14819 E ActivityManager: java.lang.Throwable
11-15 20:12:49.403  2044 14819 E ActivityManager: 	at com.android.server.am.ActivityManagerService.checkBroadcastFromSystem(ActivityManagerService.java:21498)
11-15 20:12:49.403  2044 14819 E ActivityManager: 	at com.android.server.am.ActivityManagerService.broadcastIntentLocked(ActivityManagerService.java:22017)
11-15 20:12:49.403  2044 14819 E ActivityManager: 	at com.android.server.am.ActivityManagerService.broadcastIntent(ActivityManagerService.java:22252)
11-15 20:12:49.403  2044 14819 E ActivityManager: 	at android.app.IActivityManager$Stub.onTransact$broadcastIntent$(IActivityManager.java:10175)
11-15 20:12:49.403  2044 14819 E ActivityManager: 	at android.app.IActivityManager$Stub.onTransact(IActivityManager.java:167)
11-15 20:12:49.403  2044 14819 E ActivityManager: 	at com.android.server.am.ActivityManagerService.onTransact(ActivityManagerService.java:3346)
11-15 20:12:49.403  2044 14819 E ActivityManager: 	at android.os.Binder.execTransact(Binder.java:731)
11-15 20:12:49.404  2044 14819 E ActivityManager: Sending non-protected broadcast android.bluetooth.avrcp-controller.profile.PLAY_STATUS_CHANGED from system 2658:com.android.bluetooth/1002 pkg com.android.bluetooth
11-15 20:12:49.404  2044 14819 E ActivityManager: java.lang.Throwable
11-15 20:12:49.404  2044 14819 E ActivityManager: 	at com.android.server.am.ActivityManagerService.checkBroadcastFromSystem(ActivityManagerService.java:21498)
11-15 20:12:49.404  2044 14819 E ActivityManager: 	at com.android.server.am.ActivityManagerService.broadcastIntentLocked(ActivityManagerService.java:22110)
11-15 20:12:49.404  2044 14819 E ActivityManager: 	at com.android.server.am.ActivityManagerService.broadcastIntent(ActivityManagerService.java:22252)
11-15 20:12:49.404  2044 14819 E ActivityManager: 	at android.app.IActivityManager$Stub.onTransact$broadcastIntent$(IActivityManager.java:10175)
11-15 20:12:49.404  2044 14819 E ActivityManager: 	at android.app.IActivityManager$Stub.onTransact(IActivityManager.java:167)
11-15 20:12:49.404  2044 14819 E ActivityManager: 	at com.android.server.am.ActivityManagerService.onTransact(ActivityManagerService.java:3346)
11-15 20:12:49.404  2044 14819 E ActivityManager: 	at android.os.Binder.execTransact(Binder.java:731)
11-15 20:12:49.807 17246 17246 I pidof   : type=1400 audit(0.0:26687): avc: denied { read } for scontext=u:r:direct_network_config:s0 tcontext=u:r:svdebug:s0 tclass=file permissive=1
11-15 20:12:49.811 17246 17246 I pidof   : type=1400 audit(0.0:26688): avc: denied { read } for scontext=u:r:direct_network_config:s0 tcontext=u:r:priv_app:s0:c512,c768 tclass=file permissive=1
11-15 20:12:49.811 17246 17246 I pidof   : type=1400 audit(0.0:26689): avc: denied { search } for name="1712" dev="proc" ino=545865 scontext=u:r:direct_network_config:s0 tcontext=u:r:lmkd:s0 tclass=dir permissive=1
11-15 20:12:49.815 17246 17246 I pidof   : type=1400 audit(0.0:26690): avc: denied { open } for path="/proc/1878/comm" dev="proc" ino=546087 scontext=u:r:direct_network_config:s0 tcontext=u:r:svdebug:s0 tclass=file permissive=1
11-15 20:12:49.819 17246 17246 I pidof   : type=1400 audit(0.0:26691): avc: denied { open } for path="/proc/3346/comm" dev="proc" ino=546219 scontext=u:r:direct_network_config:s0 tcontext=u:r:priv_app:s0:c512,c768 tclass=file permissive=1
11-15 20:12:49.851  1703  3094 I teseo_hal_LocServiceProxy: Send satellite list: 7 satellites, 4 gps, 0 glonass, 0 galileo, 3 beidou, 0 others
11-15 20:12:49.867  2827  2827 W ContextImpl: Calling a method in the system process without a qualified user: android.app.ContextImpl.bindService:1611 android.content.ContextWrapper.bindService:698 com.iflytek.autofly.systemservice.util.FlySystemManager.initClient:195 com.iflytek.autofly.systemservice.util.FlySystemManager.serviceCheck:215 com.iflytek.autofly.systemservice.util.FlySystemManager.registerListener:290 
11-15 20:12:49.867  2044 14819 W ActivityManager: Unable to start service Intent { act=com.iflytek.autofly.systemservice pkg=com.iflytek.autofly.platformservice } U=0: not found
11-15 20:12:49.947  2742  2742 I PlatoformUtil-ConfigUtil: [loadConfig] carConfig1:affc2de5
11-15 20:12:49.948  2742  2742 I PlatoformUtil-ConfigUtil: [loadConfig] carConfig2:5f01491f
11-15 20:12:49.948  2742  2742 I PlatoformUtil-ConfigUtil: [loadConfig] carConfig3:509ecc7003092a52
11-15 20:12:49.948  2742  2742 I PlatoformUtil-ConfigUtil: [loadConfig] carConfig4:2800f02312000010
11-15 20:12:49.948  2742  2742 I PlatoformUtil-ConfigUtil: [loadConfig] carConfig5:0802901400000f00
11-15 20:12:49.948  2742  2742 I PlatoformUtil-ConfigUtil: [loadConfig] carConfig6:0000000000000000
11-15 20:12:49.948  2742  2742 I PlatoformUtil-ConfigUtil: carConfig load success
11-15 20:12:49.950  2742  2742 I PlatoformUtil-ConfigT1DImpl: [getConfig] carConfig1:[175, 252, 45, 229]
11-15 20:12:49.950  2742  2742 I PlatoformUtil-ConfigT1DImpl: [getConfig] carConfig2:[95, 1, 73, 31]
11-15 20:12:49.950  2742  2742 I PlatoformUtil-ConfigT1DImpl: [getConfig] carConfig3:[80, 158, 204, 112, 3, 9, 42, 82]
11-15 20:12:49.950  2742  2742 I PlatoformUtil-ConfigT1DImpl: [getConfig] carConfig4:[40, 0, 240, 35, 18, 0, 0, 16]
11-15 20:12:49.950  2742  2742 I PlatoformUtil-ConfigT1DImpl: [getConfig] carConfig5:[8, 2, 144, 20, 0, 0, 15, 0]
11-15 20:12:49.950  2742  2742 I PlatoformUtil-ConfigT1DImpl: [getConfig] carConfig6:[0, 0, 0, 0, 0, 0, 0, 0]
11-15 20:12:49.968  3576  3576 I GpsManager: onSatelliteStatusChanged  GPS satelliteCount = 11 azimuthDegrees = 0.0 carrierFrequencyHz = 0.0 cn0DbHz = 28.0 elevationDegrees = 6.0 svId = 4 hasAlmanacData = true hasCarrierFrequencyHz = false hasEphemerisData = true usedInFix = true
11-15 20:12:49.968  3576  3576 I GpsManager: onSatelliteStatusChanged  GPS satelliteCount = 11 azimuthDegrees = 40.0 carrierFrequencyHz = 0.0 cn0DbHz = 21.0 elevationDegrees = 20.0 svId = 6 hasAlmanacData = true hasCarrierFrequencyHz = false hasEphemerisData = true usedInFix = true
