11-15 20:12:57.066  2827  3088 W ContextImpl: Calling a method in the system process without a qualified user: android.app.ContextImpl.bindService:1611 android.content.ContextWrapper.bindService:698 com.iflytek.autofly.carpropertyservice.util.CarPropertyManager.initClient:113 com.iflytek.autofly.carpropertyservice.util.CarPropertyManager.serviceCheck:132 com.iflytek.autofly.carpropertyservice.util.CarPropertyManager.getCarProperty:249 
11-15 20:12:57.069  2044 14819 W ActivityManager: Unable to start service Intent { act=com.iflytek.autofly.carpropertyservice pkg=com.iflytek.autofly.platformservice } U=0: not found
11-15 20:12:57.070  2827  3088 W ContextImpl: Calling a method in the system process without a qualified user: android.app.ContextImpl.bindService:1611 android.content.ContextWrapper.bindService:698 com.iflytek.autofly.carpropertyservice.util.CarPropertyManager.initClient:113 com.iflytek.autofly.carpropertyservice.util.CarPropertyManager.serviceCheck:132 com.iflytek.autofly.carpropertyservice.util.CarPropertyManager.getCarProperty:249 
11-15 20:12:57.079  2044 13923 W ActivityManager: Unable to start service Intent { act=com.iflytek.autofly.carpropertyservice pkg=com.iflytek.autofly.platformservice } U=0: not found
11-15 20:12:57.081  2827  3088 W ContextImpl: Calling a method in the system process without a qualified user: android.app.ContextImpl.bindService:1611 android.content.ContextWrapper.bindService:698 com.iflytek.autofly.carpropertyservice.util.CarPropertyManager.initClient:113 com.iflytek.autofly.carpropertyservice.util.CarPropertyManager.serviceCheck:132 com.iflytek.autofly.carpropertyservice.util.CarPropertyManager.getCarProperty:249 
11-15 20:12:57.081  2044 13923 W ActivityManager: Unable to start service Intent { act=com.iflytek.autofly.carpropertyservice pkg=com.iflytek.autofly.platformservice } U=0: not found
11-15 20:12:57.082  2827  3088 W ContextImpl: Calling a method in the system process without a qualified user: android.app.ContextImpl.bindService:1611 android.content.ContextWrapper.bindService:698 com.iflytek.autofly.carpropertyservice.util.CarPropertyManager.initClient:113 com.iflytek.autofly.carpropertyservice.util.CarPropertyManager.serviceCheck:132 com.iflytek.autofly.carpropertyservice.util.CarPropertyManager.getCarProperty:249 
11-15 20:12:57.082  2044 13923 W ActivityManager: Unable to start service Intent { act=com.iflytek.autofly.carpropertyservice pkg=com.iflytek.autofly.platformservice } U=0: not found
11-15 20:12:57.083  2827  3088 W ContextImpl: Calling a method in the system process without a qualified user: android.app.ContextImpl.bindService:1611 android.content.ContextWrapper.bindService:698 com.iflytek.autofly.carpropertyservice.util.CarPropertyManager.initClient:113 com.iflytek.autofly.carpropertyservice.util.CarPropertyManager.serviceCheck:132 com.iflytek.autofly.carpropertyservice.util.CarPropertyManager.getCarProperty:249 
11-15 20:12:57.083  2044 13923 W ActivityManager: Unable to start service Intent { act=com.iflytek.autofly.carpropertyservice pkg=com.iflytek.autofly.platformservice } U=0: not found
11-15 20:12:57.084  2827  3088 W ContextImpl: Calling a method in the system process without a qualified user: android.app.ContextImpl.bindService:1611 android.content.ContextWrapper.bindService:698 com.iflytek.autofly.carpropertyservice.util.CarPropertyManager.initClient:113 com.iflytek.autofly.carpropertyservice.util.CarPropertyManager.serviceCheck:132 com.iflytek.autofly.carpropertyservice.util.CarPropertyManager.getCarProperty:249 
11-15 20:12:57.085  2044 13923 W ActivityManager: Unable to start service Intent { act=com.iflytek.autofly.carpropertyservice pkg=com.iflytek.autofly.platformservice } U=0: not found
11-15 20:12:57.086  2827  3088 W ContextImpl: Calling a method in the system process without a qualified user: android.app.ContextImpl.bindService:1611 android.content.ContextWrapper.bindService:698 com.iflytek.autofly.carpropertyservice.util.CarPropertyManager.initClient:113 com.iflytek.autofly.carpropertyservice.util.CarPropertyManager.serviceCheck:132 com.iflytek.autofly.carpropertyservice.util.CarPropertyManager.getCarProperty:249 
11-15 20:12:57.087  2044 13923 W ActivityManager: Unable to start service Intent { act=com.iflytek.autofly.carpropertyservice pkg=com.iflytek.autofly.platformservice } U=0: not found
11-15 20:12:57.088  2827  3088 W ContextImpl: Calling a method in the system process without a qualified user: android.app.ContextImpl.bindService:1611 android.content.ContextWrapper.bindService:698 com.iflytek.autofly.carpropertyservice.util.CarPropertyManager.initClient:113 com.iflytek.autofly.carpropertyservice.util.CarPropertyManager.serviceCheck:132 com.iflytek.autofly.carpropertyservice.util.CarPropertyManager.getCarProperty:249 
11-15 20:12:57.089  2044 13923 W ActivityManager: Unable to start service Intent { act=com.iflytek.autofly.carpropertyservice pkg=com.iflytek.autofly.platformservice } U=0: not found
11-15 20:12:57.089  2827  3088 W ContextImpl: Calling a method in the system process without a qualified user: android.app.ContextImpl.bindService:1611 android.content.ContextWrapper.bindService:698 com.iflytek.autofly.carpropertyservice.util.CarPropertyManager.initClient:113 com.iflytek.autofly.carpropertyservice.util.CarPropertyManager.serviceCheck:132 com.iflytek.autofly.carpropertyservice.util.CarPropertyManager.getCarProperty:249 
11-15 20:12:57.090  2044 13923 W ActivityManager: Unable to start service Intent { act=com.iflytek.autofly.carpropertyservice pkg=com.iflytek.autofly.platformservice } U=0: not found
11-15 20:12:57.091  2827  3088 W ContextImpl: Calling a method in the system process without a qualified user: android.app.ContextImpl.bindService:1611 android.content.ContextWrapper.bindService:698 com.iflytek.autofly.carpropertyservice.util.CarPropertyManager.initClient:113 com.iflytek.autofly.carpropertyservice.util.CarPropertyManager.serviceCheck:132 com.iflytek.autofly.carpropertyservice.util.CarPropertyManager.getCarProperty:249 
11-15 20:12:57.092  2044 13923 W ActivityManager: Unable to start service Intent { act=com.iflytek.autofly.carpropertyservice pkg=com.iflytek.autofly.platformservice } U=0: not found
11-15 20:12:57.237  2544  3180 W ContextImpl: Calling a method in the system process without a qualified user: android.app.ContextImpl.startForegroundService:1537 android.content.ContextWrapper.startForegroundService:669 com.iflytek.autofly.voicecoreservice.idata.FlyDataManager.upload:537 com.iflytek.autofly.voicecoreservice.idata.FlyDataManager.sendCurrentUiAction:450 com.iflytek.autofly.access.UiAccessibilityServices$1.handleMessage:69 
11-15 20:12:57.809  2544  3180 W ContextImpl: Calling a method in the system process without a qualified user: android.app.ContextImpl.startForegroundService:1537 android.content.ContextWrapper.startForegroundService:669 com.iflytek.autofly.voicecoreservice.idata.FlyDataManager.upload:537 com.iflytek.autofly.voicecoreservice.idata.FlyDataManager.sendCurrentUiAction:450 com.iflytek.autofly.access.UiAccessibilityServices$1.handleMessage:69 
11-15 20:12:57.949  2544  3180 W ContextImpl: Calling a method in the system process without a qualified user: android.app.ContextImpl.startForegroundService:1537 android.content.ContextWrapper.startForegroundService:669 com.iflytek.autofly.voicecoreservice.idata.FlyDataManager.upload:537 com.iflytek.autofly.voicecoreservice.idata.FlyDataManager.sendCurrentUiAction:450 com.iflytek.autofly.access.UiAccessibilityServices$1.handleMessage:61 
11-15 20:12:57.957  2044  2044 E NotificationService: Muting recently noisy 0|com.iflytek.autofly.sceneengine|2020|null|1000
11-15 20:12:58.109  2044  2044 E NotificationService: Muting recently noisy 0|com.iflytek.autofly.sceneengine|2020|null|1000
11-15 20:12:58.558  2544  3180 W ContextImpl: Calling a method in the system process without a qualified user: android.app.ContextImpl.startForegroundService:1537 android.content.ContextWrapper.startForegroundService:669 com.iflytek.autofly.voicecoreservice.idata.FlyDataManager.upload:537 com.iflytek.autofly.voicecoreservice.idata.FlyDataManager.sendCurrentUiAction:450 com.iflytek.autofly.access.UiAccessibilityServices$1.handleMessage:69 
11-15 20:12:58.998  2827  2827 W ContextImpl: Calling a method in the system process without a qualified user: android.app.ContextImpl.bindService:1611 android.content.ContextWrapper.bindService:698 com.iflytek.autofly.systemservice.util.FlySystemManager.initClient:195 com.iflytek.autofly.systemservice.util.FlySystemManager.serviceCheck:215 com.iflytek.autofly.systemservice.util.FlySystemManager.registerListener:290 
11-15 20:12:58.999  2044 13923 W ActivityManager: Unable to start service Intent { act=com.iflytek.autofly.systemservice pkg=com.iflytek.autofly.platformservice } U=0: not found
11-15 20:12:59.018  2044  2062 E BatteryExternalStatsWorker: no controller energy info supplied for wifi
11-15 20:12:59.033  2044  2062 E BatteryExternalStatsWorker: no controller energy info supplied for bluetooth
11-15 20:12:59.033  2044  2062 E BatteryExternalStatsWorker: no controller energy info supplied for telephony
11-15 20:12:59.037  2044  2062 E KernelCpuSpeedReader: Failed to read cpu-freq: /sys/devices/system/cpu/cpu0/cpufreq/stats/time_in_state (No such file or directory)
11-15 20:13:01.000  2827  2827 W ContextImpl: Calling a method in the system process without a qualified user: android.app.ContextImpl.bindService:1611 android.content.ContextWrapper.bindService:698 com.iflytek.autofly.systemservice.util.FlySystemManager.initClient:195 com.iflytek.autofly.systemservice.util.FlySystemManager.serviceCheck:215 com.iflytek.autofly.systemservice.util.FlySystemManager.registerListener:290 
11-15 20:13:01.001  2044 13923 W ActivityManager: Unable to start service Intent { act=com.iflytek.autofly.systemservice pkg=com.iflytek.autofly.platformservice } U=0: not found
11-15 20:13:02.095  2827  3088 E ActivityThread: Failed to find provider info for com.iflytek.contentProvider.LocationProvider
11-15 20:13:02.096  2827  3088 W ContextImpl: Calling a method in the system process without a qualified user: android.app.ContextImpl.bindService:1611 android.content.ContextWrapper.bindService:698 com.iflytek.autofly.carpropertyservice.util.CarPropertyManager.initClient:113 com.iflytek.autofly.carpropertyservice.util.CarPropertyManager.serviceCheck:132 com.iflytek.autofly.carpropertyservice.util.CarPropertyManager.getCarProperty:249 
11-15 20:13:02.097  2044 12090 W ActivityManager: Unable to start service Intent { act=com.iflytek.autofly.carpropertyservice pkg=com.iflytek.autofly.platformservice } U=0: not found
11-15 20:13:02.098  2827  3088 W ContextImpl: Calling a method in the system process without a qualified user: android.app.ContextImpl.bindService:1611 android.content.ContextWrapper.bindService:698 com.iflytek.autofly.carpropertyservice.util.CarPropertyManager.initClient:113 com.iflytek.autofly.carpropertyservice.util.CarPropertyManager.serviceCheck:132 com.iflytek.autofly.carpropertyservice.util.CarPropertyManager.getCarProperty:249 
11-15 20:13:02.099  2044 12090 W ActivityManager: Unable to start service Intent { act=com.iflytek.autofly.carpropertyservice pkg=com.iflytek.autofly.platformservice } U=0: not found
11-15 20:13:02.100  2827  3088 W ContextImpl: Calling a method in the system process without a qualified user: android.app.ContextImpl.bindService:1611 android.content.ContextWrapper.bindService:698 com.iflytek.autofly.carpropertyservice.util.CarPropertyManager.initClient:113 com.iflytek.autofly.carpropertyservice.util.CarPropertyManager.serviceCheck:132 com.iflytek.autofly.carpropertyservice.util.CarPropertyManager.getCarProperty:249 
11-15 20:13:02.101  2044 12090 W ActivityManager: Unable to start service Intent { act=com.iflytek.autofly.carpropertyservice pkg=com.iflytek.autofly.platformservice } U=0: not found
11-15 20:13:02.104  2827  3088 W ContextImpl: Calling a method in the system process without a qualified user: android.app.ContextImpl.bindService:1611 android.content.ContextWrapper.bindService:698 com.iflytek.autofly.carpropertyservice.util.CarPropertyManager.initClient:113 com.iflytek.autofly.carpropertyservice.util.CarPropertyManager.serviceCheck:132 com.iflytek.autofly.carpropertyservice.util.CarPropertyManager.getCarProperty:249 
11-15 20:13:02.104  2044 12090 W ActivityManager: Unable to start service Intent { act=com.iflytek.autofly.carpropertyservice pkg=com.iflytek.autofly.platformservice } U=0: not found
11-15 20:13:02.105  2827  3088 W ContextImpl: Calling a method in the system process without a qualified user: android.app.ContextImpl.bindService:1611 android.content.ContextWrapper.bindService:698 com.iflytek.autofly.carpropertyservice.util.CarPropertyManager.initClient:113 com.iflytek.autofly.carpropertyservice.util.CarPropertyManager.serviceCheck:132 com.iflytek.autofly.carpropertyservice.util.CarPropertyManager.getCarProperty:249 
11-15 20:13:02.106  2044 12090 W ActivityManager: Unable to start service Intent { act=com.iflytek.autofly.carpropertyservice pkg=com.iflytek.autofly.platformservice } U=0: not found
11-15 20:13:02.106  2827  3088 W ContextImpl: Calling a method in the system process without a qualified user: android.app.ContextImpl.bindService:1611 android.content.ContextWrapper.bindService:698 com.iflytek.autofly.carpropertyservice.util.CarPropertyManager.initClient:113 com.iflytek.autofly.carpropertyservice.util.CarPropertyManager.serviceCheck:132 com.iflytek.autofly.carpropertyservice.util.CarPropertyManager.getCarProperty:249 
11-15 20:13:02.107  2044 12090 W ActivityManager: Unable to start service Intent { act=com.iflytek.autofly.carpropertyservice pkg=com.iflytek.autofly.platformservice } U=0: not found
11-15 20:13:02.107  2827  3088 W ContextImpl: Calling a method in the system process without a qualified user: android.app.ContextImpl.bindService:1611 android.content.ContextWrapper.bindService:698 com.iflytek.autofly.carpropertyservice.util.CarPropertyManager.initClient:113 com.iflytek.autofly.carpropertyservice.util.CarPropertyManager.serviceCheck:132 com.iflytek.autofly.carpropertyservice.util.CarPropertyManager.getCarProperty:249 
11-15 20:13:02.107  2044 12090 W ActivityManager: Unable to start service Intent { act=com.iflytek.autofly.carpropertyservice pkg=com.iflytek.autofly.platformservice } U=0: not found
11-15 20:13:02.110  2827  3088 W ContextImpl: Calling a method in the system process without a qualified user: android.app.ContextImpl.bindService:1611 android.content.ContextWrapper.bindService:698 com.iflytek.autofly.carpropertyservice.util.CarPropertyManager.initClient:113 com.iflytek.autofly.carpropertyservice.util.CarPropertyManager.serviceCheck:132 com.iflytek.autofly.carpropertyservice.util.CarPropertyManager.getCarProperty:249 
11-15 20:13:02.112  2044 12090 W ActivityManager: Unable to start service Intent { act=com.iflytek.autofly.carpropertyservice pkg=com.iflytek.autofly.platformservice } U=0: not found
11-15 20:13:02.112  2827  3088 W ContextImpl: Calling a method in the system process without a qualified user: android.app.ContextImpl.bindService:1611 android.content.ContextWrapper.bindService:698 com.iflytek.autofly.carpropertyservice.util.CarPropertyManager.initClient:113 com.iflytek.autofly.carpropertyservice.util.CarPropertyManager.serviceCheck:132 com.iflytek.autofly.carpropertyservice.util.CarPropertyManager.getCarProperty:249 
11-15 20:13:02.114  2044 12090 W ActivityManager: Unable to start service Intent { act=com.iflytek.autofly.carpropertyservice pkg=com.iflytek.autofly.platformservice } U=0: not found
11-15 20:13:02.121  2827  3088 W ContextImpl: Calling a method in the system process without a qualified user: android.app.ContextImpl.bindService:1611 android.content.ContextWrapper.bindService:698 com.iflytek.autofly.carpropertyservice.util.CarPropertyManager.initClient:113 com.iflytek.autofly.carpropertyservice.util.CarPropertyManager.serviceCheck:132 com.iflytek.autofly.carpropertyservice.util.CarPropertyManager.getCarProperty:249 
11-15 20:13:02.123  2044 12090 W ActivityManager: Unable to start service Intent { act=com.iflytek.autofly.carpropertyservice pkg=com.iflytek.autofly.platformservice } U=0: not found
11-15 20:13:02.124  2827  3088 W ContextImpl: Calling a method in the system process without a qualified user: android.app.ContextImpl.bindService:1611 android.content.ContextWrapper.bindService:698 com.iflytek.autofly.carpropertyservice.util.CarPropertyManager.initClient:113 com.iflytek.autofly.carpropertyservice.util.CarPropertyManager.serviceCheck:132 com.iflytek.autofly.carpropertyservice.util.CarPropertyManager.getCarProperty:249 
11-15 20:13:02.125  2044 12090 W ActivityManager: Unable to start service Intent { act=com.iflytek.autofly.carpropertyservice pkg=com.iflytek.autofly.platformservice } U=0: not found
11-15 20:13:02.125  2827  3088 W ContextImpl: Calling a method in the system process without a qualified user: android.app.ContextImpl.bindService:1611 android.content.ContextWrapper.bindService:698 com.iflytek.autofly.carpropertyservice.util.CarPropertyManager.initClient:113 com.iflytek.autofly.carpropertyservice.util.CarPropertyManager.serviceCheck:132 com.iflytek.autofly.carpropertyservice.util.CarPropertyManager.getCarProperty:249 
11-15 20:13:02.126  2044 12090 W ActivityManager: Unable to start service Intent { act=com.iflytek.autofly.carpropertyservice pkg=com.iflytek.autofly.platformservice } U=0: not found
11-15 20:13:03.004  2827  2827 W ContextImpl: Calling a method in the system process without a qualified user: android.app.ContextImpl.bindService:1611 android.content.ContextWrapper.bindService:698 com.iflytek.autofly.systemservice.util.FlySystemManager.initClient:195 com.iflytek.autofly.systemservice.util.FlySystemManager.serviceCheck:215 com.iflytek.autofly.systemservice.util.FlySystemManager.registerListener:290 
11-15 20:13:03.005  2044  2105 W ActivityManager: Unable to start service Intent { act=com.iflytek.autofly.systemservice pkg=com.iflytek.autofly.platformservice } U=0: not found
11-15 20:13:05.007  2827  2827 W ContextImpl: Calling a method in the system process without a qualified user: android.app.ContextImpl.bindService:1611 android.content.ContextWrapper.bindService:698 com.iflytek.autofly.systemservice.util.FlySystemManager.initClient:195 com.iflytek.autofly.systemservice.util.FlySystemManager.serviceCheck:215 com.iflytek.autofly.systemservice.util.FlySystemManager.registerListener:290 
11-15 20:13:05.009  2044  2054 W ActivityManager: Unable to start service Intent { act=com.iflytek.autofly.systemservice pkg=com.iflytek.autofly.platformservice } U=0: not found
11-15 20:13:07.011  2827  2827 W ContextImpl: Calling a method in the system process without a qualified user: android.app.ContextImpl.bindService:1611 android.content.ContextWrapper.bindService:698 com.iflytek.autofly.systemservice.util.FlySystemManager.initClient:195 com.iflytek.autofly.systemservice.util.FlySystemManager.serviceCheck:215 com.iflytek.autofly.systemservice.util.FlySystemManager.registerListener:290 
11-15 20:13:07.013  2044 12090 W ActivityManager: Unable to start service Intent { act=com.iflytek.autofly.systemservice pkg=com.iflytek.autofly.platformservice } U=0: not found
11-15 20:13:07.128  2827  3088 E ActivityThread: Failed to find provider info for com.iflytek.contentProvider.LocationProvider
11-15 20:13:07.128  2827  3088 W ContextImpl: Calling a method in the system process without a qualified user: android.app.ContextImpl.bindService:1611 android.content.ContextWrapper.bindService:698 com.iflytek.autofly.carpropertyservice.util.CarPropertyManager.initClient:113 com.iflytek.autofly.carpropertyservice.util.CarPropertyManager.serviceCheck:132 com.iflytek.autofly.carpropertyservice.util.CarPropertyManager.getCarProperty:249 
11-15 20:13:07.129  2044 12090 W ActivityManager: Unable to start service Intent { act=com.iflytek.autofly.carpropertyservice pkg=com.iflytek.autofly.platformservice } U=0: not found
11-15 20:13:07.130  2827  3088 W ContextImpl: Calling a method in the system process without a qualified user: android.app.ContextImpl.bindService:1611 android.content.ContextWrapper.bindService:698 com.iflytek.autofly.carpropertyservice.util.CarPropertyManager.initClient:113 com.iflytek.autofly.carpropertyservice.util.CarPropertyManager.serviceCheck:132 com.iflytek.autofly.carpropertyservice.util.CarPropertyManager.getCarProperty:249 
11-15 20:13:07.131  2044 12090 W ActivityManager: Unable to start service Intent { act=com.iflytek.autofly.carpropertyservice pkg=com.iflytek.autofly.platformservice } U=0: not found
11-15 20:13:07.131  2827  3088 W ContextImpl: Calling a method in the system process without a qualified user: android.app.ContextImpl.bindService:1611 android.content.ContextWrapper.bindService:698 com.iflytek.autofly.carpropertyservice.util.CarPropertyManager.initClient:113 com.iflytek.autofly.carpropertyservice.util.CarPropertyManager.serviceCheck:132 com.iflytek.autofly.carpropertyservice.util.CarPropertyManager.getCarProperty:249 
11-15 20:13:07.132  2044 12090 W ActivityManager: Unable to start service Intent { act=com.iflytek.autofly.carpropertyservice pkg=com.iflytek.autofly.platformservice } U=0: not found
11-15 20:13:07.136  2827  3088 W ContextImpl: Calling a method in the system process without a qualified user: android.app.ContextImpl.bindService:1611 android.content.ContextWrapper.bindService:698 com.iflytek.autofly.carpropertyservice.util.CarPropertyManager.initClient:113 com.iflytek.autofly.carpropertyservice.util.CarPropertyManager.serviceCheck:132 com.iflytek.autofly.carpropertyservice.util.CarPropertyManager.getCarProperty:249 
11-15 20:13:07.137  2044 12090 W ActivityManager: Unable to start service Intent { act=com.iflytek.autofly.carpropertyservice pkg=com.iflytek.autofly.platformservice } U=0: not found
11-15 20:13:07.138  2827  3088 W ContextImpl: Calling a method in the system process without a qualified user: android.app.ContextImpl.bindService:1611 android.content.ContextWrapper.bindService:698 com.iflytek.autofly.carpropertyservice.util.CarPropertyManager.initClient:113 com.iflytek.autofly.carpropertyservice.util.CarPropertyManager.serviceCheck:132 com.iflytek.autofly.carpropertyservice.util.CarPropertyManager.getCarProperty:249 
11-15 20:13:07.140  2044 12090 W ActivityManager: Unable to start service Intent { act=com.iflytek.autofly.carpropertyservice pkg=com.iflytek.autofly.platformservice } U=0: not found
11-15 20:13:07.141  2827  3088 W ContextImpl: Calling a method in the system process without a qualified user: android.app.ContextImpl.bindService:1611 android.content.ContextWrapper.bindService:698 com.iflytek.autofly.carpropertyservice.util.CarPropertyManager.initClient:113 com.iflytek.autofly.carpropertyservice.util.CarPropertyManager.serviceCheck:132 com.iflytek.autofly.carpropertyservice.util.CarPropertyManager.getCarProperty:249 
11-15 20:13:07.142  2044 12090 W ActivityManager: Unable to start service Intent { act=com.iflytek.autofly.carpropertyservice pkg=com.iflytek.autofly.platformservice } U=0: not found
11-15 20:13:07.143  2827  3088 W ContextImpl: Calling a method in the system process without a qualified user: android.app.ContextImpl.bindService:1611 android.content.ContextWrapper.bindService:698 com.iflytek.autofly.carpropertyservice.util.CarPropertyManager.initClient:113 com.iflytek.autofly.carpropertyservice.util.CarPropertyManager.serviceCheck:132 com.iflytek.autofly.carpropertyservice.util.CarPropertyManager.getCarProperty:249 
11-15 20:13:07.144  2044 12090 W ActivityManager: Unable to start service Intent { act=com.iflytek.autofly.carpropertyservice pkg=com.iflytek.autofly.platformservice } U=0: not found
11-15 20:13:07.145  2827  3088 W ContextImpl: Calling a method in the system process without a qualified user: android.app.ContextImpl.bindService:1611 android.content.ContextWrapper.bindService:698 com.iflytek.autofly.carpropertyservice.util.CarPropertyManager.initClient:113 com.iflytek.autofly.carpropertyservice.util.CarPropertyManager.serviceCheck:132 com.iflytek.autofly.carpropertyservice.util.CarPropertyManager.getCarProperty:249 
11-15 20:13:07.145  2044 12090 W ActivityManager: Unable to start service Intent { act=com.iflytek.autofly.carpropertyservice pkg=com.iflytek.autofly.platformservice } U=0: not found
11-15 20:13:07.146  2827  3088 W ContextImpl: Calling a method in the system process without a qualified user: android.app.ContextImpl.bindService:1611 android.content.ContextWrapper.bindService:698 com.iflytek.autofly.carpropertyservice.util.CarPropertyManager.initClient:113 com.iflytek.autofly.carpropertyservice.util.CarPropertyManager.serviceCheck:132 com.iflytek.autofly.carpropertyservice.util.CarPropertyManager.getCarProperty:249 
11-15 20:13:07.146  2044 12090 W ActivityManager: Unable to start service Intent { act=com.iflytek.autofly.carpropertyservice pkg=com.iflytek.autofly.platformservice } U=0: not found
11-15 20:13:07.146  2827  3088 W ContextImpl: Calling a method in the system process without a qualified user: android.app.ContextImpl.bindService:1611 android.content.ContextWrapper.bindService:698 com.iflytek.autofly.carpropertyservice.util.CarPropertyManager.initClient:113 com.iflytek.autofly.carpropertyservice.util.CarPropertyManager.serviceCheck:132 com.iflytek.autofly.carpropertyservice.util.CarPropertyManager.getCarProperty:249 
11-15 20:13:07.147  2044 12090 W ActivityManager: Unable to start service Intent { act=com.iflytek.autofly.carpropertyservice pkg=com.iflytek.autofly.platformservice } U=0: not found
11-15 20:13:07.147  2827  3088 W ContextImpl: Calling a method in the system process without a qualified user: android.app.ContextImpl.bindService:1611 android.content.ContextWrapper.bindService:698 com.iflytek.autofly.carpropertyservice.util.CarPropertyManager.initClient:113 com.iflytek.autofly.carpropertyservice.util.CarPropertyManager.serviceCheck:132 com.iflytek.autofly.carpropertyservice.util.CarPropertyManager.getCarProperty:249 
11-15 20:13:07.147  2044 12090 W ActivityManager: Unable to start service Intent { act=com.iflytek.autofly.carpropertyservice pkg=com.iflytek.autofly.platformservice } U=0: not found
11-15 20:13:07.149  2827  3088 W ContextImpl: Calling a method in the system process without a qualified user: android.app.ContextImpl.bindService:1611 android.content.ContextWrapper.bindService:698 com.iflytek.autofly.carpropertyservice.util.CarPropertyManager.initClient:113 com.iflytek.autofly.carpropertyservice.util.CarPropertyManager.serviceCheck:132 com.iflytek.autofly.carpropertyservice.util.CarPropertyManager.getCarProperty:249 
11-15 20:13:07.149  2044 12090 W ActivityManager: Unable to start service Intent { act=com.iflytek.autofly.carpropertyservice pkg=com.iflytek.autofly.platformservice } U=0: not found
11-15 20:13:07.335  2827  8828 E ActivityThread: Failed to find provider info for com.iflytek.contentProvider.LocationProvider
11-15 20:13:09.014  2827  2827 W ContextImpl: Calling a method in the system process without a qualified user: android.app.ContextImpl.bindService:1611 android.content.ContextWrapper.bindService:698 com.iflytek.autofly.systemservice.util.FlySystemManager.initClient:195 com.iflytek.autofly.systemservice.util.FlySystemManager.serviceCheck:215 com.iflytek.autofly.systemservice.util.FlySystemManager.registerListener:290 
11-15 20:13:09.015  2044 17289 W ActivityManager: Unable to start service Intent { act=com.iflytek.autofly.systemservice pkg=com.iflytek.autofly.platformservice } U=0: not found
11-15 20:13:11.017  2827  2827 W ContextImpl: Calling a method in the system process without a qualified user: android.app.ContextImpl.bindService:1611 android.content.ContextWrapper.bindService:698 com.iflytek.autofly.systemservice.util.FlySystemManager.initClient:195 com.iflytek.autofly.systemservice.util.FlySystemManager.serviceCheck:215 com.iflytek.autofly.systemservice.util.FlySystemManager.registerListener:290 
11-15 20:13:11.017  2044  2105 W ActivityManager: Unable to start service Intent { act=com.iflytek.autofly.systemservice pkg=com.iflytek.autofly.platformservice } U=0: not found
11-15 20:13:11.349  2604  2604 W ContextImpl: Calling a method in the system process without a qualified user: android.app.ContextImpl.sendBroadcast:1005 android.content.ContextWrapper.sendBroadcast:444 com.desaysv.mapservice.util.ActivityUtil.sendBroadcast:188 com.desaysv.mapservice.adapter.map.turbodog.TurboDogAdapter$3.onReceive:527 android.app.LoadedApk$ReceiverDispatcher$Args.lambda$getRunnable$0:1391 
11-15 20:13:12.344  2044 17289 W ActivityManager: Slow operation: 190ms so far, now at getContentProviderImpl: after resolveContentProvider
11-15 20:13:12.345  2827  3088 E ActivityThread: Failed to find provider info for com.iflytek.contentProvider.LocationProvider
11-15 20:13:12.345  2827  3088 W ContextImpl: Calling a method in the system process without a qualified user: android.app.ContextImpl.bindService:1611 android.content.ContextWrapper.bindService:698 com.iflytek.autofly.carpropertyservice.util.CarPropertyManager.initClient:113 com.iflytek.autofly.carpropertyservice.util.CarPropertyManager.serviceCheck:132 com.iflytek.autofly.carpropertyservice.util.CarPropertyManager.getCarProperty:249 
11-15 20:13:12.347  2044  2569 W ActivityManager: Unable to start service Intent { act=com.iflytek.autofly.carpropertyservice pkg=com.iflytek.autofly.platformservice } U=0: not found
11-15 20:13:12.348  2827  3088 W ContextImpl: Calling a method in the system process without a qualified user: android.app.ContextImpl.bindService:1611 android.content.ContextWrapper.bindService:698 com.iflytek.autofly.carpropertyservice.util.CarPropertyManager.initClient:113 com.iflytek.autofly.carpropertyservice.util.CarPropertyManager.serviceCheck:132 com.iflytek.autofly.carpropertyservice.util.CarPropertyManager.getCarProperty:249 
11-15 20:13:12.350  2044  2569 W ActivityManager: Unable to start service Intent { act=com.iflytek.autofly.carpropertyservice pkg=com.iflytek.autofly.platformservice } U=0: not found
11-15 20:13:12.352  2827  3088 W ContextImpl: Calling a method in the system process without a qualified user: android.app.ContextImpl.bindService:1611 android.content.ContextWrapper.bindService:698 com.iflytek.autofly.carpropertyservice.util.CarPropertyManager.initClient:113 com.iflytek.autofly.carpropertyservice.util.CarPropertyManager.serviceCheck:132 com.iflytek.autofly.carpropertyservice.util.CarPropertyManager.getCarProperty:249 
11-15 20:13:12.353  2044  2569 W ActivityManager: Unable to start service Intent { act=com.iflytek.autofly.carpropertyservice pkg=com.iflytek.autofly.platformservice } U=0: not found
11-15 20:13:12.355  2827  3088 W ContextImpl: Calling a method in the system process without a qualified user: android.app.ContextImpl.bindService:1611 android.content.ContextWrapper.bindService:698 com.iflytek.autofly.carpropertyservice.util.CarPropertyManager.initClient:113 com.iflytek.autofly.carpropertyservice.util.CarPropertyManager.serviceCheck:132 com.iflytek.autofly.carpropertyservice.util.CarPropertyManager.getCarProperty:249 
11-15 20:13:12.356  2044 17289 W ActivityManager: Unable to start service Intent { act=com.iflytek.autofly.carpropertyservice pkg=com.iflytek.autofly.platformservice } U=0: not found
11-15 20:13:12.358  2827  3088 W ContextImpl: Calling a method in the system process without a qualified user: android.app.ContextImpl.bindService:1611 android.content.ContextWrapper.bindService:698 com.iflytek.autofly.carpropertyservice.util.CarPropertyManager.initClient:113 com.iflytek.autofly.carpropertyservice.util.CarPropertyManager.serviceCheck:132 com.iflytek.autofly.carpropertyservice.util.CarPropertyManager.getCarProperty:249 
11-15 20:13:12.363  2044  2569 W ActivityManager: Unable to start service Intent { act=com.iflytek.autofly.carpropertyservice pkg=com.iflytek.autofly.platformservice } U=0: not found
11-15 20:13:12.365  2827  3088 W ContextImpl: Calling a method in the system process without a qualified user: android.app.ContextImpl.bindService:1611 android.content.ContextWrapper.bindService:698 com.iflytek.autofly.carpropertyservice.util.CarPropertyManager.initClient:113 com.iflytek.autofly.carpropertyservice.util.CarPropertyManager.serviceCheck:132 com.iflytek.autofly.carpropertyservice.util.CarPropertyManager.getCarProperty:249 
11-15 20:13:12.366  2044  2569 W ActivityManager: Unable to start service Intent { act=com.iflytek.autofly.carpropertyservice pkg=com.iflytek.autofly.platformservice } U=0: not found
11-15 20:13:12.366  2827  3088 W ContextImpl: Calling a method in the system process without a qualified user: android.app.ContextImpl.bindService:1611 android.content.ContextWrapper.bindService:698 com.iflytek.autofly.carpropertyservice.util.CarPropertyManager.initClient:113 com.iflytek.autofly.carpropertyservice.util.CarPropertyManager.serviceCheck:132 com.iflytek.autofly.carpropertyservice.util.CarPropertyManager.getCarProperty:249 
11-15 20:13:12.367  2044  2569 W ActivityManager: Unable to start service Intent { act=com.iflytek.autofly.carpropertyservice pkg=com.iflytek.autofly.platformservice } U=0: not found
11-15 20:13:12.367  2827  3088 W ContextImpl: Calling a method in the system process without a qualified user: android.app.ContextImpl.bindService:1611 android.content.ContextWrapper.bindService:698 com.iflytek.autofly.carpropertyservice.util.CarPropertyManager.initClient:113 com.iflytek.autofly.carpropertyservice.util.CarPropertyManager.serviceCheck:132 com.iflytek.autofly.carpropertyservice.util.CarPropertyManager.getCarProperty:249 
11-15 20:13:12.368  2044  2569 W ActivityManager: Unable to start service Intent { act=com.iflytek.autofly.carpropertyservice pkg=com.iflytek.autofly.platformservice } U=0: not found
11-15 20:13:12.369  2827  3088 W ContextImpl: Calling a method in the system process without a qualified user: android.app.ContextImpl.bindService:1611 android.content.ContextWrapper.bindService:698 com.iflytek.autofly.carpropertyservice.util.CarPropertyManager.initClient:113 com.iflytek.autofly.carpropertyservice.util.CarPropertyManager.serviceCheck:132 com.iflytek.autofly.carpropertyservice.util.CarPropertyManager.getCarProperty:249 
11-15 20:13:12.370  2044  2569 W ActivityManager: Unable to start service Intent { act=com.iflytek.autofly.carpropertyservice pkg=com.iflytek.autofly.platformservice } U=0: not found
11-15 20:13:12.370  2827  3088 W ContextImpl: Calling a method in the system process without a qualified user: android.app.ContextImpl.bindService:1611 android.content.ContextWrapper.bindService:698 com.iflytek.autofly.carpropertyservice.util.CarPropertyManager.initClient:113 com.iflytek.autofly.carpropertyservice.util.CarPropertyManager.serviceCheck:132 com.iflytek.autofly.carpropertyservice.util.CarPropertyManager.getCarProperty:249 
11-15 20:13:12.370  2044  2569 W ActivityManager: Unable to start service Intent { act=com.iflytek.autofly.carpropertyservice pkg=com.iflytek.autofly.platformservice } U=0: not found
11-15 20:13:12.372  2827  3088 W ContextImpl: Calling a method in the system process without a qualified user: android.app.ContextImpl.bindService:1611 android.content.ContextWrapper.bindService:698 com.iflytek.autofly.carpropertyservice.util.CarPropertyManager.initClient:113 com.iflytek.autofly.carpropertyservice.util.CarPropertyManager.serviceCheck:132 com.iflytek.autofly.carpropertyservice.util.CarPropertyManager.getCarProperty:249 
11-15 20:13:12.372  2044  2569 W ActivityManager: Unable to start service Intent { act=com.iflytek.autofly.carpropertyservice pkg=com.iflytek.autofly.platformservice } U=0: not found
11-15 20:13:12.373  2827  3088 W ContextImpl: Calling a method in the system process without a qualified user: android.app.ContextImpl.bindService:1611 android.content.ContextWrapper.bindService:698 com.iflytek.autofly.carpropertyservice.util.CarPropertyManager.initClient:113 com.iflytek.autofly.carpropertyservice.util.CarPropertyManager.serviceCheck:132 com.iflytek.autofly.carpropertyservice.util.CarPropertyManager.getCarProperty:249 
11-15 20:13:12.379  2044 17289 W ActivityManager: Unable to start service Intent { act=com.iflytek.autofly.carpropertyservice pkg=com.iflytek.autofly.platformservice } U=0: not found
11-15 20:13:12.394  2044 17289 W ActivityManager: Unable to start service Intent { cmp=com.android.printspooler/.model.PrintSpoolerService } U=0: not found
11-15 20:13:13.023  2827  2827 W ContextImpl: Calling a method in the system process without a qualified user: android.app.ContextImpl.bindService:1611 android.content.ContextWrapper.bindService:698 com.iflytek.autofly.systemservice.util.FlySystemManager.initClient:195 com.iflytek.autofly.systemservice.util.FlySystemManager.serviceCheck:215 com.iflytek.autofly.systemservice.util.FlySystemManager.registerListener:290 
11-15 20:13:13.025  2044  2569 W ActivityManager: Unable to start service Intent { act=com.iflytek.autofly.systemservice pkg=com.iflytek.autofly.platformservice } U=0: not found
11-15 20:13:15.029  2827  2827 W ContextImpl: Calling a method in the system process without a qualified user: android.app.ContextImpl.bindService:1611 android.content.ContextWrapper.bindService:698 com.iflytek.autofly.systemservice.util.FlySystemManager.initClient:195 com.iflytek.autofly.systemservice.util.FlySystemManager.serviceCheck:215 com.iflytek.autofly.systemservice.util.FlySystemManager.registerListener:290 
11-15 20:13:15.038  2044 14426 W ActivityManager: Unable to start service Intent { act=com.iflytek.autofly.systemservice pkg=com.iflytek.autofly.platformservice } U=0: not found
11-15 20:13:17.040  2827  2827 W ContextImpl: Calling a method in the system process without a qualified user: android.app.ContextImpl.bindService:1611 android.content.ContextWrapper.bindService:698 com.iflytek.autofly.systemservice.util.FlySystemManager.initClient:195 com.iflytek.autofly.systemservice.util.FlySystemManager.serviceCheck:215 com.iflytek.autofly.systemservice.util.FlySystemManager.registerListener:290 
11-15 20:13:17.041  2044 14426 W ActivityManager: Unable to start service Intent { act=com.iflytek.autofly.systemservice pkg=com.iflytek.autofly.platformservice } U=0: not found
11-15 20:13:17.382  2827  3088 E ActivityThread: Failed to find provider info for com.iflytek.contentProvider.LocationProvider
11-15 20:13:17.383  2827  3088 W ContextImpl: Calling a method in the system process without a qualified user: android.app.ContextImpl.bindService:1611 android.content.ContextWrapper.bindService:698 com.iflytek.autofly.carpropertyservice.util.CarPropertyManager.initClient:113 com.iflytek.autofly.carpropertyservice.util.CarPropertyManager.serviceCheck:132 com.iflytek.autofly.carpropertyservice.util.CarPropertyManager.getCarProperty:249 
11-15 20:13:17.385  2044 14426 W ActivityManager: Unable to start service Intent { act=com.iflytek.autofly.carpropertyservice pkg=com.iflytek.autofly.platformservice } U=0: not found
11-15 20:13:17.388  2827  3088 W ContextImpl: Calling a method in the system process without a qualified user: android.app.ContextImpl.bindService:1611 android.content.ContextWrapper.bindService:698 com.iflytek.autofly.carpropertyservice.util.CarPropertyManager.initClient:113 com.iflytek.autofly.carpropertyservice.util.CarPropertyManager.serviceCheck:132 com.iflytek.autofly.carpropertyservice.util.CarPropertyManager.getCarProperty:249 
11-15 20:13:17.390  2044 14426 W ActivityManager: Unable to start service Intent { act=com.iflytek.autofly.carpropertyservice pkg=com.iflytek.autofly.platformservice } U=0: not found
11-15 20:13:17.395  2827  3088 W ContextImpl: Calling a method in the system process without a qualified user: android.app.ContextImpl.bindService:1611 android.content.ContextWrapper.bindService:698 com.iflytek.autofly.carpropertyservice.util.CarPropertyManager.initClient:113 com.iflytek.autofly.carpropertyservice.util.CarPropertyManager.serviceCheck:132 com.iflytek.autofly.carpropertyservice.util.CarPropertyManager.getCarProperty:249 
11-15 20:13:17.396  2044 14426 W ActivityManager: Unable to start service Intent { act=com.iflytek.autofly.carpropertyservice pkg=com.iflytek.autofly.platformservice } U=0: not found
11-15 20:13:17.396  2827  3088 W ContextImpl: Calling a method in the system process without a qualified user: android.app.ContextImpl.bindService:1611 android.content.ContextWrapper.bindService:698 com.iflytek.autofly.carpropertyservice.util.CarPropertyManager.initClient:113 com.iflytek.autofly.carpropertyservice.util.CarPropertyManager.serviceCheck:132 com.iflytek.autofly.carpropertyservice.util.CarPropertyManager.getCarProperty:249 
11-15 20:13:17.397  2044 14426 W ActivityManager: Unable to start service Intent { act=com.iflytek.autofly.carpropertyservice pkg=com.iflytek.autofly.platformservice } U=0: not found
11-15 20:13:17.397  2827  3088 W ContextImpl: Calling a method in the system process without a qualified user: android.app.ContextImpl.bindService:1611 android.content.ContextWrapper.bindService:698 com.iflytek.autofly.carpropertyservice.util.CarPropertyManager.initClient:113 com.iflytek.autofly.carpropertyservice.util.CarPropertyManager.serviceCheck:132 com.iflytek.autofly.carpropertyservice.util.CarPropertyManager.getCarProperty:249 
11-15 20:13:17.397  2044 14426 W ActivityManager: Unable to start service Intent { act=com.iflytek.autofly.carpropertyservice pkg=com.iflytek.autofly.platformservice } U=0: not found
11-15 20:13:17.398  2827  3088 W ContextImpl: Calling a method in the system process without a qualified user: android.app.ContextImpl.bindService:1611 android.content.ContextWrapper.bindService:698 com.iflytek.autofly.carpropertyservice.util.CarPropertyManager.initClient:113 com.iflytek.autofly.carpropertyservice.util.CarPropertyManager.serviceCheck:132 com.iflytek.autofly.carpropertyservice.util.CarPropertyManager.getCarProperty:249 
11-15 20:13:17.398  2044 14426 W ActivityManager: Unable to start service Intent { act=com.iflytek.autofly.carpropertyservice pkg=com.iflytek.autofly.platformservice } U=0: not found
11-15 20:13:17.400  2827  3088 W ContextImpl: Calling a method in the system process without a qualified user: android.app.ContextImpl.bindService:1611 android.content.ContextWrapper.bindService:698 com.iflytek.autofly.carpropertyservice.util.CarPropertyManager.initClient:113 com.iflytek.autofly.carpropertyservice.util.CarPropertyManager.serviceCheck:132 com.iflytek.autofly.carpropertyservice.util.CarPropertyManager.getCarProperty:249 
11-15 20:13:17.400  2044 14426 W ActivityManager: Unable to start service Intent { act=com.iflytek.autofly.carpropertyservice pkg=com.iflytek.autofly.platformservice } U=0: not found
11-15 20:13:17.403  2827  3088 W ContextImpl: Calling a method in the system process without a qualified user: android.app.ContextImpl.bindService:1611 android.content.ContextWrapper.bindService:698 com.iflytek.autofly.carpropertyservice.util.CarPropertyManager.initClient:113 com.iflytek.autofly.carpropertyservice.util.CarPropertyManager.serviceCheck:132 com.iflytek.autofly.carpropertyservice.util.CarPropertyManager.getCarProperty:249 
11-15 20:13:17.404  2044 14426 W ActivityManager: Unable to start service Intent { act=com.iflytek.autofly.carpropertyservice pkg=com.iflytek.autofly.platformservice } U=0: not found
11-15 20:13:17.405  2827  3088 W ContextImpl: Calling a method in the system process without a qualified user: android.app.ContextImpl.bindService:1611 android.content.ContextWrapper.bindService:698 com.iflytek.autofly.carpropertyservice.util.CarPropertyManager.initClient:113 com.iflytek.autofly.carpropertyservice.util.CarPropertyManager.serviceCheck:132 com.iflytek.autofly.carpropertyservice.util.CarPropertyManager.getCarProperty:249 
11-15 20:13:17.405  2044 14426 W ActivityManager: Unable to start service Intent { act=com.iflytek.autofly.carpropertyservice pkg=com.iflytek.autofly.platformservice } U=0: not found
11-15 20:13:17.407  2827  3088 W ContextImpl: Calling a method in the system process without a qualified user: android.app.ContextImpl.bindService:1611 android.content.ContextWrapper.bindService:698 com.iflytek.autofly.carpropertyservice.util.CarPropertyManager.initClient:113 com.iflytek.autofly.carpropertyservice.util.CarPropertyManager.serviceCheck:132 com.iflytek.autofly.carpropertyservice.util.CarPropertyManager.getCarProperty:249 
11-15 20:13:17.407  2044 14426 W ActivityManager: Unable to start service Intent { act=com.iflytek.autofly.carpropertyservice pkg=com.iflytek.autofly.platformservice } U=0: not found
11-15 20:13:17.408  2827  3088 W ContextImpl: Calling a method in the system process without a qualified user: android.app.ContextImpl.bindService:1611 android.content.ContextWrapper.bindService:698 com.iflytek.autofly.carpropertyservice.util.CarPropertyManager.initClient:113 com.iflytek.autofly.carpropertyservice.util.CarPropertyManager.serviceCheck:132 com.iflytek.autofly.carpropertyservice.util.CarPropertyManager.getCarProperty:249 
11-15 20:13:17.408  2044 14426 W ActivityManager: Unable to start service Intent { act=com.iflytek.autofly.carpropertyservice pkg=com.iflytek.autofly.platformservice } U=0: not found
11-15 20:13:17.408  2827  3088 W ContextImpl: Calling a method in the system process without a qualified user: android.app.ContextImpl.bindService:1611 android.content.ContextWrapper.bindService:698 com.iflytek.autofly.carpropertyservice.util.CarPropertyManager.initClient:113 com.iflytek.autofly.carpropertyservice.util.CarPropertyManager.serviceCheck:132 com.iflytek.autofly.carpropertyservice.util.CarPropertyManager.getCarProperty:249 
11-15 20:13:17.409  2044 14426 W ActivityManager: Unable to start service Intent { act=com.iflytek.autofly.carpropertyservice pkg=com.iflytek.autofly.platformservice } U=0: not found
11-15 20:13:17.773  2604  2604 W ContextImpl: Calling a method in the system process without a qualified user: android.app.ContextImpl.sendBroadcast:1005 android.content.ContextWrapper.sendBroadcast:444 com.desaysv.mapservice.util.ActivityUtil.sendBroadcast:188 com.desaysv.mapservice.adapter.map.turbodog.TurboDogAdapter$3.onReceive:512 android.app.LoadedApk$ReceiverDispatcher$Args.lambda$getRunnable$0:1391 
11-15 20:13:19.050  2827  2827 W ContextImpl: Calling a method in the system process without a qualified user: android.app.ContextImpl.bindService:1611 android.content.ContextWrapper.bindService:698 com.iflytek.autofly.systemservice.util.FlySystemManager.initClient:195 com.iflytek.autofly.systemservice.util.FlySystemManager.serviceCheck:215 com.iflytek.autofly.systemservice.util.FlySystemManager.registerListener:290 
11-15 20:13:19.050  2044 14426 W ActivityManager: Unable to start service Intent { act=com.iflytek.autofly.systemservice pkg=com.iflytek.autofly.platformservice } U=0: not found
11-15 20:13:21.052  2827  2827 W ContextImpl: Calling a method in the system process without a qualified user: android.app.ContextImpl.bindService:1611 android.content.ContextWrapper.bindService:698 com.iflytek.autofly.systemservice.util.FlySystemManager.initClient:195 com.iflytek.autofly.systemservice.util.FlySystemManager.serviceCheck:215 com.iflytek.autofly.systemservice.util.FlySystemManager.registerListener:290 
11-15 20:13:21.052  2044  2272 W ActivityManager: Unable to start service Intent { act=com.iflytek.autofly.systemservice pkg=com.iflytek.autofly.platformservice } U=0: not found
11-15 20:13:22.396  2044 17289 E RemotePrintSpooler: Failed to dump remote instance
11-15 20:13:22.396  2044 17289 E RemotePrintSpooler: java.util.concurrent.TimeoutException: Cannot get spooler!
11-15 20:13:22.396  2044 17289 E RemotePrintSpooler: 	at com.android.server.print.RemotePrintSpooler.bindLocked(RemotePrintSpooler.java:634)
11-15 20:13:22.396  2044 17289 E RemotePrintSpooler: 	at com.android.server.print.RemotePrintSpooler.getRemoteInstanceLazy(RemotePrintSpooler.java:594)
11-15 20:13:22.396  2044 17289 E RemotePrintSpooler: 	at com.android.server.print.RemotePrintSpooler.dump(RemotePrintSpooler.java:571)
11-15 20:13:22.396  2044 17289 E RemotePrintSpooler: 	at com.android.server.print.UserState.dump(UserState.java:869)
11-15 20:13:22.396  2044 17289 E RemotePrintSpooler: 	at com.android.server.print.PrintManagerService$PrintManagerImpl.dump(PrintManagerService.java:783)
11-15 20:13:22.396  2044 17289 E RemotePrintSpooler: 	at com.android.server.print.PrintManagerService$PrintManagerImpl.dump(PrintManagerService.java:725)
11-15 20:13:22.396  2044 17289 E RemotePrintSpooler: 	at android.os.Binder.doDump(Binder.java:571)
11-15 20:13:22.396  2044 17289 E RemotePrintSpooler: 	at android.os.Binder.dump(Binder.java:561)
11-15 20:13:22.396  2044 17289 E RemotePrintSpooler: 	at android.os.Binder.onTransact(Binder.java:511)
11-15 20:13:22.396  2044 17289 E RemotePrintSpooler: 	at android.print.IPrintManager$Stub.onTransact(IPrintManager.java:398)
11-15 20:13:22.396  2044 17289 E RemotePrintSpooler: 	at android.os.Binder.execTransact(Binder.java:731)
11-15 20:13:22.423  2827  3088 E ActivityThread: Failed to find provider info for com.iflytek.contentProvider.LocationProvider
11-15 20:13:22.423  2827  3088 W ContextImpl: Calling a method in the system process without a qualified user: android.app.ContextImpl.bindService:1611 android.content.ContextWrapper.bindService:698 com.iflytek.autofly.carpropertyservice.util.CarPropertyManager.initClient:113 com.iflytek.autofly.carpropertyservice.util.CarPropertyManager.serviceCheck:132 com.iflytek.autofly.carpropertyservice.util.CarPropertyManager.getCarProperty:249 
11-15 20:13:22.424  2044  2569 W ActivityManager: Unable to start service Intent { act=com.iflytek.autofly.carpropertyservice pkg=com.iflytek.autofly.platformservice } U=0: not found
