11-15 20:12:39.874  2044  2470 E ActivityManager: 	at com.android.server.am.ActivityManagerService.checkBroadcastFromSystem(ActivityManagerService.java:21498)
11-15 20:12:39.874  2044  2470 E ActivityManager: 	at com.android.server.am.ActivityManagerService.broadcastIntentLocked(ActivityManagerService.java:22017)
11-15 20:12:39.874  2044  2470 E ActivityManager: 	at com.android.server.am.ActivityManagerService.broadcastIntent(ActivityManagerService.java:22252)
11-15 20:12:39.874  2044  2470 E ActivityManager: 	at android.app.IActivityManager$Stub.onTransact$broadcastIntent$(IActivityManager.java:10175)
11-15 20:12:39.874  2044  2470 E ActivityManager: 	at android.app.IActivityManager$Stub.onTransact(IActivityManager.java:167)
11-15 20:12:39.874  2044  2470 E ActivityManager: 	at com.android.server.am.ActivityManagerService.onTransact(ActivityManagerService.java:3346)
11-15 20:12:39.874  2044  2470 E ActivityManager: 	at android.os.Binder.execTransact(Binder.java:731)
11-15 20:12:39.875  2044  2470 E ActivityManager: Sending non-protected broadcast android.bluetooth.avrcp-controller.profile.PLAY_STATUS_CHANGED from system 2658:com.android.bluetooth/1002 pkg com.android.bluetooth
11-15 20:12:39.875  2044  2470 E ActivityManager: java.lang.Throwable
11-15 20:12:39.875  2044  2470 E ActivityManager: 	at com.android.server.am.ActivityManagerService.checkBroadcastFromSystem(ActivityManagerService.java:21498)
11-15 20:12:39.875  2044  2470 E ActivityManager: 	at com.android.server.am.ActivityManagerService.broadcastIntentLocked(ActivityManagerService.java:22110)
11-15 20:12:39.875  2044  2470 E ActivityManager: 	at com.android.server.am.ActivityManagerService.broadcastIntent(ActivityManagerService.java:22252)
11-15 20:12:39.875  2044  2470 E ActivityManager: 	at android.app.IActivityManager$Stub.onTransact$broadcastIntent$(IActivityManager.java:10175)
11-15 20:12:39.875  2044  2470 E ActivityManager: 	at android.app.IActivityManager$Stub.onTransact(IActivityManager.java:167)
11-15 20:12:39.875  2044  2470 E ActivityManager: 	at com.android.server.am.ActivityManagerService.onTransact(ActivityManagerService.java:3346)
11-15 20:12:39.875  2044  2470 E ActivityManager: 	at android.os.Binder.execTransact(Binder.java:731)
11-15 20:12:39.931  2044  2142 E WifiVendorHal: getWifiLinkLayerStats(l.937) failed {.code = ERROR_NOT_AVAILABLE, .description = }
11-15 20:12:39.957  2742  2742 I PlatoformUtil-ConfigUtil: [loadConfig] carConfig1:affc2de5
11-15 20:12:39.957  2742  2742 I PlatoformUtil-ConfigUtil: [loadConfig] carConfig2:5f01491f
11-15 20:12:39.957  2742  2742 I PlatoformUtil-ConfigUtil: [loadConfig] carConfig3:509ecc7003092a52
11-15 20:12:39.957  2742  2742 I PlatoformUtil-ConfigUtil: [loadConfig] carConfig4:2800f02312000010
11-15 20:12:39.957  2742  2742 I PlatoformUtil-ConfigUtil: [loadConfig] carConfig5:0802901400000f00
11-15 20:12:39.957  2742  2742 I PlatoformUtil-ConfigUtil: [loadConfig] carConfig6:0000000000000000
11-15 20:12:39.957  2742  2742 I PlatoformUtil-ConfigUtil: carConfig load success
11-15 20:12:39.968  2742  2742 I PlatoformUtil-ConfigT1DImpl: [getConfig] carConfig1:[175, 252, 45, 229]
11-15 20:12:39.968  2742  2742 I PlatoformUtil-ConfigT1DImpl: [getConfig] carConfig2:[95, 1, 73, 31]
11-15 20:12:39.968  2742  2742 I PlatoformUtil-ConfigT1DImpl: [getConfig] carConfig3:[80, 158, 204, 112, 3, 9, 42, 82]
11-15 20:12:39.968  2742  2742 I PlatoformUtil-ConfigT1DImpl: [getConfig] carConfig4:[40, 0, 240, 35, 18, 0, 0, 16]
11-15 20:12:39.969  2742  2742 I PlatoformUtil-ConfigT1DImpl: [getConfig] carConfig5:[8, 2, 144, 20, 0, 0, 15, 0]
11-15 20:12:39.969  2742  2742 I PlatoformUtil-ConfigT1DImpl: [getConfig] carConfig6:[0, 0, 0, 0, 0, 0, 0, 0]
11-15 20:12:39.976  3576  3576 I GpsManager: onSatelliteStatusChanged  GPS satelliteCount = 11 azimuthDegrees = 1.0 carrierFrequencyHz = 0.0 cn0DbHz = 29.0 elevationDegrees = 6.0 svId = 4 hasAlmanacData = true hasCarrierFrequencyHz = false hasEphemerisData = true usedInFix = true
11-15 20:12:39.976  3576  3576 I GpsManager: onSatelliteStatusChanged  GPS satelliteCount = 11 azimuthDegrees = 40.0 carrierFrequencyHz = 0.0 cn0DbHz = 22.0 elevationDegrees = 21.0 svId = 6 hasAlmanacData = true hasCarrierFrequencyHz = false hasEphemerisData = true usedInFix = true
11-15 20:12:39.976  3576  3576 I GpsManager: onSatelliteStatusChanged  GPS satelliteCount = 11 azimuthDegrees = 82.0 carrierFrequencyHz = 0.0 cn0DbHz = 39.0 elevationDegrees = 48.0 svId = 11 hasAlmanacData = true hasCarrierFrequencyHz = false hasEphemerisData = true usedInFix = true
11-15 20:12:39.976  3576  3576 I GpsManager: onSatelliteStatusChanged  GPS satelliteCount = 11 azimuthDegrees = 125.0 carrierFrequencyHz = 0.0 cn0DbHz = 34.0 elevationDegrees = 45.0 svId = 12 hasAlmanacData = true hasCarrierFrequencyHz = false hasEphemerisData = true usedInFix = true
11-15 20:12:39.976  3576  3576 I GpsManager: onSatelliteStatusChanged  GPS satelliteCount = 11 azimuthDegrees = 105.0 carrierFrequencyHz = 0.0 cn0DbHz = 35.0 elevationDegrees = 18.0 svId = 20 hasAlmanacData = true hasCarrierFrequencyHz = false hasEphemerisData = true usedInFix = true
11-15 20:12:39.976  3576  3576 I GpsManager: onSatelliteStatusChanged  GPS satelliteCount = 11 azimuthDegrees = 101.0 carrierFrequencyHz = 0.0 cn0DbHz = 35.0 elevationDegrees = 9.0 svId = 21 hasAlmanacData = true hasCarrierFrequencyHz = false hasEphemerisData = true usedInFix = true
11-15 20:12:39.976  3576  3576 I GpsManager: onSatelliteStatusChanged  GPS satelliteCount = 11 azimuthDegrees = 177.0 carrierFrequencyHz = 0.0 cn0DbHz = 33.0 elevationDegrees = 73.0 svId = 25 hasAlmanacData = true hasCarrierFrequencyHz = false hasEphemerisData = true usedInFix = true
11-15 20:12:39.976  3576  3576 I GpsManager: onSatelliteStatusChanged  GPS satelliteCount = 11 azimuthDegrees = 298.0 carrierFrequencyHz = 0.0 cn0DbHz = 25.0 elevationDegrees = 2.0 svId = 26 hasAlmanacData = true hasCarrierFrequencyHz = false hasEphemerisData = true usedInFix = true
11-15 20:12:39.976  3576  3576 I GpsManager: onSatelliteStatusChanged  GPS satelliteCount = 11 azimuthDegrees = 281.0 carrierFrequencyHz = 0.0 cn0DbHz = 35.0 elevationDegrees = 43.0 svId = 28 hasAlmanacData = true hasCarrierFrequencyHz = false hasEphemerisData = true usedInFix = true
11-15 20:12:39.976  3576  3576 I GpsManager: onSatelliteStatusChanged  GPS satelliteCount = 11 azimuthDegrees = 230.0 carrierFrequencyHz = 0.0 cn0DbHz = 35.0 elevationDegrees = 51.0 svId = 29 hasAlmanacData = true hasCarrierFrequencyHz = false hasEphemerisData = true usedInFix = true
11-15 20:12:39.976  3576  3576 I GpsManager: onSatelliteStatusChanged  GPS satelliteCount = 11 azimuthDegrees = 312.0 carrierFrequencyHz = 0.0 cn0DbHz = 35.0 elevationDegrees = 25.0 svId = 31 hasAlmanacData = true hasCarrierFrequencyHz = false hasEphemerisData = true usedInFix = true
11-15 20:12:40.015  3576  3710 I SYS_TBoxUtilLocal: onNetworkStatus: networkBean = NetworkBean{URI='content://tbox.automotive.neusoft.com/NetworkStatusNotification', DataConnection=false, SimCardRegistraionStatus=false, MobileNetworkType='NoNetwork', Roaming=false, SignalStrength=-1, RouterIPAddress='', VPNIPAddress=''}
11-15 20:12:40.016  2283  2305 I SYS_TBoxUtilLocal: onNetworkStatus: networkBean = NetworkBean{URI='content://tbox.automotive.neusoft.com/NetworkStatusNotification', DataConnection=false, SimCardRegistraionStatus=false, MobileNetworkType='NoNetwork', Roaming=false, SignalStrength=-1, RouterIPAddress='', VPNIPAddress=''}
11-15 20:12:40.850  1703  3094 I teseo_hal_LocServiceProxy: Send satellite list: 7 satellites, 4 gps, 0 glonass, 0 galileo, 3 beidou, 0 others
11-15 20:12:40.864  2658  3327 I FlcAvrcpControllerInterface: getPlaybackState: address = [-12, 57, -90, -127, -3, -61]
11-15 20:12:40.940 14428 14428 E H3NCustomCenter: Receive message:turbodog.system.navigation.message, code=201, data=0
11-15 20:12:40.944  2658  3227 I FlcAvrcpControllerCallback: onPlayPositionChanged: address = [-12, 57, -90, -127, -3, -61] songLen = 195906 currSongPosition = 58179
11-15 20:12:40.944  2742  2742 I PlatoformUtil-ConfigUtil: [loadConfig] carConfig1:affc2de5
11-15 20:12:40.944  2742  2742 I PlatoformUtil-ConfigUtil: [loadConfig] carConfig2:5f01491f
11-15 20:12:40.944  2742  2742 I PlatoformUtil-ConfigUtil: [loadConfig] carConfig3:509ecc7003092a52
11-15 20:12:40.945  2742  2742 I PlatoformUtil-ConfigUtil: [loadConfig] carConfig4:2800f02312000010
11-15 20:12:40.945  2742  2742 I PlatoformUtil-ConfigUtil: [loadConfig] carConfig5:0802901400000f00
11-15 20:12:40.945  2742  2742 I PlatoformUtil-ConfigUtil: [loadConfig] carConfig6:0000000000000000
11-15 20:12:40.945  2742  2742 I PlatoformUtil-ConfigUtil: carConfig load success
11-15 20:12:40.945  2658  3227 I FlcAvrcpControllerCallback: onPlayStatusChanged: address = [-12, 57, -90, -127, -3, -61] playStatus = 1
11-15 20:12:40.946  2742  2742 I PlatoformUtil-ConfigT1DImpl: [getConfig] carConfig1:[175, 252, 45, 229]
11-15 20:12:40.946  2742  2742 I PlatoformUtil-ConfigT1DImpl: [getConfig] carConfig2:[95, 1, 73, 31]
11-15 20:12:40.946  2742  2742 I PlatoformUtil-ConfigT1DImpl: [getConfig] carConfig3:[80, 158, 204, 112, 3, 9, 42, 82]
11-15 20:12:40.946  2742  2742 I PlatoformUtil-ConfigT1DImpl: [getConfig] carConfig4:[40, 0, 240, 35, 18, 0, 0, 16]
11-15 20:12:40.946  2742  2742 I PlatoformUtil-ConfigT1DImpl: [getConfig] carConfig5:[8, 2, 144, 20, 0, 0, 15, 0]
11-15 20:12:40.946  2742  2742 I PlatoformUtil-ConfigT1DImpl: [getConfig] carConfig6:[0, 0, 0, 0, 0, 0, 0, 0]
11-15 20:12:40.951  3576  3576 I GpsManager: onSatelliteStatusChanged  GPS satelliteCount = 11 azimuthDegrees = 1.0 carrierFrequencyHz = 0.0 cn0DbHz = 29.0 elevationDegrees = 6.0 svId = 4 hasAlmanacData = true hasCarrierFrequencyHz = false hasEphemerisData = true usedInFix = true
11-15 20:12:40.952  3576  3576 I GpsManager: onSatelliteStatusChanged  GPS satelliteCount = 11 azimuthDegrees = 40.0 carrierFrequencyHz = 0.0 cn0DbHz = 23.0 elevationDegrees = 21.0 svId = 6 hasAlmanacData = true hasCarrierFrequencyHz = false hasEphemerisData = true usedInFix = true
11-15 20:12:40.952  3576  3576 I GpsManager: onSatelliteStatusChanged  GPS satelliteCount = 11 azimuthDegrees = 82.0 carrierFrequencyHz = 0.0 cn0DbHz = 39.0 elevationDegrees = 48.0 svId = 11 hasAlmanacData = true hasCarrierFrequencyHz = false hasEphemerisData = true usedInFix = true
11-15 20:12:40.952  3576  3576 I GpsManager: onSatelliteStatusChanged  GPS satelliteCount = 11 azimuthDegrees = 125.0 carrierFrequencyHz = 0.0 cn0DbHz = 34.0 elevationDegrees = 45.0 svId = 12 hasAlmanacData = true hasCarrierFrequencyHz = false hasEphemerisData = true usedInFix = true
11-15 20:12:40.952  3576  3576 I GpsManager: onSatelliteStatusChanged  GPS satelliteCount = 11 azimuthDegrees = 105.0 carrierFrequencyHz = 0.0 cn0DbHz = 34.0 elevationDegrees = 18.0 svId = 20 hasAlmanacData = true hasCarrierFrequencyHz = false hasEphemerisData = true usedInFix = true
11-15 20:12:40.952  3576  3576 I GpsManager: onSatelliteStatusChanged  GPS satelliteCount = 11 azimuthDegrees = 101.0 carrierFrequencyHz = 0.0 cn0DbHz = 35.0 elevationDegrees = 9.0 svId = 21 hasAlmanacData = true hasCarrierFrequencyHz = false hasEphemerisData = true usedInFix = true
11-15 20:12:40.952  3576  3576 I GpsManager: onSatelliteStatusChanged  GPS satelliteCount = 11 azimuthDegrees = 177.0 carrierFrequencyHz = 0.0 cn0DbHz = 34.0 elevationDegrees = 73.0 svId = 25 hasAlmanacData = true hasCarrierFrequencyHz = false hasEphemerisData = true usedInFix = true
11-15 20:12:40.952  3576  3576 I GpsManager: onSatelliteStatusChanged  GPS satelliteCount = 11 azimuthDegrees = 298.0 carrierFrequencyHz = 0.0 cn0DbHz = 25.0 elevationDegrees = 2.0 svId = 26 hasAlmanacData = true hasCarrierFrequencyHz = false hasEphemerisData = true usedInFix = true
11-15 20:12:40.952  3576  3576 I GpsManager: onSatelliteStatusChanged  GPS satelliteCount = 11 azimuthDegrees = 281.0 carrierFrequencyHz = 0.0 cn0DbHz = 36.0 elevationDegrees = 43.0 svId = 28 hasAlmanacData = true hasCarrierFrequencyHz = false hasEphemerisData = true usedInFix = true
11-15 20:12:40.952  3576  3576 I GpsManager: onSatelliteStatusChanged  GPS satelliteCount = 11 azimuthDegrees = 230.0 carrierFrequencyHz = 0.0 cn0DbHz = 35.0 elevationDegrees = 51.0 svId = 29 hasAlmanacData = true hasCarrierFrequencyHz = false hasEphemerisData = true usedInFix = true
11-15 20:12:40.952  3576  3576 I GpsManager: onSatelliteStatusChanged  GPS satelliteCount = 11 azimuthDegrees = 312.0 carrierFrequencyHz = 0.0 cn0DbHz = 35.0 elevationDegrees = 25.0 svId = 31 hasAlmanacData = true hasCarrierFrequencyHz = false hasEphemerisData = true usedInFix = true
11-15 20:12:40.966  2044  6803 E ActivityManager: Sending non-protected broadcast android.bluetooth.avrcp-controller.profile.PLAY_STATUS_CHANGED from system 2658:com.android.bluetooth/1002 pkg com.android.bluetooth
11-15 20:12:40.966  2044  6803 E ActivityManager: java.lang.Throwable
11-15 20:12:40.966  2044  6803 E ActivityManager: 	at com.android.server.am.ActivityManagerService.checkBroadcastFromSystem(ActivityManagerService.java:21498)
11-15 20:12:40.966  2044  6803 E ActivityManager: 	at com.android.server.am.ActivityManagerService.broadcastIntentLocked(ActivityManagerService.java:22017)
11-15 20:12:40.966  2044  6803 E ActivityManager: 	at com.android.server.am.ActivityManagerService.broadcastIntent(ActivityManagerService.java:22252)
11-15 20:12:40.966  2044  6803 E ActivityManager: 	at android.app.IActivityManager$Stub.onTransact$broadcastIntent$(IActivityManager.java:10175)
11-15 20:12:40.966  2044  6803 E ActivityManager: 	at android.app.IActivityManager$Stub.onTransact(IActivityManager.java:167)
11-15 20:12:40.966  2044  6803 E ActivityManager: 	at com.android.server.am.ActivityManagerService.onTransact(ActivityManagerService.java:3346)
11-15 20:12:40.966  2044  6803 E ActivityManager: 	at android.os.Binder.execTransact(Binder.java:731)
11-15 20:12:40.966  2044  6803 E ActivityManager: Sending non-protected broadcast android.bluetooth.avrcp-controller.profile.PLAY_STATUS_CHANGED from system 2658:com.android.bluetooth/1002 pkg com.android.bluetooth
11-15 20:12:40.966  2044  6803 E ActivityManager: java.lang.Throwable
11-15 20:12:40.966  2044  6803 E ActivityManager: 	at com.android.server.am.ActivityManagerService.checkBroadcastFromSystem(ActivityManagerService.java:21498)
11-15 20:12:40.966  2044  6803 E ActivityManager: 	at com.android.server.am.ActivityManagerService.broadcastIntentLocked(ActivityManagerService.java:22110)
11-15 20:12:40.966  2044  6803 E ActivityManager: 	at com.android.server.am.ActivityManagerService.broadcastIntent(ActivityManagerService.java:22252)
11-15 20:12:40.966  2044  6803 E ActivityManager: 	at android.app.IActivityManager$Stub.onTransact$broadcastIntent$(IActivityManager.java:10175)
11-15 20:12:40.966  2044  6803 E ActivityManager: 	at android.app.IActivityManager$Stub.onTransact(IActivityManager.java:167)
11-15 20:12:40.966  2044  6803 E ActivityManager: 	at com.android.server.am.ActivityManagerService.onTransact(ActivityManagerService.java:3346)
11-15 20:12:40.966  2044  6803 E ActivityManager: 	at android.os.Binder.execTransact(Binder.java:731)
11-15 20:12:41.476  2827  3088 E ActivityThread: Failed to find provider info for com.iflytek.contentProvider.LocationProvider
11-15 20:12:41.476  2827  3088 W ContextImpl: Calling a method in the system process without a qualified user: android.app.ContextImpl.bindService:1611 android.content.ContextWrapper.bindService:698 com.iflytek.autofly.carpropertyservice.util.CarPropertyManager.initClient:113 com.iflytek.autofly.carpropertyservice.util.CarPropertyManager.serviceCheck:132 com.iflytek.autofly.carpropertyservice.util.CarPropertyManager.getCarProperty:249 
11-15 20:12:41.478  2044 14819 W ActivityManager: Unable to start service Intent { act=com.iflytek.autofly.carpropertyservice pkg=com.iflytek.autofly.platformservice } U=0: not found
11-15 20:12:41.482  2827  3088 W ContextImpl: Calling a method in the system process without a qualified user: android.app.ContextImpl.bindService:1611 android.content.ContextWrapper.bindService:698 com.iflytek.autofly.carpropertyservice.util.CarPropertyManager.initClient:113 com.iflytek.autofly.carpropertyservice.util.CarPropertyManager.serviceCheck:132 com.iflytek.autofly.carpropertyservice.util.CarPropertyManager.getCarProperty:249 
11-15 20:12:41.488  2044 14819 W ActivityManager: Unable to start service Intent { act=com.iflytek.autofly.carpropertyservice pkg=com.iflytek.autofly.platformservice } U=0: not found
11-15 20:12:41.489  2827  3088 W ContextImpl: Calling a method in the system process without a qualified user: android.app.ContextImpl.bindService:1611 android.content.ContextWrapper.bindService:698 com.iflytek.autofly.carpropertyservice.util.CarPropertyManager.initClient:113 com.iflytek.autofly.carpropertyservice.util.CarPropertyManager.serviceCheck:132 com.iflytek.autofly.carpropertyservice.util.CarPropertyManager.getCarProperty:249 
11-15 20:12:41.490  2044 14819 W ActivityManager: Unable to start service Intent { act=com.iflytek.autofly.carpropertyservice pkg=com.iflytek.autofly.platformservice } U=0: not found
11-15 20:12:41.490  2827  3088 W ContextImpl: Calling a method in the system process without a qualified user: android.app.ContextImpl.bindService:1611 android.content.ContextWrapper.bindService:698 com.iflytek.autofly.carpropertyservice.util.CarPropertyManager.initClient:113 com.iflytek.autofly.carpropertyservice.util.CarPropertyManager.serviceCheck:132 com.iflytek.autofly.carpropertyservice.util.CarPropertyManager.getCarProperty:249 
11-15 20:12:41.491  2044 14819 W ActivityManager: Unable to start service Intent { act=com.iflytek.autofly.carpropertyservice pkg=com.iflytek.autofly.platformservice } U=0: not found
11-15 20:12:41.491  2827  3088 W ContextImpl: Calling a method in the system process without a qualified user: android.app.ContextImpl.bindService:1611 android.content.ContextWrapper.bindService:698 com.iflytek.autofly.carpropertyservice.util.CarPropertyManager.initClient:113 com.iflytek.autofly.carpropertyservice.util.CarPropertyManager.serviceCheck:132 com.iflytek.autofly.carpropertyservice.util.CarPropertyManager.getCarProperty:249 
11-15 20:12:41.493  2044 14819 W ActivityManager: Unable to start service Intent { act=com.iflytek.autofly.carpropertyservice pkg=com.iflytek.autofly.platformservice } U=0: not found
11-15 20:12:41.494  2827  3088 W ContextImpl: Calling a method in the system process without a qualified user: android.app.ContextImpl.bindService:1611 android.content.ContextWrapper.bindService:698 com.iflytek.autofly.carpropertyservice.util.CarPropertyManager.initClient:113 com.iflytek.autofly.carpropertyservice.util.CarPropertyManager.serviceCheck:132 com.iflytek.autofly.carpropertyservice.util.CarPropertyManager.getCarProperty:249 
11-15 20:12:41.495  2044 14819 W ActivityManager: Unable to start service Intent { act=com.iflytek.autofly.carpropertyservice pkg=com.iflytek.autofly.platformservice } U=0: not found
11-15 20:12:41.498  2827  3088 W ContextImpl: Calling a method in the system process without a qualified user: android.app.ContextImpl.bindService:1611 android.content.ContextWrapper.bindService:698 com.iflytek.autofly.carpropertyservice.util.CarPropertyManager.initClient:113 com.iflytek.autofly.carpropertyservice.util.CarPropertyManager.serviceCheck:132 com.iflytek.autofly.carpropertyservice.util.CarPropertyManager.getCarProperty:249 
11-15 20:12:41.500  2044 14819 W ActivityManager: Unable to start service Intent { act=com.iflytek.autofly.carpropertyservice pkg=com.iflytek.autofly.platformservice } U=0: not found
11-15 20:12:41.502  2827  3088 W ContextImpl: Calling a method in the system process without a qualified user: android.app.ContextImpl.bindService:1611 android.content.ContextWrapper.bindService:698 com.iflytek.autofly.carpropertyservice.util.CarPropertyManager.initClient:113 com.iflytek.autofly.carpropertyservice.util.CarPropertyManager.serviceCheck:132 com.iflytek.autofly.carpropertyservice.util.CarPropertyManager.getCarProperty:249 
11-15 20:12:41.502  2044 14819 W ActivityManager: Unable to start service Intent { act=com.iflytek.autofly.carpropertyservice pkg=com.iflytek.autofly.platformservice } U=0: not found
11-15 20:12:41.503  2827  3088 W ContextImpl: Calling a method in the system process without a qualified user: android.app.ContextImpl.bindService:1611 android.content.ContextWrapper.bindService:698 com.iflytek.autofly.carpropertyservice.util.CarPropertyManager.initClient:113 com.iflytek.autofly.carpropertyservice.util.CarPropertyManager.serviceCheck:132 com.iflytek.autofly.carpropertyservice.util.CarPropertyManager.getCarProperty:249 
11-15 20:12:41.503  2044 14819 W ActivityManager: Unable to start service Intent { act=com.iflytek.autofly.carpropertyservice pkg=com.iflytek.autofly.platformservice } U=0: not found
11-15 20:12:41.504  2827  3088 W ContextImpl: Calling a method in the system process without a qualified user: android.app.ContextImpl.bindService:1611 android.content.ContextWrapper.bindService:698 com.iflytek.autofly.carpropertyservice.util.CarPropertyManager.initClient:113 com.iflytek.autofly.carpropertyservice.util.CarPropertyManager.serviceCheck:132 com.iflytek.autofly.carpropertyservice.util.CarPropertyManager.getCarProperty:249 
11-15 20:12:41.505  2044 14819 W ActivityManager: Unable to start service Intent { act=com.iflytek.autofly.carpropertyservice pkg=com.iflytek.autofly.platformservice } U=0: not found
11-15 20:12:41.505  2827  3088 W ContextImpl: Calling a method in the system process without a qualified user: android.app.ContextImpl.bindService:1611 android.content.ContextWrapper.bindService:698 com.iflytek.autofly.carpropertyservice.util.CarPropertyManager.initClient:113 com.iflytek.autofly.carpropertyservice.util.CarPropertyManager.serviceCheck:132 com.iflytek.autofly.carpropertyservice.util.CarPropertyManager.getCarProperty:249 
11-15 20:12:41.506  2044 14819 W ActivityManager: Unable to start service Intent { act=com.iflytek.autofly.carpropertyservice pkg=com.iflytek.autofly.platformservice } U=0: not found
11-15 20:12:41.506  2827  3088 W ContextImpl: Calling a method in the system process without a qualified user: android.app.ContextImpl.bindService:1611 android.content.ContextWrapper.bindService:698 com.iflytek.autofly.carpropertyservice.util.CarPropertyManager.initClient:113 com.iflytek.autofly.carpropertyservice.util.CarPropertyManager.serviceCheck:132 com.iflytek.autofly.carpropertyservice.util.CarPropertyManager.getCarProperty:249 
11-15 20:12:41.506  2044 14819 W ActivityManager: Unable to start service Intent { act=com.iflytek.autofly.carpropertyservice pkg=com.iflytek.autofly.platformservice } U=0: not found
11-15 20:12:41.724  1579  2039 I vehiclelan|commonProxy: begin to writeMessage msgType = 0x1005 subtype = 1 ret = 0
11-15 20:12:41.835 17214 17214 I pidof   : type=1400 audit(0.0:26684): avc: denied { read } for scontext=u:r:direct_network_config:s0 tcontext=u:r:adbd:s0 tclass=file permissive=1
11-15 20:12:41.839 17214 17214 I pidof   : type=1400 audit(0.0:26685): avc: denied { open } for path="/proc/1877/comm" dev="proc" ino=546085 scontext=u:r:direct_network_config:s0 tcontext=u:r:adbd:s0 tclass=file permissive=1
11-15 20:12:41.852  1703  3094 I teseo_hal_LocServiceProxy: Send satellite list: 7 satellites, 4 gps, 0 glonass, 0 galileo, 3 beidou, 0 others
11-15 20:12:41.855  2827  2827 W ContextImpl: Calling a method in the system process without a qualified user: android.app.ContextImpl.bindService:1611 android.content.ContextWrapper.bindService:698 com.iflytek.autofly.systemservice.util.FlySystemManager.initClient:195 com.iflytek.autofly.systemservice.util.FlySystemManager.serviceCheck:215 com.iflytek.autofly.systemservice.util.FlySystemManager.registerListener:290 
11-15 20:12:41.856  2044 14819 W ActivityManager: Unable to start service Intent { act=com.iflytek.autofly.systemservice pkg=com.iflytek.autofly.platformservice } U=0: not found
11-15 20:12:41.847 17214 17214 I pidof   : type=1400 audit(0.0:26686): avc: denied { search } for name="2283" dev="proc" ino=545904 scontext=u:r:direct_network_config:s0 tcontext=u:r:platform_app:s0:c512,c768 tclass=dir permissive=1
11-15 20:12:41.953  2742  2742 I PlatoformUtil-ConfigUtil: [loadConfig] carConfig1:affc2de5
11-15 20:12:41.954  2742  2742 I PlatoformUtil-ConfigUtil: [loadConfig] carConfig2:5f01491f
11-15 20:12:41.954  2742  2742 I PlatoformUtil-ConfigUtil: [loadConfig] carConfig3:509ecc7003092a52
11-15 20:12:41.954  2742  2742 I PlatoformUtil-ConfigUtil: [loadConfig] carConfig4:2800f02312000010
11-15 20:12:41.954  2742  2742 I PlatoformUtil-ConfigUtil: [loadConfig] carConfig5:0802901400000f00
11-15 20:12:41.954  2742  2742 I PlatoformUtil-ConfigUtil: [loadConfig] carConfig6:0000000000000000
11-15 20:12:41.954  2742  2742 I PlatoformUtil-ConfigUtil: carConfig load success
11-15 20:12:41.956  2742  2742 I PlatoformUtil-ConfigT1DImpl: [getConfig] carConfig1:[175, 252, 45, 229]
11-15 20:12:41.956  2742  2742 I PlatoformUtil-ConfigT1DImpl: [getConfig] carConfig2:[95, 1, 73, 31]
11-15 20:12:41.956  2742  2742 I PlatoformUtil-ConfigT1DImpl: [getConfig] carConfig3:[80, 158, 204, 112, 3, 9, 42, 82]
11-15 20:12:41.956  2742  2742 I PlatoformUtil-ConfigT1DImpl: [getConfig] carConfig4:[40, 0, 240, 35, 18, 0, 0, 16]
11-15 20:12:41.956  2742  2742 I PlatoformUtil-ConfigT1DImpl: [getConfig] carConfig5:[8, 2, 144, 20, 0, 0, 15, 0]
11-15 20:12:41.956  2742  2742 I PlatoformUtil-ConfigT1DImpl: [getConfig] carConfig6:[0, 0, 0, 0, 0, 0, 0, 0]
11-15 20:12:41.963  3576  3576 I GpsManager: onSatelliteStatusChanged  GPS satelliteCount = 11 azimuthDegrees = 1.0 carrierFrequencyHz = 0.0 cn0DbHz = 29.0 elevationDegrees = 6.0 svId = 4 hasAlmanacData = true hasCarrierFrequencyHz = false hasEphemerisData = true usedInFix = true
11-15 20:12:41.963  3576  3576 I GpsManager: onSatelliteStatusChanged  GPS satelliteCount = 11 azimuthDegrees = 40.0 carrierFrequencyHz = 0.0 cn0DbHz = 21.0 elevationDegrees = 21.0 svId = 6 hasAlmanacData = true hasCarrierFrequencyHz = false hasEphemerisData = true usedInFix = true
11-15 20:12:41.963  3576  3576 I GpsManager: onSatelliteStatusChanged  GPS satelliteCount = 11 azimuthDegrees = 82.0 carrierFrequencyHz = 0.0 cn0DbHz = 39.0 elevationDegrees = 48.0 svId = 11 hasAlmanacData = true hasCarrierFrequencyHz = false hasEphemerisData = true usedInFix = true
11-15 20:12:41.963  3576  3576 I GpsManager: onSatelliteStatusChanged  GPS satelliteCount = 11 azimuthDegrees = 125.0 carrierFrequencyHz = 0.0 cn0DbHz = 35.0 elevationDegrees = 45.0 svId = 12 hasAlmanacData = true hasCarrierFrequencyHz = false hasEphemerisData = true usedInFix = true
11-15 20:12:41.963  3576  3576 I GpsManager: onSatelliteStatusChanged  GPS satelliteCount = 11 azimuthDegrees = 105.0 carrierFrequencyHz = 0.0 cn0DbHz = 35.0 elevationDegrees = 18.0 svId = 20 hasAlmanacData = true hasCarrierFrequencyHz = false hasEphemerisData = true usedInFix = true
11-15 20:12:41.963  3576  3576 I GpsManager: onSatelliteStatusChanged  GPS satelliteCount = 11 azimuthDegrees = 101.0 carrierFrequencyHz = 0.0 cn0DbHz = 35.0 elevationDegrees = 9.0 svId = 21 hasAlmanacData = true hasCarrierFrequencyHz = false hasEphemerisData = true usedInFix = true
11-15 20:12:41.963  3576  3576 I GpsManager: onSatelliteStatusChanged  GPS satelliteCount = 11 azimuthDegrees = 177.0 carrierFrequencyHz = 0.0 cn0DbHz = 34.0 elevationDegrees = 73.0 svId = 25 hasAlmanacData = true hasCarrierFrequencyHz = false hasEphemerisData = true usedInFix = true
11-15 20:12:41.963  3576  3576 I GpsManager: onSatelliteStatusChanged  GPS satelliteCount = 11 azimuthDegrees = 298.0 carrierFrequencyHz = 0.0 cn0DbHz = 24.0 elevationDegrees = 2.0 svId = 26 hasAlmanacData = true hasCarrierFrequencyHz = false hasEphemerisData = true usedInFix = true
11-15 20:12:41.963  3576  3576 I GpsManager: onSatelliteStatusChanged  GPS satelliteCount = 11 azimuthDegrees = 281.0 carrierFrequencyHz = 0.0 cn0DbHz = 36.0 elevationDegrees = 43.0 svId = 28 hasAlmanacData = true hasCarrierFrequencyHz = false hasEphemerisData = true usedInFix = true
11-15 20:12:41.963  3576  3576 I GpsManager: onSatelliteStatusChanged  GPS satelliteCount = 11 azimuthDegrees = 230.0 carrierFrequencyHz = 0.0 cn0DbHz = 36.0 elevationDegrees = 51.0 svId = 29 hasAlmanacData = true hasCarrierFrequencyHz = false hasEphemerisData = true usedInFix = true
11-15 20:12:41.963  3576  3576 I GpsManager: onSatelliteStatusChanged  GPS satelliteCount = 11 azimuthDegrees = 312.0 carrierFrequencyHz = 0.0 cn0DbHz = 35.0 elevationDegrees = 25.0 svId = 31 hasAlmanacData = true hasCarrierFrequencyHz = false hasEphemerisData = true usedInFix = true
11-15 20:12:41.964  2658  3327 I FlcAvrcpControllerInterface: getPlaybackState: address = [-12, 57, -90, -127, -3, -61]
11-15 20:12:41.989  2658  3227 I FlcAvrcpControllerCallback: onPlayPositionChanged: address = [-12, 57, -90, -127, -3, -61] songLen = 195906 currSongPosition = 59258
11-15 20:12:41.990  2658  3227 I FlcAvrcpControllerCallback: onPlayStatusChanged: address = [-12, 57, -90, -127, -3, -61] playStatus = 1
11-15 20:12:41.996  2044  6803 E ActivityManager: Sending non-protected broadcast android.bluetooth.avrcp-controller.profile.PLAY_STATUS_CHANGED from system 2658:com.android.bluetooth/1002 pkg com.android.bluetooth
11-15 20:12:41.996  2044  6803 E ActivityManager: java.lang.Throwable
11-15 20:12:41.996  2044  6803 E ActivityManager: 	at com.android.server.am.ActivityManagerService.checkBroadcastFromSystem(ActivityManagerService.java:21498)
11-15 20:12:41.996  2044  6803 E ActivityManager: 	at com.android.server.am.ActivityManagerService.broadcastIntentLocked(ActivityManagerService.java:22017)
11-15 20:12:41.996  2044  6803 E ActivityManager: 	at com.android.server.am.ActivityManagerService.broadcastIntent(ActivityManagerService.java:22252)
11-15 20:12:41.996  2044  6803 E ActivityManager: 	at android.app.IActivityManager$Stub.onTransact$broadcastIntent$(IActivityManager.java:10175)
11-15 20:12:41.996  2044  6803 E ActivityManager: 	at android.app.IActivityManager$Stub.onTransact(IActivityManager.java:167)
11-15 20:12:41.996  2044  6803 E ActivityManager: 	at com.android.server.am.ActivityManagerService.onTransact(ActivityManagerService.java:3346)
11-15 20:12:41.996  2044  6803 E ActivityManager: 	at android.os.Binder.execTransact(Binder.java:731)
11-15 20:12:41.996  2044  6803 E ActivityManager: Sending non-protected broadcast android.bluetooth.avrcp-controller.profile.PLAY_STATUS_CHANGED from system 2658:com.android.bluetooth/1002 pkg com.android.bluetooth
11-15 20:12:41.996  2044  6803 E ActivityManager: java.lang.Throwable
11-15 20:12:41.996  2044  6803 E ActivityManager: 	at com.android.server.am.ActivityManagerService.checkBroadcastFromSystem(ActivityManagerService.java:21498)
11-15 20:12:41.996  2044  6803 E ActivityManager: 	at com.android.server.am.ActivityManagerService.broadcastIntentLocked(ActivityManagerService.java:22110)
11-15 20:12:41.996  2044  6803 E ActivityManager: 	at com.android.server.am.ActivityManagerService.broadcastIntent(ActivityManagerService.java:22252)
11-15 20:12:41.996  2044  6803 E ActivityManager: 	at android.app.IActivityManager$Stub.onTransact$broadcastIntent$(IActivityManager.java:10175)
11-15 20:12:41.996  2044  6803 E ActivityManager: 	at android.app.IActivityManager$Stub.onTransact(IActivityManager.java:167)
11-15 20:12:41.996  2044  6803 E ActivityManager: 	at com.android.server.am.ActivityManagerService.onTransact(ActivityManagerService.java:3346)
11-15 20:12:41.996  2044  6803 E ActivityManager: 	at android.os.Binder.execTransact(Binder.java:731)
11-15 20:12:42.122 14428 14428 E H3NCustomCenter: Receive message:turbodog.system.navigation.message, code=202, data=1
11-15 20:12:42.642  2180  2180 W CarStateManagerService: <VehiclePower>send type is:0;temp is:0
11-15 20:12:42.851  1703  3094 I teseo_hal_LocServiceProxy: Send satellite list: 7 satellites, 4 gps, 0 glonass, 0 galileo, 3 beidou, 0 others
11-15 20:12:42.944  2742  2742 I PlatoformUtil-ConfigUtil: [loadConfig] carConfig1:affc2de5
11-15 20:12:42.945  2742  2742 I PlatoformUtil-ConfigUtil: [loadConfig] carConfig2:5f01491f
11-15 20:12:42.945  2742  2742 I PlatoformUtil-ConfigUtil: [loadConfig] carConfig3:509ecc7003092a52
11-15 20:12:42.945  2742  2742 I PlatoformUtil-ConfigUtil: [loadConfig] carConfig4:2800f02312000010
11-15 20:12:42.945  2742  2742 I PlatoformUtil-ConfigUtil: [loadConfig] carConfig5:0802901400000f00
11-15 20:12:42.945  2742  2742 I PlatoformUtil-ConfigUtil: [loadConfig] carConfig6:0000000000000000
11-15 20:12:42.945  2742  2742 I PlatoformUtil-ConfigUtil: carConfig load success
11-15 20:12:42.954  2742  2742 I PlatoformUtil-ConfigT1DImpl: [getConfig] carConfig1:[175, 252, 45, 229]
11-15 20:12:42.954  2742  2742 I PlatoformUtil-ConfigT1DImpl: [getConfig] carConfig2:[95, 1, 73, 31]
11-15 20:12:42.955  2742  2742 I PlatoformUtil-ConfigT1DImpl: [getConfig] carConfig3:[80, 158, 204, 112, 3, 9, 42, 82]
11-15 20:12:42.955  2742  2742 I PlatoformUtil-ConfigT1DImpl: [getConfig] carConfig4:[40, 0, 240, 35, 18, 0, 0, 16]
11-15 20:12:42.955  2742  2742 I PlatoformUtil-ConfigT1DImpl: [getConfig] carConfig5:[8, 2, 144, 20, 0, 0, 15, 0]
11-15 20:12:42.955  2742  2742 I PlatoformUtil-ConfigT1DImpl: [getConfig] carConfig6:[0, 0, 0, 0, 0, 0, 0, 0]
11-15 20:12:42.958  2044  2142 E WifiVendorHal: getWifiLinkLayerStats(l.937) failed {.code = ERROR_NOT_AVAILABLE, .description = }
11-15 20:12:42.962  3576  3576 I GpsManager: onSatelliteStatusChanged  GPS satelliteCount = 11 azimuthDegrees = 0.0 carrierFrequencyHz = 0.0 cn0DbHz = 29.0 elevationDegrees = 6.0 svId = 4 hasAlmanacData = true hasCarrierFrequencyHz = false hasEphemerisData = true usedInFix = true
11-15 20:12:42.962  3576  3576 I GpsManager: onSatelliteStatusChanged  GPS satelliteCount = 11 azimuthDegrees = 40.0 carrierFrequencyHz = 0.0 cn0DbHz = 21.0 elevationDegrees = 20.0 svId = 6 hasAlmanacData = true hasCarrierFrequencyHz = false hasEphemerisData = true usedInFix = true
11-15 20:12:42.962  3576  3576 I GpsManager: onSatelliteStatusChanged  GPS satelliteCount = 11 azimuthDegrees = 81.0 carrierFrequencyHz = 0.0 cn0DbHz = 39.0 elevationDegrees = 48.0 svId = 11 hasAlmanacData = true hasCarrierFrequencyHz = false hasEphemerisData = true usedInFix = true
11-15 20:12:42.962  3576  3576 I GpsManager: onSatelliteStatusChanged  GPS satelliteCount = 11 azimuthDegrees = 126.0 carrierFrequencyHz = 0.0 cn0DbHz = 35.0 elevationDegrees = 43.0 svId = 12 hasAlmanacData = true hasCarrierFrequencyHz = false hasEphemerisData = true usedInFix = true
11-15 20:12:42.962  3576  3576 I GpsManager: onSatelliteStatusChanged  GPS satelliteCount = 11 azimuthDegrees = 104.0 carrierFrequencyHz = 0.0 cn0DbHz = 34.0 elevationDegrees = 18.0 svId = 20 hasAlmanacData = true hasCarrierFrequencyHz = false hasEphemerisData = true usedInFix = true
11-15 20:12:42.962  3576  3576 I GpsManager: onSatelliteStatusChanged  GPS satelliteCount = 11 azimuthDegrees = 101.0 carrierFrequencyHz = 0.0 cn0DbHz = 35.0 elevationDegrees = 9.0 svId = 21 hasAlmanacData = true hasCarrierFrequencyHz = false hasEphemerisData = true usedInFix = true
11-15 20:12:42.962  3576  3576 I GpsManager: onSatelliteStatusChanged  GPS satelliteCount = 11 azimuthDegrees = 174.0 carrierFrequencyHz = 0.0 cn0DbHz = 34.0 elevationDegrees = 73.0 svId = 25 hasAlmanacData = true hasCarrierFrequencyHz = false hasEphemerisData = true usedInFix = true
11-15 20:12:42.962  3576  3576 I GpsManager: onSatelliteStatusChanged  GPS satelliteCount = 11 azimuthDegrees = 298.0 carrierFrequencyHz = 0.0 cn0DbHz = 24.0 elevationDegrees = 2.0 svId = 26 hasAlmanacData = true hasCarrierFrequencyHz = false hasEphemerisData = true usedInFix = true
11-15 20:12:42.962  3576  3576 I GpsManager: onSatelliteStatusChanged  GPS satelliteCount = 11 azimuthDegrees = 279.0 carrierFrequencyHz = 0.0 cn0DbHz = 36.0 elevationDegrees = 43.0 svId = 28 hasAlmanacData = true hasCarrierFrequencyHz = false hasEphemerisData = true usedInFix = true
11-15 20:12:42.962  3576  3576 I GpsManager: onSatelliteStatusChanged  GPS satelliteCount = 11 azimuthDegrees = 230.0 carrierFrequencyHz = 0.0 cn0DbHz = 35.0 elevationDegrees = 52.0 svId = 29 hasAlmanacData = true hasCarrierFrequencyHz = false hasEphemerisData = true usedInFix = true
11-15 20:12:42.962  3576  3576 I GpsManager: onSatelliteStatusChanged  GPS satelliteCount = 11 azimuthDegrees = 312.0 carrierFrequencyHz = 0.0 cn0DbHz = 35.0 elevationDegrees = 25.0 svId = 31 hasAlmanacData = true hasCarrierFrequencyHz = false hasEphemerisData = true usedInFix = true
11-15 20:12:42.995  2658  3327 I FlcAvrcpControllerInterface: getPlaybackState: address = [-12, 57, -90, -127, -3, -61]
11-15 20:12:43.063  2658  3227 I FlcAvrcpControllerCallback: onPlayPositionChanged: address = [-12, 57, -90, -127, -3, -61] songLen = 195906 currSongPosition = 60311
11-15 20:12:43.064  2658  3227 I FlcAvrcpControllerCallback: onPlayStatusChanged: address = [-12, 57, -90, -127, -3, -61] playStatus = 1
11-15 20:12:43.075  2044  6803 E ActivityManager: Sending non-protected broadcast android.bluetooth.avrcp-controller.profile.PLAY_STATUS_CHANGED from system 2658:com.android.bluetooth/1002 pkg com.android.bluetooth
11-15 20:12:43.075  2044  6803 E ActivityManager: java.lang.Throwable
11-15 20:12:43.075  2044  6803 E ActivityManager: 	at com.android.server.am.ActivityManagerService.checkBroadcastFromSystem(ActivityManagerService.java:21498)
11-15 20:12:43.075  2044  6803 E ActivityManager: 	at com.android.server.am.ActivityManagerService.broadcastIntentLocked(ActivityManagerService.java:22017)
11-15 20:12:43.075  2044  6803 E ActivityManager: 	at com.android.server.am.ActivityManagerService.broadcastIntent(ActivityManagerService.java:22252)
11-15 20:12:43.075  2044  6803 E ActivityManager: 	at android.app.IActivityManager$Stub.onTransact$broadcastIntent$(IActivityManager.java:10175)
11-15 20:12:43.075  2044  6803 E ActivityManager: 	at android.app.IActivityManager$Stub.onTransact(IActivityManager.java:167)
11-15 20:12:43.075  2044  6803 E ActivityManager: 	at com.android.server.am.ActivityManagerService.onTransact(ActivityManagerService.java:3346)
11-15 20:12:43.075  2044  6803 E ActivityManager: 	at android.os.Binder.execTransact(Binder.java:731)
11-15 20:12:43.076  2044  6803 E ActivityManager: Sending non-protected broadcast android.bluetooth.avrcp-controller.profile.PLAY_STATUS_CHANGED from system 2658:com.android.bluetooth/1002 pkg com.android.bluetooth
11-15 20:12:43.076  2044  6803 E ActivityManager: java.lang.Throwable
11-15 20:12:43.076  2044  6803 E ActivityManager: 	at com.android.server.am.ActivityManagerService.checkBroadcastFromSystem(ActivityManagerService.java:21498)
11-15 20:12:43.076  2044  6803 E ActivityManager: 	at com.android.server.am.ActivityManagerService.broadcastIntentLocked(ActivityManagerService.java:22110)
11-15 20:12:43.076  2044  6803 E ActivityManager: 	at com.android.server.am.ActivityManagerService.broadcastIntent(ActivityManagerService.java:22252)
11-15 20:12:43.076  2044  6803 E ActivityManager: 	at android.app.IActivityManager$Stub.onTransact$broadcastIntent$(IActivityManager.java:10175)
11-15 20:12:43.076  2044  6803 E ActivityManager: 	at android.app.IActivityManager$Stub.onTransact(IActivityManager.java:167)
11-15 20:12:43.076  2044  6803 E ActivityManager: 	at com.android.server.am.ActivityManagerService.onTransact(ActivityManagerService.java:3346)
11-15 20:12:43.076  2044  6803 E ActivityManager: 	at android.os.Binder.execTransact(Binder.java:731)
11-15 20:12:43.275 14428 14428 E H3NCustomCenter: Receive message:turbodog.system.navigation.message, code=201, data=0
11-15 20:12:43.849  1703  3094 I teseo_hal_LocServiceProxy: Send satellite list: 7 satellites, 4 gps, 0 glonass, 0 galileo, 3 beidou, 0 others
11-15 20:12:43.858  2827  2827 W ContextImpl: Calling a method in the system process without a qualified user: android.app.ContextImpl.bindService:1611 android.content.ContextWrapper.bindService:698 com.iflytek.autofly.systemservice.util.FlySystemManager.initClient:195 com.iflytek.autofly.systemservice.util.FlySystemManager.serviceCheck:215 com.iflytek.autofly.systemservice.util.FlySystemManager.registerListener:290 
11-15 20:12:43.859  2044 14819 W ActivityManager: Unable to start service Intent { act=com.iflytek.autofly.systemservice pkg=com.iflytek.autofly.platformservice } U=0: not found
11-15 20:12:43.943  2742  2742 I PlatoformUtil-ConfigUtil: [loadConfig] carConfig1:affc2de5
11-15 20:12:43.943  2742  2742 I PlatoformUtil-ConfigUtil: [loadConfig] carConfig2:5f01491f
11-15 20:12:43.943  2742  2742 I PlatoformUtil-ConfigUtil: [loadConfig] carConfig3:509ecc7003092a52
11-15 20:12:43.943  2742  2742 I PlatoformUtil-ConfigUtil: [loadConfig] carConfig4:2800f02312000010
11-15 20:12:43.943  2742  2742 I PlatoformUtil-ConfigUtil: [loadConfig] carConfig5:0802901400000f00
11-15 20:12:43.943  2742  2742 I PlatoformUtil-ConfigUtil: [loadConfig] carConfig6:0000000000000000
11-15 20:12:43.943  2742  2742 I PlatoformUtil-ConfigUtil: carConfig load success
11-15 20:12:43.945  2742  2742 I PlatoformUtil-ConfigT1DImpl: [getConfig] carConfig1:[175, 252, 45, 229]
11-15 20:12:43.945  2742  2742 I PlatoformUtil-ConfigT1DImpl: [getConfig] carConfig2:[95, 1, 73, 31]
11-15 20:12:43.945  2742  2742 I PlatoformUtil-ConfigT1DImpl: [getConfig] carConfig3:[80, 158, 204, 112, 3, 9, 42, 82]
11-15 20:12:43.945  2742  2742 I PlatoformUtil-ConfigT1DImpl: [getConfig] carConfig4:[40, 0, 240, 35, 18, 0, 0, 16]
11-15 20:12:43.945  2742  2742 I PlatoformUtil-ConfigT1DImpl: [getConfig] carConfig5:[8, 2, 144, 20, 0, 0, 15, 0]
11-15 20:12:43.945  2742  2742 I PlatoformUtil-ConfigT1DImpl: [getConfig] carConfig6:[0, 0, 0, 0, 0, 0, 0, 0]
11-15 20:12:43.958  3576  3576 I GpsManager: onSatelliteStatusChanged  GPS satelliteCount = 11 azimuthDegrees = 0.0 carrierFrequencyHz = 0.0 cn0DbHz = 28.0 elevationDegrees = 6.0 svId = 4 hasAlmanacData = true hasCarrierFrequencyHz = false hasEphemerisData = true usedInFix = true
11-15 20:12:43.958  3576  3576 I GpsManager: onSatelliteStatusChanged  GPS satelliteCount = 11 azimuthDegrees = 40.0 carrierFrequencyHz = 0.0 cn0DbHz = 20.0 elevationDegrees = 20.0 svId = 6 hasAlmanacData = true hasCarrierFrequencyHz = false hasEphemerisData = true usedInFix = true
11-15 20:12:43.958  3576  3576 I GpsManager: onSatelliteStatusChanged  GPS satelliteCount = 11 azimuthDegrees = 81.0 carrierFrequencyHz = 0.0 cn0DbHz = 39.0 elevationDegrees = 48.0 svId = 11 hasAlmanacData = true hasCarrierFrequencyHz = false hasEphemerisData = true usedInFix = true
11-15 20:12:43.958  3576  3576 I GpsManager: onSatelliteStatusChanged  GPS satelliteCount = 11 azimuthDegrees = 126.0 carrierFrequencyHz = 0.0 cn0DbHz = 35.0 elevationDegrees = 43.0 svId = 12 hasAlmanacData = true hasCarrierFrequencyHz = false hasEphemerisData = true usedInFix = true
11-15 20:12:43.958  3576  3576 I GpsManager: onSatelliteStatusChanged  GPS satelliteCount = 11 azimuthDegrees = 104.0 carrierFrequencyHz = 0.0 cn0DbHz = 35.0 elevationDegrees = 18.0 svId = 20 hasAlmanacData = true hasCarrierFrequencyHz = false hasEphemerisData = true usedInFix = true
11-15 20:12:43.958  3576  3576 I GpsManager: onSatelliteStatusChanged  GPS satelliteCount = 11 azimuthDegrees = 101.0 carrierFrequencyHz = 0.0 cn0DbHz = 35.0 elevationDegrees = 9.0 svId = 21 hasAlmanacData = true hasCarrierFrequencyHz = false hasEphemerisData = true usedInFix = true
11-15 20:12:43.958  3576  3576 I GpsManager: onSatelliteStatusChanged  GPS satelliteCount = 11 azimuthDegrees = 174.0 carrierFrequencyHz = 0.0 cn0DbHz = 34.0 elevationDegrees = 73.0 svId = 25 hasAlmanacData = true hasCarrierFrequencyHz = false hasEphemerisData = true usedInFix = true
11-15 20:12:43.958  3576  3576 I GpsManager: onSatelliteStatusChanged  GPS satelliteCount = 11 azimuthDegrees = 298.0 carrierFrequencyHz = 0.0 cn0DbHz = 25.0 elevationDegrees = 2.0 svId = 26 hasAlmanacData = true hasCarrierFrequencyHz = false hasEphemerisData = true usedInFix = true
11-15 20:12:43.958  3576  3576 I GpsManager: onSatelliteStatusChanged  GPS satelliteCount = 11 azimuthDegrees = 279.0 carrierFrequencyHz = 0.0 cn0DbHz = 36.0 elevationDegrees = 43.0 svId = 28 hasAlmanacData = true hasCarrierFrequencyHz = false hasEphemerisData = true usedInFix = true
11-15 20:12:43.958  3576  3576 I GpsManager: onSatelliteStatusChanged  GPS satelliteCount = 11 azimuthDegrees = 230.0 carrierFrequencyHz = 0.0 cn0DbHz = 35.0 elevationDegrees = 52.0 svId = 29 hasAlmanacData = true hasCarrierFrequencyHz = false hasEphemerisData = true usedInFix = true
11-15 20:12:43.958  3576  3576 I GpsManager: onSatelliteStatusChanged  GPS satelliteCount = 11 azimuthDegrees = 312.0 carrierFrequencyHz = 0.0 cn0DbHz = 35.0 elevationDegrees = 25.0 svId = 31 hasAlmanacData = true hasCarrierFrequencyHz = false hasEphemerisData = true usedInFix = true
11-15 20:12:44.072  2658  3327 I FlcAvrcpControllerInterface: getPlaybackState: address = [-12, 57, -90, -127, -3, -61]
11-15 20:12:44.135  2658  3227 I FlcAvrcpControllerCallback: onPlayPositionChanged: address = [-12, 57, -90, -127, -3, -61] songLen = 195906 currSongPosition = 61388
11-15 20:12:44.135  2658  3227 I FlcAvrcpControllerCallback: onPlayStatusChanged: address = [-12, 57, -90, -127, -3, -61] playStatus = 1
11-15 20:12:44.147  2044  6803 E ActivityManager: Sending non-protected broadcast android.bluetooth.avrcp-controller.profile.PLAY_STATUS_CHANGED from system 2658:com.android.bluetooth/1002 pkg com.android.bluetooth
11-15 20:12:44.147  2044  6803 E ActivityManager: java.lang.Throwable
11-15 20:12:44.147  2044  6803 E ActivityManager: 	at com.android.server.am.ActivityManagerService.checkBroadcastFromSystem(ActivityManagerService.java:21498)
11-15 20:12:44.147  2044  6803 E ActivityManager: 	at com.android.server.am.ActivityManagerService.broadcastIntentLocked(ActivityManagerService.java:22017)
11-15 20:12:44.147  2044  6803 E ActivityManager: 	at com.android.server.am.ActivityManagerService.broadcastIntent(ActivityManagerService.java:22252)
11-15 20:12:44.147  2044  6803 E ActivityManager: 	at android.app.IActivityManager$Stub.onTransact$broadcastIntent$(IActivityManager.java:10175)
11-15 20:12:44.147  2044  6803 E ActivityManager: 	at android.app.IActivityManager$Stub.onTransact(IActivityManager.java:167)
11-15 20:12:44.147  2044  6803 E ActivityManager: 	at com.android.server.am.ActivityManagerService.onTransact(ActivityManagerService.java:3346)
11-15 20:12:44.147  2044  6803 E ActivityManager: 	at android.os.Binder.execTransact(Binder.java:731)
11-15 20:12:44.149  2044  6803 E ActivityManager: Sending non-protected broadcast android.bluetooth.avrcp-controller.profile.PLAY_STATUS_CHANGED from system 2658:com.android.bluetooth/1002 pkg com.android.bluetooth
11-15 20:12:44.149  2044  6803 E ActivityManager: java.lang.Throwable
11-15 20:12:44.149  2044  6803 E ActivityManager: 	at com.android.server.am.ActivityManagerService.checkBroadcastFromSystem(ActivityManagerService.java:21498)
11-15 20:12:44.149  2044  6803 E ActivityManager: 	at com.android.server.am.ActivityManagerService.broadcastIntentLocked(ActivityManagerService.java:22110)
11-15 20:12:44.149  2044  6803 E ActivityManager: 	at com.android.server.am.ActivityManagerService.broadcastIntent(ActivityManagerService.java:22252)
11-15 20:12:44.149  2044  6803 E ActivityManager: 	at android.app.IActivityManager$Stub.onTransact$broadcastIntent$(IActivityManager.java:10175)
11-15 20:12:44.149  2044  6803 E ActivityManager: 	at android.app.IActivityManager$Stub.onTransact(IActivityManager.java:167)
11-15 20:12:44.149  2044  6803 E ActivityManager: 	at com.android.server.am.ActivityManagerService.onTransact(ActivityManagerService.java:3346)
11-15 20:12:44.149  2044  6803 E ActivityManager: 	at android.os.Binder.execTransact(Binder.java:731)
11-15 20:12:44.498 14428 14428 E H3NCustomCenter: Receive message:turbodog.system.navigation.message, code=202, data=1
11-15 20:12:44.849  1703  3094 I teseo_hal_LocServiceProxy: Send satellite list: 7 satellites, 4 gps, 0 glonass, 0 galileo, 3 beidou, 0 others
11-15 20:12:44.958  2742  2742 I PlatoformUtil-ConfigUtil: [loadConfig] carConfig1:affc2de5
11-15 20:12:44.958  2742  2742 I PlatoformUtil-ConfigUtil: [loadConfig] carConfig2:5f01491f
11-15 20:12:44.958  2742  2742 I PlatoformUtil-ConfigUtil: [loadConfig] carConfig3:509ecc7003092a52
11-15 20:12:44.958  2742  2742 I PlatoformUtil-ConfigUtil: [loadConfig] carConfig4:2800f02312000010
11-15 20:12:44.958  2742  2742 I PlatoformUtil-ConfigUtil: [loadConfig] carConfig5:0802901400000f00
11-15 20:12:44.958  2742  2742 I PlatoformUtil-ConfigUtil: [loadConfig] carConfig6:0000000000000000
11-15 20:12:44.958  2742  2742 I PlatoformUtil-ConfigUtil: carConfig load success
11-15 20:12:44.960  2742  2742 I PlatoformUtil-ConfigT1DImpl: [getConfig] carConfig1:[175, 252, 45, 229]
11-15 20:12:44.960  2742  2742 I PlatoformUtil-ConfigT1DImpl: [getConfig] carConfig2:[95, 1, 73, 31]
11-15 20:12:44.960  2742  2742 I PlatoformUtil-ConfigT1DImpl: [getConfig] carConfig3:[80, 158, 204, 112, 3, 9, 42, 82]
11-15 20:12:44.960  2742  2742 I PlatoformUtil-ConfigT1DImpl: [getConfig] carConfig4:[40, 0, 240, 35, 18, 0, 0, 16]
11-15 20:12:44.960  2742  2742 I PlatoformUtil-ConfigT1DImpl: [getConfig] carConfig5:[8, 2, 144, 20, 0, 0, 15, 0]
11-15 20:12:44.961  2742  2742 I PlatoformUtil-ConfigT1DImpl: [getConfig] carConfig6:[0, 0, 0, 0, 0, 0, 0, 0]
11-15 20:12:44.964  3576  3576 I GpsManager: onSatelliteStatusChanged  GPS satelliteCount = 11 azimuthDegrees = 0.0 carrierFrequencyHz = 0.0 cn0DbHz = 28.0 elevationDegrees = 6.0 svId = 4 hasAlmanacData = true hasCarrierFrequencyHz = false hasEphemerisData = true usedInFix = true
