11-15 19:25:59.520 11353 11353 I auditd  : type=1400 audit(0.0:5165): avc: denied { open } for comm="pidof" path="/proc/1234/comm" dev="proc" ino=318470 scontext=u:r:direct_network_config:s0 tcontext=u:r:vendor_init:s0 tclass=file permissive=1
11-15 19:25:59.520 11353 11353 I auditd  : type=1400 audit(0.0:5166): avc: denied { read } for comm="pidof" scontext=u:r:direct_network_config:s0 tcontext=u:r:logd:s0 tclass=file permissive=1
11-15 19:25:59.520 11353 11353 I auditd  : type=1400 audit(0.0:5167): avc: denied { read } for comm="pidof" scontext=u:r:direct_network_config:s0 tcontext=u:r:servicemanager:s0 tclass=file permissive=1
11-15 19:26:02.160 11358 11358 I auditd  : type=1400 audit(0.0:5261): avc: denied { read } for comm="pidof" scontext=u:r:direct_network_config:s0 tcontext=u:r:kernel:s0 tclass=file permissive=1
11-15 19:26:02.164 11358 11358 I auditd  : type=1400 audit(0.0:5262): avc: denied { read } for comm="pidof" scontext=u:r:direct_network_config:s0 tcontext=u:r:ueventd:s0 tclass=file permissive=1
11-15 19:26:02.164 11358 11358 I auditd  : type=1400 audit(0.0:5263): avc: denied { search } for comm="pidof" name="1" dev="proc" ino=311013 scontext=u:r:direct_network_config:s0 tcontext=u:r:init:s0 tclass=dir permissive=1
11-15 19:26:02.164 11358 11358 I auditd  : type=1400 audit(0.0:5264): avc: denied { open } for comm="pidof" path="/proc/2/comm" dev="proc" ino=311114 scontext=u:r:direct_network_config:s0 tcontext=u:r:kernel:s0 tclass=file permissive=1
11-15 19:26:02.168 11358 11358 I auditd  : type=1400 audit(0.0:5265): avc: denied { open } for comm="pidof" path="/proc/1236/comm" dev="proc" ino=318474 scontext=u:r:direct_network_config:s0 tcontext=u:r:ueventd:s0 tclass=file permissive=1
11-15 19:26:04.824 11364 11364 I auditd  : type=1400 audit(0.0:5282): avc: denied { read } for comm="pidof" scontext=u:r:direct_network_config:s0 tcontext=u:r:platform_app:s0:c512,c768 tclass=file permissive=1
11-15 19:26:04.828 11364 11364 I auditd  : type=1400 audit(0.0:5283): avc: denied { search } for comm="pidof" name="1877" dev="proc" ino=318531 scontext=u:r:direct_network_config:s0 tcontext=u:r:adbd:s0 tclass=dir permissive=1
11-15 19:26:04.828 11364 11364 I auditd  : type=1400 audit(0.0:5284): avc: denied { open } for comm="pidof" path="/proc/2283/comm" dev="proc" ino=318799 scontext=u:r:direct_network_config:s0 tcontext=u:r:platform_app:s0:c512,c768 tclass=file permissive=1
11-15 19:26:07.488 11371 11371 I auditd  : type=1400 audit(0.0:5285): avc: denied { search } for comm="pidof" name="3050" dev="proc" ino=318592 scontext=u:r:direct_network_config:s0 tcontext=u:r:mdnsd:s0 tclass=dir permissive=1
11-15 19:26:09.538  2044  2149 I netstats_mobile_sample: [0,0,0,0,0,0,0,0,0,0,0,0,1763223969662]
11-15 19:26:09.538  2044  2149 I netstats_wifi_sample: [19890,44,10740,70,19890,44,10740,70,27330,73,8416,60,1763223969662]
11-15 19:26:10.132 11379 11379 I auditd  : type=1400 audit(0.0:5286): avc: denied { read } for comm="pidof" scontext=u:r:direct_network_config:s0 tcontext=u:r:webview_zygote:s0 tclass=file permissive=1
11-15 19:26:10.132 11379 11379 I auditd  : type=1400 audit(0.0:5287): avc: denied { read } for comm="pidof" scontext=u:r:direct_network_config:s0 tcontext=u:r:hal_wifi_supplicant_default:s0 tclass=file permissive=1
11-15 19:26:10.140 11379 11379 I auditd  : type=1400 audit(0.0:5288): avc: denied { open } for comm="pidof" path="/proc/2342/comm" dev="proc" ino=318811 scontext=u:r:direct_network_config:s0 tcontext=u:r:webview_zygote:s0 tclass=file permissive=1
11-15 19:26:10.140 11379 11379 I auditd  : type=1400 audit(0.0:5289): avc: denied { open } for comm="pidof" path="/proc/2448/comm" dev="proc" ino=318813 scontext=u:r:direct_network_config:s0 tcontext=u:r:hal_wifi_supplicant_default:s0 tclass=file permissive=1
11-15 19:26:10.140 11379 11379 I auditd  : type=1400 audit(0.0:5290): avc: denied { search } for comm="pidof" name="2658" dev="proc" ino=318578 scontext=u:r:direct_network_config:s0 tcontext=u:r:bluetooth:s0 tclass=dir permissive=1
11-15 19:26:10.140 11379 11379 I auditd  : type=1400 audit(0.0:5291): avc: denied { search } for comm="pidof" name="3165" dev="proc" ino=318595 scontext=u:r:direct_network_config:s0 tcontext=u:r:mediaprovider:s0:c512,c768 tclass=dir permissive=1
11-15 19:26:20.752 11398 11398 I auditd  : type=1400 audit(0.0:5293): avc: denied { search } for comm="pidof" name="2598" dev="proc" ino=318574 scontext=u:r:direct_network_config:s0 tcontext=u:r:vehicle_shmemslaver:s0 tclass=dir permissive=1
11-15 19:26:36.632 11426 11426 I auditd  : type=1400 audit(0.0:5294): avc: denied { read } for comm="pidof" scontext=u:r:direct_network_config:s0 tcontext=u:r:vehicle_shmemslaver:s0 tclass=file permissive=1
11-15 19:26:36.644 11426 11426 I auditd  : type=1400 audit(0.0:5295): avc: denied { open } for comm="pidof" path="/proc/2598/comm" dev="proc" ino=318829 scontext=u:r:direct_network_config:s0 tcontext=u:r:vehicle_shmemslaver:s0 tclass=file permissive=1
11-15 19:26:36.644 11426 11426 I auditd  : type=1400 audit(0.0:5296): avc: denied { search } for comm="pidof" name="2605" dev="proc" ino=318576 scontext=u:r:direct_network_config:s0 tcontext=u:r:vehicle_linkdevicemanager:s0 tclass=dir permissive=1
11-15 19:26:57.916 11460 11460 I auditd  : type=1400 audit(0.0:5297): avc: denied { read } for comm="pidof" scontext=u:r:direct_network_config:s0 tcontext=u:r:vehicle_linkdevicemanager:s0 tclass=file permissive=1
11-15 19:26:57.928 11460 11460 I auditd  : type=1400 audit(0.0:5298): avc: denied { open } for comm="pidof" path="/proc/2605/comm" dev="proc" ino=318833 scontext=u:r:direct_network_config:s0 tcontext=u:r:vehicle_linkdevicemanager:s0 tclass=file permissive=1
11-15 19:27:00.052  2044  2057 I am_pss  : [10951,10047,org.kman.WifiManager,36517888,30279680,0,148922368,0,2,44]
11-15 19:27:05.876 11473 11473 I auditd  : type=1400 audit(0.0:5299): avc: denied { search } for comm="pidof" name="2342" dev="proc" ino=331384 scontext=u:r:direct_network_config:s0 tcontext=u:r:webview_zygote:s0 tclass=dir permissive=1
11-15 19:27:05.876 11473 11473 I auditd  : type=1400 audit(0.0:5300): avc: denied { search } for comm="pidof" name="2448" dev="proc" ino=331385 scontext=u:r:direct_network_config:s0 tcontext=u:r:hal_wifi_supplicant_default:s0 tclass=dir permissive=1
11-15 19:27:05.880 11473 11473 I auditd  : type=1400 audit(0.0:5301): avc: denied { read } for comm="pidof" scontext=u:r:direct_network_config:s0 tcontext=u:r:mediaprovider:s0:c512,c768 tclass=file permissive=1
11-15 19:27:05.880 11473 11473 I auditd  : type=1400 audit(0.0:5302): avc: denied { open } for comm="pidof" path="/proc/3165/comm" dev="proc" ino=331697 scontext=u:r:direct_network_config:s0 tcontext=u:r:mediaprovider:s0:c512,c768 tclass=file permissive=1
11-15 19:27:56.445  2044  2044 I commit_sys_config_file: [notification-policy,25]
11-15 19:27:56.455  2044  2044 I commit_sys_config_file: [notification-policy,10]
11-15 19:27:56.467  2044  2044 I commit_sys_config_file: [notification-policy,11]
11-15 19:27:58.843 11559 11559 I auditd  : type=1400 audit(0.0:5303): avc: denied { read } for comm="pidof" scontext=u:r:direct_network_config:s0 tcontext=u:r:adbd:s0 tclass=file permissive=1
11-15 19:27:58.843 11559 11559 I auditd  : type=1400 audit(0.0:5304): avc: denied { read } for comm="pidof" scontext=u:r:direct_network_config:s0 tcontext=u:r:svdebug:s0 tclass=file permissive=1
11-15 19:27:58.847 11559 11559 I auditd  : type=1400 audit(0.0:5305): avc: denied { read } for comm="pidof" scontext=u:r:direct_network_config:s0 tcontext=u:r:priv_app:s0:c512,c768 tclass=file permissive=1
11-15 19:27:58.851 11559 11559 I auditd  : type=1400 audit(0.0:5306): avc: denied { open } for comm="pidof" path="/proc/1877/comm" dev="proc" ino=331567 scontext=u:r:direct_network_config:s0 tcontext=u:r:adbd:s0 tclass=file permissive=1
11-15 19:27:58.851 11559 11559 I auditd  : type=1400 audit(0.0:5307): avc: denied { open } for comm="pidof" path="/proc/1878/comm" dev="proc" ino=331569 scontext=u:r:direct_network_config:s0 tcontext=u:r:svdebug:s0 tclass=file permissive=1
11-15 19:28:02.242  2044  2155 I storage_state: [41217664-9172-527a-b3d5-edabb50a7d69,0,0,26805256192,29276880896]
11-15 19:28:46.571 11637 11637 I auditd  : type=1400 audit(0.0:5310): avc: denied { read } for comm="pidof" scontext=u:r:direct_network_config:s0 tcontext=u:r:cameraserver:s0 tclass=file permissive=1
11-15 19:28:46.571 11637 11637 I auditd  : type=1400 audit(0.0:5311): avc: denied { read } for comm="pidof" scontext=u:r:direct_network_config:s0 tcontext=u:r:hal_wifi_hostapd_default:s0 tclass=file permissive=1
11-15 19:28:46.575 11637 11637 I auditd  : type=1400 audit(0.0:5312): avc: denied { search } for comm="pidof" name="1714" dev="proc" ino=331340 scontext=u:r:direct_network_config:s0 tcontext=u:r:surfaceflinger:s0 tclass=dir permissive=1
11-15 19:28:46.575 11637 11637 I auditd  : type=1400 audit(0.0:5313): avc: denied { open } for comm="pidof" path="/proc/1879/comm" dev="proc" ino=331571 scontext=u:r:direct_network_config:s0 tcontext=u:r:cameraserver:s0 tclass=file permissive=1
11-15 19:28:46.579 11637 11637 I auditd  : type=1400 audit(0.0:5314): avc: denied { open } for comm="pidof" path="/proc/3714/comm" dev="proc" ino=331719 scontext=u:r:direct_network_config:s0 tcontext=u:r:hal_wifi_hostapd_default:s0 tclass=file permissive=1
11-15 19:29:00.067  2044  2057 I am_pss  : [10951,10047,org.kman.WifiManager,36509696,30271488,0,148914176,0,2,45]
11-15 19:29:05.195 11671 11671 I auditd  : type=1400 audit(0.0:5315): avc: denied { read } for comm="pidof" scontext=u:r:direct_network_config:s0 tcontext=u:r:init:s0 tclass=file permissive=1
11-15 19:29:05.199 11671 11671 I auditd  : type=1400 audit(0.0:5316): avc: denied { open } for comm="pidof" path="/proc/1/comm" dev="proc" ino=331100 scontext=u:r:direct_network_config:s0 tcontext=u:r:init:s0 tclass=file permissive=1
11-15 19:29:05.199 11671 11671 I auditd  : type=1400 audit(0.0:5317): avc: denied { search } for comm="pidof" name="2" dev="proc" ino=331002 scontext=u:r:direct_network_config:s0 tcontext=u:r:kernel:s0 tclass=dir permissive=1
11-15 19:29:05.203 11671 11671 I auditd  : type=1400 audit(0.0:5318): avc: denied { read } for comm="pidof" scontext=u:r:direct_network_config:s0 tcontext=u:r:drmserver:s0 tclass=file permissive=1
11-15 19:29:05.203 11671 11671 I auditd  : type=1400 audit(0.0:5319): avc: denied { read } for comm="pidof" scontext=u:r:direct_network_config:s0 tcontext=u:r:dnsmasq:s0 tclass=file permissive=1
11-15 19:30:06.147 11786 11786 I auditd  : type=1400 audit(0.0:5324): avc: denied { read } for comm="pidof" scontext=u:r:direct_network_config:s0 tcontext=u:r:incidentd:s0 tclass=file permissive=1
11-15 19:30:06.147 11786 11786 I auditd  : type=1400 audit(0.0:5325): avc: denied { read } for comm="pidof" scontext=u:r:direct_network_config:s0 tcontext=u:r:installd:s0 tclass=file permissive=1
11-15 19:30:06.151 11786 11786 I auditd  : type=1400 audit(0.0:5326): avc: denied { read } for comm="pidof" scontext=u:r:direct_network_config:s0 tcontext=u:r:untrusted_app_25:s0:c512,c768 tclass=file permissive=1
11-15 19:30:06.155 11786 11786 I auditd  : type=1400 audit(0.0:5327): avc: denied { search } for comm="pidof" name="1710" dev="proc" ino=345911 scontext=u:r:direct_network_config:s0 tcontext=u:r:shell:s0 tclass=dir permissive=1
11-15 19:30:06.155 11786 11786 I auditd  : type=1400 audit(0.0:5328): avc: denied { open } for comm="pidof" path="/proc/1881/comm" dev="proc" ino=347170 scontext=u:r:direct_network_config:s0 tcontext=u:r:incidentd:s0 tclass=file permissive=1
11-15 19:30:25.474  2044  2044 I sysui_multi_action: [757,128,758,5,759,8,793,4171987,794,0,795,4171987,796,26,806,android,857,DEVELOPER,858,2,947,0,1500,4166508]
11-15 19:30:25.475  2044  2044 I notification_canceled: [-1|android|26|null|1000,8,4171987,4171987,0,-1,-1,NULL]
11-15 19:30:26.865  2044  2044 I sysui_multi_action: [757,1501,758,1,793,105,794,0,795,105,796,26,806,android,857,DEVELOPER,858,2,947,0,1500,0]
11-15 19:30:26.865  2044  2044 I sysui_histogram: [note_interruptive,0]
11-15 19:30:26.865  2044  2044 I sysui_multi_action: [757,804,799,note_interruptive,801,0,802,1]
11-15 19:30:27.471 11826 11826 I auditd  : type=1400 audit(0.0:5331): avc: denied { read } for comm="pidof" scontext=u:r:direct_network_config:s0 tcontext=u:r:zygote:s0 tclass=file permissive=1
11-15 19:30:27.475 11826 11826 I auditd  : type=1400 audit(0.0:5332): avc: denied { open } for comm="pidof" path="/proc/1541/comm" dev="proc" ino=345867 scontext=u:r:direct_network_config:s0 tcontext=u:r:zygote:s0 tclass=file permissive=1
11-15 19:30:27.479 11826 11826 I auditd  : type=1400 audit(0.0:5333): avc: denied { read } for comm="pidof" scontext=u:r:direct_network_config:s0 tcontext=u:r:keystore:s0 tclass=file permissive=1
11-15 19:30:27.479 11826 11826 I auditd  : type=1400 audit(0.0:5334): avc: denied { read } for comm="pidof" scontext=u:r:direct_network_config:s0 tcontext=u:r:mediadrmserver:s0 tclass=file permissive=1
11-15 19:30:27.479 11826 11826 I auditd  : type=1400 audit(0.0:5335): avc: denied { read } for comm="pidof" scontext=u:r:direct_network_config:s0 tcontext=u:r:mediaextractor:s0 tclass=file permissive=1
11-15 19:30:30.143 11830 11830 I auditd  : type=1400 audit(0.0:5347): avc: denied { search } for comm="pidof" name="1236" dev="proc" ino=342738 scontext=u:r:direct_network_config:s0 tcontext=u:r:ueventd:s0 tclass=dir permissive=1
11-15 19:30:48.750 11862 11862 I auditd  : type=1400 audit(0.0:5348): avc: denied { search } for comm="pidof" name="1234" dev="proc" ino=342736 scontext=u:r:direct_network_config:s0 tcontext=u:r:vendor_init:s0 tclass=dir permissive=1
11-15 19:30:48.750 11862 11862 I auditd  : type=1400 audit(0.0:5349): avc: denied { read } for comm="pidof" scontext=u:r:direct_network_config:s0 tcontext=u:r:mediaserver:s0 tclass=file permissive=1
11-15 19:30:48.750 11862 11862 I auditd  : type=1400 audit(0.0:5350): avc: denied { read } for comm="pidof" scontext=u:r:direct_network_config:s0 tcontext=u:r:statsd:s0 tclass=file permissive=1
11-15 19:30:48.754 11862 11862 I auditd  : type=1400 audit(0.0:5351): avc: denied { search } for comm="pidof" name="1584" dev="proc" ino=345887 scontext=u:r:direct_network_config:s0 tcontext=u:r:vold:s0 tclass=dir permissive=1
11-15 19:30:48.754 11862 11862 I auditd  : type=1400 audit(0.0:5352): avc: denied { search } for comm="pidof" name="1704" dev="proc" ino=345905 scontext=u:r:direct_network_config:s0 tcontext=u:r:hal_graphics_allocator_default:s0 tclass=dir permissive=1
11-15 19:30:48.754 11862 11862 I auditd  : type=1400 audit(0.0:5353): avc: denied { search } for comm="pidof" name="1705" dev="proc" ino=345906 scontext=u:r:direct_network_config:s0 tcontext=u:r:hal_graphics_composer_default:s0 tclass=dir permissive=1
11-15 19:30:48.754 11862 11862 I auditd  : type=1400 audit(0.0:5354): avc: denied { open } for comm="pidof" path="/proc/1889/comm" dev="proc" ino=347182 scontext=u:r:direct_network_config:s0 tcontext=u:r:mediaserver:s0 tclass=file permissive=1
11-15 19:30:48.754 11862 11862 I auditd  : type=1400 audit(0.0:5355): avc: denied { open } for comm="pidof" path="/proc/1895/comm" dev="proc" ino=347184 scontext=u:r:direct_network_config:s0 tcontext=u:r:statsd:s0 tclass=file permissive=1
11-15 19:30:51.398 11866 11866 I auditd  : type=1400 audit(0.0:5356): avc: denied { read } for comm="pidof" scontext=u:r:direct_network_config:s0 tcontext=u:r:logd:s0 tclass=file permissive=1
11-15 19:30:51.398 11866 11866 I auditd  : type=1400 audit(0.0:5357): avc: denied { read } for comm="pidof" scontext=u:r:direct_network_config:s0 tcontext=u:r:netd:s0 tclass=file permissive=1
11-15 19:30:51.398 11866 11866 I auditd  : type=1400 audit(0.0:5358): avc: denied { read } for comm="pidof" scontext=u:r:direct_network_config:s0 tcontext=u:r:storaged:s0 tclass=file permissive=1
11-15 19:30:51.402 11866 11866 I auditd  : type=1400 audit(0.0:5359): avc: denied { open } for comm="pidof" path="/proc/1564/comm" dev="proc" ino=346044 scontext=u:r:direct_network_config:s0 tcontext=u:r:logd:s0 tclass=file permissive=1
11-15 19:30:51.402 11866 11866 I auditd  : type=1400 audit(0.0:5360): avc: denied { open } for comm="pidof" path="/proc/1685/comm" dev="proc" ino=346066 scontext=u:r:direct_network_config:s0 tcontext=u:r:netd:s0 tclass=file permissive=1
11-15 19:30:51.402 11866 11866 I auditd  : type=1400 audit(0.0:5361): avc: denied { search } for comm="pidof" name="1702" dev="proc" ino=345903 scontext=u:r:direct_network_config:s0 tcontext=u:r:hal_gatekeeper_default:s0 tclass=dir permissive=1
11-15 19:30:56.746 11875 11875 I auditd  : type=1400 audit(0.0:5364): avc: denied { read } for comm="pidof" scontext=u:r:direct_network_config:s0 tcontext=u:r:servicemanager:s0 tclass=file permissive=1
11-15 19:30:56.746 11875 11875 I auditd  : type=1400 audit(0.0:5365): avc: denied { read } for comm="pidof" scontext=u:r:direct_network_config:s0 tcontext=u:r:wificond:s0 tclass=file permissive=1
11-15 19:30:56.750 11875 11875 I auditd  : type=1400 audit(0.0:5366): avc: denied { open } for comm="pidof" path="/proc/1565/comm" dev="proc" ino=346046 scontext=u:r:direct_network_config:s0 tcontext=u:r:servicemanager:s0 tclass=file permissive=1
11-15 19:30:56.750 11875 11875 I auditd  : type=1400 audit(0.0:5367): avc: denied { search } for comm="pidof" name="1576" dev="proc" ino=345883 scontext=u:r:direct_network_config:s0 tcontext=u:r:hal_keymaster_default:s0 tclass=dir permissive=1
11-15 19:30:56.750 11875 11875 I auditd  : type=1400 audit(0.0:5368): avc: denied { search } for comm="pidof" name="1699" dev="proc" ino=345900 scontext=u:r:direct_network_config:s0 tcontext=u:r:hal_drm_clearkey:s0 tclass=dir permissive=1
11-15 19:30:59.410 11879 11879 I auditd  : type=1400 audit(0.0:5370): avc: denied { read } for comm="pidof" scontext=u:r:direct_network_config:s0 tcontext=u:r:vendor_init:s0 tclass=file permissive=1
11-15 19:30:59.414 11879 11879 I auditd  : type=1400 audit(0.0:5371): avc: denied { open } for comm="pidof" path="/proc/1234/comm" dev="proc" ino=345861 scontext=u:r:direct_network_config:s0 tcontext=u:r:vendor_init:s0 tclass=file permissive=1
11-15 19:30:59.418 11879 11879 I auditd  : type=1400 audit(0.0:5372): avc: denied { read } for comm="pidof" scontext=u:r:direct_network_config:s0 tcontext=u:r:hwservicemanager:s0 tclass=file permissive=1
11-15 19:30:59.418 11879 11879 I auditd  : type=1400 audit(0.0:5373): avc: denied { read } for comm="pidof" scontext=u:r:direct_network_config:s0 tcontext=u:r:vndservicemanager:s0 tclass=file permissive=1
11-15 19:30:59.418 11879 11879 I auditd  : type=1400 audit(0.0:5374): avc: denied { read } for comm="pidof" scontext=u:r:direct_network_config:s0 tcontext=u:r:hal_vehicle_g6:s0 tclass=file permissive=1
11-15 19:31:02.054 11884 11884 I auditd  : type=1400 audit(0.0:5451): avc: denied { read } for comm="pidof" scontext=u:r:direct_network_config:s0 tcontext=u:r:ueventd:s0 tclass=file permissive=1
11-15 19:31:02.054 11884 11884 I auditd  : type=1400 audit(0.0:5452): avc: denied { search } for comm="pidof" name="1" dev="proc" ino=342643 scontext=u:r:direct_network_config:s0 tcontext=u:r:init:s0 tclass=dir permissive=1
11-15 19:31:02.058 11884 11884 I auditd  : type=1400 audit(0.0:5453): avc: denied { open } for comm="pidof" path="/proc/1236/comm" dev="proc" ino=345865 scontext=u:r:direct_network_config:s0 tcontext=u:r:ueventd:s0 tclass=file permissive=1
11-15 19:31:02.058 11884 11884 I auditd  : type=1400 audit(0.0:5454): avc: denied { search } for comm="pidof" name="1541" dev="proc" ino=342739 scontext=u:r:direct_network_config:s0 tcontext=u:r:zygote:s0 tclass=dir permissive=1
11-15 19:31:02.058 11884 11884 I auditd  : type=1400 audit(0.0:5455): avc: denied { read } for comm="pidof" scontext=u:r:direct_network_config:s0 tcontext=u:r:shell:s0 tclass=file permissive=1
11-15 19:31:04.766 11889 11889 I auditd  : type=1400 audit(0.0:5462): avc: denied { read } for comm="pidof" scontext=u:r:direct_network_config:s0 tcontext=u:r:lmkd:s0 tclass=file permissive=1
11-15 19:31:04.766 11889 11889 I auditd  : type=1400 audit(0.0:5463): avc: denied { read } for comm="pidof" scontext=u:r:direct_network_config:s0 tcontext=u:r:surfaceflinger:s0 tclass=file permissive=1
11-15 19:31:04.770 11889 11889 I auditd  : type=1400 audit(0.0:5464): avc: denied { open } for comm="pidof" path="/proc/1712/comm" dev="proc" ino=347140 scontext=u:r:direct_network_config:s0 tcontext=u:r:lmkd:s0 tclass=file permissive=1
11-15 19:31:04.770 11889 11889 I auditd  : type=1400 audit(0.0:5465): avc: denied { open } for comm="pidof" path="/proc/1714/comm" dev="proc" ino=347142 scontext=u:r:direct_network_config:s0 tcontext=u:r:surfaceflinger:s0 tclass=file permissive=1
11-15 19:31:04.770 11889 11889 I auditd  : type=1400 audit(0.0:5466): avc: denied { search } for comm="pidof" name="1879" dev="proc" ino=345926 scontext=u:r:direct_network_config:s0 tcontext=u:r:cameraserver:s0 tclass=dir permissive=1
11-15 19:31:07.418 11895 11895 I auditd  : type=1400 audit(0.0:5467): avc: denied { read } for comm="pidof" scontext=u:r:direct_network_config:s0 tcontext=u:r:platform_app:s0:c512,c768 tclass=file permissive=1
11-15 19:31:07.422 11895 11895 I auditd  : type=1400 audit(0.0:5468): avc: denied { search } for comm="pidof" name="1877" dev="proc" ino=345924 scontext=u:r:direct_network_config:s0 tcontext=u:r:adbd:s0 tclass=dir permissive=1
11-15 19:31:07.426 11895 11895 I auditd  : type=1400 audit(0.0:5469): avc: denied { open } for comm="pidof" path="/proc/2283/comm" dev="proc" ino=347218 scontext=u:r:direct_network_config:s0 tcontext=u:r:platform_app:s0:c512,c768 tclass=file permissive=1
11-15 19:31:12.738 11904 11904 I auditd  : type=1400 audit(0.0:5470): avc: denied { search } for comm="pidof" name="1878" dev="proc" ino=345925 scontext=u:r:direct_network_config:s0 tcontext=u:r:svdebug:s0 tclass=dir permissive=1
11-15 19:31:12.738 11904 11904 I auditd  : type=1400 audit(0.0:5471): avc: denied { search } for comm="pidof" name="3050" dev="proc" ino=345987 scontext=u:r:direct_network_config:s0 tcontext=u:r:mdnsd:s0 tclass=dir permissive=1
11-15 19:31:12.742 11904 11904 I auditd  : type=1400 audit(0.0:5472): avc: denied { search } for comm="pidof" name="3346" dev="proc" ino=345993 scontext=u:r:direct_network_config:s0 tcontext=u:r:priv_app:s0:c512,c768 tclass=dir permissive=1
11-15 19:31:31.266 11932 11932 I auditd  : type=1400 audit(0.0:5473): avc: denied { search } for comm="pidof" name="3165" dev="proc" ino=345990 scontext=u:r:direct_network_config:s0 tcontext=u:r:mediaprovider:s0:c512,c768 tclass=dir permissive=1
11-15 19:31:57.886 11985 11985 I auditd  : type=1400 audit(0.0:5474): avc: denied { read } for comm="pidof" scontext=u:r:direct_network_config:s0 tcontext=u:r:webview_zygote:s0 tclass=file permissive=1
11-15 19:31:57.902 11985 11985 I auditd  : type=1400 audit(0.0:5475): avc: denied { open } for comm="pidof" path="/proc/2342/comm" dev="proc" ino=347230 scontext=u:r:direct_network_config:s0 tcontext=u:r:webview_zygote:s0 tclass=file permissive=1
11-15 19:32:00.063  2044  2057 I am_pss  : [10951,10047,org.kman.WifiManager,36593664,30361600,0,148996096,0,2,42]
11-15 19:32:00.546 11989 11989 I auditd  : type=1400 audit(0.0:5476): avc: denied { read } for comm="pidof" scontext=u:r:direct_network_config:s0 tcontext=u:r:hal_wifi_supplicant_default:s0 tclass=file permissive=1
11-15 19:32:00.550 11989 11989 I auditd  : type=1400 audit(0.0:5477): avc: denied { open } for comm="pidof" path="/proc/2448/comm" dev="proc" ino=347232 scontext=u:r:direct_network_config:s0 tcontext=u:r:hal_wifi_supplicant_default:s0 tclass=file permissive=1
11-15 19:32:00.550 11989 11989 I auditd  : type=1400 audit(0.0:5478): avc: denied { search } for comm="pidof" name="2658" dev="proc" ino=345973 scontext=u:r:direct_network_config:s0 tcontext=u:r:bluetooth:s0 tclass=dir permissive=1
11-15 19:32:05.306  2044  2044 I commit_sys_config_file: [notification-policy,31]
11-15 19:32:05.338  2044  2044 I commit_sys_config_file: [notification-policy,15]
11-15 19:32:05.364  2044  2044 I commit_sys_config_file: [notification-policy,25]
11-15 19:32:19.150 12029 12029 I auditd  : type=1400 audit(0.0:5479): avc: denied { search } for comm="pidof" name="2598" dev="proc" ino=345969 scontext=u:r:direct_network_config:s0 tcontext=u:r:vehicle_shmemslaver:s0 tclass=dir permissive=1
11-15 19:32:23.172  2044  2064 I wm_stack_created: 3
11-15 19:32:23.215  2044  2064 I wm_task_created: [205,3]
11-15 19:32:23.235  2044  2064 I wm_task_moved: [205,0,2147483647]
11-15 19:32:23.240  2044  2064 I am_focused_stack: [0,3,1,reuseOrNewTask]
11-15 19:32:23.240  2044  2064 I am_create_task: [0,205]
11-15 19:32:23.241  2044  2064 I am_create_activity: [0,227125710,205,com.android.systemui/.usb.UsbDebuggingActivity,NULL,NULL,NULL,276824064]
11-15 19:32:23.241  2044  2064 I wm_task_moved: [205,0,2147483647]
11-15 19:32:23.249  2044  2064 I am_pause_activity: [0,264378801,org.kman.WifiManager/.WifiControlActivity,userLeaving=true]
11-15 19:32:23.253 10951 10951 I am_on_paused_called: [0,org.kman.WifiManager.WifiControlActivity,performPause]
11-15 19:32:23.274  2044  2106 I am_restart_activity: [0,227125710,205,com.android.systemui/.usb.UsbDebuggingActivity]
11-15 19:32:23.278  2044  2106 I am_set_resumed_activity: [0,com.android.systemui/.usb.UsbDebuggingActivity,minimalResumeActivityLocked]
11-15 19:32:23.302  2044  2058 I sysui_count: [window_time_0,460]
11-15 19:32:23.302  2044  2058 I sysui_multi_action: [757,803,799,window_time_0,802,460]
11-15 19:32:23.419  2283  2283 I am_on_create_called: [0,com.android.systemui.usb.UsbDebuggingActivity,performCreate]
11-15 19:32:23.425  2283  2283 I am_on_start_called: [0,com.android.systemui.usb.UsbDebuggingActivity,handleStartActivity]
11-15 19:32:23.427  2283  2283 I am_on_resume_called: [0,com.android.systemui.usb.UsbDebuggingActivity,RESUME_ACTIVITY]
11-15 19:32:23.718  2044  2057 I sysui_multi_action: [319,494,322,487,325,4305,757,761,758,8,759,2,806,com.android.systemui,871,com.android.systemui.usb.UsbDebuggingActivity,904,android,905,0,1320,9,1321,1]
11-15 19:32:23.725  2044  2057 I am_activity_launch_time: [0,227125710,com.android.systemui/.usb.UsbDebuggingActivity,487]
11-15 19:32:24.313  2044  2044 I commit_sys_config_file: [notification-policy,13]
11-15 19:32:24.470 12041 12041 I auditd  : type=1400 audit(0.0:5480): avc: denied { read } for comm="pidof" scontext=u:r:direct_network_config:s0 tcontext=u:r:adbd:s0 tclass=file permissive=1
11-15 19:32:24.470 12041 12041 I auditd  : type=1400 audit(0.0:5481): avc: denied { read } for comm="pidof" scontext=u:r:direct_network_config:s0 tcontext=u:r:vehicle_shmemslaver:s0 tclass=file permissive=1
11-15 19:32:24.470 12041 12041 I auditd  : type=1400 audit(0.0:5482): avc: denied { read } for comm="pidof" scontext=u:r:direct_network_config:s0 tcontext=u:r:vehicle_linkdevicemanager:s0 tclass=file permissive=1
11-15 19:32:24.470 12041 12041 I auditd  : type=1400 audit(0.0:5483): avc: denied { read } for comm="pidof" scontext=u:r:direct_network_config:s0 tcontext=u:r:bluetooth:s0 tclass=file permissive=1
11-15 19:32:24.474 12041 12041 I auditd  : type=1400 audit(0.0:5484): avc: denied { read } for comm="pidof" scontext=u:r:direct_network_config:s0 tcontext=u:r:mediaprovider:s0:c512,c768 tclass=file permissive=1
11-15 19:32:24.478 12041 12041 I auditd  : type=1400 audit(0.0:5485): avc: denied { open } for comm="pidof" path="/proc/1877/comm" dev="proc" ino=347162 scontext=u:r:direct_network_config:s0 tcontext=u:r:adbd:s0 tclass=file permissive=1
11-15 19:32:24.491  2044  2044 I commit_sys_config_file: [notification-policy,18]
11-15 19:32:24.482 12041 12041 I auditd  : type=1400 audit(0.0:5486): avc: denied { search } for comm="pidof" name="2283" dev="proc" ino=345954 scontext=u:r:direct_network_config:s0 tcontext=u:r:platform_app:s0:c512,c768 tclass=dir permissive=1
11-15 19:32:26.314 12049 12049 I auditd  : type=1400 audit(0.0:5493): avc: denied { open } for comm="getprop" path="/dev/__properties__/u:object_r:android_car_drawer_unlimited:s0" dev="tmpfs" ino=179 scontext=u:r:shell:s0 tcontext=u:object_r:android_car_drawer_unlimited:s0 tclass=file permissive=1
11-15 19:32:26.314 12049 12049 I auditd  : type=1400 audit(0.0:5494): avc: denied { getattr } for comm="getprop" path="/dev/__properties__/u:object_r:android_car_drawer_unlimited:s0" dev="tmpfs" ino=179 scontext=u:r:shell:s0 tcontext=u:object_r:android_car_drawer_unlimited:s0 tclass=file permissive=1
11-15 19:32:26.314 12049 12049 I auditd  : type=1400 audit(0.0:5495): avc: denied { map } for comm="getprop" path="/dev/__properties__/u:object_r:android_car_drawer_unlimited:s0" dev="tmpfs" ino=179 scontext=u:r:shell:s0 tcontext=u:object_r:android_car_drawer_unlimited:s0 tclass=file permissive=1
11-15 19:32:26.314 12049 12049 I auditd  : type=1400 audit(0.0:5496): avc: denied { open } for comm="getprop" path="/dev/__properties__/u:object_r:bluetooth_a2dp_offload_prop:s0" dev="tmpfs" ino=181 scontext=u:r:shell:s0 tcontext=u:object_r:bluetooth_a2dp_offload_prop:s0 tclass=file permissive=1
11-15 19:32:26.314 12049 12049 I auditd  : type=1400 audit(0.0:5497): avc: denied { getattr } for comm="getprop" path="/dev/__properties__/u:object_r:bluetooth_a2dp_offload_prop:s0" dev="tmpfs" ino=181 scontext=u:r:shell:s0 tcontext=u:object_r:bluetooth_a2dp_offload_prop:s0 tclass=file permissive=1
11-15 19:32:27.858  1877  1877 I auditd  : type=1400 audit(0.0:6255): avc: denied { map } for comm=73796E6320737663203233 path="/vendor/etc/selinux/vendor_file_contexts" dev="vda27" ino=271 scontext=u:r:adbd:s0 tcontext=u:object_r:vendor_configs_file:s0 tclass=file permissive=1
11-15 19:32:28.161  2044  2569 I am_finish_activity: [0,227125710,205,com.android.systemui/.usb.UsbDebuggingActivity,app-request]
11-15 19:32:28.163  2044  2569 I am_focused_stack: [0,1,3,finishActivity adjustFocus adjustFocusToNextFocusableStack]
11-15 19:32:28.163  2044  2569 I am_pause_activity: [0,227125710,com.android.systemui/.usb.UsbDebuggingActivity,userLeaving=false]
11-15 19:32:28.170  2044  2058 I sysui_count: [window_time_0,5]
11-15 19:32:28.172  2044  2058 I sysui_multi_action: [757,803,799,window_time_0,802,5]
11-15 19:32:28.182  2283  2283 I am_on_paused_called: [0,com.android.systemui.usb.UsbDebuggingActivity,performPause]
11-15 19:32:28.189  2044  2569 I am_destroy_activity: [0,227125710,205,com.android.systemui/.usb.UsbDebuggingActivity,finish-imm:completedPausedLocked]
11-15 19:32:28.213  2044  2569 I am_set_resumed_activity: [0,org.kman.WifiManager/.WifiControlActivity,resumeTopActivityInnerLocked]
11-15 19:32:28.242  2044  2569 I am_resume_activity: [0,264378801,203,org.kman.WifiManager/.WifiControlActivity]
11-15 19:32:28.273  2044  2058 I sysui_count: [window_time_0,0]
11-15 19:32:28.274  2044  2058 I sysui_multi_action: [757,803,799,window_time_0,802,0]
11-15 19:32:28.275 10951 10951 I am_on_resume_called: [0,org.kman.WifiManager.WifiControlActivity,RESUME_ACTIVITY]
11-15 19:32:28.358  2283  2283 I am_on_stop_called: [0,com.android.systemui.usb.UsbDebuggingActivity,LIFECYCLER_STOP_ACTIVITY]
11-15 19:32:28.359  2283  2283 I am_on_destroy_called: [0,com.android.systemui.usb.UsbDebuggingActivity,performDestroy]
11-15 19:32:28.411  2044  2570 I am_remove_task: [205,3]
11-15 19:32:28.698 12078 12078 I auditd  : type=1400 audit(0.0:6256): avc: denied { open } for comm="getprop" path="/dev/__properties__/u:object_r:android_car_drawer_unlimited:s0" dev="tmpfs" ino=179 scontext=u:r:shell:s0 tcontext=u:object_r:android_car_drawer_unlimited:s0 tclass=file permissive=1
11-15 19:32:28.698 12078 12078 I auditd  : type=1400 audit(0.0:6257): avc: denied { getattr } for comm="getprop" path="/dev/__properties__/u:object_r:android_car_drawer_unlimited:s0" dev="tmpfs" ino=179 scontext=u:r:shell:s0 tcontext=u:object_r:android_car_drawer_unlimited:s0 tclass=file permissive=1
11-15 19:32:28.698 12078 12078 I auditd  : type=1400 audit(0.0:6258): avc: denied { map } for comm="getprop" path="/dev/__properties__/u:object_r:android_car_drawer_unlimited:s0" dev="tmpfs" ino=179 scontext=u:r:shell:s0 tcontext=u:object_r:android_car_drawer_unlimited:s0 tclass=file permissive=1
11-15 19:32:28.698 12078 12078 I auditd  : type=1400 audit(0.0:6259): avc: denied { open } for comm="getprop" path="/dev/__properties__/u:object_r:bluetooth_a2dp_offload_prop:s0" dev="tmpfs" ino=181 scontext=u:r:shell:s0 tcontext=u:object_r:bluetooth_a2dp_offload_prop:s0 tclass=file permissive=1
11-15 19:32:28.811  2044  2107 I wm_task_removed: [205,removeTask]
11-15 19:32:28.819  2044  2107 I wm_task_removed: [205,removeAppToken: last token]
11-15 19:32:28.822  2044  2107 I wm_stack_removed: 3
11-15 19:32:28.937  2044  2044 I commit_sys_config_file: [notification-policy,16]
11-15 19:32:28.939  2044  2044 I service_manager_stats: [100,206,557057]
11-15 19:32:28.967  2044  2044 I commit_sys_config_file: [notification-policy,22]
11-15 19:32:29.434 12091 12091 I auditd  : type=1400 audit(0.0:6448): avc: denied { open } for comm="getprop" path="/dev/__properties__/u:object_r:display_prop:s0" dev="tmpfs" ino=210 scontext=u:r:shell:s0 tcontext=u:object_r:display_prop:s0 tclass=file permissive=1
11-15 19:32:29.434 12091 12091 I auditd  : type=1400 audit(0.0:6449): avc: denied { getattr } for comm="getprop" path="/dev/__properties__/u:object_r:display_prop:s0" dev="tmpfs" ino=210 scontext=u:r:shell:s0 tcontext=u:object_r:display_prop:s0 tclass=file permissive=1
11-15 19:32:29.434 12091 12091 I auditd  : type=1400 audit(0.0:6450): avc: denied { map } for comm="getprop" path="/dev/__properties__/u:object_r:display_prop:s0" dev="tmpfs" ino=210 scontext=u:r:shell:s0 tcontext=u:object_r:display_prop:s0 tclass=file permissive=1
11-15 19:32:29.434 12091 12091 I auditd  : type=1400 audit(0.0:6451): avc: denied { open } for comm="getprop" path="/dev/__properties__/u:object_r:dumpstate_options_prop:s0" dev="tmpfs" ino=211 scontext=u:r:shell:s0 tcontext=u:object_r:dumpstate_options_prop:s0 tclass=file permissive=1
11-15 19:32:29.434 12091 12091 I auditd  : type=1400 audit(0.0:6452): avc: denied { getattr } for comm="getprop" path="/dev/__properties__/u:object_r:dumpstate_options_prop:s0" dev="tmpfs" ino=211 scontext=u:r:shell:s0 tcontext=u:object_r:dumpstate_options_prop:s0 tclass=file permissive=1
11-15 19:32:30.801  2044  2570 I am_new_intent: [0,63668698,202,com.desaysv.launcher/com.desaysv.appmenu.activity.AppMenuActivity,android.intent.action.MAIN,NULL,NULL,268435712]
11-15 19:32:30.802  2044  2570 I wm_task_moved: [202,0,2147483647]
11-15 19:32:30.810  2044  2570 I am_focused_stack: [0,0,1,bringingFoundTaskToFront]
11-15 19:32:30.813  2044  2570 I wm_task_moved: [202,0,2147483647]
11-15 19:32:30.819  2044  2570 I am_pause_activity: [0,264378801,org.kman.WifiManager/.WifiControlActivity,userLeaving=true]
11-15 19:32:30.822 10951 10951 I am_on_paused_called: [0,org.kman.WifiManager.WifiControlActivity,performPause]
11-15 19:32:30.822  2044  2570 I am_task_to_front: [0,202]
11-15 19:32:30.862  2044 12090 I am_set_resumed_activity: [0,com.desaysv.launcher/com.desaysv.appmenu.activity.AppMenuActivity,resumeTopActivityInnerLocked]
11-15 19:32:30.912  2044 12090 I am_resume_activity: [0,63668698,202,com.desaysv.launcher/com.desaysv.appmenu.activity.AppMenuActivity]
11-15 19:32:30.922  2501  2501 I am_on_restart_called: [0,com.desaysv.appmenu.activity.AppMenuActivity,performRestartActivity]
11-15 19:32:30.938  2044  2058 I sysui_count: [window_time_0,3]
11-15 19:32:30.938  2044  2058 I sysui_multi_action: [757,803,799,window_time_0,802,3]
11-15 19:32:30.939  2501  2501 I am_on_start_called: [0,com.desaysv.appmenu.activity.AppMenuActivity,handleStartActivity]
11-15 19:32:30.979  2501  2501 I am_on_resume_called: [0,com.desaysv.appmenu.activity.AppMenuActivity,RESUME_ACTIVITY]
11-15 19:32:31.161  2044  2054 I am_stop_activity: [0,264378801,org.kman.WifiManager/.WifiControlActivity]
11-15 19:32:31.175 10951 10951 I am_on_stop_called: [0,org.kman.WifiManager.WifiControlActivity,STOP_ACTIVITY_ITEM]
11-15 19:32:31.261  2044  2057 I sysui_multi_action: [319,303,322,299,325,4313,757,761,758,9,759,2,806,com.desaysv.launcher,871,com.desaysv.appmenu.activity.AppMenuActivity,905,0,1320,9,1321,1]
11-15 19:32:31.787  2044  2057 I service_manager_slow: [25,companiondevice]
11-15 19:32:31.803  2044  2044 I commit_sys_config_file: [notification-policy,42]
11-15 19:32:31.887  2044  2044 I commit_sys_config_file: [notification-policy,16]
11-15 19:32:32.502 12114 12114 I auditd  : type=1400 audit(0.0:6642): avc: denied { read } for comm="pidof" scontext=u:r:direct_network_config:s0 tcontext=u:r:vendor_init:s0 tclass=file permissive=1
11-15 19:32:32.506 12114 12114 I auditd  : type=1400 audit(0.0:6643): avc: denied { sys_ptrace } for comm="pidof" capability=19 scontext=u:r:direct_network_config:s0 tcontext=u:r:direct_network_config:s0 tclass=capability permissive=1
11-15 19:32:32.506 12114 12114 I auditd  : type=1400 audit(0.0:6644): avc: denied { read } for comm="pidof" scontext=u:r:direct_network_config:s0 tcontext=u:r:ueventd:s0 tclass=file permissive=1
11-15 19:32:32.506 12114 12114 I auditd  : type=1400 audit(0.0:6645): avc: denied { search } for comm="pidof" name="1" dev="proc" ino=342643 scontext=u:r:direct_network_config:s0 tcontext=u:r:init:s0 tclass=dir permissive=1
11-15 19:32:32.510 12114 12114 I auditd  : type=1400 audit(0.0:6646): avc: denied { open } for comm="pidof" path="/proc/1234/comm" dev="proc" ino=345861 scontext=u:r:direct_network_config:s0 tcontext=u:r:vendor_init:s0 tclass=file permissive=1
11-15 19:32:35.210 12118 12118 I auditd  : type=1400 audit(0.0:6709): avc: denied { read } for comm="pidof" scontext=u:r:direct_network_config:s0 tcontext=u:r:vehicle_shmemslaver:s0 tclass=file permissive=1
11-15 19:32:35.214 12118 12118 I auditd  : type=1400 audit(0.0:6710): avc: denied { read } for comm="pidof" scontext=u:r:direct_network_config:s0 tcontext=u:r:vehicle_linkdevicemanager:s0 tclass=file permissive=1
11-15 19:32:35.222 12118 12118 I auditd  : type=1400 audit(0.0:6711): avc: denied { open } for comm="pidof" path="/proc/2598/comm" dev="proc" ino=347248 scontext=u:r:direct_network_config:s0 tcontext=u:r:vehicle_shmemslaver:s0 tclass=file permissive=1
11-15 19:32:35.222 12118 12118 I auditd  : type=1400 audit(0.0:6712): avc: denied { search } for comm="pidof" name="2605" dev="proc" ino=345971 scontext=u:r:direct_network_config:s0 tcontext=u:r:vehicle_linkdevicemanager:s0 tclass=dir permissive=1
11-15 19:32:35.222 12118 12118 I auditd  : type=1400 audit(0.0:6713): avc: denied { open } for comm="pidof" path="/proc/2605/comm" dev="proc" ino=347252 scontext=u:r:direct_network_config:s0 tcontext=u:r:vehicle_linkdevicemanager:s0 tclass=file permissive=1
11-15 19:32:37.862 12124 12124 I auditd  : type=1400 audit(0.0:6714): avc: denied { read } for comm="pidof" scontext=u:r:direct_network_config:s0 tcontext=u:r:bluetooth:s0 tclass=file permissive=1
11-15 19:32:37.870 12124 12124 I auditd  : type=1400 audit(0.0:6715): avc: denied { search } for comm="pidof" name="2448" dev="proc" ino=345961 scontext=u:r:direct_network_config:s0 tcontext=u:r:hal_wifi_supplicant_default:s0 tclass=dir permissive=1
11-15 19:32:37.870 12124 12124 I auditd  : type=1400 audit(0.0:6716): avc: denied { open } for comm="pidof" path="/proc/2658/comm" dev="proc" ino=347256 scontext=u:r:direct_network_config:s0 tcontext=u:r:bluetooth:s0 tclass=file permissive=1
11-15 19:32:40.526 12128 12128 I auditd  : type=1400 audit(0.0:6717): avc: denied { read } for comm="pidof" scontext=u:r:direct_network_config:s0 tcontext=u:r:mdnsd:s0 tclass=file permissive=1
11-15 19:32:40.530 12128 12128 I auditd  : type=1400 audit(0.0:6718): avc: denied { search } for comm="pidof" name="2342" dev="proc" ino=345960 scontext=u:r:direct_network_config:s0 tcontext=u:r:webview_zygote:s0 tclass=dir permissive=1
11-15 19:32:40.534 12128 12128 I auditd  : type=1400 audit(0.0:6719): avc: denied { open } for comm="pidof" path="/proc/3050/comm" dev="proc" ino=347284 scontext=u:r:direct_network_config:s0 tcontext=u:r:mdnsd:s0 tclass=file permissive=1
11-15 19:32:43.182 12151 12151 I auditd  : type=1400 audit(0.0:6720): avc: denied { read } for comm="pidof" scontext=u:r:direct_network_config:s0 tcontext=u:r:adbd:s0 tclass=file permissive=1
11-15 19:32:43.182 12151 12151 I auditd  : type=1400 audit(0.0:6721): avc: denied { read } for comm="pidof" scontext=u:r:direct_network_config:s0 tcontext=u:r:svdebug:s0 tclass=file permissive=1
11-15 19:32:43.186 12151 12151 I auditd  : type=1400 audit(0.0:6722): avc: denied { read } for comm="pidof" scontext=u:r:direct_network_config:s0 tcontext=u:r:mediaprovider:s0:c512,c768 tclass=file permissive=1
11-15 19:32:43.186 12151 12151 I auditd  : type=1400 audit(0.0:6723): avc: denied { read } for comm="pidof" scontext=u:r:direct_network_config:s0 tcontext=u:r:priv_app:s0:c512,c768 tclass=file permissive=1
11-15 19:32:43.190 12151 12151 I auditd  : type=1400 audit(0.0:6724): avc: denied { open } for comm="pidof" path="/proc/1877/comm" dev="proc" ino=347162 scontext=u:r:direct_network_config:s0 tcontext=u:r:adbd:s0 tclass=file permissive=1
11-15 19:32:43.190 12151 12151 I auditd  : type=1400 audit(0.0:6725): avc: denied { open } for comm="pidof" path="/proc/1878/comm" dev="proc" ino=347164 scontext=u:r:direct_network_config:s0 tcontext=u:r:svdebug:s0 tclass=file permissive=1
11-15 19:32:43.190 12151 12151 I auditd  : type=1400 audit(0.0:6726): avc: denied { search } for comm="pidof" name="2283" dev="proc" ino=345954 scontext=u:r:direct_network_config:s0 tcontext=u:r:platform_app:s0:c512,c768 tclass=dir permissive=1
11-15 19:32:43.194 12151 12151 I auditd  : type=1400 audit(0.0:6727): avc: denied { open } for comm="pidof" path="/proc/3165/comm" dev="proc" ino=347290 scontext=u:r:direct_network_config:s0 tcontext=u:r:mediaprovider:s0:c512,c768 tclass=file permissive=1
11-15 19:32:43.194 12151 12151 I auditd  : type=1400 audit(0.0:6728): avc: denied { open } for comm="pidof" path="/proc/3346/comm" dev="proc" ino=347296 scontext=u:r:direct_network_config:s0 tcontext=u:r:priv_app:s0:c512,c768 tclass=file permissive=1
11-15 19:32:56.470 12177 12177 I auditd  : type=1400 audit(0.0:6729): avc: denied { read } for comm="pidof" scontext=u:r:direct_network_config:s0 tcontext=u:r:cameraserver:s0 tclass=file permissive=1
11-15 19:32:56.474 12177 12177 I auditd  : type=1400 audit(0.0:6730): avc: denied { read } for comm="pidof" scontext=u:r:direct_network_config:s0 tcontext=u:r:hal_wifi_hostapd_default:s0 tclass=file permissive=1
11-15 19:32:56.474 12177 12177 I auditd  : type=1400 audit(0.0:6731): avc: denied { read } for comm="pidof" scontext=u:r:direct_network_config:s0 tcontext=u:r:dnsmasq:s0 tclass=file permissive=1
11-15 19:32:56.474 12177 12177 I auditd  : type=1400 audit(0.0:6732): avc: denied { search } for comm="pidof" name="1711" dev="proc" ino=345912 scontext=u:r:direct_network_config:s0 tcontext=u:r:audioserver:s0 tclass=dir permissive=1
11-15 19:32:56.474 12177 12177 I auditd  : type=1400 audit(0.0:6733): avc: denied { search } for comm="pidof" name="1714" dev="proc" ino=345914 scontext=u:r:direct_network_config:s0 tcontext=u:r:surfaceflinger:s0 tclass=dir permissive=1
11-15 19:33:00.071  2044  2057 I am_pss  : [10951,10047,org.kman.WifiManager,34398208,28184576,0,147402752,0,14,43]
11-15 19:33:01.794 12185 12185 I auditd  : type=1400 audit(0.0:6740): avc: denied { read } for comm="pidof" scontext=u:r:direct_network_config:s0 tcontext=u:r:incidentd:s0 tclass=file permissive=1
11-15 19:33:01.798 12185 12185 I auditd  : type=1400 audit(0.0:6741): avc: denied { read } for comm="pidof" scontext=u:r:direct_network_config:s0 tcontext=u:r:installd:s0 tclass=file permissive=1
11-15 19:33:01.798 12185 12185 I auditd  : type=1400 audit(0.0:6742): avc: denied { read } for comm="pidof" scontext=u:r:direct_network_config:s0 tcontext=u:r:keystore:s0 tclass=file permissive=1
11-15 19:33:01.798 12185 12185 I auditd  : type=1400 audit(0.0:6743): avc: denied { read } for comm="pidof" scontext=u:r:direct_network_config:s0 tcontext=u:r:untrusted_app_25:s0:c512,c768 tclass=file permissive=1
11-15 19:33:01.802 12185 12185 I auditd  : type=1400 audit(0.0:6744): avc: denied { search } for comm="pidof" name="1708" dev="proc" ino=345909 scontext=u:r:direct_network_config:s0 tcontext=u:r:hal_sensors_default:s0 tclass=dir permissive=1
11-15 19:33:04.518 12190 12190 I auditd  : type=1400 audit(0.0:6752): avc: denied { read } for comm="pidof" scontext=u:r:direct_network_config:s0 tcontext=u:r:mediadrmserver:s0 tclass=file permissive=1
11-15 19:33:04.526 12190 12190 I auditd  : type=1400 audit(0.0:6753): avc: denied { search } for comm="pidof" name="1706" dev="proc" ino=360586 scontext=u:r:direct_network_config:s0 tcontext=u:r:hal_health_default:s0 tclass=dir permissive=1
11-15 19:33:04.526 12190 12190 I auditd  : type=1400 audit(0.0:6754): avc: denied { search } for comm="pidof" name="1709" dev="proc" ino=360589 scontext=u:r:direct_network_config:s0 tcontext=u:r:hal_wifi_default:s0 tclass=dir permissive=1
11-15 19:33:04.526 12190 12190 I auditd  : type=1400 audit(0.0:6755): avc: denied { open } for comm="pidof" path="/proc/1885/comm" dev="proc" ino=360825 scontext=u:r:direct_network_config:s0 tcontext=u:r:mediadrmserver:s0 tclass=file permissive=1
11-15 19:33:12.490 12204 12204 I auditd  : type=1400 audit(0.0:6756): avc: denied { search } for comm="pidof" name="1236" dev="proc" ino=356254 scontext=u:r:direct_network_config:s0 tcontext=u:r:ueventd:s0 tclass=dir permissive=1
11-15 19:33:12.490 12204 12204 I auditd  : type=1400 audit(0.0:6757): avc: denied { read } for comm="pidof" scontext=u:r:direct_network_config:s0 tcontext=u:r:mediaextractor:s0 tclass=file permissive=1
11-15 19:33:12.490 12204 12204 I auditd  : type=1400 audit(0.0:6758): avc: denied { read } for comm="pidof" scontext=u:r:direct_network_config:s0 tcontext=u:r:mediametrics:s0 tclass=file permissive=1
11-15 19:33:12.494 12204 12204 I auditd  : type=1400 audit(0.0:6759): avc: denied { search } for comm="pidof" name="1704" dev="proc" ino=360584 scontext=u:r:direct_network_config:s0 tcontext=u:r:hal_graphics_allocator_default:s0 tclass=dir permissive=1
11-15 19:33:12.494 12204 12204 I auditd  : type=1400 audit(0.0:6760): avc: denied { search } for comm="pidof" name="1707" dev="proc" ino=360587 scontext=u:r:direct_network_config:s0 tcontext=u:r:hal_memtrack_default:s0 tclass=dir permissive=1
11-15 19:33:12.494 12204 12204 I auditd  : type=1400 audit(0.0:6761): avc: denied { open } for comm="pidof" path="/proc/1887/comm" dev="proc" ino=360827 scontext=u:r:direct_network_config:s0 tcontext=u:r:mediaextractor:s0 tclass=file permissive=1
11-15 19:33:25.730 12227 12227 I auditd  : type=1400 audit(0.0:6763): avc: denied { search } for comm="pidof" name="1234" dev="proc" ino=356252 scontext=u:r:direct_network_config:s0 tcontext=u:r:vendor_init:s0 tclass=dir permissive=1
11-15 19:33:25.730 12227 12227 I auditd  : type=1400 audit(0.0:6764): avc: denied { read } for comm="pidof" scontext=u:r:direct_network_config:s0 tcontext=u:r:logd:s0 tclass=file permissive=1
11-15 19:33:25.730 12227 12227 I auditd  : type=1400 audit(0.0:6765): avc: denied { read } for comm="pidof" scontext=u:r:direct_network_config:s0 tcontext=u:r:servicemanager:s0 tclass=file permissive=1
11-15 19:33:25.730 12227 12227 I auditd  : type=1400 audit(0.0:6766): avc: denied { read } for comm="pidof" scontext=u:r:direct_network_config:s0 tcontext=u:r:netd:s0 tclass=file permissive=1
11-15 19:33:25.730 12227 12227 I auditd  : type=1400 audit(0.0:6767): avc: denied { read } for comm="pidof" scontext=u:r:direct_network_config:s0 tcontext=u:r:mediaserver:s0 tclass=file permissive=1
11-15 19:33:30.194 12235 12235 I auditd  : type=1400 audit(0.0:6789): avc: denied { open } for comm="getprop" path="/dev/__properties__/u:object_r:android_car_drawer_unlimited:s0" dev="tmpfs" ino=179 scontext=u:r:shell:s0 tcontext=u:object_r:android_car_drawer_unlimited:s0 tclass=file permissive=1
11-15 19:33:30.194 12235 12235 I auditd  : type=1400 audit(0.0:6790): avc: denied { getattr } for comm="getprop" path="/dev/__properties__/u:object_r:android_car_drawer_unlimited:s0" dev="tmpfs" ino=179 scontext=u:r:shell:s0 tcontext=u:object_r:android_car_drawer_unlimited:s0 tclass=file permissive=1
11-15 19:33:30.194 12235 12235 I auditd  : type=1400 audit(0.0:6791): avc: denied { map } for comm="getprop" path="/dev/__properties__/u:object_r:android_car_drawer_unlimited:s0" dev="tmpfs" ino=179 scontext=u:r:shell:s0 tcontext=u:object_r:android_car_drawer_unlimited:s0 tclass=file permissive=1
11-15 19:33:30.194 12235 12235 I auditd  : type=1400 audit(0.0:6792): avc: denied { open } for comm="getprop" path="/dev/__properties__/u:object_r:bluetooth_a2dp_offload_prop:s0" dev="tmpfs" ino=181 scontext=u:r:shell:s0 tcontext=u:object_r:bluetooth_a2dp_offload_prop:s0 tclass=file permissive=1
11-15 19:33:30.198 12235 12235 I auditd  : type=1400 audit(0.0:6793): avc: denied { getattr } for comm="getprop" path="/dev/__properties__/u:object_r:bluetooth_a2dp_offload_prop:s0" dev="tmpfs" ino=181 scontext=u:r:shell:s0 tcontext=u:object_r:bluetooth_a2dp_offload_prop:s0 tclass=file permissive=1
11-15 19:33:31.164  2044  2058 I am_uid_idle: 10047
11-15 19:33:31.917  2044  2044 I commit_sys_config_file: [notification-policy,31]
11-15 19:33:31.952  2044  2044 I commit_sys_config_file: [notification-policy,21]
11-15 19:33:32.011  2044  2057 I am_pss  : [10951,10047,org.kman.WifiManager,34343936,28131328,0,147349504,0,14,67]
11-15 19:33:33.833 12241 12241 I auditd  : type=1400 audit(0.0:7226): avc: denied { search } for comm="pidof" name="1" dev="proc" ino=356160 scontext=u:r:direct_network_config:s0 tcontext=u:r:init:s0 tclass=dir permissive=1
11-15 19:33:33.841 12241 12241 I auditd  : type=1400 audit(0.0:7227): avc: denied { read } for comm="pidof" scontext=u:r:direct_network_config:s0 tcontext=u:r:webview_zygote:s0 tclass=file permissive=1
