11-15 20:12:34.946  2742  2742 I PlatoformUtil-ConfigUtil: [loadConfig] carConfig1:affc2de5
11-15 20:12:34.946  2742  2742 I PlatoformUtil-ConfigUtil: [loadConfig] carConfig2:5f01491f
11-15 20:12:34.946  2742  2742 I PlatoformUtil-ConfigUtil: [loadConfig] carConfig3:509ecc7003092a52
11-15 20:12:34.946  2742  2742 I PlatoformUtil-ConfigUtil: [loadConfig] carConfig4:2800f02312000010
11-15 20:12:34.946  2742  2742 I PlatoformUtil-ConfigUtil: [loadConfig] carConfig5:0802901400000f00
11-15 20:12:34.946  2742  2742 I PlatoformUtil-ConfigUtil: [loadConfig] carConfig6:0000000000000000
11-15 20:12:34.946  2742  2742 I PlatoformUtil-ConfigUtil: carConfig load success
11-15 20:12:34.951  2742  2742 I PlatoformUtil-ConfigT1DImpl: [getConfig] carConfig1:[175, 252, 45, 229]
11-15 20:12:34.951  2742  2742 I PlatoformUtil-ConfigT1DImpl: [getConfig] carConfig2:[95, 1, 73, 31]
11-15 20:12:34.951  2742  2742 I PlatoformUtil-ConfigT1DImpl: [getConfig] carConfig3:[80, 158, 204, 112, 3, 9, 42, 82]
11-15 20:12:34.951  2742  2742 I PlatoformUtil-ConfigT1DImpl: [getConfig] carConfig4:[40, 0, 240, 35, 18, 0, 0, 16]
11-15 20:12:34.951  2742  2742 I PlatoformUtil-ConfigT1DImpl: [getConfig] carConfig5:[8, 2, 144, 20, 0, 0, 15, 0]
11-15 20:12:34.951  2742  2742 I PlatoformUtil-ConfigT1DImpl: [getConfig] carConfig6:[0, 0, 0, 0, 0, 0, 0, 0]
11-15 20:12:34.958  3576  3576 I GpsManager: onSatelliteStatusChanged  GPS satelliteCount = 11 azimuthDegrees = 1.0 carrierFrequencyHz = 0.0 cn0DbHz = 30.0 elevationDegrees = 6.0 svId = 4 hasAlmanacData = true hasCarrierFrequencyHz = false hasEphemerisData = true usedInFix = true
11-15 20:12:34.958  3576  3576 I GpsManager: onSatelliteStatusChanged  GPS satelliteCount = 11 azimuthDegrees = 40.0 carrierFrequencyHz = 0.0 cn0DbHz = 23.0 elevationDegrees = 21.0 svId = 6 hasAlmanacData = true hasCarrierFrequencyHz = false hasEphemerisData = true usedInFix = true
11-15 20:12:34.958  3576  3576 I GpsManager: onSatelliteStatusChanged  GPS satelliteCount = 11 azimuthDegrees = 82.0 carrierFrequencyHz = 0.0 cn0DbHz = 39.0 elevationDegrees = 48.0 svId = 11 hasAlmanacData = true hasCarrierFrequencyHz = false hasEphemerisData = true usedInFix = true
11-15 20:12:34.958  3576  3576 I GpsManager: onSatelliteStatusChanged  GPS satelliteCount = 11 azimuthDegrees = 125.0 carrierFrequencyHz = 0.0 cn0DbHz = 34.0 elevationDegrees = 45.0 svId = 12 hasAlmanacData = true hasCarrierFrequencyHz = false hasEphemerisData = true usedInFix = true
11-15 20:12:34.959  3576  3576 I GpsManager: onSatelliteStatusChanged  GPS satelliteCount = 11 azimuthDegrees = 105.0 carrierFrequencyHz = 0.0 cn0DbHz = 35.0 elevationDegrees = 18.0 svId = 20 hasAlmanacData = true hasCarrierFrequencyHz = false hasEphemerisData = true usedInFix = true
11-15 20:12:34.959  3576  3576 I GpsManager: onSatelliteStatusChanged  GPS satelliteCount = 11 azimuthDegrees = 101.0 carrierFrequencyHz = 0.0 cn0DbHz = 36.0 elevationDegrees = 9.0 svId = 21 hasAlmanacData = true hasCarrierFrequencyHz = false hasEphemerisData = true usedInFix = true
11-15 20:12:34.959  3576  3576 I GpsManager: onSatelliteStatusChanged  GPS satelliteCount = 11 azimuthDegrees = 177.0 carrierFrequencyHz = 0.0 cn0DbHz = 34.0 elevationDegrees = 73.0 svId = 25 hasAlmanacData = true hasCarrierFrequencyHz = false hasEphemerisData = true usedInFix = true
11-15 20:12:34.959  3576  3576 I GpsManager: onSatelliteStatusChanged  GPS satelliteCount = 11 azimuthDegrees = 296.0 carrierFrequencyHz = 0.0 cn0DbHz = 24.0 elevationDegrees = 1.0 svId = 26 hasAlmanacData = true hasCarrierFrequencyHz = false hasEphemerisData = true usedInFix = true
11-15 20:12:34.959  3576  3576 I GpsManager: onSatelliteStatusChanged  GPS satelliteCount = 11 azimuthDegrees = 281.0 carrierFrequencyHz = 0.0 cn0DbHz = 35.0 elevationDegrees = 43.0 svId = 28 hasAlmanacData = true hasCarrierFrequencyHz = false hasEphemerisData = true usedInFix = true
11-15 20:12:34.959  3576  3576 I GpsManager: onSatelliteStatusChanged  GPS satelliteCount = 11 azimuthDegrees = 230.0 carrierFrequencyHz = 0.0 cn0DbHz = 35.0 elevationDegrees = 51.0 svId = 29 hasAlmanacData = true hasCarrierFrequencyHz = false hasEphemerisData = true usedInFix = true
11-15 20:12:34.959  3576  3576 I GpsManager: onSatelliteStatusChanged  GPS satelliteCount = 11 azimuthDegrees = 312.0 carrierFrequencyHz = 0.0 cn0DbHz = 36.0 elevationDegrees = 25.0 svId = 31 hasAlmanacData = true hasCarrierFrequencyHz = false hasEphemerisData = true usedInFix = true
11-15 20:12:34.984  2283  2305 I SYS_TBoxUtilLocal: onNetworkStatus: networkBean = NetworkBean{URI='content://tbox.automotive.neusoft.com/NetworkStatusNotification', DataConnection=false, SimCardRegistraionStatus=false, MobileNetworkType='NoNetwork', Roaming=false, SignalStrength=-1, RouterIPAddress='', VPNIPAddress=''}
11-15 20:12:34.985  3576  4351 I SYS_TBoxUtilLocal: onNetworkStatus: networkBean = NetworkBean{URI='content://tbox.automotive.neusoft.com/NetworkStatusNotification', DataConnection=false, SimCardRegistraionStatus=false, MobileNetworkType='NoNetwork', Roaming=false, SignalStrength=-1, RouterIPAddress='', VPNIPAddress=''}
11-15 20:12:35.618  2658  3327 I FlcAvrcpControllerInterface: getPlaybackState: address = [-12, 57, -90, -127, -3, -61]
11-15 20:12:35.647  2658  3227 I FlcAvrcpControllerCallback: onPlayPositionChanged: address = [-12, 57, -90, -127, -3, -61] songLen = 195906 currSongPosition = 52915
11-15 20:12:35.648  2658  3227 I FlcAvrcpControllerCallback: onPlayStatusChanged: address = [-12, 57, -90, -127, -3, -61] playStatus = 1
11-15 20:12:35.663  2044  2470 E ActivityManager: Sending non-protected broadcast android.bluetooth.avrcp-controller.profile.PLAY_STATUS_CHANGED from system 2658:com.android.bluetooth/1002 pkg com.android.bluetooth
11-15 20:12:35.663  2044  2470 E ActivityManager: java.lang.Throwable
11-15 20:12:35.663  2044  2470 E ActivityManager: 	at com.android.server.am.ActivityManagerService.checkBroadcastFromSystem(ActivityManagerService.java:21498)
11-15 20:12:35.663  2044  2470 E ActivityManager: 	at com.android.server.am.ActivityManagerService.broadcastIntentLocked(ActivityManagerService.java:22017)
11-15 20:12:35.663  2044  2470 E ActivityManager: 	at com.android.server.am.ActivityManagerService.broadcastIntent(ActivityManagerService.java:22252)
11-15 20:12:35.663  2044  2470 E ActivityManager: 	at android.app.IActivityManager$Stub.onTransact$broadcastIntent$(IActivityManager.java:10175)
11-15 20:12:35.663  2044  2470 E ActivityManager: 	at android.app.IActivityManager$Stub.onTransact(IActivityManager.java:167)
11-15 20:12:35.663  2044  2470 E ActivityManager: 	at com.android.server.am.ActivityManagerService.onTransact(ActivityManagerService.java:3346)
11-15 20:12:35.663  2044  2470 E ActivityManager: 	at android.os.Binder.execTransact(Binder.java:731)
11-15 20:12:35.664  2044  2470 E ActivityManager: Sending non-protected broadcast android.bluetooth.avrcp-controller.profile.PLAY_STATUS_CHANGED from system 2658:com.android.bluetooth/1002 pkg com.android.bluetooth
11-15 20:12:35.664  2044  2470 E ActivityManager: java.lang.Throwable
11-15 20:12:35.664  2044  2470 E ActivityManager: 	at com.android.server.am.ActivityManagerService.checkBroadcastFromSystem(ActivityManagerService.java:21498)
11-15 20:12:35.664  2044  2470 E ActivityManager: 	at com.android.server.am.ActivityManagerService.broadcastIntentLocked(ActivityManagerService.java:22110)
11-15 20:12:35.664  2044  2470 E ActivityManager: 	at com.android.server.am.ActivityManagerService.broadcastIntent(ActivityManagerService.java:22252)
11-15 20:12:35.664  2044  2470 E ActivityManager: 	at android.app.IActivityManager$Stub.onTransact$broadcastIntent$(IActivityManager.java:10175)
11-15 20:12:35.664  2044  2470 E ActivityManager: 	at android.app.IActivityManager$Stub.onTransact(IActivityManager.java:167)
11-15 20:12:35.664  2044  2470 E ActivityManager: 	at com.android.server.am.ActivityManagerService.onTransact(ActivityManagerService.java:3346)
11-15 20:12:35.664  2044  2470 E ActivityManager: 	at android.os.Binder.execTransact(Binder.java:731)
11-15 20:12:35.687 14428 14428 E H3NCustomCenter: Receive message:turbodog.system.navigation.message, code=201, data=0
11-15 20:12:35.836  2827  2827 W ContextImpl: Calling a method in the system process without a qualified user: android.app.ContextImpl.bindService:1611 android.content.ContextWrapper.bindService:698 com.iflytek.autofly.systemservice.util.FlySystemManager.initClient:195 com.iflytek.autofly.systemservice.util.FlySystemManager.serviceCheck:215 com.iflytek.autofly.systemservice.util.FlySystemManager.registerListener:290 
11-15 20:12:35.837  2044  4147 W ActivityManager: Unable to start service Intent { act=com.iflytek.autofly.systemservice pkg=com.iflytek.autofly.platformservice } U=0: not found
11-15 20:12:35.851  1703  3094 I teseo_hal_LocServiceProxy: Send satellite list: 7 satellites, 4 gps, 0 glonass, 0 galileo, 3 beidou, 0 others
11-15 20:12:35.943  2742  2742 I PlatoformUtil-ConfigUtil: [loadConfig] carConfig1:affc2de5
11-15 20:12:35.944  2742  2742 I PlatoformUtil-ConfigUtil: [loadConfig] carConfig2:5f01491f
11-15 20:12:35.944  2742  2742 I PlatoformUtil-ConfigUtil: [loadConfig] carConfig3:509ecc7003092a52
11-15 20:12:35.944  2742  2742 I PlatoformUtil-ConfigUtil: [loadConfig] carConfig4:2800f02312000010
11-15 20:12:35.944  2742  2742 I PlatoformUtil-ConfigUtil: [loadConfig] carConfig5:0802901400000f00
11-15 20:12:35.944  2742  2742 I PlatoformUtil-ConfigUtil: [loadConfig] carConfig6:0000000000000000
11-15 20:12:35.944  2742  2742 I PlatoformUtil-ConfigUtil: carConfig load success
11-15 20:12:35.947  2742  2742 I PlatoformUtil-ConfigT1DImpl: [getConfig] carConfig1:[175, 252, 45, 229]
11-15 20:12:35.947  2742  2742 I PlatoformUtil-ConfigT1DImpl: [getConfig] carConfig2:[95, 1, 73, 31]
11-15 20:12:35.947  2742  2742 I PlatoformUtil-ConfigT1DImpl: [getConfig] carConfig3:[80, 158, 204, 112, 3, 9, 42, 82]
11-15 20:12:35.947  2742  2742 I PlatoformUtil-ConfigT1DImpl: [getConfig] carConfig4:[40, 0, 240, 35, 18, 0, 0, 16]
11-15 20:12:35.947  2742  2742 I PlatoformUtil-ConfigT1DImpl: [getConfig] carConfig5:[8, 2, 144, 20, 0, 0, 15, 0]
11-15 20:12:35.947  2742  2742 I PlatoformUtil-ConfigT1DImpl: [getConfig] carConfig6:[0, 0, 0, 0, 0, 0, 0, 0]
11-15 20:12:35.975  3576  3576 I GpsManager: onSatelliteStatusChanged  GPS satelliteCount = 11 azimuthDegrees = 1.0 carrierFrequencyHz = 0.0 cn0DbHz = 30.0 elevationDegrees = 6.0 svId = 4 hasAlmanacData = true hasCarrierFrequencyHz = false hasEphemerisData = true usedInFix = true
11-15 20:12:35.975  3576  3576 I GpsManager: onSatelliteStatusChanged  GPS satelliteCount = 11 azimuthDegrees = 40.0 carrierFrequencyHz = 0.0 cn0DbHz = 22.0 elevationDegrees = 21.0 svId = 6 hasAlmanacData = true hasCarrierFrequencyHz = false hasEphemerisData = true usedInFix = true
11-15 20:12:35.975  3576  3576 I GpsManager: onSatelliteStatusChanged  GPS satelliteCount = 11 azimuthDegrees = 82.0 carrierFrequencyHz = 0.0 cn0DbHz = 39.0 elevationDegrees = 48.0 svId = 11 hasAlmanacData = true hasCarrierFrequencyHz = false hasEphemerisData = true usedInFix = true
11-15 20:12:35.975  3576  3576 I GpsManager: onSatelliteStatusChanged  GPS satelliteCount = 11 azimuthDegrees = 125.0 carrierFrequencyHz = 0.0 cn0DbHz = 34.0 elevationDegrees = 45.0 svId = 12 hasAlmanacData = true hasCarrierFrequencyHz = false hasEphemerisData = true usedInFix = true
11-15 20:12:35.975  3576  3576 I GpsManager: onSatelliteStatusChanged  GPS satelliteCount = 11 azimuthDegrees = 105.0 carrierFrequencyHz = 0.0 cn0DbHz = 35.0 elevationDegrees = 18.0 svId = 20 hasAlmanacData = true hasCarrierFrequencyHz = false hasEphemerisData = true usedInFix = true
11-15 20:12:35.975  3576  3576 I GpsManager: onSatelliteStatusChanged  GPS satelliteCount = 11 azimuthDegrees = 101.0 carrierFrequencyHz = 0.0 cn0DbHz = 36.0 elevationDegrees = 9.0 svId = 21 hasAlmanacData = true hasCarrierFrequencyHz = false hasEphemerisData = true usedInFix = true
11-15 20:12:35.975  3576  3576 I GpsManager: onSatelliteStatusChanged  GPS satelliteCount = 11 azimuthDegrees = 177.0 carrierFrequencyHz = 0.0 cn0DbHz = 34.0 elevationDegrees = 73.0 svId = 25 hasAlmanacData = true hasCarrierFrequencyHz = false hasEphemerisData = true usedInFix = true
11-15 20:12:35.975  3576  3576 I GpsManager: onSatelliteStatusChanged  GPS satelliteCount = 11 azimuthDegrees = 296.0 carrierFrequencyHz = 0.0 cn0DbHz = 24.0 elevationDegrees = 1.0 svId = 26 hasAlmanacData = true hasCarrierFrequencyHz = false hasEphemerisData = true usedInFix = true
11-15 20:12:35.975  3576  3576 I GpsManager: onSatelliteStatusChanged  GPS satelliteCount = 11 azimuthDegrees = 281.0 carrierFrequencyHz = 0.0 cn0DbHz = 35.0 elevationDegrees = 43.0 svId = 28 hasAlmanacData = true hasCarrierFrequencyHz = false hasEphemerisData = true usedInFix = true
11-15 20:12:35.975  3576  3576 I GpsManager: onSatelliteStatusChanged  GPS satelliteCount = 11 azimuthDegrees = 230.0 carrierFrequencyHz = 0.0 cn0DbHz = 35.0 elevationDegrees = 51.0 svId = 29 hasAlmanacData = true hasCarrierFrequencyHz = false hasEphemerisData = true usedInFix = true
11-15 20:12:35.975  3576  3576 I GpsManager: onSatelliteStatusChanged  GPS satelliteCount = 11 azimuthDegrees = 312.0 carrierFrequencyHz = 0.0 cn0DbHz = 36.0 elevationDegrees = 25.0 svId = 31 hasAlmanacData = true hasCarrierFrequencyHz = false hasEphemerisData = true usedInFix = true
11-15 20:12:36.444  2827  3088 E ActivityThread: Failed to find provider info for com.iflytek.contentProvider.LocationProvider
11-15 20:12:36.445  2827  3088 W ContextImpl: Calling a method in the system process without a qualified user: android.app.ContextImpl.bindService:1611 android.content.ContextWrapper.bindService:698 com.iflytek.autofly.carpropertyservice.util.CarPropertyManager.initClient:113 com.iflytek.autofly.carpropertyservice.util.CarPropertyManager.serviceCheck:132 com.iflytek.autofly.carpropertyservice.util.CarPropertyManager.getCarProperty:249 
11-15 20:12:36.448  2044  4147 W ActivityManager: Unable to start service Intent { act=com.iflytek.autofly.carpropertyservice pkg=com.iflytek.autofly.platformservice } U=0: not found
11-15 20:12:36.449  2827  3088 W ContextImpl: Calling a method in the system process without a qualified user: android.app.ContextImpl.bindService:1611 android.content.ContextWrapper.bindService:698 com.iflytek.autofly.carpropertyservice.util.CarPropertyManager.initClient:113 com.iflytek.autofly.carpropertyservice.util.CarPropertyManager.serviceCheck:132 com.iflytek.autofly.carpropertyservice.util.CarPropertyManager.getCarProperty:249 
11-15 20:12:36.450  2044  4147 W ActivityManager: Unable to start service Intent { act=com.iflytek.autofly.carpropertyservice pkg=com.iflytek.autofly.platformservice } U=0: not found
11-15 20:12:36.450  2827  3088 W ContextImpl: Calling a method in the system process without a qualified user: android.app.ContextImpl.bindService:1611 android.content.ContextWrapper.bindService:698 com.iflytek.autofly.carpropertyservice.util.CarPropertyManager.initClient:113 com.iflytek.autofly.carpropertyservice.util.CarPropertyManager.serviceCheck:132 com.iflytek.autofly.carpropertyservice.util.CarPropertyManager.getCarProperty:249 
11-15 20:12:36.450  2044  4147 W ActivityManager: Unable to start service Intent { act=com.iflytek.autofly.carpropertyservice pkg=com.iflytek.autofly.platformservice } U=0: not found
11-15 20:12:36.451  2827  3088 W ContextImpl: Calling a method in the system process without a qualified user: android.app.ContextImpl.bindService:1611 android.content.ContextWrapper.bindService:698 com.iflytek.autofly.carpropertyservice.util.CarPropertyManager.initClient:113 com.iflytek.autofly.carpropertyservice.util.CarPropertyManager.serviceCheck:132 com.iflytek.autofly.carpropertyservice.util.CarPropertyManager.getCarProperty:249 
11-15 20:12:36.451  2044  4147 W ActivityManager: Unable to start service Intent { act=com.iflytek.autofly.carpropertyservice pkg=com.iflytek.autofly.platformservice } U=0: not found
11-15 20:12:36.452  2827  3088 W ContextImpl: Calling a method in the system process without a qualified user: android.app.ContextImpl.bindService:1611 android.content.ContextWrapper.bindService:698 com.iflytek.autofly.carpropertyservice.util.CarPropertyManager.initClient:113 com.iflytek.autofly.carpropertyservice.util.CarPropertyManager.serviceCheck:132 com.iflytek.autofly.carpropertyservice.util.CarPropertyManager.getCarProperty:249 
11-15 20:12:36.452  2044  4147 W ActivityManager: Unable to start service Intent { act=com.iflytek.autofly.carpropertyservice pkg=com.iflytek.autofly.platformservice } U=0: not found
11-15 20:12:36.452  2827  3088 W ContextImpl: Calling a method in the system process without a qualified user: android.app.ContextImpl.bindService:1611 android.content.ContextWrapper.bindService:698 com.iflytek.autofly.carpropertyservice.util.CarPropertyManager.initClient:113 com.iflytek.autofly.carpropertyservice.util.CarPropertyManager.serviceCheck:132 com.iflytek.autofly.carpropertyservice.util.CarPropertyManager.getCarProperty:249 
11-15 20:12:36.453  2044  4147 W ActivityManager: Unable to start service Intent { act=com.iflytek.autofly.carpropertyservice pkg=com.iflytek.autofly.platformservice } U=0: not found
11-15 20:12:36.453  2827  3088 W ContextImpl: Calling a method in the system process without a qualified user: android.app.ContextImpl.bindService:1611 android.content.ContextWrapper.bindService:698 com.iflytek.autofly.carpropertyservice.util.CarPropertyManager.initClient:113 com.iflytek.autofly.carpropertyservice.util.CarPropertyManager.serviceCheck:132 com.iflytek.autofly.carpropertyservice.util.CarPropertyManager.getCarProperty:249 
11-15 20:12:36.454  2044  4147 W ActivityManager: Unable to start service Intent { act=com.iflytek.autofly.carpropertyservice pkg=com.iflytek.autofly.platformservice } U=0: not found
11-15 20:12:36.454  2827  3088 W ContextImpl: Calling a method in the system process without a qualified user: android.app.ContextImpl.bindService:1611 android.content.ContextWrapper.bindService:698 com.iflytek.autofly.carpropertyservice.util.CarPropertyManager.initClient:113 com.iflytek.autofly.carpropertyservice.util.CarPropertyManager.serviceCheck:132 com.iflytek.autofly.carpropertyservice.util.CarPropertyManager.getCarProperty:249 
11-15 20:12:36.454  2044  4147 W ActivityManager: Unable to start service Intent { act=com.iflytek.autofly.carpropertyservice pkg=com.iflytek.autofly.platformservice } U=0: not found
11-15 20:12:36.456  2827  3088 W ContextImpl: Calling a method in the system process without a qualified user: android.app.ContextImpl.bindService:1611 android.content.ContextWrapper.bindService:698 com.iflytek.autofly.carpropertyservice.util.CarPropertyManager.initClient:113 com.iflytek.autofly.carpropertyservice.util.CarPropertyManager.serviceCheck:132 com.iflytek.autofly.carpropertyservice.util.CarPropertyManager.getCarProperty:249 
11-15 20:12:36.475 17187 17187 I pidof   : type=1400 audit(0.0:26667): avc: denied { read } for scontext=u:r:direct_network_config:s0 tcontext=u:r:webview_zygote:s0 tclass=file permissive=1
11-15 20:12:36.457  2044  4147 W ActivityManager: Unable to start service Intent { act=com.iflytek.autofly.carpropertyservice pkg=com.iflytek.autofly.platformservice } U=0: not found
11-15 20:12:36.458  2827  3088 W ContextImpl: Calling a method in the system process without a qualified user: android.app.ContextImpl.bindService:1611 android.content.ContextWrapper.bindService:698 com.iflytek.autofly.carpropertyservice.util.CarPropertyManager.initClient:113 com.iflytek.autofly.carpropertyservice.util.CarPropertyManager.serviceCheck:132 com.iflytek.autofly.carpropertyservice.util.CarPropertyManager.getCarProperty:249 
11-15 20:12:36.459  2044  4147 W ActivityManager: Unable to start service Intent { act=com.iflytek.autofly.carpropertyservice pkg=com.iflytek.autofly.platformservice } U=0: not found
11-15 20:12:36.467  2827  3088 W ContextImpl: Calling a method in the system process without a qualified user: android.app.ContextImpl.bindService:1611 android.content.ContextWrapper.bindService:698 com.iflytek.autofly.carpropertyservice.util.CarPropertyManager.initClient:113 com.iflytek.autofly.carpropertyservice.util.CarPropertyManager.serviceCheck:132 com.iflytek.autofly.carpropertyservice.util.CarPropertyManager.getCarProperty:249 
11-15 20:12:36.471  2044  4147 W ActivityManager: Unable to start service Intent { act=com.iflytek.autofly.carpropertyservice pkg=com.iflytek.autofly.platformservice } U=0: not found
11-15 20:12:36.472  2827  3088 W ContextImpl: Calling a method in the system process without a qualified user: android.app.ContextImpl.bindService:1611 android.content.ContextWrapper.bindService:698 com.iflytek.autofly.carpropertyservice.util.CarPropertyManager.initClient:113 com.iflytek.autofly.carpropertyservice.util.CarPropertyManager.serviceCheck:132 com.iflytek.autofly.carpropertyservice.util.CarPropertyManager.getCarProperty:249 
11-15 20:12:36.473  2044  4147 W ActivityManager: Unable to start service Intent { act=com.iflytek.autofly.carpropertyservice pkg=com.iflytek.autofly.platformservice } U=0: not found
11-15 20:12:36.475 17187 17187 I pidof   : type=1400 audit(0.0:26668): avc: denied { read } for scontext=u:r:direct_network_config:s0 tcontext=u:r:hal_wifi_supplicant_default:s0 tclass=file permissive=1
11-15 20:12:36.475 17187 17187 I pidof   : type=1400 audit(0.0:26669): avc: denied { read } for scontext=u:r:direct_network_config:s0 tcontext=u:r:vehicle_shmemslaver:s0 tclass=file permissive=1
11-15 20:12:36.475 17187 17187 I pidof   : type=1400 audit(0.0:26670): avc: denied { read } for scontext=u:r:direct_network_config:s0 tcontext=u:r:vehicle_linkdevicemanager:s0 tclass=file permissive=1
11-15 20:12:36.487 17187 17187 I pidof   : type=1400 audit(0.0:26671): avc: denied { open } for path="/proc/2342/comm" dev="proc" ino=546153 scontext=u:r:direct_network_config:s0 tcontext=u:r:webview_zygote:s0 tclass=file permissive=1
11-15 20:12:36.657  2658  3327 I FlcAvrcpControllerInterface: getPlaybackState: address = [-12, 57, -90, -127, -3, -61]
11-15 20:12:36.688  2658  3227 I FlcAvrcpControllerCallback: onPlayPositionChanged: address = [-12, 57, -90, -127, -3, -61] songLen = 195906 currSongPosition = 53948
11-15 20:12:36.689  2658  3227 I FlcAvrcpControllerCallback: onPlayStatusChanged: address = [-12, 57, -90, -127, -3, -61] playStatus = 1
11-15 20:12:36.696  2044  4147 E ActivityManager: Sending non-protected broadcast android.bluetooth.avrcp-controller.profile.PLAY_STATUS_CHANGED from system 2658:com.android.bluetooth/1002 pkg com.android.bluetooth
11-15 20:12:36.696  2044  4147 E ActivityManager: java.lang.Throwable
11-15 20:12:36.696  2044  4147 E ActivityManager: 	at com.android.server.am.ActivityManagerService.checkBroadcastFromSystem(ActivityManagerService.java:21498)
11-15 20:12:36.696  2044  4147 E ActivityManager: 	at com.android.server.am.ActivityManagerService.broadcastIntentLocked(ActivityManagerService.java:22017)
11-15 20:12:36.696  2044  4147 E ActivityManager: 	at com.android.server.am.ActivityManagerService.broadcastIntent(ActivityManagerService.java:22252)
11-15 20:12:36.696  2044  4147 E ActivityManager: 	at android.app.IActivityManager$Stub.onTransact$broadcastIntent$(IActivityManager.java:10175)
11-15 20:12:36.696  2044  4147 E ActivityManager: 	at android.app.IActivityManager$Stub.onTransact(IActivityManager.java:167)
11-15 20:12:36.696  2044  4147 E ActivityManager: 	at com.android.server.am.ActivityManagerService.onTransact(ActivityManagerService.java:3346)
11-15 20:12:36.696  2044  4147 E ActivityManager: 	at android.os.Binder.execTransact(Binder.java:731)
11-15 20:12:36.698  2044  4147 E ActivityManager: Sending non-protected broadcast android.bluetooth.avrcp-controller.profile.PLAY_STATUS_CHANGED from system 2658:com.android.bluetooth/1002 pkg com.android.bluetooth
11-15 20:12:36.698  2044  4147 E ActivityManager: java.lang.Throwable
11-15 20:12:36.698  2044  4147 E ActivityManager: 	at com.android.server.am.ActivityManagerService.checkBroadcastFromSystem(ActivityManagerService.java:21498)
11-15 20:12:36.698  2044  4147 E ActivityManager: 	at com.android.server.am.ActivityManagerService.broadcastIntentLocked(ActivityManagerService.java:22110)
11-15 20:12:36.698  2044  4147 E ActivityManager: 	at com.android.server.am.ActivityManagerService.broadcastIntent(ActivityManagerService.java:22252)
11-15 20:12:36.698  2044  4147 E ActivityManager: 	at android.app.IActivityManager$Stub.onTransact$broadcastIntent$(IActivityManager.java:10175)
11-15 20:12:36.698  2044  4147 E ActivityManager: 	at android.app.IActivityManager$Stub.onTransact(IActivityManager.java:167)
11-15 20:12:36.698  2044  4147 E ActivityManager: 	at com.android.server.am.ActivityManagerService.onTransact(ActivityManagerService.java:3346)
11-15 20:12:36.698  2044  4147 E ActivityManager: 	at android.os.Binder.execTransact(Binder.java:731)
11-15 20:12:36.849  1703  3094 I teseo_hal_LocServiceProxy: Send satellite list: 7 satellites, 4 gps, 0 glonass, 0 galileo, 3 beidou, 0 others
11-15 20:12:36.913  2044  2142 E WifiVendorHal: getWifiLinkLayerStats(l.937) failed {.code = ERROR_NOT_AVAILABLE, .description = }
11-15 20:12:36.950  2742  2742 I PlatoformUtil-ConfigUtil: [loadConfig] carConfig1:affc2de5
11-15 20:12:36.950  2742  2742 I PlatoformUtil-ConfigUtil: [loadConfig] carConfig2:5f01491f
11-15 20:12:36.950  2742  2742 I PlatoformUtil-ConfigUtil: [loadConfig] carConfig3:509ecc7003092a52
11-15 20:12:36.950  2742  2742 I PlatoformUtil-ConfigUtil: [loadConfig] carConfig4:2800f02312000010
11-15 20:12:36.950  2742  2742 I PlatoformUtil-ConfigUtil: [loadConfig] carConfig5:0802901400000f00
11-15 20:12:36.950  2742  2742 I PlatoformUtil-ConfigUtil: [loadConfig] carConfig6:0000000000000000
11-15 20:12:36.950  2742  2742 I PlatoformUtil-ConfigUtil: carConfig load success
11-15 20:12:36.952  2742  2742 I PlatoformUtil-ConfigT1DImpl: [getConfig] carConfig1:[175, 252, 45, 229]
11-15 20:12:36.952  2742  2742 I PlatoformUtil-ConfigT1DImpl: [getConfig] carConfig2:[95, 1, 73, 31]
11-15 20:12:36.957  2742  2742 I PlatoformUtil-ConfigT1DImpl: [getConfig] carConfig3:[80, 158, 204, 112, 3, 9, 42, 82]
11-15 20:12:36.957  2742  2742 I PlatoformUtil-ConfigT1DImpl: [getConfig] carConfig4:[40, 0, 240, 35, 18, 0, 0, 16]
11-15 20:12:36.957  2742  2742 I PlatoformUtil-ConfigT1DImpl: [getConfig] carConfig5:[8, 2, 144, 20, 0, 0, 15, 0]
11-15 20:12:36.957  2742  2742 I PlatoformUtil-ConfigT1DImpl: [getConfig] carConfig6:[0, 0, 0, 0, 0, 0, 0, 0]
11-15 20:12:36.972  3576  3576 I GpsManager: onSatelliteStatusChanged  GPS satelliteCount = 11 azimuthDegrees = 1.0 carrierFrequencyHz = 0.0 cn0DbHz = 30.0 elevationDegrees = 6.0 svId = 4 hasAlmanacData = true hasCarrierFrequencyHz = false hasEphemerisData = true usedInFix = true
11-15 20:12:36.972  3576  3576 I GpsManager: onSatelliteStatusChanged  GPS satelliteCount = 11 azimuthDegrees = 40.0 carrierFrequencyHz = 0.0 cn0DbHz = 22.0 elevationDegrees = 21.0 svId = 6 hasAlmanacData = true hasCarrierFrequencyHz = false hasEphemerisData = true usedInFix = true
11-15 20:12:36.972  3576  3576 I GpsManager: onSatelliteStatusChanged  GPS satelliteCount = 11 azimuthDegrees = 82.0 carrierFrequencyHz = 0.0 cn0DbHz = 39.0 elevationDegrees = 48.0 svId = 11 hasAlmanacData = true hasCarrierFrequencyHz = false hasEphemerisData = true usedInFix = true
11-15 20:12:36.972  3576  3576 I GpsManager: onSatelliteStatusChanged  GPS satelliteCount = 11 azimuthDegrees = 125.0 carrierFrequencyHz = 0.0 cn0DbHz = 34.0 elevationDegrees = 45.0 svId = 12 hasAlmanacData = true hasCarrierFrequencyHz = false hasEphemerisData = true usedInFix = true
11-15 20:12:36.972  3576  3576 I GpsManager: onSatelliteStatusChanged  GPS satelliteCount = 11 azimuthDegrees = 105.0 carrierFrequencyHz = 0.0 cn0DbHz = 35.0 elevationDegrees = 18.0 svId = 20 hasAlmanacData = true hasCarrierFrequencyHz = false hasEphemerisData = true usedInFix = true
11-15 20:12:36.972  3576  3576 I GpsManager: onSatelliteStatusChanged  GPS satelliteCount = 11 azimuthDegrees = 101.0 carrierFrequencyHz = 0.0 cn0DbHz = 36.0 elevationDegrees = 9.0 svId = 21 hasAlmanacData = true hasCarrierFrequencyHz = false hasEphemerisData = true usedInFix = true
11-15 20:12:36.972  3576  3576 I GpsManager: onSatelliteStatusChanged  GPS satelliteCount = 11 azimuthDegrees = 177.0 carrierFrequencyHz = 0.0 cn0DbHz = 33.0 elevationDegrees = 73.0 svId = 25 hasAlmanacData = true hasCarrierFrequencyHz = false hasEphemerisData = true usedInFix = true
11-15 20:12:36.972  3576  3576 I GpsManager: onSatelliteStatusChanged  GPS satelliteCount = 11 azimuthDegrees = 296.0 carrierFrequencyHz = 0.0 cn0DbHz = 22.0 elevationDegrees = 1.0 svId = 26 hasAlmanacData = true hasCarrierFrequencyHz = false hasEphemerisData = true usedInFix = true
11-15 20:12:36.972  3576  3576 I GpsManager: onSatelliteStatusChanged  GPS satelliteCount = 11 azimuthDegrees = 281.0 carrierFrequencyHz = 0.0 cn0DbHz = 35.0 elevationDegrees = 43.0 svId = 28 hasAlmanacData = true hasCarrierFrequencyHz = false hasEphemerisData = true usedInFix = true
11-15 20:12:36.972  3576  3576 I GpsManager: onSatelliteStatusChanged  GPS satelliteCount = 11 azimuthDegrees = 230.0 carrierFrequencyHz = 0.0 cn0DbHz = 35.0 elevationDegrees = 51.0 svId = 29 hasAlmanacData = true hasCarrierFrequencyHz = false hasEphemerisData = true usedInFix = true
11-15 20:12:36.972  3576  3576 I GpsManager: onSatelliteStatusChanged  GPS satelliteCount = 11 azimuthDegrees = 312.0 carrierFrequencyHz = 0.0 cn0DbHz = 36.0 elevationDegrees = 25.0 svId = 31 hasAlmanacData = true hasCarrierFrequencyHz = false hasEphemerisData = true usedInFix = true
11-15 20:12:37.319  2827  8828 E ActivityThread: Failed to find provider info for com.iflytek.contentProvider.LocationProvider
11-15 20:12:37.328  2827  8828 E DrivingUploadThread: 
11-15 20:12:37.328  2827 17193 I RetrofitLog: retrofitBack = --> POST https://api.iflytekauto.cn/datacollector/upload/drive?openId=5e16cba3
11-15 20:12:37.329  2827 17193 I RetrofitLog: retrofitBack = Content-Type: application/json; charset=utf-8
11-15 20:12:37.329  2827 17193 I RetrofitLog: retrofitBack = Content-Length: 413
11-15 20:12:37.329  2827 17193 I RetrofitLog: retrofitBack = 
11-15 20:12:37.329  2827 17193 I RetrofitLog: retrofitBack = [{"alt":"-1","clat":39.900001525878906,"clng":116.4000015258789,"dd":"-1","dt":"srd","em":-1,"es":-1,"fc":-1,"frp":-1,"gha":0,"gsn":0,"ifc":-1,"la":9.19126,"m":-1,"rd_t":0,"sa":-1,"ss":-1,"ta":-0.22425,"v":-1,"va":-2.6491401,"addr":"","channel":"IFLYTEK_FEIYU","city":"","cts":1763226757318,"dId":"","dcv":"2020200311","dist":"","gts":1763226757318,"openId":"5e16cba3","stre":"","uId":""}]
11-15 20:12:37.329  2827 17193 I RetrofitLog: retrofitBack = --> END POST (413-byte body)
11-15 20:12:37.396 14428 14428 E H3NCustomCenter: Receive message:turbodog.system.navigation.message, code=202, data=1
11-15 20:12:37.628  2180  2180 W CarStateManagerService: <VehiclePower>send type is:0;temp is:0
11-15 20:12:37.693  2658  3327 I FlcAvrcpControllerInterface: getPlaybackState: address = [-12, 57, -90, -127, -3, -61]
11-15 20:12:37.748  2658  3227 I FlcAvrcpControllerCallback: onPlayPositionChanged: address = [-12, 57, -90, -127, -3, -61] songLen = 195906 currSongPosition = 54997
11-15 20:12:37.751  2658  3227 I FlcAvrcpControllerCallback: onPlayStatusChanged: address = [-12, 57, -90, -127, -3, -61] playStatus = 1
11-15 20:12:37.775  2044  4147 E ActivityManager: Sending non-protected broadcast android.bluetooth.avrcp-controller.profile.PLAY_STATUS_CHANGED from system 2658:com.android.bluetooth/1002 pkg com.android.bluetooth
11-15 20:12:37.775  2044  4147 E ActivityManager: java.lang.Throwable
11-15 20:12:37.775  2044  4147 E ActivityManager: 	at com.android.server.am.ActivityManagerService.checkBroadcastFromSystem(ActivityManagerService.java:21498)
11-15 20:12:37.775  2044  4147 E ActivityManager: 	at com.android.server.am.ActivityManagerService.broadcastIntentLocked(ActivityManagerService.java:22017)
11-15 20:12:37.775  2044  4147 E ActivityManager: 	at com.android.server.am.ActivityManagerService.broadcastIntent(ActivityManagerService.java:22252)
11-15 20:12:37.775  2044  4147 E ActivityManager: 	at android.app.IActivityManager$Stub.onTransact$broadcastIntent$(IActivityManager.java:10175)
11-15 20:12:37.775  2044  4147 E ActivityManager: 	at android.app.IActivityManager$Stub.onTransact(IActivityManager.java:167)
11-15 20:12:37.775  2044  4147 E ActivityManager: 	at com.android.server.am.ActivityManagerService.onTransact(ActivityManagerService.java:3346)
11-15 20:12:37.775  2044  4147 E ActivityManager: 	at android.os.Binder.execTransact(Binder.java:731)
11-15 20:12:37.776  2044  4147 E ActivityManager: Sending non-protected broadcast android.bluetooth.avrcp-controller.profile.PLAY_STATUS_CHANGED from system 2658:com.android.bluetooth/1002 pkg com.android.bluetooth
11-15 20:12:37.776  2044  4147 E ActivityManager: java.lang.Throwable
11-15 20:12:37.776  2044  4147 E ActivityManager: 	at com.android.server.am.ActivityManagerService.checkBroadcastFromSystem(ActivityManagerService.java:21498)
11-15 20:12:37.776  2044  4147 E ActivityManager: 	at com.android.server.am.ActivityManagerService.broadcastIntentLocked(ActivityManagerService.java:22110)
11-15 20:12:37.776  2044  4147 E ActivityManager: 	at com.android.server.am.ActivityManagerService.broadcastIntent(ActivityManagerService.java:22252)
11-15 20:12:37.776  2044  4147 E ActivityManager: 	at android.app.IActivityManager$Stub.onTransact$broadcastIntent$(IActivityManager.java:10175)
11-15 20:12:37.776  2044  4147 E ActivityManager: 	at android.app.IActivityManager$Stub.onTransact(IActivityManager.java:167)
11-15 20:12:37.776  2044  4147 E ActivityManager: 	at com.android.server.am.ActivityManagerService.onTransact(ActivityManagerService.java:3346)
11-15 20:12:37.776  2044  4147 E ActivityManager: 	at android.os.Binder.execTransact(Binder.java:731)
11-15 20:12:37.838  2827  2827 W ContextImpl: Calling a method in the system process without a qualified user: android.app.ContextImpl.bindService:1611 android.content.ContextWrapper.bindService:698 com.iflytek.autofly.systemservice.util.FlySystemManager.initClient:195 com.iflytek.autofly.systemservice.util.FlySystemManager.serviceCheck:215 com.iflytek.autofly.systemservice.util.FlySystemManager.registerListener:290 
11-15 20:12:37.844  2044  2470 W ActivityManager: Unable to start service Intent { act=com.iflytek.autofly.systemservice pkg=com.iflytek.autofly.platformservice } U=0: not found
11-15 20:12:37.853  1703  3094 I teseo_hal_LocServiceProxy: Send satellite list: 7 satellites, 4 gps, 0 glonass, 0 galileo, 3 beidou, 0 others
11-15 20:12:37.943  2742  2742 I PlatoformUtil-ConfigUtil: [loadConfig] carConfig1:affc2de5
11-15 20:12:37.943  2742  2742 I PlatoformUtil-ConfigUtil: [loadConfig] carConfig2:5f01491f
11-15 20:12:37.943  2742  2742 I PlatoformUtil-ConfigUtil: [loadConfig] carConfig3:509ecc7003092a52
11-15 20:12:37.943  2742  2742 I PlatoformUtil-ConfigUtil: [loadConfig] carConfig4:2800f02312000010
11-15 20:12:37.943  2742  2742 I PlatoformUtil-ConfigUtil: [loadConfig] carConfig5:0802901400000f00
11-15 20:12:37.943  2742  2742 I PlatoformUtil-ConfigUtil: [loadConfig] carConfig6:0000000000000000
11-15 20:12:37.943  2742  2742 I PlatoformUtil-ConfigUtil: carConfig load success
11-15 20:12:37.945  2742  2742 I PlatoformUtil-ConfigT1DImpl: [getConfig] carConfig1:[175, 252, 45, 229]
11-15 20:12:37.945  2742  2742 I PlatoformUtil-ConfigT1DImpl: [getConfig] carConfig2:[95, 1, 73, 31]
11-15 20:12:37.945  2742  2742 I PlatoformUtil-ConfigT1DImpl: [getConfig] carConfig3:[80, 158, 204, 112, 3, 9, 42, 82]
11-15 20:12:37.945  2742  2742 I PlatoformUtil-ConfigT1DImpl: [getConfig] carConfig4:[40, 0, 240, 35, 18, 0, 0, 16]
11-15 20:12:37.945  2742  2742 I PlatoformUtil-ConfigT1DImpl: [getConfig] carConfig5:[8, 2, 144, 20, 0, 0, 15, 0]
11-15 20:12:37.945  2742  2742 I PlatoformUtil-ConfigT1DImpl: [getConfig] carConfig6:[0, 0, 0, 0, 0, 0, 0, 0]
11-15 20:12:37.957  3576  3576 I GpsManager: onSatelliteStatusChanged  GPS satelliteCount = 11 azimuthDegrees = 1.0 carrierFrequencyHz = 0.0 cn0DbHz = 30.0 elevationDegrees = 6.0 svId = 4 hasAlmanacData = true hasCarrierFrequencyHz = false hasEphemerisData = true usedInFix = true
11-15 20:12:37.957  3576  3576 I GpsManager: onSatelliteStatusChanged  GPS satelliteCount = 11 azimuthDegrees = 40.0 carrierFrequencyHz = 0.0 cn0DbHz = 21.0 elevationDegrees = 21.0 svId = 6 hasAlmanacData = true hasCarrierFrequencyHz = false hasEphemerisData = true usedInFix = true
11-15 20:12:37.957  3576  3576 I GpsManager: onSatelliteStatusChanged  GPS satelliteCount = 11 azimuthDegrees = 82.0 carrierFrequencyHz = 0.0 cn0DbHz = 39.0 elevationDegrees = 48.0 svId = 11 hasAlmanacData = true hasCarrierFrequencyHz = false hasEphemerisData = true usedInFix = true
11-15 20:12:37.958  3576  3576 I GpsManager: onSatelliteStatusChanged  GPS satelliteCount = 11 azimuthDegrees = 125.0 carrierFrequencyHz = 0.0 cn0DbHz = 34.0 elevationDegrees = 45.0 svId = 12 hasAlmanacData = true hasCarrierFrequencyHz = false hasEphemerisData = true usedInFix = true
11-15 20:12:37.959  3576  3576 I GpsManager: onSatelliteStatusChanged  GPS satelliteCount = 11 azimuthDegrees = 105.0 carrierFrequencyHz = 0.0 cn0DbHz = 34.0 elevationDegrees = 18.0 svId = 20 hasAlmanacData = true hasCarrierFrequencyHz = false hasEphemerisData = true usedInFix = true
11-15 20:12:37.959  3576  3576 I GpsManager: onSatelliteStatusChanged  GPS satelliteCount = 11 azimuthDegrees = 101.0 carrierFrequencyHz = 0.0 cn0DbHz = 35.0 elevationDegrees = 9.0 svId = 21 hasAlmanacData = true hasCarrierFrequencyHz = false hasEphemerisData = true usedInFix = true
11-15 20:12:37.959  3576  3576 I GpsManager: onSatelliteStatusChanged  GPS satelliteCount = 11 azimuthDegrees = 177.0 carrierFrequencyHz = 0.0 cn0DbHz = 33.0 elevationDegrees = 73.0 svId = 25 hasAlmanacData = true hasCarrierFrequencyHz = false hasEphemerisData = true usedInFix = true
11-15 20:12:37.959  3576  3576 I GpsManager: onSatelliteStatusChanged  GPS satelliteCount = 11 azimuthDegrees = 296.0 carrierFrequencyHz = 0.0 cn0DbHz = 24.0 elevationDegrees = 1.0 svId = 26 hasAlmanacData = true hasCarrierFrequencyHz = false hasEphemerisData = true usedInFix = true
11-15 20:12:37.959  3576  3576 I GpsManager: onSatelliteStatusChanged  GPS satelliteCount = 11 azimuthDegrees = 281.0 carrierFrequencyHz = 0.0 cn0DbHz = 35.0 elevationDegrees = 43.0 svId = 28 hasAlmanacData = true hasCarrierFrequencyHz = false hasEphemerisData = true usedInFix = true
11-15 20:12:37.959  3576  3576 I GpsManager: onSatelliteStatusChanged  GPS satelliteCount = 11 azimuthDegrees = 230.0 carrierFrequencyHz = 0.0 cn0DbHz = 35.0 elevationDegrees = 51.0 svId = 29 hasAlmanacData = true hasCarrierFrequencyHz = false hasEphemerisData = true usedInFix = true
11-15 20:12:37.959  3576  3576 I GpsManager: onSatelliteStatusChanged  GPS satelliteCount = 11 azimuthDegrees = 312.0 carrierFrequencyHz = 0.0 cn0DbHz = 36.0 elevationDegrees = 25.0 svId = 31 hasAlmanacData = true hasCarrierFrequencyHz = false hasEphemerisData = true usedInFix = true
11-15 20:12:38.603 14428 14428 E H3NCustomCenter: Receive message:turbodog.system.navigation.message, code=201, data=0
11-15 20:12:38.696  2827 17193 I RetrofitLog: retrofitBack = <-- 200 https://api.iflytekauto.cn/datacollector/upload/drive?openId=5e16cba3 (1367ms)
11-15 20:12:38.696  2827 17193 I RetrofitLog: retrofitBack = Server: nginx
11-15 20:12:38.696  2827 17193 I RetrofitLog: retrofitBack = Date: Sat, 15 Nov 2025 17:12:38 GMT
11-15 20:12:38.696  2827 17193 I RetrofitLog: retrofitBack = Content-Type: application/json;charset=UTF-8
11-15 20:12:38.696  2827 17193 I RetrofitLog: retrofitBack = Transfer-Encoding: chunked
11-15 20:12:38.696  2827 17193 I RetrofitLog: retrofitBack = Connection: keep-alive
11-15 20:12:38.697  2827 17193 I RetrofitLog: retrofitBack = 
11-15 20:12:38.697  2827 17193 I RetrofitLog: retrofitBack = {"code":1000,"msg":"","data":{"traceId":"f8f123c0-a3c3-4881-bd0a-8707fa670ebd"}}
11-15 20:12:38.697  2827 17193 I RetrofitLog: retrofitBack = <-- END HTTP (98-byte body)
11-15 20:12:38.763  2658  3327 I FlcAvrcpControllerInterface: getPlaybackState: address = [-12, 57, -90, -127, -3, -61]
11-15 20:12:38.795  2658  3227 I FlcAvrcpControllerCallback: onPlayPositionChanged: address = [-12, 57, -90, -127, -3, -61] songLen = 195906 currSongPosition = 56051
11-15 20:12:38.795  2658  3227 I FlcAvrcpControllerCallback: onPlayStatusChanged: address = [-12, 57, -90, -127, -3, -61] playStatus = 1
11-15 20:12:38.799  2044  4147 E ActivityManager: Sending non-protected broadcast android.bluetooth.avrcp-controller.profile.PLAY_STATUS_CHANGED from system 2658:com.android.bluetooth/1002 pkg com.android.bluetooth
11-15 20:12:38.799  2044  4147 E ActivityManager: java.lang.Throwable
11-15 20:12:38.799  2044  4147 E ActivityManager: 	at com.android.server.am.ActivityManagerService.checkBroadcastFromSystem(ActivityManagerService.java:21498)
11-15 20:12:38.799  2044  4147 E ActivityManager: 	at com.android.server.am.ActivityManagerService.broadcastIntentLocked(ActivityManagerService.java:22017)
11-15 20:12:38.799  2044  4147 E ActivityManager: 	at com.android.server.am.ActivityManagerService.broadcastIntent(ActivityManagerService.java:22252)
11-15 20:12:38.799  2044  4147 E ActivityManager: 	at android.app.IActivityManager$Stub.onTransact$broadcastIntent$(IActivityManager.java:10175)
11-15 20:12:38.799  2044  4147 E ActivityManager: 	at android.app.IActivityManager$Stub.onTransact(IActivityManager.java:167)
11-15 20:12:38.799  2044  4147 E ActivityManager: 	at com.android.server.am.ActivityManagerService.onTransact(ActivityManagerService.java:3346)
11-15 20:12:38.799  2044  4147 E ActivityManager: 	at android.os.Binder.execTransact(Binder.java:731)
11-15 20:12:38.800  2044  4147 E ActivityManager: Sending non-protected broadcast android.bluetooth.avrcp-controller.profile.PLAY_STATUS_CHANGED from system 2658:com.android.bluetooth/1002 pkg com.android.bluetooth
11-15 20:12:38.800  2044  4147 E ActivityManager: java.lang.Throwable
11-15 20:12:38.800  2044  4147 E ActivityManager: 	at com.android.server.am.ActivityManagerService.checkBroadcastFromSystem(ActivityManagerService.java:21498)
11-15 20:12:38.800  2044  4147 E ActivityManager: 	at com.android.server.am.ActivityManagerService.broadcastIntentLocked(ActivityManagerService.java:22110)
11-15 20:12:38.800  2044  4147 E ActivityManager: 	at com.android.server.am.ActivityManagerService.broadcastIntent(ActivityManagerService.java:22252)
11-15 20:12:38.800  2044  4147 E ActivityManager: 	at android.app.IActivityManager$Stub.onTransact$broadcastIntent$(IActivityManager.java:10175)
11-15 20:12:38.800  2044  4147 E ActivityManager: 	at android.app.IActivityManager$Stub.onTransact(IActivityManager.java:167)
11-15 20:12:38.800  2044  4147 E ActivityManager: 	at com.android.server.am.ActivityManagerService.onTransact(ActivityManagerService.java:3346)
11-15 20:12:38.800  2044  4147 E ActivityManager: 	at android.os.Binder.execTransact(Binder.java:731)
11-15 20:12:38.850  1703  3094 I teseo_hal_LocServiceProxy: Send satellite list: 7 satellites, 4 gps, 0 glonass, 0 galileo, 3 beidou, 0 others
11-15 20:12:38.947  2742  2742 I PlatoformUtil-ConfigUtil: [loadConfig] carConfig1:affc2de5
11-15 20:12:38.947  2742  2742 I PlatoformUtil-ConfigUtil: [loadConfig] carConfig2:5f01491f
11-15 20:12:38.947  2742  2742 I PlatoformUtil-ConfigUtil: [loadConfig] carConfig3:509ecc7003092a52
11-15 20:12:38.947  2742  2742 I PlatoformUtil-ConfigUtil: [loadConfig] carConfig4:2800f02312000010
11-15 20:12:38.947  2742  2742 I PlatoformUtil-ConfigUtil: [loadConfig] carConfig5:0802901400000f00
11-15 20:12:38.947  2742  2742 I PlatoformUtil-ConfigUtil: [loadConfig] carConfig6:0000000000000000
11-15 20:12:38.947  2742  2742 I PlatoformUtil-ConfigUtil: carConfig load success
11-15 20:12:38.949  2742  2742 I PlatoformUtil-ConfigT1DImpl: [getConfig] carConfig1:[175, 252, 45, 229]
11-15 20:12:38.949  2742  2742 I PlatoformUtil-ConfigT1DImpl: [getConfig] carConfig2:[95, 1, 73, 31]
11-15 20:12:38.949  2742  2742 I PlatoformUtil-ConfigT1DImpl: [getConfig] carConfig3:[80, 158, 204, 112, 3, 9, 42, 82]
11-15 20:12:38.949  2742  2742 I PlatoformUtil-ConfigT1DImpl: [getConfig] carConfig4:[40, 0, 240, 35, 18, 0, 0, 16]
11-15 20:12:38.949  2742  2742 I PlatoformUtil-ConfigT1DImpl: [getConfig] carConfig5:[8, 2, 144, 20, 0, 0, 15, 0]
11-15 20:12:38.949  2742  2742 I PlatoformUtil-ConfigT1DImpl: [getConfig] carConfig6:[0, 0, 0, 0, 0, 0, 0, 0]
11-15 20:12:38.960  3576  3576 I GpsManager: onSatelliteStatusChanged  GPS satelliteCount = 11 azimuthDegrees = 1.0 carrierFrequencyHz = 0.0 cn0DbHz = 29.0 elevationDegrees = 6.0 svId = 4 hasAlmanacData = true hasCarrierFrequencyHz = false hasEphemerisData = true usedInFix = true
11-15 20:12:38.960  3576  3576 I GpsManager: onSatelliteStatusChanged  GPS satelliteCount = 11 azimuthDegrees = 40.0 carrierFrequencyHz = 0.0 cn0DbHz = 21.0 elevationDegrees = 21.0 svId = 6 hasAlmanacData = true hasCarrierFrequencyHz = false hasEphemerisData = true usedInFix = true
11-15 20:12:38.960  3576  3576 I GpsManager: onSatelliteStatusChanged  GPS satelliteCount = 11 azimuthDegrees = 82.0 carrierFrequencyHz = 0.0 cn0DbHz = 39.0 elevationDegrees = 48.0 svId = 11 hasAlmanacData = true hasCarrierFrequencyHz = false hasEphemerisData = true usedInFix = true
11-15 20:12:38.960  3576  3576 I GpsManager: onSatelliteStatusChanged  GPS satelliteCount = 11 azimuthDegrees = 125.0 carrierFrequencyHz = 0.0 cn0DbHz = 34.0 elevationDegrees = 45.0 svId = 12 hasAlmanacData = true hasCarrierFrequencyHz = false hasEphemerisData = true usedInFix = true
11-15 20:12:38.960  3576  3576 I GpsManager: onSatelliteStatusChanged  GPS satelliteCount = 11 azimuthDegrees = 105.0 carrierFrequencyHz = 0.0 cn0DbHz = 35.0 elevationDegrees = 18.0 svId = 20 hasAlmanacData = true hasCarrierFrequencyHz = false hasEphemerisData = true usedInFix = true
11-15 20:12:38.960  3576  3576 I GpsManager: onSatelliteStatusChanged  GPS satelliteCount = 11 azimuthDegrees = 101.0 carrierFrequencyHz = 0.0 cn0DbHz = 35.0 elevationDegrees = 9.0 svId = 21 hasAlmanacData = true hasCarrierFrequencyHz = false hasEphemerisData = true usedInFix = true
11-15 20:12:38.960  3576  3576 I GpsManager: onSatelliteStatusChanged  GPS satelliteCount = 11 azimuthDegrees = 177.0 carrierFrequencyHz = 0.0 cn0DbHz = 34.0 elevationDegrees = 73.0 svId = 25 hasAlmanacData = true hasCarrierFrequencyHz = false hasEphemerisData = true usedInFix = true
11-15 20:12:38.960  3576  3576 I GpsManager: onSatelliteStatusChanged  GPS satelliteCount = 11 azimuthDegrees = 296.0 carrierFrequencyHz = 0.0 cn0DbHz = 24.0 elevationDegrees = 1.0 svId = 26 hasAlmanacData = true hasCarrierFrequencyHz = false hasEphemerisData = true usedInFix = true
11-15 20:12:38.960  3576  3576 I GpsManager: onSatelliteStatusChanged  GPS satelliteCount = 11 azimuthDegrees = 281.0 carrierFrequencyHz = 0.0 cn0DbHz = 35.0 elevationDegrees = 43.0 svId = 28 hasAlmanacData = true hasCarrierFrequencyHz = false hasEphemerisData = true usedInFix = true
11-15 20:12:38.960  3576  3576 I GpsManager: onSatelliteStatusChanged  GPS satelliteCount = 11 azimuthDegrees = 230.0 carrierFrequencyHz = 0.0 cn0DbHz = 35.0 elevationDegrees = 51.0 svId = 29 hasAlmanacData = true hasCarrierFrequencyHz = false hasEphemerisData = true usedInFix = true
11-15 20:12:38.960  3576  3576 I GpsManager: onSatelliteStatusChanged  GPS satelliteCount = 11 azimuthDegrees = 312.0 carrierFrequencyHz = 0.0 cn0DbHz = 35.0 elevationDegrees = 25.0 svId = 31 hasAlmanacData = true hasCarrierFrequencyHz = false hasEphemerisData = true usedInFix = true
11-15 20:12:39.187 17201 17201 I pidof   : type=1400 audit(0.0:26681): avc: denied { read } for scontext=u:r:direct_network_config:s0 tcontext=u:r:mdnsd:s0 tclass=file permissive=1
11-15 20:12:39.195 17201 17201 I pidof   : type=1400 audit(0.0:26682): avc: denied { search } for name="2342" dev="proc" ino=545910 scontext=u:r:direct_network_config:s0 tcontext=u:r:webview_zygote:s0 tclass=dir permissive=1
11-15 20:12:39.195 17201 17201 I pidof   : type=1400 audit(0.0:26683): avc: denied { open } for path="/proc/3050/comm" dev="proc" ino=546207 scontext=u:r:direct_network_config:s0 tcontext=u:r:mdnsd:s0 tclass=file permissive=1
11-15 20:12:39.758 14428 14428 E H3NCustomCenter: Receive message:turbodog.system.navigation.message, code=202, data=1
11-15 20:12:39.798  2658  3327 I FlcAvrcpControllerInterface: getPlaybackState: address = [-12, 57, -90, -127, -3, -61]
11-15 20:12:39.846  2827  2827 W ContextImpl: Calling a method in the system process without a qualified user: android.app.ContextImpl.bindService:1611 android.content.ContextWrapper.bindService:698 com.iflytek.autofly.systemservice.util.FlySystemManager.initClient:195 com.iflytek.autofly.systemservice.util.FlySystemManager.serviceCheck:215 com.iflytek.autofly.systemservice.util.FlySystemManager.registerListener:290 
11-15 20:12:39.847  2044  4147 W ActivityManager: Unable to start service Intent { act=com.iflytek.autofly.systemservice pkg=com.iflytek.autofly.platformservice } U=0: not found
11-15 20:12:39.849  1703  3094 I teseo_hal_LocServiceProxy: Send satellite list: 7 satellites, 4 gps, 0 glonass, 0 galileo, 3 beidou, 0 others
11-15 20:12:39.858  2658  3227 I FlcAvrcpControllerCallback: onPlayPositionChanged: address = [-12, 57, -90, -127, -3, -61] songLen = 195906 currSongPosition = 57098
11-15 20:12:39.859  2658  3227 I FlcAvrcpControllerCallback: onPlayStatusChanged: address = [-12, 57, -90, -127, -3, -61] playStatus = 1
11-15 20:12:39.874  2044  2470 E ActivityManager: Sending non-protected broadcast android.bluetooth.avrcp-controller.profile.PLAY_STATUS_CHANGED from system 2658:com.android.bluetooth/1002 pkg com.android.bluetooth
11-15 20:12:39.874  2044  2470 E ActivityManager: java.lang.Throwable
