11-15 18:23:14.775  4309  4309 I auditd  : type=1400 audit(0.0:2664): avc: denied { sys_ptrace } for comm="pidof" capability=19 scontext=u:r:direct_network_config:s0 tcontext=u:r:direct_network_config:s0 tclass=capability permissive=1
11-15 18:23:14.775  4309  4309 I auditd  : type=1400 audit(0.0:2665): avc: denied { read } for comm="pidof" scontext=u:r:direct_network_config:s0 tcontext=u:r:vold:s0 tclass=file permissive=1
11-15 18:23:14.775  4309  4309 I auditd  : type=1400 audit(0.0:2666): avc: denied { read } for comm="pidof" scontext=u:r:direct_network_config:s0 tcontext=u:r:hal_graphics_composer_default:s0 tclass=file permissive=1
11-15 18:23:14.775  4309  4309 I auditd  : type=1400 audit(0.0:2667): avc: denied { read } for comm="pidof" scontext=u:r:direct_network_config:s0 tcontext=u:r:hal_health_default:s0 tclass=file permissive=1
11-15 18:23:14.779  4309  4309 I auditd  : type=1400 audit(0.0:2668): avc: denied { open } for comm="pidof" path="/proc/1584/comm" dev="proc" ino=20307 scontext=u:r:direct_network_config:s0 tcontext=u:r:vold:s0 tclass=file permissive=1
11-15 18:23:24.149  2044  2415 I ntp_failure: [ntp2.aliyun.com,java.net.UnknownHostException: Unable to resolve host "ntp2.aliyun.com": No address associated with hostname]
11-15 18:23:24.236  2044  2057 I am_pss  : [3346,10004,android.process.acore,22843392,18997248,0,123850752,0,18,68]
11-15 18:23:26.081  2044  2123 I commit_sys_config_file: [settings-1-0,49]
11-15 18:23:34.162  2044  2123 I commit_sys_config_file: [settings-1-0,16]
11-15 18:23:38.630  2044  2123 I commit_sys_config_file: [settings-1-0,35]
11-15 18:23:52.531  2044  2123 I commit_sys_config_file: [settings-1-0,18]
11-15 18:23:54.234  2044  2123 I commit_sys_config_file: [settings-1-0,23]
11-15 18:23:55.035  4420  4420 I auditd  : type=1400 audit(0.0:2672): avc: denied { read } for comm="pidof" scontext=u:r:direct_network_config:s0 tcontext=u:r:ueventd:s0 tclass=file permissive=1
11-15 18:23:55.035  4420  4420 I auditd  : type=1400 audit(0.0:2673): avc: denied { read } for comm="pidof" scontext=u:r:direct_network_config:s0 tcontext=u:r:hal_memtrack_default:s0 tclass=file permissive=1
11-15 18:23:55.035  4420  4420 I auditd  : type=1400 audit(0.0:2674): avc: denied { read } for comm="pidof" scontext=u:r:direct_network_config:s0 tcontext=u:r:hal_sensors_default:s0 tclass=file permissive=1
11-15 18:23:55.035  4420  4420 I auditd  : type=1400 audit(0.0:2675): avc: denied { read } for comm="pidof" scontext=u:r:direct_network_config:s0 tcontext=u:r:system_server:s0 tclass=file permissive=1
11-15 18:23:55.035  4420  4420 I auditd  : type=1400 audit(0.0:2676): avc: denied { read } for comm="pidof" scontext=u:r:direct_network_config:s0 tcontext=u:r:system_app:s0 tclass=file permissive=1
11-15 18:23:55.845  2044  2123 I commit_sys_config_file: [settings-1-0,24]
11-15 18:23:56.941  2044  2123 I commit_sys_config_file: [settings-1-0,19]
11-15 18:23:59.260  2044  2123 I commit_sys_config_file: [settings-1-0,23]
11-15 18:24:00.114  2044  2057 I am_pss  : [3346,10004,android.process.acore,22572032,18726912,0,123584512,0,18,68]
11-15 18:24:00.511  4429  4429 I auditd  : type=1400 audit(0.0:2683): avc: denied { read } for comm="pidof" scontext=u:r:direct_network_config:s0 tcontext=u:r:kernel:s0 tclass=file permissive=1
11-15 18:24:00.511  4429  4429 I auditd  : type=1400 audit(0.0:2684): avc: denied { search } for comm="pidof" name="1" dev="proc" ino=40872 scontext=u:r:direct_network_config:s0 tcontext=u:r:init:s0 tclass=dir permissive=1
11-15 18:24:00.511  4429  4429 I auditd  : type=1400 audit(0.0:2685): avc: denied { open } for comm="pidof" path="/proc/2/comm" dev="proc" ino=50189 scontext=u:r:direct_network_config:s0 tcontext=u:r:kernel:s0 tclass=file permissive=1
11-15 18:24:00.515  4429  4429 I auditd  : type=1400 audit(0.0:2686): avc: denied { read } for comm="pidof" scontext=u:r:direct_network_config:s0 tcontext=u:r:hal_wifi_default:s0 tclass=file permissive=1
11-15 18:24:00.515  4429  4429 I auditd  : type=1400 audit(0.0:2687): avc: denied { read } for comm="pidof" scontext=u:r:direct_network_config:s0 tcontext=u:r:shell:s0 tclass=file permissive=1
11-15 18:24:02.614  2044  2123 I commit_sys_config_file: [settings-1-0,21]
11-15 18:24:05.606  2044  2123 I commit_sys_config_file: [settings-1-0,15]
11-15 18:24:05.854  4439  4439 I auditd  : type=1400 audit(0.0:2703): avc: denied { search } for comm="pidof" name="3050" dev="proc" ino=50513 scontext=u:r:direct_network_config:s0 tcontext=u:r:mdnsd:s0 tclass=dir permissive=1
11-15 18:24:24.175  2044  2415 I ntp_failure: [2.cn.pool.ntp.org,java.net.UnknownHostException: Unable to resolve host "2.cn.pool.ntp.org": No address associated with hostname]
11-15 18:24:24.216  2044  2057 I am_pss  : [2501,1000,com.desaysv.launcher,93670400,88010752,0,190332928,0,2,44]
11-15 18:24:43.403  2044  2044 I commit_sys_config_file: [notification-policy,23]
11-15 18:24:43.437  2044  2044 I commit_sys_config_file: [notification-policy,17]
11-15 18:24:43.480  2044  2044 I commit_sys_config_file: [notification-policy,21]
11-15 18:25:46.039  2044  2123 I commit_sys_config_file: [settings-1-0,31]
11-15 18:25:51.136  2044  2123 I commit_sys_config_file: [settings-1-0,15]
11-15 18:26:00.370  4625  4625 I auditd  : type=1400 audit(0.0:2704): avc: denied { read } for comm="pidof" scontext=u:r:direct_network_config:s0 tcontext=u:r:adbd:s0 tclass=file permissive=1
11-15 18:26:00.370  4625  4625 I auditd  : type=1400 audit(0.0:2705): avc: denied { read } for comm="pidof" scontext=u:r:direct_network_config:s0 tcontext=u:r:svdebug:s0 tclass=file permissive=1
11-15 18:26:00.370  4625  4625 I auditd  : type=1400 audit(0.0:2706): avc: denied { read } for comm="pidof" scontext=u:r:direct_network_config:s0 tcontext=u:r:webview_zygote:s0 tclass=file permissive=1
11-15 18:26:00.370  4625  4625 I auditd  : type=1400 audit(0.0:2707): avc: denied { read } for comm="pidof" scontext=u:r:direct_network_config:s0 tcontext=u:r:hal_wifi_supplicant_default:s0 tclass=file permissive=1
11-15 18:26:00.370  4625  4625 I auditd  : type=1400 audit(0.0:2708): avc: denied { read } for comm="pidof" scontext=u:r:direct_network_config:s0 tcontext=u:r:vehicle_shmemslaver:s0 tclass=file permissive=1
11-15 18:26:00.370  4625  4625 I auditd  : type=1400 audit(0.0:2709): avc: denied { read } for comm="pidof" scontext=u:r:direct_network_config:s0 tcontext=u:r:vehicle_linkdevicemanager:s0 tclass=file permissive=1
11-15 18:26:00.370  4625  4625 I auditd  : type=1400 audit(0.0:2710): avc: denied { read } for comm="pidof" scontext=u:r:direct_network_config:s0 tcontext=u:r:mdnsd:s0 tclass=file permissive=1
11-15 18:26:00.370  4625  4625 I auditd  : type=1400 audit(0.0:2711): avc: denied { read } for comm="pidof" scontext=u:r:direct_network_config:s0 tcontext=u:r:mediaprovider:s0:c512,c768 tclass=file permissive=1
11-15 18:26:00.370  4625  4625 I auditd  : type=1400 audit(0.0:2712): avc: denied { read } for comm="pidof" scontext=u:r:direct_network_config:s0 tcontext=u:r:priv_app:s0:c512,c768 tclass=file permissive=1
11-15 18:26:03.014  4629  4629 I auditd  : type=1400 audit(0.0:2733): avc: denied { read } for comm="pidof" scontext=u:r:direct_network_config:s0 tcontext=u:r:incidentd:s0 tclass=file permissive=1
11-15 18:26:03.018  4629  4629 I auditd  : type=1400 audit(0.0:2734): avc: denied { search } for comm="pidof" name="1710" dev="proc" ino=50437 scontext=u:r:direct_network_config:s0 tcontext=u:r:shell:s0 tclass=dir permissive=1
11-15 18:26:03.026  4629  4629 I auditd  : type=1400 audit(0.0:2735): avc: denied { open } for comm="pidof" path="/proc/1881/comm" dev="proc" ino=50680 scontext=u:r:direct_network_config:s0 tcontext=u:r:incidentd:s0 tclass=file permissive=1
11-15 18:26:03.202  2044  4633 I ntp_failure: [cn.pool.ntp.org,java.net.UnknownHostException: Unable to resolve host "cn.pool.ntp.org": No address associated with hostname]
11-15 18:26:04.159  2044  2415 I ntp_failure: [s2f.time.edu.cn,java.net.UnknownHostException: Unable to resolve host "s2f.time.edu.cn": No address associated with hostname]
11-15 18:26:05.678  4639  4639 I auditd  : type=1400 audit(0.0:2736): avc: denied { read } for comm="pidof" scontext=u:r:direct_network_config:s0 tcontext=u:r:installd:s0 tclass=file permissive=1
11-15 18:26:05.678  4639  4639 I auditd  : type=1400 audit(0.0:2737): avc: denied { read } for comm="pidof" scontext=u:r:direct_network_config:s0 tcontext=u:r:mediadrmserver:s0 tclass=file permissive=1
11-15 18:26:05.678  4639  4639 I auditd  : type=1400 audit(0.0:2738): avc: denied { read } for comm="pidof" scontext=u:r:direct_network_config:s0 tcontext=u:r:mediaextractor:s0 tclass=file permissive=1
11-15 18:26:05.682  4639  4639 I auditd  : type=1400 audit(0.0:2739): avc: denied { search } for comm="pidof" name="1706" dev="proc" ino=50433 scontext=u:r:direct_network_config:s0 tcontext=u:r:hal_health_default:s0 tclass=dir permissive=1
11-15 18:26:05.682  4639  4639 I auditd  : type=1400 audit(0.0:2740): avc: denied { search } for comm="pidof" name="1708" dev="proc" ino=50435 scontext=u:r:direct_network_config:s0 tcontext=u:r:hal_sensors_default:s0 tclass=dir permissive=1
11-15 18:26:05.682  4639  4639 I auditd  : type=1400 audit(0.0:2741): avc: denied { search } for comm="pidof" name="1709" dev="proc" ino=50436 scontext=u:r:direct_network_config:s0 tcontext=u:r:hal_wifi_default:s0 tclass=dir permissive=1
11-15 18:26:05.682  4639  4639 I auditd  : type=1400 audit(0.0:2742): avc: denied { open } for comm="pidof" path="/proc/1883/comm" dev="proc" ino=50682 scontext=u:r:direct_network_config:s0 tcontext=u:r:installd:s0 tclass=file permissive=1
11-15 18:26:08.350  4643  4643 I auditd  : type=1400 audit(0.0:2747): avc: denied { read } for comm="pidof" scontext=u:r:direct_network_config:s0 tcontext=u:r:mediametrics:s0 tclass=file permissive=1
11-15 18:26:08.354  4643  4643 I auditd  : type=1400 audit(0.0:2748): avc: denied { search } for comm="pidof" name="1236" dev="proc" ino=50393 scontext=u:r:direct_network_config:s0 tcontext=u:r:ueventd:s0 tclass=dir permissive=1
11-15 18:26:08.358  4643  4643 I auditd  : type=1400 audit(0.0:2749): avc: denied { search } for comm="pidof" name="1704" dev="proc" ino=50431 scontext=u:r:direct_network_config:s0 tcontext=u:r:hal_graphics_allocator_default:s0 tclass=dir permissive=1
11-15 18:26:08.358  4643  4643 I auditd  : type=1400 audit(0.0:2750): avc: denied { search } for comm="pidof" name="1707" dev="proc" ino=50434 scontext=u:r:direct_network_config:s0 tcontext=u:r:hal_memtrack_default:s0 tclass=dir permissive=1
11-15 18:26:08.358  4643  4643 I auditd  : type=1400 audit(0.0:2751): avc: denied { open } for comm="pidof" path="/proc/1888/comm" dev="proc" ino=50690 scontext=u:r:direct_network_config:s0 tcontext=u:r:mediametrics:s0 tclass=file permissive=1
11-15 18:26:27.816  2044  2123 I commit_sys_config_file: [settings-1-0,567]
11-15 18:26:29.618  4679  4679 I auditd  : type=1400 audit(0.0:2752): avc: denied { read } for comm="pidof" scontext=u:r:direct_network_config:s0 tcontext=u:r:mediaserver:s0 tclass=file permissive=1
11-15 18:26:29.618  4679  4679 I auditd  : type=1400 audit(0.0:2753): avc: denied { read } for comm="pidof" scontext=u:r:direct_network_config:s0 tcontext=u:r:statsd:s0 tclass=file permissive=1
11-15 18:26:29.622  4679  4679 I auditd  : type=1400 audit(0.0:2754): avc: denied { search } for comm="pidof" name="1234" dev="proc" ino=50391 scontext=u:r:direct_network_config:s0 tcontext=u:r:vendor_init:s0 tclass=dir permissive=1
11-15 18:26:29.622  4679  4679 I auditd  : type=1400 audit(0.0:2755): avc: denied { search } for comm="pidof" name="1584" dev="proc" ino=50413 scontext=u:r:direct_network_config:s0 tcontext=u:r:vold:s0 tclass=dir permissive=1
11-15 18:26:29.626  4679  4679 I auditd  : type=1400 audit(0.0:2756): avc: denied { search } for comm="pidof" name="1702" dev="proc" ino=50429 scontext=u:r:direct_network_config:s0 tcontext=u:r:hal_gatekeeper_default:s0 tclass=dir permissive=1
11-15 18:26:33.014  2044  2123 I commit_sys_config_file: [settings-1-0,16]
11-15 18:26:35.824  2044  2123 I commit_sys_config_file: [settings-1-0,11]
11-15 18:26:39.482  2044  2123 I commit_sys_config_file: [settings-1-0,20]
11-15 18:26:44.073  2044  2044 I commit_sys_config_file: [notification-policy,29]
11-15 18:26:44.091  2044  2044 I commit_sys_config_file: [notification-policy,14]
11-15 18:26:44.116  2044  2057 I am_pss  : [2501,1000,com.desaysv.launcher,93761536,88096768,0,190545920,0,2,43]
11-15 18:26:45.630  4708  4708 I auditd  : type=1400 audit(0.0:2760): avc: denied { read } for comm="pidof" scontext=u:r:direct_network_config:s0 tcontext=u:r:logd:s0 tclass=file permissive=1
11-15 18:26:45.630  4708  4708 I auditd  : type=1400 audit(0.0:2761): avc: denied { read } for comm="pidof" scontext=u:r:direct_network_config:s0 tcontext=u:r:netd:s0 tclass=file permissive=1
11-15 18:26:45.630  4708  4708 I auditd  : type=1400 audit(0.0:2762): avc: denied { read } for comm="pidof" scontext=u:r:direct_network_config:s0 tcontext=u:r:storaged:s0 tclass=file permissive=1
11-15 18:26:45.634  4708  4708 I auditd  : type=1400 audit(0.0:2763): avc: denied { open } for comm="pidof" path="/proc/1564/comm" dev="proc" ino=50576 scontext=u:r:direct_network_config:s0 tcontext=u:r:logd:s0 tclass=file permissive=1
11-15 18:26:45.634  4708  4708 I auditd  : type=1400 audit(0.0:2764): avc: denied { open } for comm="pidof" path="/proc/1685/comm" dev="proc" ino=50598 scontext=u:r:direct_network_config:s0 tcontext=u:r:netd:s0 tclass=file permissive=1
11-15 18:26:49.216  2044  2123 I commit_sys_config_file: [settings-1-0,10]
11-15 18:26:49.882  1574  1574 I auditd  : type=1400 audit(0.0:2767): avc: denied { read } for comm="vehicle@2.0-ser" name="u:object_r:exported3_system_prop:s0" dev="tmpfs" ino=222 scontext=u:r:hal_vehicle_g6:s0 tcontext=u:object_r:exported3_system_prop:s0 tclass=file permissive=1
11-15 18:26:49.882  1574  1574 I auditd  : type=1400 audit(0.0:2768): avc: denied { open } for comm="vehicle@2.0-ser" path="/dev/__properties__/u:object_r:exported3_system_prop:s0" dev="tmpfs" ino=222 scontext=u:r:hal_vehicle_g6:s0 tcontext=u:object_r:exported3_system_prop:s0 tclass=file permissive=1
11-15 18:26:49.882  1574  1574 I auditd  : type=1400 audit(0.0:2769): avc: denied { getattr } for comm="vehicle@2.0-ser" path="/dev/__properties__/u:object_r:exported3_system_prop:s0" dev="tmpfs" ino=222 scontext=u:r:hal_vehicle_g6:s0 tcontext=u:object_r:exported3_system_prop:s0 tclass=file permissive=1
11-15 18:26:49.882  1574  1574 I auditd  : type=1400 audit(0.0:2770): avc: denied { map } for comm="vehicle@2.0-ser" path="/dev/__properties__/u:object_r:exported3_system_prop:s0" dev="tmpfs" ino=222 scontext=u:r:hal_vehicle_g6:s0 tcontext=u:object_r:exported3_system_prop:s0 tclass=file permissive=1
11-15 18:26:50.809  2044  2044 I commit_sys_config_file: [notification-policy,35]
11-15 18:26:51.033  4718  4718 I auditd  : type=1400 audit(0.0:2771): avc: denied { read } for comm="pidof" scontext=u:r:direct_network_config:s0 tcontext=u:r:servicemanager:s0 tclass=file permissive=1
11-15 18:26:51.033  4718  4718 I auditd  : type=1400 audit(0.0:2772): avc: denied { read } for comm="pidof" scontext=u:r:direct_network_config:s0 tcontext=u:r:hwservicemanager:s0 tclass=file permissive=1
11-15 18:26:51.033  4718  4718 I auditd  : type=1400 audit(0.0:2773): avc: denied { read } for comm="pidof" scontext=u:r:direct_network_config:s0 tcontext=u:r:vndservicemanager:s0 tclass=file permissive=1
11-15 18:26:51.033  4718  4718 I auditd  : type=1400 audit(0.0:2774): avc: denied { read } for comm="pidof" scontext=u:r:direct_network_config:s0 tcontext=u:r:hal_allocator_default:s0 tclass=file permissive=1
11-15 18:26:51.033  4718  4718 I auditd  : type=1400 audit(0.0:2775): avc: denied { read } for comm="pidof" scontext=u:r:direct_network_config:s0 tcontext=u:r:hal_audio_default:s0 tclass=file permissive=1
11-15 18:26:51.033  4718  4718 I auditd  : type=1400 audit(0.0:2776): avc: denied { read } for comm="pidof" scontext=u:r:direct_network_config:s0 tcontext=u:r:hal_broadcastradio_default:s0 tclass=file permissive=1
11-15 18:26:51.068  2044  2044 I commit_sys_config_file: [notification-policy,29]
11-15 18:26:51.318  2044  2123 I commit_sys_config_file: [settings-1-0,25]
11-15 18:26:53.837  4723  4723 I auditd  : type=1400 audit(0.0:2808): avc: denied { read } for comm="pidof" scontext=u:r:direct_network_config:s0 tcontext=u:r:hal_vehicle_g6:s0 tclass=file permissive=1
11-15 18:26:53.837  4723  4723 I auditd  : type=1400 audit(0.0:2809): avc: denied { read } for comm="pidof" scontext=u:r:direct_network_config:s0 tcontext=u:r:hal_configstore_default:s0 tclass=file permissive=1
11-15 18:26:53.837  4723  4723 I auditd  : type=1400 audit(0.0:2810): avc: denied { read } for comm="pidof" scontext=u:r:direct_network_config:s0 tcontext=u:r:hal_contexthub_default:s0 tclass=file permissive=1
11-15 18:26:53.841  4723  4723 I auditd  : type=1400 audit(0.0:2811): avc: denied { search } for comm="pidof" name="1567" dev="proc" ino=50406 scontext=u:r:direct_network_config:s0 tcontext=u:r:vndservicemanager:s0 tclass=dir permissive=1
11-15 18:26:53.841  4723  4723 I auditd  : type=1400 audit(0.0:2812): avc: denied { open } for comm="pidof" path="/proc/1574/comm" dev="proc" ino=50584 scontext=u:r:direct_network_config:s0 tcontext=u:r:hal_vehicle_g6:s0 tclass=file permissive=1
11-15 18:26:54.840  2044  2123 I commit_sys_config_file: [settings-1-0,37]
11-15 18:26:56.581  4727  4727 I auditd  : type=1400 audit(0.0:2816): avc: denied { read } for comm="pidof" scontext=u:r:direct_network_config:s0 tcontext=u:r:hal_bootctl_default:s0 tclass=file permissive=1
11-15 18:26:56.581  4727  4727 I auditd  : type=1400 audit(0.0:2817): avc: denied { read } for comm="pidof" scontext=u:r:direct_network_config:s0 tcontext=u:r:hal_keymaster_default:s0 tclass=file permissive=1
11-15 18:26:56.581  4727  4727 I auditd  : type=1400 audit(0.0:2818): avc: denied { read } for comm="pidof" scontext=u:r:direct_network_config:s0 tcontext=u:r:hal_drm_default:s0 tclass=file permissive=1
11-15 18:26:56.581  4727  4727 I auditd  : type=1400 audit(0.0:2819): avc: denied { read } for comm="pidof" scontext=u:r:direct_network_config:s0 tcontext=u:r:hal_drm_clearkey:s0 tclass=file permissive=1
11-15 18:26:56.585  4727  4727 I auditd  : type=1400 audit(0.0:2820): avc: denied { search } for comm="pidof" name="1565" dev="proc" ino=50404 scontext=u:r:direct_network_config:s0 tcontext=u:r:servicemanager:s0 tclass=dir permissive=1
11-15 18:26:57.164  2044  2123 I commit_sys_config_file: [settings-1-0,23]
11-15 18:26:59.842  2044  2123 I commit_sys_config_file: [settings-1-0,28]
11-15 18:27:00.964  2044  2044 I commit_sys_config_file: [notification-policy,17]
11-15 18:27:01.989  4736  4736 I auditd  : type=1400 audit(0.0:2826): avc: denied { read } for comm="pidof" scontext=u:r:direct_network_config:s0 tcontext=u:r:early_power:s0 tclass=file permissive=1
11-15 18:27:01.989  4736  4736 I auditd  : type=1400 audit(0.0:2827): avc: denied { read } for comm="pidof" scontext=u:r:direct_network_config:s0 tcontext=u:r:hal_dumpstate_default:s0 tclass=file permissive=1
11-15 18:27:01.989  4736  4736 I auditd  : type=1400 audit(0.0:2828): avc: denied { read } for comm="pidof" scontext=u:r:direct_network_config:s0 tcontext=u:r:hal_gatekeeper_default:s0 tclass=file permissive=1
11-15 18:27:01.989  4736  4736 I auditd  : type=1400 audit(0.0:2829): avc: denied { read } for comm="pidof" scontext=u:r:direct_network_config:s0 tcontext=u:r:hal_gnss_default:s0 tclass=file permissive=1
11-15 18:27:01.989  4736  4736 I auditd  : type=1400 audit(0.0:2830): avc: denied { read } for comm="pidof" scontext=u:r:direct_network_config:s0 tcontext=u:r:hal_graphics_allocator_default:s0 tclass=file permissive=1
11-15 18:27:04.176  2044  2415 I ntp_failure: [cn.pool.ntp.org,java.net.UnknownHostException: Unable to resolve host "cn.pool.ntp.org": No address associated with hostname]
11-15 18:27:04.677  4744  4744 I auditd  : type=1400 audit(0.0:2849): avc: denied { sys_ptrace } for comm="pidof" capability=19 scontext=u:r:direct_network_config:s0 tcontext=u:r:direct_network_config:s0 tclass=capability permissive=1
11-15 18:27:04.677  4744  4744 I auditd  : type=1400 audit(0.0:2850): avc: denied { read } for comm="pidof" scontext=u:r:direct_network_config:s0 tcontext=u:r:hal_health_default:s0 tclass=file permissive=1
11-15 18:27:04.685  4744  4744 I auditd  : type=1400 audit(0.0:2851): avc: denied { open } for comm="pidof" path="/proc/1706/comm" dev="proc" ino=59387 scontext=u:r:direct_network_config:s0 tcontext=u:r:hal_health_default:s0 tclass=file permissive=1
11-15 18:27:04.685  4744  4744 I auditd  : type=1400 audit(0.0:2852): avc: denied { search } for comm="pidof" name="1885" dev="proc" ino=59217 scontext=u:r:direct_network_config:s0 tcontext=u:r:mediadrmserver:s0 tclass=dir permissive=1
11-15 18:27:26.337  2044  2123 I commit_sys_config_file: [settings-1-0,16]
11-15 18:27:27.253  2044  2044 I commit_sys_config_file: [notification-policy,21]
11-15 18:27:27.405  2044  2044 I commit_sys_config_file: [notification-policy,31]
11-15 18:27:28.577  4785  4785 I auditd  : type=1400 audit(0.0:2853): avc: denied { read } for comm="pidof" scontext=u:r:direct_network_config:s0 tcontext=u:r:ueventd:s0 tclass=file permissive=1
11-15 18:27:28.577  4785  4785 I auditd  : type=1400 audit(0.0:2854): avc: denied { read } for comm="pidof" scontext=u:r:direct_network_config:s0 tcontext=u:r:hal_memtrack_default:s0 tclass=file permissive=1
11-15 18:27:28.577  4785  4785 I auditd  : type=1400 audit(0.0:2855): avc: denied { read } for comm="pidof" scontext=u:r:direct_network_config:s0 tcontext=u:r:hal_sensors_default:s0 tclass=file permissive=1
11-15 18:27:28.577  4785  4785 I auditd  : type=1400 audit(0.0:2856): avc: denied { read } for comm="pidof" scontext=u:r:direct_network_config:s0 tcontext=u:r:system_server:s0 tclass=file permissive=1
11-15 18:27:28.577  4785  4785 I auditd  : type=1400 audit(0.0:2857): avc: denied { read } for comm="pidof" scontext=u:r:direct_network_config:s0 tcontext=u:r:system_app:s0 tclass=file permissive=1
11-15 18:27:28.577  4785  4785 I auditd  : type=1400 audit(0.0:2858): avc: denied { open } for comm="pidof" path="/proc/1236/comm" dev="proc" ino=59307 scontext=u:r:direct_network_config:s0 tcontext=u:r:ueventd:s0 tclass=file permissive=1
11-15 18:27:30.822  2044  2123 I commit_sys_config_file: [settings-1-0,13]
11-15 18:27:42.592  2044  2044 I commit_sys_config_file: [notification-policy,22]
11-15 18:28:03.409  4839  4839 I auditd  : type=1400 audit(0.0:2864): avc: denied { search } for comm="pidof" name="1541" dev="proc" ino=59153 scontext=u:r:direct_network_config:s0 tcontext=u:r:zygote:s0 tclass=dir permissive=1
11-15 18:28:03.413  4839  4839 I auditd  : type=1400 audit(0.0:2865): avc: denied { search } for comm="pidof" name="1884" dev="proc" ino=59216 scontext=u:r:direct_network_config:s0 tcontext=u:r:keystore:s0 tclass=dir permissive=1
11-15 18:28:43.923  2044  2123 I commit_sys_config_file: [settings-1-0,20]
11-15 18:28:44.172  2044  2415 I ntp_failure: [ntp1.aliyun.com,java.net.UnknownHostException: Unable to resolve host "ntp1.aliyun.com": No address associated with hostname]
11-15 18:28:45.889  4915  4915 I auditd  : type=1400 audit(0.0:2866): avc: denied { read } for comm="pidof" scontext=u:r:direct_network_config:s0 tcontext=u:r:kernel:s0 tclass=file permissive=1
11-15 18:28:45.889  4915  4915 I auditd  : type=1400 audit(0.0:2867): avc: denied { search } for comm="pidof" name="1" dev="proc" ino=58852 scontext=u:r:direct_network_config:s0 tcontext=u:r:init:s0 tclass=dir permissive=1
11-15 18:28:45.889  4915  4915 I auditd  : type=1400 audit(0.0:2868): avc: denied { open } for comm="pidof" path="/proc/2/comm" dev="proc" ino=58953 scontext=u:r:direct_network_config:s0 tcontext=u:r:kernel:s0 tclass=file permissive=1
11-15 18:28:45.897  4915  4915 I auditd  : type=1400 audit(0.0:2869): avc: denied { read } for comm="pidof" scontext=u:r:direct_network_config:s0 tcontext=u:r:audioserver:s0 tclass=file permissive=1
11-15 18:28:45.897  4915  4915 I auditd  : type=1400 audit(0.0:2870): avc: denied { read } for comm="pidof" scontext=u:r:direct_network_config:s0 tcontext=u:r:carservice_app:s0 tclass=file permissive=1
11-15 18:28:45.905  4915  4915 I auditd  : type=1400 audit(0.0:2871): avc: denied { open } for comm="pidof" path="/proc/1711/comm" dev="proc" ino=63493 scontext=u:r:direct_network_config:s0 tcontext=u:r:audioserver:s0 tclass=file permissive=1
11-15 18:28:45.905  4915  4915 I auditd  : type=1400 audit(0.0:2872): avc: denied { search } for comm="pidof" name="1880" dev="proc" ino=59213 scontext=u:r:direct_network_config:s0 tcontext=u:r:drmserver:s0 tclass=dir permissive=1
11-15 18:28:45.905  4915  4915 I auditd  : type=1400 audit(0.0:2873): avc: denied { open } for comm="pidof" path="/proc/2210/comm" dev="proc" ino=63569 scontext=u:r:direct_network_config:s0 tcontext=u:r:carservice_app:s0 tclass=file permissive=1
11-15 18:29:03.984  2044  2123 I commit_sys_config_file: [settings-1-0,18]
11-15 18:29:04.441  4945  4945 I auditd  : type=1400 audit(0.0:2875): avc: denied { read } for comm="pidof" scontext=u:r:direct_network_config:s0 tcontext=u:r:shell:s0 tclass=file permissive=1
11-15 18:29:04.445  4945  4945 I auditd  : type=1400 audit(0.0:2876): avc: denied { open } for comm="pidof" path="/proc/1710/comm" dev="proc" ino=63491 scontext=u:r:direct_network_config:s0 tcontext=u:r:shell:s0 tclass=file permissive=1
11-15 18:29:04.449  4945  4945 I auditd  : type=1400 audit(0.0:2877): avc: denied { search } for comm="pidof" name="1881" dev="proc" ino=59214 scontext=u:r:direct_network_config:s0 tcontext=u:r:incidentd:s0 tclass=dir permissive=1
11-15 18:29:44.195  2044  2415 I ntp_failure: [ntp2.aliyun.com,java.net.UnknownHostException: Unable to resolve host "ntp2.aliyun.com": No address associated with hostname]
11-15 18:30:00.208  5045  5045 I auditd  : type=1400 audit(0.0:2878): avc: denied { read } for comm="pidof" scontext=u:r:direct_network_config:s0 tcontext=u:r:surfaceflinger:s0 tclass=file permissive=1
11-15 18:30:00.216  5045  5045 I auditd  : type=1400 audit(0.0:2879): avc: denied { open } for comm="pidof" path="/proc/1714/comm" dev="proc" ino=76812 scontext=u:r:direct_network_config:s0 tcontext=u:r:surfaceflinger:s0 tclass=file permissive=1
11-15 18:30:00.216  5045  5045 I auditd  : type=1400 audit(0.0:2880): avc: denied { search } for comm="pidof" name="1879" dev="proc" ino=74574 scontext=u:r:direct_network_config:s0 tcontext=u:r:cameraserver:s0 tclass=dir permissive=1
11-15 18:30:00.220  5045  5045 I auditd  : type=1400 audit(0.0:2881): avc: denied { search } for comm="pidof" name="3714" dev="proc" ino=74649 scontext=u:r:direct_network_config:s0 tcontext=u:r:hal_wifi_hostapd_default:s0 tclass=dir permissive=1
11-15 18:30:10.759  2044  2138 I netstats_mobile_sample: [0,0,0,0,0,0,0,0,0,0,0,0,1763220610759]
11-15 18:30:10.760  2044  2138 I netstats_wifi_sample: [0,0,0,0,0,0,0,0,0,0,0,0,1763220610759]
11-15 18:30:10.760  1685  1685 I auditd  : type=1400 audit(0.0:2882): avc: denied { add_name } for comm="Binder:1685_2" name="globalAlert" scontext=u:r:netd:s0 tcontext=u:object_r:proc_net:s0 tclass=dir permissive=1
11-15 18:30:10.760  1685  1685 I auditd  : type=1400 audit(0.0:2883): avc: denied { create } for comm="Binder:1685_2" name="globalAlert" scontext=u:r:netd:s0 tcontext=u:object_r:proc_net:s0 tclass=file permissive=1
11-15 18:30:10.848  5066  5066 I auditd  : type=1400 audit(0.0:2884): avc: denied { read } for comm="pidof" scontext=u:r:direct_network_config:s0 tcontext=u:r:platform_app:s0:c512,c768 tclass=file permissive=1
11-15 18:30:10.860  5066  5066 I auditd  : type=1400 audit(0.0:2885): avc: denied { search } for comm="pidof" name="1877" dev="proc" ino=74572 scontext=u:r:direct_network_config:s0 tcontext=u:r:adbd:s0 tclass=dir permissive=1
11-15 18:30:10.860  5066  5066 I auditd  : type=1400 audit(0.0:2886): avc: denied { search } for comm="pidof" name="1878" dev="proc" ino=74573 scontext=u:r:direct_network_config:s0 tcontext=u:r:svdebug:s0 tclass=dir permissive=1
11-15 18:30:10.864  5066  5066 I auditd  : type=1400 audit(0.0:2887): avc: denied { open } for comm="pidof" path="/proc/2283/comm" dev="proc" ino=76890 scontext=u:r:direct_network_config:s0 tcontext=u:r:platform_app:s0:c512,c768 tclass=file permissive=1
11-15 18:30:10.868  5066  5066 I auditd  : type=1400 audit(0.0:2888): avc: denied { search } for comm="pidof" name="3346" dev="proc" ino=74640 scontext=u:r:direct_network_config:s0 tcontext=u:r:priv_app:s0:c512,c768 tclass=dir permissive=1
11-15 18:30:12.595  2044  2044 I commit_sys_config_file: [notification-policy,27]
11-15 18:30:12.612  2044  2044 I commit_sys_config_file: [notification-policy,16]
11-15 18:30:12.648  2044  2044 I commit_sys_config_file: [notification-policy,10]
11-15 18:30:12.666  2044  2057 I am_pss  : [2501,1000,com.desaysv.launcher,93848576,88256512,0,190767104,0,2,44]
11-15 18:30:13.528  5070  5070 I auditd  : type=1400 audit(0.0:2889): avc: denied { search } for comm="pidof" name="3050" dev="proc" ino=74634 scontext=u:r:direct_network_config:s0 tcontext=u:r:mdnsd:s0 tclass=dir permissive=1
11-15 18:30:58.808  5152  5152 I auditd  : type=1400 audit(0.0:2890): avc: denied { read } for comm="pidof" scontext=u:r:direct_network_config:s0 tcontext=u:r:webview_zygote:s0 tclass=file permissive=1
11-15 18:30:58.808  5152  5152 I auditd  : type=1400 audit(0.0:2891): avc: denied { read } for comm="pidof" scontext=u:r:direct_network_config:s0 tcontext=u:r:hal_wifi_supplicant_default:s0 tclass=file permissive=1
11-15 18:30:58.808  5152  5152 I auditd  : type=1400 audit(0.0:2892): avc: denied { read } for comm="pidof" scontext=u:r:direct_network_config:s0 tcontext=u:r:vehicle_shmemslaver:s0 tclass=file permissive=1
11-15 18:30:58.808  5152  5152 I auditd  : type=1400 audit(0.0:2893): avc: denied { read } for comm="pidof" scontext=u:r:direct_network_config:s0 tcontext=u:r:vehicle_linkdevicemanager:s0 tclass=file permissive=1
11-15 18:30:58.808  5152  5152 I auditd  : type=1400 audit(0.0:2894): avc: denied { read } for comm="pidof" scontext=u:r:direct_network_config:s0 tcontext=u:r:bluetooth:s0 tclass=file permissive=1
11-15 18:31:01.572  5156  5156 I auditd  : type=1400 audit(0.0:2909): avc: denied { read } for comm="pidof" scontext=u:r:direct_network_config:s0 tcontext=u:r:adbd:s0 tclass=file permissive=1
11-15 18:31:01.572  5156  5156 I auditd  : type=1400 audit(0.0:2910): avc: denied { read } for comm="pidof" scontext=u:r:direct_network_config:s0 tcontext=u:r:svdebug:s0 tclass=file permissive=1
11-15 18:31:01.572  5156  5156 I auditd  : type=1400 audit(0.0:2911): avc: denied { read } for comm="pidof" scontext=u:r:direct_network_config:s0 tcontext=u:r:cameraserver:s0 tclass=file permissive=1
11-15 18:31:01.572  5156  5156 I auditd  : type=1400 audit(0.0:2912): avc: denied { read } for comm="pidof" scontext=u:r:direct_network_config:s0 tcontext=u:r:priv_app:s0:c512,c768 tclass=file permissive=1
11-15 18:31:01.572  5156  5156 I auditd  : type=1400 audit(0.0:2913): avc: denied { read } for comm="pidof" scontext=u:r:direct_network_config:s0 tcontext=u:r:hal_wifi_hostapd_default:s0 tclass=file permissive=1
11-15 18:31:04.196  5162  5162 I auditd  : type=1400 audit(0.0:2921): avc: denied { read } for comm="pidof" scontext=u:r:direct_network_config:s0 tcontext=u:r:init:s0 tclass=file permissive=1
11-15 18:31:04.196  5162  5162 I auditd  : type=1400 audit(0.0:2922): avc: denied { open } for comm="pidof" path="/proc/1/comm" dev="proc" ino=74313 scontext=u:r:direct_network_config:s0 tcontext=u:r:init:s0 tclass=file permissive=1
11-15 18:31:04.196  5162  5162 I auditd  : type=1400 audit(0.0:2923): avc: denied { search } for comm="pidof" name="2" dev="proc" ino=74215 scontext=u:r:direct_network_config:s0 tcontext=u:r:kernel:s0 tclass=dir permissive=1
11-15 18:31:04.204  5162  5162 I auditd  : type=1400 audit(0.0:2924): avc: denied { read } for comm="pidof" scontext=u:r:direct_network_config:s0 tcontext=u:r:drmserver:s0 tclass=file permissive=1
11-15 18:31:04.204  5162  5162 I auditd  : type=1400 audit(0.0:2925): avc: denied { read } for comm="pidof" scontext=u:r:direct_network_config:s0 tcontext=u:r:dnsmasq:s0 tclass=file permissive=1
11-15 18:31:17.432  5188  5188 I auditd  : type=1400 audit(0.0:2930): avc: denied { read } for comm="pidof" scontext=u:r:direct_network_config:s0 tcontext=u:r:incidentd:s0 tclass=file permissive=1
11-15 18:31:17.432  5188  5188 I auditd  : type=1400 audit(0.0:2931): avc: denied { read } for comm="pidof" scontext=u:r:direct_network_config:s0 tcontext=u:r:installd:s0 tclass=file permissive=1
11-15 18:31:17.436  5188  5188 I auditd  : type=1400 audit(0.0:2932): avc: denied { search } for comm="pidof" name="1710" dev="proc" ino=74558 scontext=u:r:direct_network_config:s0 tcontext=u:r:shell:s0 tclass=dir permissive=1
11-15 18:31:17.436  5188  5188 I auditd  : type=1400 audit(0.0:2933): avc: denied { open } for comm="pidof" path="/proc/1881/comm" dev="proc" ino=76842 scontext=u:r:direct_network_config:s0 tcontext=u:r:incidentd:s0 tclass=file permissive=1
11-15 18:31:17.436  5188  5188 I auditd  : type=1400 audit(0.0:2934): avc: denied { open } for comm="pidof" path="/proc/1883/comm" dev="proc" ino=76844 scontext=u:r:direct_network_config:s0 tcontext=u:r:installd:s0 tclass=file permissive=1
11-15 18:31:22.780  5196  5196 I auditd  : type=1400 audit(0.0:2935): avc: denied { search } for comm="pidof" name="1708" dev="proc" ino=74556 scontext=u:r:direct_network_config:s0 tcontext=u:r:hal_sensors_default:s0 tclass=dir permissive=1
11-15 18:31:22.788  5196  5196 I auditd  : type=1400 audit(0.0:2936): avc: denied { search } for comm="pidof" name="2044" dev="proc" ino=74594 scontext=u:r:direct_network_config:s0 tcontext=u:r:system_server:s0 tclass=dir permissive=1
11-15 18:31:22.788  5196  5196 I auditd  : type=1400 audit(0.0:2937): avc: denied { search } for comm="pidof" name="2175" dev="proc" ino=74595 scontext=u:r:direct_network_config:s0 tcontext=u:r:system_app:s0 tclass=dir permissive=1
11-15 18:31:23.055  2044  2123 I commit_sys_config_file: [settings-1-0,18]
11-15 18:31:24.184  2044  2415 I ntp_failure: [2.cn.pool.ntp.org,java.net.UnknownHostException: Unable to resolve host "2.cn.pool.ntp.org": No address associated with hostname]
11-15 18:31:24.640  2044  2123 I commit_sys_config_file: [settings-1-0,24]
11-15 18:31:25.432  5202  5202 I auditd  : type=1400 audit(0.0:2938): avc: denied { read } for comm="pidof" scontext=u:r:direct_network_config:s0 tcontext=u:r:mediadrmserver:s0 tclass=file permissive=1
11-15 18:31:25.440  5202  5202 I auditd  : type=1400 audit(0.0:2939): avc: denied { search } for comm="pidof" name="1706" dev="proc" ino=74554 scontext=u:r:direct_network_config:s0 tcontext=u:r:hal_health_default:s0 tclass=dir permissive=1
11-15 18:31:25.440  5202  5202 I auditd  : type=1400 audit(0.0:2940): avc: denied { search } for comm="pidof" name="1709" dev="proc" ino=74557 scontext=u:r:direct_network_config:s0 tcontext=u:r:hal_wifi_default:s0 tclass=dir permissive=1
11-15 18:31:25.440  5202  5202 I auditd  : type=1400 audit(0.0:2941): avc: denied { open } for comm="pidof" path="/proc/1885/comm" dev="proc" ino=76848 scontext=u:r:direct_network_config:s0 tcontext=u:r:mediadrmserver:s0 tclass=file permissive=1
11-15 18:31:26.301  2044  2123 I commit_sys_config_file: [settings-1-0,21]
11-15 18:31:40.828  2044  2123 I commit_sys_config_file: [settings-1-0,26]
11-15 18:31:41.472  5234  5234 I auditd  : type=1400 audit(0.0:2942): avc: denied { read } for comm="pidof" scontext=u:r:direct_network_config:s0 tcontext=u:r:mediaextractor:s0 tclass=file permissive=1
11-15 18:31:41.476  5234  5234 I auditd  : type=1400 audit(0.0:2943): avc: denied { search } for comm="pidof" name="1236" dev="proc" ino=74514 scontext=u:r:direct_network_config:s0 tcontext=u:r:ueventd:s0 tclass=dir permissive=1
11-15 18:31:41.480  5234  5234 I auditd  : type=1400 audit(0.0:2944): avc: denied { search } for comm="pidof" name="1707" dev="proc" ino=74555 scontext=u:r:direct_network_config:s0 tcontext=u:r:hal_memtrack_default:s0 tclass=dir permissive=1
11-15 18:31:41.484  5234  5234 I auditd  : type=1400 audit(0.0:2945): avc: denied { open } for comm="pidof" path="/proc/1887/comm" dev="proc" ino=76850 scontext=u:r:direct_network_config:s0 tcontext=u:r:mediaextractor:s0 tclass=file permissive=1
11-15 18:31:45.751  2044  2123 I commit_sys_config_file: [settings-1-0,22]
11-15 18:31:52.442  2044  2123 I commit_sys_config_file: [settings-1-0,16]
11-15 18:31:58.031  2044  2123 I commit_sys_config_file: [settings-1-0,18]
11-15 18:32:00.052  5263  5263 I auditd  : type=1400 audit(0.0:2946): avc: denied { read } for comm="pidof" scontext=u:r:direct_network_config:s0 tcontext=u:r:mediaserver:s0 tclass=file permissive=1
11-15 18:32:00.052  5263  5263 I auditd  : type=1400 audit(0.0:2947): avc: denied { search } for comm="pidof" name="1234" dev="proc" ino=74512 scontext=u:r:direct_network_config:s0 tcontext=u:r:vendor_init:s0 tclass=dir permissive=1
11-15 18:32:00.056  5263  5263 I auditd  : type=1400 audit(0.0:2948): avc: denied { search } for comm="pidof" name="1584" dev="proc" ino=74534 scontext=u:r:direct_network_config:s0 tcontext=u:r:vold:s0 tclass=dir permissive=1
11-15 18:32:00.056  5263  5263 I auditd  : type=1400 audit(0.0:2949): avc: denied { search } for comm="pidof" name="1704" dev="proc" ino=74552 scontext=u:r:direct_network_config:s0 tcontext=u:r:hal_graphics_allocator_default:s0 tclass=dir permissive=1
11-15 18:32:00.056  5263  5263 I auditd  : type=1400 audit(0.0:2950): avc: denied { search } for comm="pidof" name="1705" dev="proc" ino=74553 scontext=u:r:direct_network_config:s0 tcontext=u:r:hal_graphics_composer_default:s0 tclass=dir permissive=1
11-15 18:32:00.056  5263  5263 I auditd  : type=1400 audit(0.0:2951): avc: denied { open } for comm="pidof" path="/proc/1889/comm" dev="proc" ino=76854 scontext=u:r:direct_network_config:s0 tcontext=u:r:mediaserver:s0 tclass=file permissive=1
11-15 18:32:00.099  2044  2057 I am_pss  : [2044,1000,system,84686848,75144192,0,228028416,0,0,66]
11-15 18:32:00.175  2044  2057 I am_pss  : [2283,10016,com.android.systemui,70208512,64794624,0,165421056,0,0,47]
11-15 18:32:00.232  2044  2057 I am_pss  : [2827,1000,com.iflytek.autofly.sceneengine,33566720,28847104,0,140406784,0,3,43]
11-15 18:32:00.275  2044  2057 I am_pss  : [2938,10000,android.ext.services,14059520,11780096,0,101629952,0,4,38]
11-15 18:32:00.324  2044  2057 I am_pss  : [2742,1000,com.desaysv.tboxservice,16248832,13877248,0,111378432,0,3,39]
11-15 18:32:00.376  2044  2057 I am_pss  : [2805,10024,com.desaysv.service.link,17454080,14524416,0,112472064,0,3,39]
11-15 18:32:00.426  2044  2057 I am_pss  : [2658,1002,com.android.bluetooth,34000896,29863936,0,142376960,0,0,44]
11-15 18:32:00.479  2044  2057 I am_pss  : [2962,1000,com.google.android.projection.sink,24253440,20807680,0,129306624,0,3,42]
11-15 18:32:00.543  2044  2057 I am_pss  : [2871,1000,com.desaysv.vehicle.carplayapp,19215360,15413248,0,127406080,0,3,45]
11-15 18:32:00.589  2044  2057 I am_pss  : [3022,1000,com.desaysv.mediaprovider,16563200,14102528,0,111529984,0,3,39]
11-15 18:32:00.636  2044  2057 I am_pss  : [2700,1000,com.desaysv.meterinteraction,17639424,15179776,0,113983488,0,3,42]
11-15 18:32:00.683  2044  2057 I am_pss  : [2904,1000,com.desaysv.mediaapp,22403072,19705856,0,120500224,0,3,43]
11-15 18:32:00.734  2044  2057 I am_pss  : [3111,1000,com.iflytek.avatarService,62887936,58957824,0,164216832,0,3,43]
11-15 18:32:00.778  2044  2057 I am_pss  : [3061,10041,com.iqqijni.car.keyboard,21892096,19103744,0,115146752,0,6,39]
11-15 18:32:00.829  2044  2057 I am_pss  : [3005,1000,com.desaysv.mediaservice,21005312,17162240,0,121516032,0,3,39]
11-15 18:32:00.875  2044  2057 I am_pss  : [2627,1000,com.desaysv.vrservice,17395712,15044608,0,111054848,0,0,40]
11-15 18:32:00.937  2044  2057 I am_pss  : [2604,1000,com.desaysv.mapservice,14366720,12128256,0,106135552,0,0,42]
11-15 18:32:00.994  2044  2057 I am_pss  : [2578,1000,com.desaysv.service.bluetooth,40163328,37228544,0,137707520,0,0,43]
11-15 18:32:01.068  2044  2057 I am_pss  : [2544,1000,com.iflytek.cutefly.speechclient.hmi,357177344,353124352,0,461172736,0,0,60]
11-15 18:32:01.120  2044  2057 I am_pss  : [2516,1000,com.desaysv.bluetooth.phone,19595264,17244160,0,112574464,0,0,41]
11-15 18:32:01.170  2044  2057 I am_pss  : [2474,1000,com.desaysv.svcarinfo,13937664,11325440,0,108396544,0,0,39]
11-15 18:32:01.223  2044  2057 I am_pss  : [2242,1000,com.desaysv.ivi.adapterservice:sdvc,12550144,9515008,0,100458496,0,0,37]
11-15 18:32:01.285  2044  2057 I am_pss  : [2226,1000,com.desaysv.carlan,15551488,13262848,0,107323392,0,0,40]
11-15 18:32:01.349  2044  2057 I am_pss  : [2210,1000,com.android.car,24260608,21188608,0,127123456,0,0,49]
11-15 18:32:01.405  2044  2057 I am_pss  : [2180,1000,dsv.carstate.service,23568384,19526656,0,125960192,0,0,43]
11-15 18:32:01.482  2044  2057 I am_pss  : [2175,1000,com.desaysv.ivi.adapterservice,13541376,10268672,0,107122688,0,0,52]
11-15 18:32:03.850  2044  2123 I commit_sys_config_file: [settings-1-0,23]
11-15 18:32:08.938  2044  2123 I commit_sys_config_file: [settings-1-0,17]
11-15 18:32:18.648  5297  5297 I auditd  : type=1400 audit(0.0:2952): avc: denied { read } for comm="pidof" scontext=u:r:direct_network_config:s0 tcontext=u:r:logd:s0 tclass=file permissive=1
11-15 18:32:18.648  5297  5297 I auditd  : type=1400 audit(0.0:2953): avc: denied { read } for comm="pidof" scontext=u:r:direct_network_config:s0 tcontext=u:r:netd:s0 tclass=file permissive=1
11-15 18:32:18.648  5297  5297 I auditd  : type=1400 audit(0.0:2954): avc: denied { read } for comm="pidof" scontext=u:r:direct_network_config:s0 tcontext=u:r:storaged:s0 tclass=file permissive=1
11-15 18:32:18.648  5297  5297 I auditd  : type=1400 audit(0.0:2955): avc: denied { open } for comm="pidof" path="/proc/1564/comm" dev="proc" ino=74690 scontext=u:r:direct_network_config:s0 tcontext=u:r:logd:s0 tclass=file permissive=1
11-15 18:32:18.652  5297  5297 I auditd  : type=1400 audit(0.0:2956): avc: denied { open } for comm="pidof" path="/proc/1685/comm" dev="proc" ino=74712 scontext=u:r:direct_network_config:s0 tcontext=u:r:netd:s0 tclass=file permissive=1
11-15 18:32:18.652  5297  5297 I auditd  : type=1400 audit(0.0:2957): avc: denied { search } for comm="pidof" name="1702" dev="proc" ino=74550 scontext=u:r:direct_network_config:s0 tcontext=u:r:hal_gatekeeper_default:s0 tclass=dir permissive=1
11-15 18:32:18.652  5297  5297 I auditd  : type=1400 audit(0.0:2958): avc: denied { search } for comm="pidof" name="1703" dev="proc" ino=74551 scontext=u:r:direct_network_config:s0 tcontext=u:r:hal_gnss_default:s0 tclass=dir permissive=1
11-15 18:32:18.656  5297  5297 I auditd  : type=1400 audit(0.0:2959): avc: denied { open } for comm="pidof" path="/proc/1896/comm" dev="proc" ino=76858 scontext=u:r:direct_network_config:s0 tcontext=u:r:storaged:s0 tclass=file permissive=1
11-15 18:32:24.200  2044  2415 I ntp_failure: [s2f.time.edu.cn,java.net.UnknownHostException: Unable to resolve host "s2f.time.edu.cn": No address associated with hostname]
11-15 18:32:24.228  2044  2057 I am_pss  : [3824,1000,com.android.keychain,9513984,7569408,0,91443200,0,18,36]
11-15 18:32:24.271  2044  2057 I am_pss  : [3768,1000,com.desaysv.vehiclesetting,26998784,24195072,0,124039168,0,18,37]
11-15 18:32:24.315  2044  2057 I am_pss  : [3735,1000,com.desaysv.vehicle.externallink,20069376,10981376,0,126267392,0,3,38]
11-15 18:32:24.361  2044  2057 I am_pss  : [3665,1000,com.desaysv.setting,16774144,13783040,0,117014528,0,18,40]
11-15 18:32:24.424  2044  2057 I am_pss  : [3617,10008,com.android.packageinstaller,12648448,10862592,0,92581888,0,18,37]
11-15 18:32:24.486  2044  2057 I am_pss  : [3606,1000,com.desaysv.update,13218816,11010048,0,104525824,0,3,46]
11-15 18:32:24.547  2044  2057 I am_pss  : [3576,1000,com.android.engmode,19373056,17010688,0,114962432,0,3,42]
11-15 18:32:24.630  2044  2057 I am_pss  : [3480,1000,com.desaysv.svhvac,74386432,69368832,0,175144960,0,3,47]
11-15 18:32:24.715  2044  2057 I am_pss  : [3458,1000,com.desaysv.vrcontrolmgr,18906112,12939264,0,116695040,0,3,47]
11-15 18:32:24.758  2044  2057 I am_pss  : [3414,1000,com.desaysv.usbvideoapp,14735360,12783616,0,100659200,0,18,37]
11-15 18:32:24.815  2044  2057 I am_pss  : [3375,1000,com.desaysv.usbpicture,19315712,17203200,0,110526464,0,18,41]
11-15 18:32:24.865  2044  2057 I am_pss  : [3249,1000,com.desaysv.logmanager,16833536,12181504,0,114839552,0,3,41]
11-15 18:32:24.920  2044  2057 I am_pss  : [3330,1000,com.desaysv.ftpserver,17329152,14405632,0,116793344,0,3,40]
11-15 18:32:25.523  2044  2123 I commit_sys_config_file: [settings-1-0,19]
11-15 18:32:36.422  2044  2123 I commit_sys_config_file: [settings-1-0,13]
11-15 18:33:00.084  2044  2057 I am_pss  : [3165,10005,android.process.media,13214720,10321920,0,107249664,0,18,44]
11-15 18:33:01.327  5389  5389 I auditd  : type=1400 audit(0.0:2960): avc: denied { read } for comm="pidof" scontext=u:r:direct_network_config:s0 tcontext=u:r:servicemanager:s0 tclass=file permissive=1
11-15 18:33:01.331  5389  5389 I auditd  : type=1400 audit(0.0:2961): avc: denied { read } for comm="pidof" scontext=u:r:direct_network_config:s0 tcontext=u:r:wificond:s0 tclass=file permissive=1
11-15 18:33:01.339  5389  5389 I auditd  : type=1400 audit(0.0:2962): avc: denied { open } for comm="pidof" path="/proc/1565/comm" dev="proc" ino=91264 scontext=u:r:direct_network_config:s0 tcontext=u:r:servicemanager:s0 tclass=file permissive=1
11-15 18:33:01.339  5389  5389 I auditd  : type=1400 audit(0.0:2963): avc: denied { search } for comm="pidof" name="1576" dev="proc" ino=88032 scontext=u:r:direct_network_config:s0 tcontext=u:r:hal_keymaster_default:s0 tclass=dir permissive=1
11-15 18:33:01.339  5389  5389 I auditd  : type=1400 audit(0.0:2964): avc: denied { search } for comm="pidof" name="1577" dev="proc" ino=88033 scontext=u:r:direct_network_config:s0 tcontext=u:r:early_power:s0 tclass=dir permissive=1
11-15 18:33:03.995  5398  5398 I auditd  : type=1400 audit(0.0:2968): avc: denied { read } for comm="pidof" scontext=u:r:direct_network_config:s0 tcontext=u:r:hwservicemanager:s0 tclass=file permissive=1
11-15 18:33:03.999  5398  5398 I auditd  : type=1400 audit(0.0:2969): avc: denied { open } for comm="pidof" path="/proc/1566/comm" dev="proc" ino=91266 scontext=u:r:direct_network_config:s0 tcontext=u:r:hwservicemanager:s0 tclass=file permissive=1
11-15 18:33:03.999  5398  5398 I auditd  : type=1400 audit(0.0:2970): avc: denied { search } for comm="pidof" name="1574" dev="proc" ino=88030 scontext=u:r:direct_network_config:s0 tcontext=u:r:hal_vehicle_g6:s0 tclass=dir permissive=1
11-15 18:33:03.999  5398  5398 I auditd  : type=1400 audit(0.0:2971): avc: denied { search } for comm="pidof" name="1575" dev="proc" ino=88031 scontext=u:r:direct_network_config:s0 tcontext=u:r:hal_bootctl_default:s0 tclass=dir permissive=1
11-15 18:33:04.003  5398  5398 I auditd  : type=1400 audit(0.0:2972): avc: denied { search } for comm="pidof" name="1697" dev="proc" ino=88047 scontext=u:r:direct_network_config:s0 tcontext=u:r:hal_contexthub_default:s0 tclass=dir permissive=1
11-15 18:34:04.174  2044  2415 I ntp_failure: [cn.pool.ntp.org,java.net.UnknownHostException: Unable to resolve host "cn.pool.ntp.org": No address associated with hostname]
11-15 18:34:04.210  2044  2057 I am_pss  : [3346,10004,android.process.acore,22478848,18599936,0,123584512,0,18,40]
11-15 18:34:23.379  2044  2044 I commit_sys_config_file: [notification-policy,32]
11-15 18:34:23.379  2044  2044 I service_manager_stats: [100,78,778572]
11-15 18:34:23.415  2044  2044 I commit_sys_config_file: [notification-policy,29]
11-15 18:34:23.441  2044  2044 I commit_sys_config_file: [notification-policy,15]
11-15 18:34:26.435  5537  5537 I auditd  : type=1400 audit(0.0:2974): avc: denied { read } for comm="pidof" scontext=u:r:direct_network_config:s0 tcontext=u:r:vndservicemanager:s0 tclass=file permissive=1
11-15 18:34:26.439  5537  5537 I auditd  : type=1400 audit(0.0:2975): avc: denied { read } for comm="pidof" scontext=u:r:direct_network_config:s0 tcontext=u:r:hal_allocator_default:s0 tclass=file permissive=1
11-15 18:34:26.439  5537  5537 I auditd  : type=1400 audit(0.0:2976): avc: denied { read } for comm="pidof" scontext=u:r:direct_network_config:s0 tcontext=u:r:gatekeeperd:s0 tclass=file permissive=1
11-15 18:34:26.439  5537  5537 I auditd  : type=1400 audit(0.0:2977): avc: denied { open } for comm="pidof" path="/proc/1567/comm" dev="proc" ino=91268 scontext=u:r:direct_network_config:s0 tcontext=u:r:vndservicemanager:s0 tclass=file permissive=1
11-15 18:34:26.443  5537  5537 I auditd  : type=1400 audit(0.0:2978): avc: denied { open } for comm="pidof" path="/proc/1689/comm" dev="proc" ino=91288 scontext=u:r:direct_network_config:s0 tcontext=u:r:hal_allocator_default:s0 tclass=file permissive=1
11-15 18:35:04.194  2044  2415 I ntp_failure: [ntp1.aliyun.com,java.net.UnknownHostException: Unable to resolve host "ntp1.aliyun.com": No address associated with hostname]
11-15 18:35:59.526  5702  5702 I auditd  : type=1400 audit(0.0:2983): avc: denied { read } for comm="pidof" scontext=u:r:direct_network_config:s0 tcontext=u:r:hal_vehicle_g6:s0 tclass=file permissive=1
11-15 18:35:59.526  5702  5702 I auditd  : type=1400 audit(0.0:2984): avc: denied { read } for comm="pidof" scontext=u:r:direct_network_config:s0 tcontext=u:r:hal_bootctl_default:s0 tclass=file permissive=1
11-15 18:35:59.526  5702  5702 I auditd  : type=1400 audit(0.0:2985): avc: denied { read } for comm="pidof" scontext=u:r:direct_network_config:s0 tcontext=u:r:early_power:s0 tclass=file permissive=1
11-15 18:35:59.526  5702  5702 I auditd  : type=1400 audit(0.0:2986): avc: denied { read } for comm="pidof" scontext=u:r:direct_network_config:s0 tcontext=u:r:hal_audio_default:s0 tclass=file permissive=1
