11-15 19:23:16.629 10997 10997 I auditd  : type=1400 audit(0.0:4569): avc: denied { read } for comm="pidof" scontext=u:r:direct_network_config:s0 tcontext=u:r:surfaceflinger:s0 tclass=file permissive=1
11-15 19:23:27.233 11015 11015 I auditd  : type=1400 audit(0.0:4582): avc: denied { read } for comm="pidof" scontext=u:r:direct_network_config:s0 tcontext=u:r:webview_zygote:s0 tclass=file permissive=1
11-15 19:23:27.241 11015 11015 I auditd  : type=1400 audit(0.0:4583): avc: denied { open } for comm="pidof" path="/proc/2342/comm" dev="proc" ino=304073 scontext=u:r:direct_network_config:s0 tcontext=u:r:webview_zygote:s0 tclass=file permissive=1
11-15 19:23:27.257 11016 11016 I auditd  : type=1400 audit(0.0:4584): avc: denied { nlmsg_read } for comm="busybox" scontext=u:r:direct_network_config:s0 tcontext=u:r:direct_network_config:s0 tclass=netlink_route_socket permissive=1
11-15 19:23:37.869 11033 11033 I auditd  : type=1400 audit(0.0:4585): avc: denied { read } for comm="pidof" scontext=u:r:direct_network_config:s0 tcontext=u:r:hal_wifi_supplicant_default:s0 tclass=file permissive=1
11-15 19:23:37.881 11033 11033 I auditd  : type=1400 audit(0.0:4586): avc: denied { open } for comm="pidof" path="/proc/2448/comm" dev="proc" ino=304075 scontext=u:r:direct_network_config:s0 tcontext=u:r:hal_wifi_supplicant_default:s0 tclass=file permissive=1
11-15 19:23:37.881 11033 11033 I auditd  : type=1400 audit(0.0:4587): avc: denied { search } for comm="pidof" name="2658" dev="proc" ino=303844 scontext=u:r:direct_network_config:s0 tcontext=u:r:bluetooth:s0 tclass=dir permissive=1
11-15 19:23:38.451  2044  2044 I commit_sys_config_file: [notification-policy,44]
11-15 19:23:38.494  2044  2044 I commit_sys_config_file: [notification-policy,39]
11-15 19:23:38.581  2044  2057 I am_pss  : [10951,10047,org.kman.WifiManager,36786176,30346240,0,148570112,0,2,57]
11-15 19:23:38.674  2044  2057 I am_pss  : [2501,1000,com.desaysv.launcher,97168384,91928576,0,195411968,0,3,55]
11-15 19:23:57.025  2044  2057 I am_pss  : [10951,10047,org.kman.WifiManager,36758528,30309376,0,148553728,0,2,50]
11-15 19:23:59.003  2044  2057 I am_pss  : [2501,1000,com.desaysv.launcher,97167360,91940864,0,195424256,0,3,44]
11-15 19:23:59.153 11067 11067 I auditd  : type=1400 audit(0.0:4588): avc: denied { search } for comm="pidof" name="2605" dev="proc" ino=303842 scontext=u:r:direct_network_config:s0 tcontext=u:r:vehicle_linkdevicemanager:s0 tclass=dir permissive=1
11-15 19:23:59.153 11067 11067 I auditd  : type=1400 audit(0.0:4589): avc: denied { read } for comm="pidof" name="comm" dev="proc" ino=304095 scontext=u:r:direct_network_config:s0 tcontext=u:r:vehicle_linkdevicemanager:s0 tclass=file permissive=1
11-15 19:23:59.153 11067 11067 I auditd  : type=1400 audit(0.0:4590): avc: denied { open } for comm="pidof" path="/proc/2605/comm" dev="proc" ino=304095 scontext=u:r:direct_network_config:s0 tcontext=u:r:vehicle_linkdevicemanager:s0 tclass=file permissive=1
11-15 19:24:01.869 11071 11071 I auditd  : type=1400 audit(0.0:4591): avc: denied { read } for comm="pidof" scontext=u:r:direct_network_config:s0 tcontext=u:r:vehicle_shmemslaver:s0 tclass=file permissive=1
11-15 19:24:01.877 11071 11071 I auditd  : type=1400 audit(0.0:4592): avc: denied { open } for comm="pidof" path="/proc/2598/comm" dev="proc" ino=304091 scontext=u:r:direct_network_config:s0 tcontext=u:r:vehicle_shmemslaver:s0 tclass=file permissive=1
11-15 19:24:04.545 11076 11076 I auditd  : type=1400 audit(0.0:4593): avc: denied { read } for comm="pidof" scontext=u:r:direct_network_config:s0 tcontext=u:r:bluetooth:s0 tclass=file permissive=1
11-15 19:24:04.553 11076 11076 I auditd  : type=1400 audit(0.0:4594): avc: denied { search } for comm="pidof" name="2342" dev="proc" ino=318565 scontext=u:r:direct_network_config:s0 tcontext=u:r:webview_zygote:s0 tclass=dir permissive=1
11-15 19:24:04.553 11076 11076 I auditd  : type=1400 audit(0.0:4595): avc: denied { search } for comm="pidof" name="2448" dev="proc" ino=318566 scontext=u:r:direct_network_config:s0 tcontext=u:r:hal_wifi_supplicant_default:s0 tclass=dir permissive=1
11-15 19:24:04.553 11076 11076 I auditd  : type=1400 audit(0.0:4596): avc: denied { open } for comm="pidof" path="/proc/2658/comm" dev="proc" ino=318837 scontext=u:r:direct_network_config:s0 tcontext=u:r:bluetooth:s0 tclass=file permissive=1
11-15 19:24:09.873 11086 11086 I auditd  : type=1400 audit(0.0:4597): avc: denied { read } for comm="pidof" scontext=u:r:direct_network_config:s0 tcontext=u:r:mdnsd:s0 tclass=file permissive=1
11-15 19:24:09.881 11086 11086 I auditd  : type=1400 audit(0.0:4598): avc: denied { open } for comm="pidof" path="/proc/3050/comm" dev="proc" ino=318865 scontext=u:r:direct_network_config:s0 tcontext=u:r:mdnsd:s0 tclass=file permissive=1
11-15 19:24:15.248  2044  2570 I am_new_intent: [0,63668698,202,com.desaysv.launcher/com.desaysv.appmenu.activity.AppMenuActivity,android.intent.action.MAIN,NULL,NULL,268435712]
11-15 19:24:15.248  2044  2570 I wm_task_moved: [202,0,2147483647]
11-15 19:24:15.250  2044  2570 I am_focused_stack: [0,0,1,bringingFoundTaskToFront]
11-15 19:24:15.250  2044  2570 I wm_task_moved: [202,0,2147483647]
11-15 19:24:15.251  2044  2570 I am_pause_activity: [0,264378801,org.kman.WifiManager/.WifiControlActivity,userLeaving=true]
11-15 19:24:15.255  2044  2570 I am_task_to_front: [0,202]
11-15 19:24:15.256 10951 10951 I am_on_paused_called: [0,org.kman.WifiManager.WifiControlActivity,performPause]
11-15 19:24:15.276  2044 10646 I am_set_resumed_activity: [0,com.desaysv.launcher/com.desaysv.appmenu.activity.AppMenuActivity,resumeTopActivityInnerLocked]
11-15 19:24:15.314  2044 10646 I am_resume_activity: [0,63668698,202,com.desaysv.launcher/com.desaysv.appmenu.activity.AppMenuActivity]
11-15 19:24:15.333  2501  2501 I am_on_restart_called: [0,com.desaysv.appmenu.activity.AppMenuActivity,performRestartActivity]
11-15 19:24:15.349  2501  2501 I am_on_start_called: [0,com.desaysv.appmenu.activity.AppMenuActivity,handleStartActivity]
11-15 19:24:15.354  2044  2058 I sysui_count: [window_time_0,64]
11-15 19:24:15.354  2044  2058 I sysui_multi_action: [757,803,799,window_time_0,802,64]
11-15 19:24:15.361  2501  2501 I am_on_resume_called: [0,com.desaysv.appmenu.activity.AppMenuActivity,RESUME_ACTIVITY]
11-15 19:24:15.488  2044  4207 I am_stop_activity: [0,264378801,org.kman.WifiManager/.WifiControlActivity]
11-15 19:24:15.501  2044  2057 I sysui_multi_action: [319,227,322,225,325,3817,757,761,758,9,759,2,806,com.desaysv.launcher,871,com.desaysv.appmenu.activity.AppMenuActivity,905,0,1320,9,1321,1]
11-15 19:24:15.581 10951 10951 I am_on_stop_called: [0,org.kman.WifiManager.WifiControlActivity,STOP_ACTIVITY_ITEM]
11-15 19:24:16.182  2044  2044 I commit_sys_config_file: [notification-policy,23]
11-15 19:24:16.235  2044  2044 I commit_sys_config_file: [notification-policy,37]
11-15 19:24:16.868  2044  2570 I wm_task_moved: [203,0,2147483647]
11-15 19:24:16.871  2044  2570 I am_focused_stack: [0,1,0,bringingFoundTaskToFront]
11-15 19:24:16.872  2044  2570 I wm_task_moved: [203,0,2147483647]
11-15 19:24:16.874  2044  2570 I am_pause_activity: [0,63668698,com.desaysv.launcher/com.desaysv.appmenu.activity.AppMenuActivity,userLeaving=true]
11-15 19:24:16.876  2044  2570 I am_task_to_front: [0,203]
11-15 19:24:16.891  2501  2501 I am_on_paused_called: [0,com.desaysv.appmenu.activity.AppMenuActivity,performPause]
11-15 19:24:16.894  2044 10646 I am_set_resumed_activity: [0,org.kman.WifiManager/.WifiControlActivity,resumeTopActivityInnerLocked]
11-15 19:24:16.942  2044 10646 I am_resume_activity: [0,264378801,203,org.kman.WifiManager/.WifiControlActivity]
11-15 19:24:16.957 10951 10951 I am_on_restart_called: [0,org.kman.WifiManager.WifiControlActivity,performRestartActivity]
11-15 19:24:16.970  2044  2058 I sysui_count: [window_time_0,2]
11-15 19:24:16.971  2044  2058 I sysui_multi_action: [757,803,799,window_time_0,802,2]
11-15 19:24:17.040 10951 10951 I am_on_start_called: [0,org.kman.WifiManager.WifiControlActivity,handleStartActivity]
11-15 19:24:17.043 10951 10951 I am_on_resume_called: [0,org.kman.WifiManager.WifiControlActivity,RESUME_ACTIVITY]
11-15 19:24:17.304  2044  2057 I sysui_multi_action: [319,415,322,412,325,3819,757,761,758,9,759,2,806,org.kman.WifiManager,871,org.kman.WifiManager.WifiControlActivity,904,com.desaysv.launcher,905,0,1320,8,1321,4]
11-15 19:24:17.783  2044  2415 I ntp_failure: [ntp1.aliyun.com,java.net.UnknownHostException: Unable to resolve host "ntp1.aliyun.com": No address associated with hostname]
11-15 19:24:17.860  2044  2058 I am_stop_activity: [0,63668698,com.desaysv.launcher/com.desaysv.appmenu.activity.AppMenuActivity]
11-15 19:24:17.865  2501  2501 I am_on_stop_called: [0,com.desaysv.appmenu.activity.AppMenuActivity,STOP_ACTIVITY_ITEM]
11-15 19:24:17.903  2044  2044 I commit_sys_config_file: [notification-policy,31]
11-15 19:24:17.905 11106 11106 I auditd  : type=1400 audit(0.0:4599): avc: denied { read } for comm="pidof" scontext=u:r:direct_network_config:s0 tcontext=u:r:svdebug:s0 tclass=file permissive=1
11-15 19:24:17.905 11106 11106 I auditd  : type=1400 audit(0.0:4600): avc: denied { read } for comm="pidof" scontext=u:r:direct_network_config:s0 tcontext=u:r:cameraserver:s0 tclass=file permissive=1
11-15 19:24:17.905 11106 11106 I auditd  : type=1400 audit(0.0:4601): avc: denied { read } for comm="pidof" scontext=u:r:direct_network_config:s0 tcontext=u:r:drmserver:s0 tclass=file permissive=1
11-15 19:24:17.905 11106 11106 I auditd  : type=1400 audit(0.0:4602): avc: denied { read } for comm="pidof" scontext=u:r:direct_network_config:s0 tcontext=u:r:incidentd:s0 tclass=file permissive=1
11-15 19:24:17.905 11106 11106 I auditd  : type=1400 audit(0.0:4603): avc: denied { read } for comm="pidof" scontext=u:r:direct_network_config:s0 tcontext=u:r:installd:s0 tclass=file permissive=1
11-15 19:24:17.905 11106 11106 I auditd  : type=1400 audit(0.0:4604): avc: denied { read } for comm="pidof" scontext=u:r:direct_network_config:s0 tcontext=u:r:keystore:s0 tclass=file permissive=1
11-15 19:24:17.917 11106 11106 I auditd  : type=1400 audit(0.0:4605): avc: denied { read } for comm="pidof" scontext=u:r:direct_network_config:s0 tcontext=u:r:mediaprovider:s0:c512,c768 tclass=file permissive=1
11-15 19:24:17.917 11106 11106 I auditd  : type=1400 audit(0.0:4606): avc: denied { read } for comm="pidof" scontext=u:r:direct_network_config:s0 tcontext=u:r:priv_app:s0:c512,c768 tclass=file permissive=1
11-15 19:24:18.064  2044  2044 I commit_sys_config_file: [notification-policy,13]
11-15 19:24:18.161  2044  2470 I am_new_intent: [0,63668698,202,com.desaysv.launcher/com.desaysv.appmenu.activity.AppMenuActivity,android.intent.action.MAIN,NULL,NULL,268435712]
11-15 19:24:18.162  2044  2470 I wm_task_moved: [202,0,2147483647]
11-15 19:24:18.175  2044  2470 I am_focused_stack: [0,0,1,bringingFoundTaskToFront]
11-15 19:24:18.175  2044  2470 I wm_task_moved: [202,0,2147483647]
11-15 19:24:18.177  2044  2470 I am_pause_activity: [0,264378801,org.kman.WifiManager/.WifiControlActivity,userLeaving=true]
11-15 19:24:18.181  2044  2470 I am_task_to_front: [0,202]
11-15 19:24:18.181 10951 10951 I am_on_paused_called: [0,org.kman.WifiManager.WifiControlActivity,performPause]
11-15 19:24:18.188  2044  2570 I am_set_resumed_activity: [0,com.desaysv.launcher/com.desaysv.appmenu.activity.AppMenuActivity,resumeTopActivityInnerLocked]
11-15 19:24:18.209  2044  2570 I am_resume_activity: [0,63668698,202,com.desaysv.launcher/com.desaysv.appmenu.activity.AppMenuActivity]
11-15 19:24:18.229  2501  2501 I am_on_restart_called: [0,com.desaysv.appmenu.activity.AppMenuActivity,performRestartActivity]
11-15 19:24:18.244  2501  2501 I am_on_start_called: [0,com.desaysv.appmenu.activity.AppMenuActivity,handleStartActivity]
11-15 19:24:18.254  2044  2058 I sysui_count: [window_time_0,1]
11-15 19:24:18.255  2044  2058 I sysui_multi_action: [757,803,799,window_time_0,802,1]
11-15 19:24:18.273  2501  2501 I am_on_resume_called: [0,com.desaysv.appmenu.activity.AppMenuActivity,RESUME_ACTIVITY]
11-15 19:24:18.419  2044  2057 I sysui_multi_action: [319,183,322,176,325,3820,757,761,758,9,759,2,806,com.desaysv.launcher,871,com.desaysv.appmenu.activity.AppMenuActivity,905,0,1320,9,1321,1]
11-15 19:24:18.434  2044  2055 I am_stop_activity: [0,264378801,org.kman.WifiManager/.WifiControlActivity]
11-15 19:24:18.459 10951 10951 I am_on_stop_called: [0,org.kman.WifiManager.WifiControlActivity,STOP_ACTIVITY_ITEM]
11-15 19:24:18.902  2044  2570 I wm_stack_created: 2
11-15 19:24:18.911  2044  2570 I wm_task_created: [204,2]
11-15 19:24:18.914  2044  2570 I wm_task_moved: [204,0,2147483647]
11-15 19:24:18.916  2044  2570 I am_focused_stack: [0,2,0,reuseOrNewTask]
11-15 19:24:18.916  2044  2570 I am_create_task: [0,204]
11-15 19:24:18.916  2044  2570 I am_create_activity: [0,182018404,204,com.bird.memorycleanup/.MemoryCleanUpActivity,NULL,NULL,NULL,268435456]
11-15 19:24:18.916  2044  2570 I wm_task_moved: [204,0,2147483647]
11-15 19:24:18.943  2044  2570 I am_pause_activity: [0,63668698,com.desaysv.launcher/com.desaysv.appmenu.activity.AppMenuActivity,userLeaving=true]
11-15 19:24:18.959  2501  2501 I am_on_paused_called: [0,com.desaysv.appmenu.activity.AppMenuActivity,performPause]
11-15 19:24:18.969  2044  2570 I am_uid_running: 10052
11-15 19:24:18.976  2044  2058 I sysui_count: [window_time_0,1]
11-15 19:24:18.978  2044  2058 I sysui_multi_action: [757,803,799,window_time_0,802,1]
11-15 19:24:19.053  2044  2060 I am_proc_start: [0,11112,10052,com.bird.memorycleanup,activity,com.bird.memorycleanup/.MemoryCleanUpActivity]
11-15 19:24:19.073  2044  2044 I commit_sys_config_file: [notification-policy,40]
11-15 19:24:19.151  2044  2044 I commit_sys_config_file: [notification-policy,21]
11-15 19:24:19.303  2044  4207 I am_proc_bound: [0,11112,com.bird.memorycleanup]
11-15 19:24:19.352  2044  4207 I am_uid_active: 10052
11-15 19:24:19.352  2044  4207 I am_restart_activity: [0,182018404,204,com.bird.memorycleanup/.MemoryCleanUpActivity]
11-15 19:24:19.357  2044  4207 I am_set_resumed_activity: [0,com.bird.memorycleanup/.MemoryCleanUpActivity,minimalResumeActivityLocked]
11-15 19:24:19.627  2044  4207 I am_uid_running: 10053
11-15 19:24:19.637  2044  2105 I am_finish_activity: [0,182018404,204,com.bird.memorycleanup/.MemoryCleanUpActivity,app-request]
11-15 19:24:19.644  2044  2105 I am_focused_stack: [0,0,2,finishActivity adjustFocus adjustFocusToNextFocusableStack]
11-15 19:24:19.646  2044  2105 I am_pause_activity: [0,182018404,com.bird.memorycleanup/.MemoryCleanUpActivity,userLeaving=false]
11-15 19:24:19.650  2044  2058 I sysui_count: [window_time_0,0]
11-15 19:24:19.650  2044  2058 I sysui_multi_action: [757,803,799,window_time_0,802,0]
11-15 19:24:19.651 11112 11112 I am_on_create_called: [0,com.bird.memorycleanup.MemoryCleanUpActivity,performCreate]
11-15 19:24:19.732  2044  2060 I am_proc_start: [0,11130,10053,com.bird.processmanager,service,com.bird.processmanager/.ProcessManagerService]
11-15 19:24:19.783  2044  2470 I am_destroy_activity: [0,182018404,204,com.bird.memorycleanup/.MemoryCleanUpActivity,finish-imm:completedPausedLocked]
11-15 19:24:19.807  2044  2470 I am_set_resumed_activity: [0,com.desaysv.launcher/com.desaysv.appmenu.activity.AppMenuActivity,resumeTopActivityInnerLocked]
11-15 19:24:19.827  2044  2470 I am_resume_activity: [0,63668698,202,com.desaysv.launcher/com.desaysv.appmenu.activity.AppMenuActivity]
11-15 19:24:19.848  2044  2058 I sysui_count: [window_time_0,1]
11-15 19:24:19.849  2044  2058 I sysui_multi_action: [757,803,799,window_time_0,802,1]
11-15 19:24:19.860  2044  2470 I am_proc_bound: [0,11130,com.bird.processmanager]
11-15 19:24:19.870 11112 11112 I am_on_destroy_called: [0,com.bird.memorycleanup.MemoryCleanUpActivity,performDestroy]
11-15 19:24:19.896  2501  2501 I am_on_resume_called: [0,com.desaysv.appmenu.activity.AppMenuActivity,RESUME_ACTIVITY]
11-15 19:24:19.899  2044  6803 I wm_task_removed: [204,removeAppToken: last token]
11-15 19:24:19.900  2044  6803 I am_remove_task: [204,2]
11-15 19:24:19.903  2044  6803 I wm_task_removed: [204,removeTask]
11-15 19:24:19.913  2044  6803 I wm_stack_removed: 2
11-15 19:24:19.931  2044 10646 I am_mem_factor: [0,1]
11-15 19:24:20.404  2044  2044 I commit_sys_config_file: [notification-policy,16]
11-15 19:24:20.573 11130 11130 I auditd  : type=1400 audit(0.0:4639): avc: denied { search } for comm=".processmanager" name="zram0" dev="sysfs" ino=11657 scontext=u:r:untrusted_app_25:s0:c512,c768 tcontext=u:object_r:sysfs_zram:s0 tclass=dir permissive=1
11-15 19:24:20.573 11130 11130 I auditd  : type=1400 audit(0.0:4640): avc: denied { read } for comm=".processmanager" name="mm_stat" dev="sysfs" ino=11685 scontext=u:r:untrusted_app_25:s0:c512,c768 tcontext=u:object_r:sysfs_zram:s0 tclass=file permissive=1
11-15 19:24:20.573 11130 11130 I auditd  : type=1400 audit(0.0:4641): avc: denied { open } for comm=".processmanager" path="/sys/devices/virtual/block/zram0/mm_stat" dev="sysfs" ino=11685 scontext=u:r:untrusted_app_25:s0:c512,c768 tcontext=u:object_r:sysfs_zram:s0 tclass=file permissive=1
11-15 19:24:20.573 11130 11130 I auditd  : type=1400 audit(0.0:4642): avc: denied { getattr } for comm=".processmanager" path="/sys/devices/virtual/block/zram0/mm_stat" dev="sysfs" ino=11685 scontext=u:r:untrusted_app_25:s0:c512,c768 tcontext=u:object_r:sysfs_zram:s0 tclass=file permissive=1
11-15 19:24:20.633 11156 11156 I auditd  : type=1400 audit(0.0:4643): avc: denied { read } for comm="pidof" scontext=u:r:direct_network_config:s0 tcontext=u:r:init:s0 tclass=file permissive=1
11-15 19:24:21.313  2044  2057 I am_meminfo: [31113216,3340013568,12288,331231232,716208128]
11-15 19:24:21.409  2044  2057 I am_pss  : [2501,1000,com.desaysv.launcher,92489728,87554048,0,191971328,1,2,56]
11-15 19:24:21.498  2044  2057 I am_pss  : [11112,10052,com.bird.memorycleanup,24573952,17043456,0,122949632,1,18,57]
11-15 19:24:21.542  2044  2057 I am_pss  : [3346,10004,android.process.acore,22116352,18563072,0,123584512,1,18,39]
11-15 19:24:21.588  2044  2057 I am_pss  : [2827,1000,com.iflytek.autofly.sceneengine,32964608,28724224,0,140910592,1,3,42]
11-15 19:24:21.630  2044  2057 I am_pss  : [2938,10000,android.ext.services,14041088,11911168,0,101920768,1,4,38]
11-15 19:24:21.671  2044  2057 I am_pss  : [3824,1000,com.android.keychain,9405440,7614464,0,91451392,1,18,37]
11-15 19:24:21.726  2044  2057 I am_pss  : [3768,1000,com.desaysv.vehiclesetting,26607616,24010752,0,124035072,1,18,41]
11-15 19:24:21.808  2044  2057 I am_pss  : [3735,1000,com.desaysv.vehicle.externallink,17545216,10981376,0,126267392,1,3,61]
11-15 19:24:21.856  2044  2057 I am_pss  : [2742,1000,com.desaysv.tboxservice,15522816,13299712,0,110903296,1,3,39]
11-15 19:24:21.918  2044  2057 I am_pss  : [3665,1000,com.desaysv.setting,16436224,13651968,0,117006336,1,18,45]
11-15 19:24:21.978  2044  2057 I am_pss  : [2805,10024,com.desaysv.service.link,17141760,14524416,0,112472064,1,3,38]
11-15 19:24:22.039  2044  2057 I am_pss  : [2658,1002,com.android.bluetooth,34722816,30818304,0,143523840,1,0,47]
11-15 19:24:22.104  2044  2057 I am_pss  : [2962,1000,com.google.android.projection.sink,23585792,20422656,0,128794624,1,3,52]
11-15 19:24:22.154  2044  2057 I am_pss  : [2871,1000,com.desaysv.vehicle.carplayapp,17937408,14270464,0,126611456,1,3,42]
11-15 19:24:22.201  2044  2057 I am_pss  : [3165,10005,android.process.media,12997632,10272768,0,107249664,1,18,38]
11-15 19:24:22.245  2044  2057 I am_pss  : [3617,10008,com.android.packageinstaller,12563456,10878976,0,92598272,1,18,39]
11-15 19:24:22.289  2044  2057 I am_pss  : [3606,1000,com.desaysv.update,13307904,11231232,0,104747008,1,3,38]
11-15 19:24:22.333  2044  2057 I am_pss  : [3576,1000,com.android.engmode,20260864,18022400,0,116219904,1,3,39]
11-15 19:24:22.378  2044  2057 I am_pss  : [3480,1000,com.desaysv.svhvac,73247744,68932608,0,174923776,1,3,41]
11-15 19:24:22.420  2044  2057 I am_pss  : [3458,1000,com.desaysv.vrcontrolmgr,17456128,12939264,0,116695040,1,3,37]
11-15 19:24:22.463  2044  2057 I am_pss  : [3022,1000,com.desaysv.mediaprovider,16402432,14102528,0,111529984,1,3,38]
11-15 19:24:22.508  2044  2057 I am_pss  : [3414,1000,com.desaysv.usbvideoapp,14633984,12795904,0,100671488,1,18,37]
11-15 19:24:22.550  2044  2057 I am_pss  : [3375,1000,com.desaysv.usbpicture,17091584,15073280,0,108974080,1,18,38]
11-15 19:24:22.621  2044  2057 I am_pss  : [2700,1000,com.desaysv.meterinteraction,18383872,16056320,0,115167232,1,3,52]
11-15 19:24:22.651  2044  2044 I am_kill : [0,3375,com.desaysv.usbpicture,906,empty for 3794s]
11-15 19:24:22.705  2044  2057 I am_pss  : [2904,1000,com.desaysv.mediaapp,22251520,19738624,0,120598528,1,3,77]
11-15 19:24:22.726  2044  2569 I am_proc_died: [0,3375,com.desaysv.usbpicture,906,18]
11-15 19:24:22.792  2044  2057 I am_pss  : [3249,1000,com.desaysv.logmanager,15988736,12181504,0,114839552,1,3,47]
11-15 19:24:22.877  2044  2057 I am_pss  : [3330,1000,com.desaysv.ftpserver,17207296,14413824,0,116801536,1,3,48]
11-15 19:24:22.949  2044  2057 I am_pss  : [3111,1000,com.iflytek.avatarService,62513152,58969088,0,164933632,1,3,49]
11-15 19:24:22.997  2044  2057 I am_pss  : [3061,10041,com.iqqijni.car.keyboard,21865472,19243008,0,115511296,1,6,41]
11-15 19:24:23.055  2044  2057 I am_pss  : [3005,1000,com.desaysv.mediaservice,20519936,17182720,0,121524224,1,3,41]
11-15 19:24:23.108  2044  2057 I am_pss  : [2627,1000,com.desaysv.vrservice,16983040,14704640,0,111218688,1,0,41]
11-15 19:24:23.176  2044  2057 I am_pss  : [2604,1000,com.desaysv.mapservice,15186944,13029376,0,107102208,1,0,47]
11-15 19:24:23.235  2044  2057 I am_pss  : [2578,1000,com.desaysv.service.bluetooth,29466624,26685440,0,127225856,1,0,50]
11-15 19:24:23.329 11161 11161 I auditd  : type=1400 audit(0.0:4863): avc: denied { read } for comm="pidof" scontext=u:r:direct_network_config:s0 tcontext=u:r:vendor_init:s0 tclass=file permissive=1
11-15 19:24:23.335  2044  2057 I am_pss  : [2544,1000,com.iflytek.cutefly.speechclient.hmi,354965504,351064064,0,459452416,1,0,70]
11-15 19:24:23.329 11161 11161 I auditd  : type=1400 audit(0.0:4864): avc: denied { read } for comm="pidof" scontext=u:r:direct_network_config:s0 tcontext=u:r:ueventd:s0 tclass=file permissive=1
11-15 19:24:23.341 11161 11161 I auditd  : type=1400 audit(0.0:4865): avc: denied { open } for comm="pidof" path="/proc/1234/comm" dev="proc" ino=318470 scontext=u:r:direct_network_config:s0 tcontext=u:r:vendor_init:s0 tclass=file permissive=1
11-15 19:24:23.341 11161 11161 I auditd  : type=1400 audit(0.0:4866): avc: denied { open } for comm="pidof" path="/proc/1236/comm" dev="proc" ino=318474 scontext=u:r:direct_network_config:s0 tcontext=u:r:ueventd:s0 tclass=file permissive=1
11-15 19:24:23.341 11161 11161 I auditd  : type=1400 audit(0.0:4867): avc: denied { read } for comm="pidof" scontext=u:r:direct_network_config:s0 tcontext=u:r:audioserver:s0 tclass=file permissive=1
11-15 19:24:23.435  2044  2057 I am_pss  : [2516,1000,com.desaysv.bluetooth.phone,22598656,20348928,0,115101696,1,0,76]
11-15 19:24:23.516  2044  2057 I am_pss  : [2474,1000,com.desaysv.svcarinfo,13089792,10608640,0,107675648,1,0,68]
11-15 19:24:23.602  2044  2057 I am_pss  : [2283,10016,com.android.systemui,69481472,64745472,0,165851136,1,0,74]
11-15 19:24:23.674  2044  2057 I am_pss  : [2242,1000,com.desaysv.ivi.adapterservice:sdvc,10618880,7581696,0,99311616,1,0,64]
11-15 19:24:23.742  2044  2057 I am_pss  : [2226,1000,com.desaysv.carlan,16615424,14422016,0,108683264,1,0,55]
11-15 19:24:23.788  2044  2057 I am_pss  : [2210,1000,com.android.car,24623104,21684224,0,127979520,1,0,40]
11-15 19:24:23.842  2044  2057 I am_pss  : [2180,1000,dsv.carstate.service,22966272,19342336,0,125837312,1,0,41]
11-15 19:24:23.891  2044  2057 I am_pss  : [2175,1000,com.desaysv.ivi.adapterservice,13861888,10612736,0,107716608,1,0,41]
11-15 19:24:24.029  2044  2057 I am_pss  : [2044,1000,system,82913280,73608192,0,228536320,1,0,101]
11-15 19:24:25.985 11165 11165 I auditd  : type=1400 audit(0.0:4895): avc: denied { read } for comm="pidof" scontext=u:r:direct_network_config:s0 tcontext=u:r:bluetooth:s0 tclass=file permissive=1
11-15 19:24:25.993 11165 11165 I auditd  : type=1400 audit(0.0:4896): avc: denied { search } for comm="pidof" name="2448" dev="proc" ino=318566 scontext=u:r:direct_network_config:s0 tcontext=u:r:hal_wifi_supplicant_default:s0 tclass=dir permissive=1
11-15 19:24:25.997 11165 11165 I auditd  : type=1400 audit(0.0:4897): avc: denied { open } for comm="pidof" path="/proc/2658/comm" dev="proc" ino=318837 scontext=u:r:direct_network_config:s0 tcontext=u:r:bluetooth:s0 tclass=file permissive=1
11-15 19:24:28.645 11170 11170 I auditd  : type=1400 audit(0.0:4898): avc: denied { search } for comm="pidof" name="2342" dev="proc" ino=318565 scontext=u:r:direct_network_config:s0 tcontext=u:r:webview_zygote:s0 tclass=dir permissive=1
11-15 19:24:31.038  2044  2569 I wm_task_moved: [203,0,2147483647]
11-15 19:24:31.044  2044  2569 I am_focused_stack: [0,1,0,bringingFoundTaskToFront]
11-15 19:24:31.045  2044  2569 I wm_task_moved: [203,0,2147483647]
11-15 19:24:31.046  2044  2569 I am_pause_activity: [0,63668698,com.desaysv.launcher/com.desaysv.appmenu.activity.AppMenuActivity,userLeaving=true]
11-15 19:24:31.050  2044  2569 I am_task_to_front: [0,203]
11-15 19:24:31.060  2501  2501 I am_on_paused_called: [0,com.desaysv.appmenu.activity.AppMenuActivity,performPause]
11-15 19:24:31.070  2044  2055 I am_set_resumed_activity: [0,org.kman.WifiManager/.WifiControlActivity,resumeTopActivityInnerLocked]
11-15 19:24:31.108  2044  2055 I am_resume_activity: [0,264378801,203,org.kman.WifiManager/.WifiControlActivity]
11-15 19:24:31.119 10951 10951 I am_on_restart_called: [0,org.kman.WifiManager.WifiControlActivity,performRestartActivity]
11-15 19:24:31.131  2044  2058 I sysui_count: [window_time_0,11]
11-15 19:24:31.131  2044  2058 I sysui_multi_action: [757,803,799,window_time_0,802,11]
11-15 19:24:31.191 10951 10951 I am_on_start_called: [0,org.kman.WifiManager.WifiControlActivity,handleStartActivity]
11-15 19:24:31.196 10951 10951 I am_on_resume_called: [0,org.kman.WifiManager.WifiControlActivity,RESUME_ACTIVITY]
11-15 19:24:31.301 11175 11175 I auditd  : type=1400 audit(0.0:4899): avc: denied { read } for comm="pidof" scontext=u:r:direct_network_config:s0 tcontext=u:r:adbd:s0 tclass=file permissive=1
11-15 19:24:31.301 11175 11175 I auditd  : type=1400 audit(0.0:4900): avc: denied { read } for comm="pidof" scontext=u:r:direct_network_config:s0 tcontext=u:r:svdebug:s0 tclass=file permissive=1
11-15 19:24:31.301 11175 11175 I auditd  : type=1400 audit(0.0:4901): avc: denied { read } for comm="pidof" scontext=u:r:direct_network_config:s0 tcontext=u:r:drmserver:s0 tclass=file permissive=1
11-15 19:24:31.301 11175 11175 I auditd  : type=1400 audit(0.0:4902): avc: denied { read } for comm="pidof" scontext=u:r:direct_network_config:s0 tcontext=u:r:mdnsd:s0 tclass=file permissive=1
11-15 19:24:31.301 11175 11175 I auditd  : type=1400 audit(0.0:4903): avc: denied { read } for comm="pidof" scontext=u:r:direct_network_config:s0 tcontext=u:r:mediaprovider:s0:c512,c768 tclass=file permissive=1
11-15 19:24:31.301 11175 11175 I auditd  : type=1400 audit(0.0:4904): avc: denied { read } for comm="pidof" scontext=u:r:direct_network_config:s0 tcontext=u:r:priv_app:s0:c512,c768 tclass=file permissive=1
11-15 19:24:31.546  2044  2057 I sysui_multi_action: [319,949,322,12595,325,3821,757,761,758,7,759,2,806,org.kman.WifiManager,871,org.kman.WifiManager.WifiControlActivity,904,com.desaysv.launcher,905,0,945,416,1320,8,1321,4]
11-15 19:24:31.547  2044  2057 I am_activity_launch_time: [0,264378801,org.kman.WifiManager/.WifiControlActivity,12595]
11-15 19:24:32.032  2044  2044 I commit_sys_config_file: [notification-policy,27]
11-15 19:24:32.036  2044  2058 I am_stop_activity: [0,63668698,com.desaysv.launcher/com.desaysv.appmenu.activity.AppMenuActivity]
11-15 19:24:32.039  2501  2501 I am_on_stop_called: [0,com.desaysv.appmenu.activity.AppMenuActivity,STOP_ACTIVITY_ITEM]
11-15 19:24:32.277  2044  2044 I commit_sys_config_file: [notification-policy,13]
11-15 19:24:34.145 11182 11182 I auditd  : type=1400 audit(0.0:4919): avc: denied { read } for comm="pidof" scontext=u:r:direct_network_config:s0 tcontext=u:r:init:s0 tclass=file permissive=1
11-15 19:24:34.153 11182 11182 I auditd  : type=1400 audit(0.0:4920): avc: denied { read } for comm="pidof" scontext=u:r:direct_network_config:s0 tcontext=u:r:zygote:s0 tclass=file permissive=1
11-15 19:24:34.153 11182 11182 I auditd  : type=1400 audit(0.0:4921): avc: denied { open } for comm="pidof" path="/proc/1/comm" dev="proc" ino=311112 scontext=u:r:direct_network_config:s0 tcontext=u:r:init:s0 tclass=file permissive=1
11-15 19:24:34.161 11182 11182 I auditd  : type=1400 audit(0.0:4922): avc: denied { read } for comm="pidof" scontext=u:r:direct_network_config:s0 tcontext=u:r:incidentd:s0 tclass=file permissive=1
11-15 19:24:34.161 11182 11182 I auditd  : type=1400 audit(0.0:4923): avc: denied { read } for comm="pidof" scontext=u:r:direct_network_config:s0 tcontext=u:r:keystore:s0 tclass=file permissive=1
11-15 19:24:36.945 11189 11189 I auditd  : type=1400 audit(0.0:4942): avc: denied { search } for comm="pidof" name="1234" dev="proc" ino=311108 scontext=u:r:direct_network_config:s0 tcontext=u:r:vendor_init:s0 tclass=dir permissive=1
11-15 19:24:36.945 11189 11189 I auditd  : type=1400 audit(0.0:4943): avc: denied { search } for comm="pidof" name="1236" dev="proc" ino=311110 scontext=u:r:direct_network_config:s0 tcontext=u:r:ueventd:s0 tclass=dir permissive=1
11-15 19:24:36.945 11189 11189 I auditd  : type=1400 audit(0.0:4944): avc: denied { read } for comm="pidof" scontext=u:r:direct_network_config:s0 tcontext=u:r:logd:s0 tclass=file permissive=1
11-15 19:24:36.945 11189 11189 I auditd  : type=1400 audit(0.0:4945): avc: denied { read } for comm="pidof" scontext=u:r:direct_network_config:s0 tcontext=u:r:netd:s0 tclass=file permissive=1
11-15 19:24:36.949 11189 11189 I auditd  : type=1400 audit(0.0:4946): avc: denied { read } for comm="pidof" scontext=u:r:direct_network_config:s0 tcontext=u:r:mediaserver:s0 tclass=file permissive=1
11-15 19:24:38.169  2044 10646 I am_new_intent: [0,63668698,202,com.desaysv.launcher/com.desaysv.appmenu.activity.AppMenuActivity,android.intent.action.MAIN,NULL,NULL,268435712]
11-15 19:24:38.172  2044 10646 I wm_task_moved: [202,0,2147483647]
11-15 19:24:38.184  2044 10646 I am_focused_stack: [0,0,1,bringingFoundTaskToFront]
11-15 19:24:38.184  2044 10646 I wm_task_moved: [202,0,2147483647]
11-15 19:24:38.186  2044 10646 I am_pause_activity: [0,264378801,org.kman.WifiManager/.WifiControlActivity,userLeaving=true]
11-15 19:24:38.189 10951 10951 I am_on_paused_called: [0,org.kman.WifiManager.WifiControlActivity,performPause]
11-15 19:24:38.189  2044 10646 I am_task_to_front: [0,202]
11-15 19:24:38.244  2044  4207 I am_set_resumed_activity: [0,com.desaysv.launcher/com.desaysv.appmenu.activity.AppMenuActivity,resumeTopActivityInnerLocked]
11-15 19:24:38.278  2044  4207 I am_resume_activity: [0,63668698,202,com.desaysv.launcher/com.desaysv.appmenu.activity.AppMenuActivity]
11-15 19:24:38.288  2501  2501 I am_on_restart_called: [0,com.desaysv.appmenu.activity.AppMenuActivity,performRestartActivity]
11-15 19:24:38.301  2501  2501 I am_on_start_called: [0,com.desaysv.appmenu.activity.AppMenuActivity,handleStartActivity]
11-15 19:24:38.303  2044  2058 I sysui_count: [window_time_0,7]
11-15 19:24:38.303  2044  2058 I sysui_multi_action: [757,803,799,window_time_0,802,7]
11-15 19:24:38.309  2501  2501 I am_on_resume_called: [0,com.desaysv.appmenu.activity.AppMenuActivity,RESUME_ACTIVITY]
11-15 19:24:38.448  2044  2058 I am_stop_activity: [0,264378801,org.kman.WifiManager/.WifiControlActivity]
11-15 19:24:38.450  2044  2057 I sysui_multi_action: [319,228,322,226,325,3840,757,761,758,9,759,2,806,com.desaysv.launcher,871,com.desaysv.appmenu.activity.AppMenuActivity,905,0,1320,9,1321,1]
11-15 19:24:38.459 10951 10951 I am_on_stop_called: [0,org.kman.WifiManager.WifiControlActivity,STOP_ACTIVITY_ITEM]
11-15 19:24:39.111  2044  2044 I commit_sys_config_file: [notification-policy,27]
11-15 19:24:39.142  2044  2044 I commit_sys_config_file: [notification-policy,21]
11-15 19:24:39.605 11193 11193 I auditd  : type=1400 audit(0.0:4957): avc: denied { read } for comm="pidof" scontext=u:r:direct_network_config:s0 tcontext=u:r:servicemanager:s0 tclass=file permissive=1
11-15 19:24:39.605 11193 11193 I auditd  : type=1400 audit(0.0:4958): avc: denied { read } for comm="pidof" scontext=u:r:direct_network_config:s0 tcontext=u:r:hwservicemanager:s0 tclass=file permissive=1
11-15 19:24:39.605 11193 11193 I auditd  : type=1400 audit(0.0:4959): avc: denied { read } for comm="pidof" scontext=u:r:direct_network_config:s0 tcontext=u:r:wificond:s0 tclass=file permissive=1
11-15 19:24:39.605 11193 11193 I auditd  : type=1400 audit(0.0:4960): avc: denied { read } for comm="pidof" scontext=u:r:direct_network_config:s0 tcontext=u:r:mediacodec:s0 tclass=file permissive=1
11-15 19:24:39.609 11193 11193 I auditd  : type=1400 audit(0.0:4961): avc: denied { open } for comm="pidof" path="/proc/1565/comm" dev="proc" ino=318651 scontext=u:r:direct_network_config:s0 tcontext=u:r:servicemanager:s0 tclass=file permissive=1
11-15 19:24:42.253 11198 11198 I auditd  : type=1400 audit(0.0:4974): avc: denied { read } for comm="pidof" scontext=u:r:direct_network_config:s0 tcontext=u:r:vndservicemanager:s0 tclass=file permissive=1
11-15 19:24:42.257 11198 11198 I auditd  : type=1400 audit(0.0:4975): avc: denied { open } for comm="pidof" path="/proc/1567/comm" dev="proc" ino=318655 scontext=u:r:direct_network_config:s0 tcontext=u:r:vndservicemanager:s0 tclass=file permissive=1
11-15 19:24:42.257 11198 11198 I auditd  : type=1400 audit(0.0:4976): avc: denied { search } for comm="pidof" name="1575" dev="proc" ino=318489 scontext=u:r:direct_network_config:s0 tcontext=u:r:hal_bootctl_default:s0 tclass=dir permissive=1
11-15 19:24:42.257 11198 11198 I auditd  : type=1400 audit(0.0:4977): avc: denied { search } for comm="pidof" name="1692" dev="proc" ino=318500 scontext=u:r:direct_network_config:s0 tcontext=u:r:hal_broadcastradio_default:s0 tclass=dir permissive=1
11-15 19:24:42.261 11198 11198 I auditd  : type=1400 audit(0.0:4978): avc: denied { search } for comm="pidof" name="1695" dev="proc" ino=318503 scontext=u:r:direct_network_config:s0 tcontext=u:r:hal_cas_default:s0 tclass=dir permissive=1
11-15 19:24:43.169  2044  4207 I wm_task_moved: [203,0,2147483647]
11-15 19:24:43.177  2044  4207 I am_focused_stack: [0,1,0,bringingFoundTaskToFront]
11-15 19:24:43.177  2044  4207 I wm_task_moved: [203,0,2147483647]
11-15 19:24:43.179  2044  4207 I am_pause_activity: [0,63668698,com.desaysv.launcher/com.desaysv.appmenu.activity.AppMenuActivity,userLeaving=true]
11-15 19:24:43.182  2044  4207 I am_task_to_front: [0,203]
11-15 19:24:43.201  2501  2501 I am_on_paused_called: [0,com.desaysv.appmenu.activity.AppMenuActivity,performPause]
11-15 19:24:43.212  2044  2106 I am_set_resumed_activity: [0,org.kman.WifiManager/.WifiControlActivity,resumeTopActivityInnerLocked]
11-15 19:24:43.241  2044  2106 I am_resume_activity: [0,264378801,203,org.kman.WifiManager/.WifiControlActivity]
11-15 19:24:43.247 10951 10951 I am_on_restart_called: [0,org.kman.WifiManager.WifiControlActivity,performRestartActivity]
11-15 19:24:43.253  2044  2058 I sysui_count: [window_time_0,5]
11-15 19:24:43.253  2044  2058 I sysui_multi_action: [757,803,799,window_time_0,802,5]
11-15 19:24:43.307 10951 10951 I am_on_start_called: [0,org.kman.WifiManager.WifiControlActivity,handleStartActivity]
11-15 19:24:43.311 10951 10951 I am_on_resume_called: [0,org.kman.WifiManager.WifiControlActivity,RESUME_ACTIVITY]
11-15 19:24:43.392  2044  2057 I am_pss  : [11112,10052,com.bird.memorycleanup,16959488,14581760,0,95072256,0,18,72]
11-15 19:24:43.489  2044  2057 I am_pss  : [11130,10053,com.bird.processmanager,28614656,24762368,0,112414720,0,18,52]
11-15 19:24:43.532  2044  2057 I sysui_multi_action: [319,335,322,325,325,3845,757,761,758,9,759,2,806,org.kman.WifiManager,871,org.kman.WifiManager.WifiControlActivity,904,com.desaysv.launcher,905,0,1320,8,1321,4]
11-15 19:24:44.038  2044  2058 I am_stop_activity: [0,63668698,com.desaysv.launcher/com.desaysv.appmenu.activity.AppMenuActivity]
11-15 19:24:44.068  2501  2501 I am_on_stop_called: [0,com.desaysv.appmenu.activity.AppMenuActivity,STOP_ACTIVITY_ITEM]
11-15 19:24:44.187  2044  2044 I commit_sys_config_file: [notification-policy,37]
11-15 19:24:44.265  2044  2044 I commit_sys_config_file: [notification-policy,13]
11-15 19:24:44.897 11204 11204 I auditd  : type=1400 audit(0.0:4985): avc: denied { read } for comm="pidof" scontext=u:r:direct_network_config:s0 tcontext=u:r:hal_broadcastradio_default:s0 tclass=file permissive=1
11-15 19:24:44.897 11204 11204 I auditd  : type=1400 audit(0.0:4986): avc: denied { read } for comm="pidof" scontext=u:r:direct_network_config:s0 tcontext=u:r:hal_camera_default:s0 tclass=file permissive=1
11-15 19:24:44.897 11204 11204 I auditd  : type=1400 audit(0.0:4987): avc: denied { read } for comm="pidof" scontext=u:r:direct_network_config:s0 tcontext=u:r:hal_cas_default:s0 tclass=file permissive=1
11-15 19:24:44.897 11204 11204 I auditd  : type=1400 audit(0.0:4988): avc: denied { read } for comm="pidof" scontext=u:r:direct_network_config:s0 tcontext=u:r:hal_configstore_default:s0 tclass=file permissive=1
11-15 19:24:44.897 11204 11204 I auditd  : type=1400 audit(0.0:4989): avc: denied { read } for comm="pidof" scontext=u:r:direct_network_config:s0 tcontext=u:r:hal_contexthub_default:s0 tclass=file permissive=1
11-15 19:24:47.581 11209 11209 I auditd  : type=1400 audit(0.0:5005): avc: denied { read } for comm="pidof" scontext=u:r:direct_network_config:s0 tcontext=u:r:hal_bootctl_default:s0 tclass=file permissive=1
11-15 19:24:47.581 11209 11209 I auditd  : type=1400 audit(0.0:5006): avc: denied { read } for comm="pidof" scontext=u:r:direct_network_config:s0 tcontext=u:r:hal_keymaster_default:s0 tclass=file permissive=1
11-15 19:24:47.581 11209 11209 I auditd  : type=1400 audit(0.0:5007): avc: denied { read } for comm="pidof" scontext=u:r:direct_network_config:s0 tcontext=u:r:hal_drm_default:s0 tclass=file permissive=1
11-15 19:24:47.581 11209 11209 I auditd  : type=1400 audit(0.0:5008): avc: denied { read } for comm="pidof" scontext=u:r:direct_network_config:s0 tcontext=u:r:hal_drm_clearkey:s0 tclass=file permissive=1
11-15 19:24:47.589 11209 11209 I auditd  : type=1400 audit(0.0:5009): avc: denied { search } for comm="pidof" name="1565" dev="proc" ino=318485 scontext=u:r:direct_network_config:s0 tcontext=u:r:servicemanager:s0 tclass=dir permissive=1
11-15 19:24:56.230  2044  2149 I netstats_mobile_sample: [0,0,0,0,0,0,0,0,0,0,0,0,1763223896229]
11-15 19:24:56.231  2044  2149 I netstats_wifi_sample: [0,0,0,0,0,0,0,0,0,0,0,0,1763223896229]
11-15 19:24:58.201 11230 11230 I auditd  : type=1400 audit(0.0:5021): avc: denied { read } for comm="pidof" scontext=u:r:direct_network_config:s0 tcontext=u:r:vendor_init:s0 tclass=file permissive=1
11-15 19:24:58.201 11230 11230 I auditd  : type=1400 audit(0.0:5022): avc: denied { sys_ptrace } for comm="pidof" capability=19 scontext=u:r:direct_network_config:s0 tcontext=u:r:direct_network_config:s0 tclass=capability permissive=1
11-15 19:24:58.201 11230 11230 I auditd  : type=1400 audit(0.0:5023): avc: denied { read } for comm="pidof" scontext=u:r:direct_network_config:s0 tcontext=u:r:ueventd:s0 tclass=file permissive=1
11-15 19:24:58.205 11230 11230 I auditd  : type=1400 audit(0.0:5024): avc: denied { open } for comm="pidof" path="/proc/1234/comm" dev="proc" ino=318470 scontext=u:r:direct_network_config:s0 tcontext=u:r:vendor_init:s0 tclass=file permissive=1
11-15 19:24:58.205 11230 11230 I auditd  : type=1400 audit(0.0:5025): avc: denied { open } for comm="pidof" path="/proc/1236/comm" dev="proc" ino=318474 scontext=u:r:direct_network_config:s0 tcontext=u:r:ueventd:s0 tclass=file permissive=1
11-15 19:25:00.861 11234 11234 I auditd  : type=1400 audit(0.0:5068): avc: denied { search } for comm="pidof" name="1" dev="proc" ino=311013 scontext=u:r:direct_network_config:s0 tcontext=u:r:init:s0 tclass=dir permissive=1
11-15 19:25:00.865 11234 11234 I auditd  : type=1400 audit(0.0:5069): avc: denied { read } for comm="pidof" scontext=u:r:direct_network_config:s0 tcontext=u:r:lmkd:s0 tclass=file permissive=1
11-15 19:25:00.869 11234 11234 I auditd  : type=1400 audit(0.0:5070): avc: denied { read } for comm="pidof" scontext=u:r:direct_network_config:s0 tcontext=u:r:surfaceflinger:s0 tclass=file permissive=1
11-15 19:25:00.873 11234 11234 I auditd  : type=1400 audit(0.0:5071): avc: denied { open } for comm="pidof" path="/proc/1712/comm" dev="proc" ino=318721 scontext=u:r:direct_network_config:s0 tcontext=u:r:lmkd:s0 tclass=file permissive=1
11-15 19:25:00.873 11234 11234 I auditd  : type=1400 audit(0.0:5072): avc: denied { open } for comm="pidof" path="/proc/1714/comm" dev="proc" ino=318723 scontext=u:r:direct_network_config:s0 tcontext=u:r:surfaceflinger:s0 tclass=file permissive=1
11-15 19:25:06.185 11244 11244 I auditd  : type=1400 audit(0.0:5075): avc: denied { read } for comm="pidof" scontext=u:r:direct_network_config:s0 tcontext=u:r:platform_app:s0:c512,c768 tclass=file permissive=1
11-15 19:25:06.189 11244 11244 I auditd  : type=1400 audit(0.0:5076): avc: denied { search } for comm="pidof" name="1877" dev="proc" ino=318531 scontext=u:r:direct_network_config:s0 tcontext=u:r:adbd:s0 tclass=dir permissive=1
11-15 19:25:06.189 11244 11244 I auditd  : type=1400 audit(0.0:5077): avc: denied { open } for comm="pidof" path="/proc/2283/comm" dev="proc" ino=318799 scontext=u:r:direct_network_config:s0 tcontext=u:r:platform_app:s0:c512,c768 tclass=file permissive=1
11-15 19:25:17.808  2044  2415 I ntp_failure: [ntp2.aliyun.com,java.net.UnknownHostException: Unable to resolve host "ntp2.aliyun.com": No address associated with hostname]
11-15 19:25:17.855  2044  2057 I am_pss  : [11130,10053,com.bird.processmanager,28614656,24762368,0,112414720,0,18,39]
11-15 19:25:19.488 11266 11266 I auditd  : type=1400 audit(0.0:5078): avc: denied { read } for comm="pidof" scontext=u:r:direct_network_config:s0 tcontext=u:r:webview_zygote:s0 tclass=file permissive=1
11-15 19:25:19.496 11266 11266 I auditd  : type=1400 audit(0.0:5079): avc: denied { search } for comm="pidof" name="1878" dev="proc" ino=318532 scontext=u:r:direct_network_config:s0 tcontext=u:r:svdebug:s0 tclass=dir permissive=1
11-15 19:25:19.504 11266 11266 I auditd  : type=1400 audit(0.0:5080): avc: denied { open } for comm="pidof" path="/proc/2342/comm" dev="proc" ino=318811 scontext=u:r:direct_network_config:s0 tcontext=u:r:webview_zygote:s0 tclass=file permissive=1
11-15 19:25:19.508 11266 11266 I auditd  : type=1400 audit(0.0:5081): avc: denied { search } for comm="pidof" name="3050" dev="proc" ino=318592 scontext=u:r:direct_network_config:s0 tcontext=u:r:mdnsd:s0 tclass=dir permissive=1
11-15 19:25:19.508 11266 11266 I auditd  : type=1400 audit(0.0:5082): avc: denied { search } for comm="pidof" name="3165" dev="proc" ino=318595 scontext=u:r:direct_network_config:s0 tcontext=u:r:mediaprovider:s0:c512,c768 tclass=dir permissive=1
11-15 19:25:19.508 11266 11266 I auditd  : type=1400 audit(0.0:5083): avc: denied { search } for comm="pidof" name="3346" dev="proc" ino=318598 scontext=u:r:direct_network_config:s0 tcontext=u:r:priv_app:s0:c512,c768 tclass=dir permissive=1
11-15 19:25:19.524 11267 11267 I auditd  : type=1400 audit(0.0:5084): avc: denied { nlmsg_read } for comm="busybox" scontext=u:r:direct_network_config:s0 tcontext=u:r:direct_network_config:s0 tclass=netlink_route_socket permissive=1
11-15 19:25:19.785  2044  2058 I am_uid_idle: 10052
11-15 19:25:24.892 11275 11275 I auditd  : type=1400 audit(0.0:5085): avc: denied { read } for comm="pidof" scontext=u:r:direct_network_config:s0 tcontext=u:r:hal_wifi_supplicant_default:s0 tclass=file permissive=1
11-15 19:25:24.900 11275 11275 I auditd  : type=1400 audit(0.0:5086): avc: denied { open } for comm="pidof" path="/proc/2448/comm" dev="proc" ino=318813 scontext=u:r:direct_network_config:s0 tcontext=u:r:hal_wifi_supplicant_default:s0 tclass=file permissive=1
11-15 19:25:24.904 11275 11275 I auditd  : type=1400 audit(0.0:5087): avc: denied { search } for comm="pidof" name="2658" dev="proc" ino=318578 scontext=u:r:direct_network_config:s0 tcontext=u:r:bluetooth:s0 tclass=dir permissive=1
11-15 19:25:46.140 11313 11313 I auditd  : type=1400 audit(0.0:5088): avc: denied { search } for comm="pidof" name="2598" dev="proc" ino=318574 scontext=u:r:direct_network_config:s0 tcontext=u:r:vehicle_shmemslaver:s0 tclass=dir permissive=1
11-15 19:25:46.140 11313 11313 I auditd  : type=1400 audit(0.0:5089): avc: denied { search } for comm="pidof" name="2605" dev="proc" ino=318576 scontext=u:r:direct_network_config:s0 tcontext=u:r:vehicle_linkdevicemanager:s0 tclass=dir permissive=1
11-15 19:25:54.016  2044  2149 I netstats_mobile_sample: [0,0,0,0,0,0,0,0,0,0,0,0,1763223954016]
11-15 19:25:54.016  2044  2149 I netstats_wifi_sample: [0,0,0,0,0,0,0,0,0,0,0,0,1763223954016]
11-15 19:25:54.055  2044  2149 I netstats_mobile_sample: [0,0,0,0,0,0,0,0,0,0,0,0,1763223954054]
11-15 19:25:54.056  2044  2149 I netstats_wifi_sample: [0,0,0,0,0,0,0,0,0,0,0,0,1763223954054]
11-15 19:25:54.108 11332 11332 I auditd  : type=1400 audit(0.0:5090): avc: denied { read } for comm="pidof" scontext=u:r:direct_network_config:s0 tcontext=u:r:vehicle_shmemslaver:s0 tclass=file permissive=1
11-15 19:25:54.108 11332 11332 I auditd  : type=1400 audit(0.0:5091): avc: denied { read } for comm="pidof" scontext=u:r:direct_network_config:s0 tcontext=u:r:vehicle_linkdevicemanager:s0 tclass=file permissive=1
11-15 19:25:54.108 11332 11332 I auditd  : type=1400 audit(0.0:5092): avc: denied { read } for comm="pidof" scontext=u:r:direct_network_config:s0 tcontext=u:r:bluetooth:s0 tclass=file permissive=1
11-15 19:25:54.112 11332 11332 I auditd  : type=1400 audit(0.0:5093): avc: denied { read } for comm="pidof" scontext=u:r:direct_network_config:s0 tcontext=u:r:mdnsd:s0 tclass=file permissive=1
11-15 19:25:54.112 11332 11332 I auditd  : type=1400 audit(0.0:5094): avc: denied { read } for comm="pidof" scontext=u:r:direct_network_config:s0 tcontext=u:r:mediaprovider:s0:c512,c768 tclass=file permissive=1
11-15 19:25:54.154  2044  2149 I service_manager_slow: [28,alarm]
11-15 19:25:54.187  2044  2149 I netstats_mobile_sample: [0,0,0,0,0,0,0,0,0,0,0,0,1763223954187]
11-15 19:25:54.188  2044  2149 I netstats_wifi_sample: [0,0,66,1,0,0,66,1,0,0,66,1,1763223954187]
11-15 19:25:54.729  2044  2415 I ntp_success: [2.cn.pool.ntp.org/119.28.183.184,293,125]
11-15 19:25:55.120  2175  2175 I auditd  : type=1400 audit(0.0:5107): avc: denied { read } for comm="Thread-3" name="u:object_r:serialno_prop:s0" dev="tmpfs" ino=323 scontext=u:r:system_app:s0 tcontext=u:object_r:serialno_prop:s0 tclass=file permissive=1
11-15 19:25:55.120  2175  2175 I auditd  : type=1400 audit(0.0:5108): avc: denied { open } for comm="Thread-3" path="/dev/__properties__/u:object_r:serialno_prop:s0" dev="tmpfs" ino=323 scontext=u:r:system_app:s0 tcontext=u:object_r:serialno_prop:s0 tclass=file permissive=1
11-15 19:25:55.120  2175  2175 I auditd  : type=1400 audit(0.0:5109): avc: denied { getattr } for comm="Thread-3" path="/dev/__properties__/u:object_r:serialno_prop:s0" dev="tmpfs" ino=323 scontext=u:r:system_app:s0 tcontext=u:object_r:serialno_prop:s0 tclass=file permissive=1
11-15 19:25:55.120  2175  2175 I auditd  : type=1400 audit(0.0:5110): avc: denied { map } for comm="Thread-3" path="/dev/__properties__/u:object_r:serialno_prop:s0" dev="tmpfs" ino=323 scontext=u:r:system_app:s0 tcontext=u:object_r:serialno_prop:s0 tclass=file permissive=1
11-15 19:25:55.584  2044  2149 I service_manager_slow: [32,alarm]
11-15 19:25:55.584  2044  2149 I netstats_mobile_sample: [0,0,0,0,0,0,0,0,0,0,0,0,1763223955709]
11-15 19:25:55.584  2044  2149 I netstats_wifi_sample: [1463,11,2420,21,1463,11,2420,21,3929,23,1794,17,1763223955709]
11-15 19:25:56.820 11346 11346 I auditd  : type=1400 audit(0.0:5111): avc: denied { read } for comm="pidof" scontext=u:r:direct_network_config:s0 tcontext=u:r:init:s0 tclass=file permissive=1
11-15 19:25:56.824 11346 11346 I auditd  : type=1400 audit(0.0:5112): avc: denied { read } for comm="pidof" scontext=u:r:direct_network_config:s0 tcontext=u:r:zygote:s0 tclass=file permissive=1
11-15 19:25:56.824 11346 11346 I auditd  : type=1400 audit(0.0:5113): avc: denied { open } for comm="pidof" path="/proc/1/comm" dev="proc" ino=311112 scontext=u:r:direct_network_config:s0 tcontext=u:r:init:s0 tclass=file permissive=1
11-15 19:25:56.824 11346 11346 I auditd  : type=1400 audit(0.0:5114): avc: denied { search } for comm="pidof" name="2" dev="proc" ino=311014 scontext=u:r:direct_network_config:s0 tcontext=u:r:kernel:s0 tclass=dir permissive=1
11-15 19:25:56.828 11346 11346 I auditd  : type=1400 audit(0.0:5115): avc: denied { search } for comm="pidof" name="1236" dev="proc" ino=311110 scontext=u:r:direct_network_config:s0 tcontext=u:r:ueventd:s0 tclass=dir permissive=1
11-15 19:25:56.828 11346 11346 I auditd  : type=1400 audit(0.0:5116): avc: denied { open } for comm="pidof" path="/proc/1541/comm" dev="proc" ino=318631 scontext=u:r:direct_network_config:s0 tcontext=u:r:zygote:s0 tclass=file permissive=1
11-15 19:25:59.516 11353 11353 I auditd  : type=1400 audit(0.0:5163): avc: denied { read } for comm="pidof" scontext=u:r:direct_network_config:s0 tcontext=u:r:vendor_init:s0 tclass=file permissive=1
11-15 19:25:59.520 11353 11353 I auditd  : type=1400 audit(0.0:5164): avc: denied { search } for comm="pidof" name="1234" dev="proc" ino=311108 scontext=u:r:direct_network_config:s0 tcontext=u:r:vendor_init:s0 tclass=dir permissive=1
