11-15 19:56:55.545 14853 14853 I NavigationMonitor: ✓ Навигатор запущен (GenericGuidanceComponent.INSTANCE найден)
11-15 19:56:55.547 14853 14853 I NavigationMonitor: isNavigatorRunning вернул: true
11-15 19:56:55.548 14853 14853 I NavigationMonitor: === isNavigationActive вызван ===
11-15 19:56:55.550 14853 14853 I NavigationMonitor: GuidanceServicePresenter получен, ищем Guidance через его методы и поля...
11-15 19:56:55.551 14853 14853 I NavigationMonitor: Найдено методов в GuidanceServicePresenter: 15
11-15 19:56:55.571 14853 14853 I NavigationMonitor: Найдено полей в GuidanceServicePresenter: 8
11-15 19:56:55.584 14853 14853 I NavigationMonitor: ✓ Guidance найден в поле GuidanceServicePresenter.handler
11-15 19:56:55.593 14853 14853 I NavigationMonitor: Guidance получен через GenericGuidanceComponent
11-15 19:56:55.598 14853 14853 I NavigationMonitor: === Проверка активности навигации через Guidance ===
11-15 19:56:55.602 14853 14853 I NavigationMonitor: Guidance валиден
11-15 19:56:55.608 14853 14853 I NavigationMonitor: isNavigationActive вернул: false
11-15 19:56:55.609 14853 14853 I NavigationMonitor: → Статус: RUNNING_BACKGROUND (синий)
11-15 19:56:55.616 14853 14853 I NavDataInterceptor: Получен broadcast: turbodog.navigation.system.message от системы
11-15 19:56:56.619 14853 14853 I NavigationMonitor: === getNavigatorStatus вызван для: ru.yandex.yandexmaps ===
11-15 19:56:56.622 14853 14853 I NavigationMonitor: === isNavigatorRunning: Проверка навигатора ===
11-15 19:56:56.627 14853 14853 I NavigationMonitor: ✓ Навигатор запущен (GenericGuidanceComponent.INSTANCE найден)
11-15 19:56:56.628 14853 14853 I NavigationMonitor: isNavigatorRunning вернул: true
11-15 19:56:56.629 14853 14853 I NavigationMonitor: === isNavigationActive вызван ===
11-15 19:56:56.630 14853 14853 I NavigationMonitor: GuidanceServicePresenter получен, ищем Guidance через его методы и поля...
11-15 19:56:56.630 14853 14853 I NavigationMonitor: Найдено методов в GuidanceServicePresenter: 15
11-15 19:56:56.644 14853 14853 I NavigationMonitor: Найдено полей в GuidanceServicePresenter: 8
11-15 19:56:56.650 14853 14853 I NavigationMonitor: ✓ Guidance найден в поле GuidanceServicePresenter.handler
11-15 19:56:56.650 14853 14853 I NavigationMonitor: Guidance получен через GenericGuidanceComponent
11-15 19:56:56.651 14853 14853 I NavigationMonitor: === Проверка активности навигации через Guidance ===
11-15 19:56:56.652 14853 14853 I NavigationMonitor: Guidance валиден
11-15 19:56:56.659 14853 14853 I NavigationMonitor: isNavigationActive вернул: false
11-15 19:56:56.662 14853 14853 I NavigationMonitor: → Статус: RUNNING_BACKGROUND (синий)
11-15 19:56:57.513 14853 14853 I NavigationMonitor: === isNavigationActive вызван ===
11-15 19:56:57.516 14853 14853 I NavigationMonitor: GuidanceServicePresenter получен, ищем Guidance через его методы и поля...
11-15 19:56:57.520 14853 14853 I NavigationMonitor: Найдено методов в GuidanceServicePresenter: 15
11-15 19:56:57.566 14853 14853 I NavigationMonitor: Найдено полей в GuidanceServicePresenter: 8
11-15 19:56:57.581 14853 14853 I NavigationMonitor: ✓ Guidance найден в поле GuidanceServicePresenter.handler
11-15 19:56:57.585 14853 14853 I NavigationMonitor: Guidance получен через GenericGuidanceComponent
11-15 19:56:57.588 14853 14853 I NavigationMonitor: === Проверка активности навигации через Guidance ===
11-15 19:56:57.592 14853 14853 I NavigationMonitor: Guidance валиден
11-15 19:56:57.975 14853 14853 I NavigationMonitor: === isNavigatorRunning: Проверка навигатора ===
11-15 19:56:57.977 14853 14853 I NavigationMonitor: ✓ Навигатор запущен (GenericGuidanceComponent.INSTANCE найден)
11-15 19:56:57.978 14853 14853 I NavigationMonitor: === isNavigatorRunning: Проверка навигатора ===
11-15 19:56:57.979 14853 14853 I NavigationMonitor: ✓ Навигатор запущен (GenericGuidanceComponent.INSTANCE найден)
11-15 19:56:57.980 14853 14853 I NavigationMonitor: === isNavigatorRunning: Проверка навигатора ===
11-15 19:56:57.981 14853 14853 I NavigationMonitor: ✓ Навигатор запущен (GenericGuidanceComponent.INSTANCE найден)
11-15 19:56:57.987 14853 14853 I NavigationMonitor: === getNavigatorStatus вызван для: ru.yandex.yandexmaps ===
11-15 19:56:57.988 14853 14853 I NavigationMonitor: === isNavigatorRunning: Проверка навигатора ===
11-15 19:56:57.990 14853 14853 I NavigationMonitor: ✓ Навигатор запущен (GenericGuidanceComponent.INSTANCE найден)
11-15 19:56:57.991 14853 14853 I NavigationMonitor: isNavigatorRunning вернул: true
11-15 19:56:57.993 14853 14853 I NavigationMonitor: === isNavigationActive вызван ===
11-15 19:56:57.995 14853 14853 I NavigationMonitor: GuidanceServicePresenter получен, ищем Guidance через его методы и поля...
11-15 19:56:57.996 14853 14853 I NavigationMonitor: Найдено методов в GuidanceServicePresenter: 15
11-15 19:56:58.009  2604  2604 W ContextImpl: Calling a method in the system process without a qualified user: android.app.ContextImpl.sendBroadcast:1005 android.content.ContextWrapper.sendBroadcast:444 com.desaysv.mapservice.util.ActivityUtil.sendBroadcast:188 com.desaysv.mapservice.adapter.map.turbodog.TurboDogAdapter$3.onReceive:527 android.app.LoadedApk$ReceiverDispatcher$Args.lambda$getRunnable$0:1391 
11-15 19:56:58.010  2044 14819 E ActivityManager: Sending non-protected broadcast desay.thirdparty.navigation from system 2604:com.desaysv.mapservice/1000 pkg com.desaysv.mapservice
11-15 19:56:58.011  2044 14819 E ActivityManager: Sending non-protected broadcast desay.thirdparty.navigation from system 2604:com.desaysv.mapservice/1000 pkg com.desaysv.mapservice
11-15 19:56:58.013  2962  2962 I AAPlatform.NavigationImpl: [onReceive:120-main]-action = desay.thirdparty.navigation
11-15 19:56:58.015  2962  2962 I AAPlatform.NavigationImpl: [onReceive:129-main]-ACTION_RECEIVE_3TH_NAVI isNativeNavigationActive = false
11-15 19:56:58.016  2962  2962 I AAPlatform.NavigationImpl: [notifyNativeNavigationStatus:80-main]-use native navigation = false
11-15 19:56:58.025 14853 14853 I NavigationMonitor: Найдено полей в GuidanceServicePresenter: 8
11-15 19:56:58.034 14853 14853 I NavigationMonitor: ✓ Guidance найден в поле GuidanceServicePresenter.handler
11-15 19:56:58.036 14853 14853 I NavigationMonitor: Guidance получен через GenericGuidanceComponent
11-15 19:56:58.039 14853 14853 I NavigationMonitor: === Проверка активности навигации через Guidance ===
11-15 19:56:58.044 14853 14853 I NavigationMonitor: Guidance валиден
11-15 19:56:58.050 14853 14853 I NavigationMonitor: isNavigationActive вернул: false
11-15 19:56:58.051 14853 14853 I NavigationMonitor: → Статус: RUNNING_BACKGROUND (синий)
11-15 19:56:58.059 14853 14853 I NavDataInterceptor: Получен broadcast: turbodog.navigation.system.message от системы
11-15 19:56:59.062 14853 14853 I NavigationMonitor: === getNavigatorStatus вызван для: ru.yandex.yandexmaps ===
11-15 19:56:59.063 14853 14853 I NavigationMonitor: === isNavigatorRunning: Проверка навигатора ===
11-15 19:56:59.065 14853 14853 I NavigationMonitor: ✓ Навигатор запущен (GenericGuidanceComponent.INSTANCE найден)
11-15 19:56:59.067 14853 14853 I NavigationMonitor: isNavigatorRunning вернул: true
11-15 19:56:59.068 14853 14853 I NavigationMonitor: === isNavigationActive вызван ===
11-15 19:56:59.069 14853 14853 I NavigationMonitor: GuidanceServicePresenter получен, ищем Guidance через его методы и поля...
11-15 19:56:59.070 14853 14853 I NavigationMonitor: Найдено методов в GuidanceServicePresenter: 15
11-15 19:56:59.082 14853 14853 I NavigationMonitor: Найдено полей в GuidanceServicePresenter: 8
11-15 19:56:59.087 14853 14853 I NavigationMonitor: ✓ Guidance найден в поле GuidanceServicePresenter.handler
11-15 19:56:59.088 14853 14853 I NavigationMonitor: Guidance получен через GenericGuidanceComponent
11-15 19:56:59.088 14853 14853 I NavigationMonitor: === Проверка активности навигации через Guidance ===
11-15 19:56:59.090 14853 14853 I NavigationMonitor: Guidance валиден
11-15 19:56:59.093 14853 14853 I NavigationMonitor: isNavigationActive вернул: false
11-15 19:56:59.095 14853 14853 I NavigationMonitor: → Статус: RUNNING_BACKGROUND (синий)
11-15 19:56:59.979 14853 14853 I NavigationMonitor: === isNavigationActive вызван ===
11-15 19:56:59.984 14853 14853 I NavigationMonitor: GuidanceServicePresenter получен, ищем Guidance через его методы и поля...
11-15 19:56:59.986 14853 14853 I NavigationMonitor: Найдено методов в GuidanceServicePresenter: 15
11-15 19:57:00.004 14853 14853 I NavigationMonitor: Найдено полей в GuidanceServicePresenter: 8
11-15 19:57:00.010 14853 14853 I NavigationMonitor: ✓ Guidance найден в поле GuidanceServicePresenter.handler
11-15 19:57:00.011 14853 14853 I NavigationMonitor: Guidance получен через GenericGuidanceComponent
11-15 19:57:00.012 14853 14853 I NavigationMonitor: === Проверка активности навигации через Guidance ===
11-15 19:57:00.015 14853 14853 I NavigationMonitor: Guidance валиден
11-15 19:57:00.330 14853 14853 I NavigationMonitor: === isNavigatorRunning: Проверка навигатора ===
11-15 19:57:00.333 14853 14853 I NavigationMonitor: ✓ Навигатор запущен (GenericGuidanceComponent.INSTANCE найден)
11-15 19:57:00.341 14853 14853 I NavigationMonitor: === isNavigatorRunning: Проверка навигатора ===
11-15 19:57:00.342  2604  2604 W ContextImpl: Calling a method in the system process without a qualified user: android.app.ContextImpl.sendBroadcast:1005 android.content.ContextWrapper.sendBroadcast:444 com.desaysv.mapservice.util.ActivityUtil.sendBroadcast:188 com.desaysv.mapservice.adapter.map.turbodog.TurboDogAdapter$3.onReceive:527 android.app.LoadedApk$ReceiverDispatcher$Args.lambda$getRunnable$0:1391 
11-15 19:57:00.342 14853 14853 I NavigationMonitor: ✓ Навигатор запущен (GenericGuidanceComponent.INSTANCE найден)
11-15 19:57:00.343  2044 14819 E ActivityManager: Sending non-protected broadcast desay.thirdparty.navigation from system 2604:com.desaysv.mapservice/1000 pkg com.desaysv.mapservice
11-15 19:57:00.344  2044 14819 E ActivityManager: Sending non-protected broadcast desay.thirdparty.navigation from system 2604:com.desaysv.mapservice/1000 pkg com.desaysv.mapservice
11-15 19:57:00.344 14853 14853 I NavigationMonitor: === isNavigatorRunning: Проверка навигатора ===
11-15 19:57:00.345  2962  2962 I AAPlatform.NavigationImpl: [onReceive:120-main]-action = desay.thirdparty.navigation
11-15 19:57:00.345 14853 14853 I NavigationMonitor: ✓ Навигатор запущен (GenericGuidanceComponent.INSTANCE найден)
11-15 19:57:00.345  2962  2962 I AAPlatform.NavigationImpl: [onReceive:129-main]-ACTION_RECEIVE_3TH_NAVI isNativeNavigationActive = false
11-15 19:57:00.345  2962  2962 I AAPlatform.NavigationImpl: [notifyNativeNavigationStatus:80-main]-use native navigation = false
11-15 19:57:00.349 14853 14853 I NavigationMonitor: === getNavigatorStatus вызван для: ru.yandex.yandexmaps ===
11-15 19:57:00.350 14853 14853 I NavigationMonitor: === isNavigatorRunning: Проверка навигатора ===
11-15 19:57:00.351 14853 14853 I NavigationMonitor: ✓ Навигатор запущен (GenericGuidanceComponent.INSTANCE найден)
11-15 19:57:00.352 14853 14853 I NavigationMonitor: isNavigatorRunning вернул: true
11-15 19:57:00.353 14853 14853 I NavigationMonitor: === isNavigationActive вызван ===
11-15 19:57:00.356 14853 14853 I NavigationMonitor: GuidanceServicePresenter получен, ищем Guidance через его методы и поля...
11-15 19:57:00.358 14853 14853 I NavigationMonitor: Найдено методов в GuidanceServicePresenter: 15
11-15 19:57:00.373 14853 14853 I NavigationMonitor: Найдено полей в GuidanceServicePresenter: 8
11-15 19:57:00.379 14853 14853 I NavigationMonitor: ✓ Guidance найден в поле GuidanceServicePresenter.handler
11-15 19:57:00.379 14853 14853 I NavigationMonitor: Guidance получен через GenericGuidanceComponent
11-15 19:57:00.380 14853 14853 I NavigationMonitor: === Проверка активности навигации через Guidance ===
11-15 19:57:00.383 14853 14853 I NavigationMonitor: Guidance валиден
11-15 19:57:00.389 14853 14853 I NavigationMonitor: isNavigationActive вернул: false
11-15 19:57:00.390 14853 14853 I NavigationMonitor: → Статус: RUNNING_BACKGROUND (синий)
11-15 19:57:00.398 14853 14853 I NavDataInterceptor: Получен broadcast: turbodog.navigation.system.message от системы
11-15 19:57:01.398 14853 14853 I NavigationMonitor: === getNavigatorStatus вызван для: ru.yandex.yandexmaps ===
11-15 19:57:01.399 14853 14853 I NavigationMonitor: === isNavigatorRunning: Проверка навигатора ===
11-15 19:57:01.401 14853 14853 I NavigationMonitor: ✓ Навигатор запущен (GenericGuidanceComponent.INSTANCE найден)
11-15 19:57:01.402 14853 14853 I NavigationMonitor: isNavigatorRunning вернул: true
11-15 19:57:01.403 14853 14853 I NavigationMonitor: === isNavigationActive вызван ===
11-15 19:57:01.404 14853 14853 I NavigationMonitor: GuidanceServicePresenter получен, ищем Guidance через его методы и поля...
11-15 19:57:01.407 14853 14853 I NavigationMonitor: Найдено методов в GuidanceServicePresenter: 15
11-15 19:57:01.426 14853 14853 I NavigationMonitor: Найдено полей в GuidanceServicePresenter: 8
11-15 19:57:01.429 14853 14853 I NavigationMonitor: ✓ Guidance найден в поле GuidanceServicePresenter.handler
11-15 19:57:01.430 14853 14853 I NavigationMonitor: Guidance получен через GenericGuidanceComponent
11-15 19:57:01.431 14853 14853 I NavigationMonitor: === Проверка активности навигации через Guidance ===
11-15 19:57:01.435 14853 14853 I NavigationMonitor: Guidance валиден
11-15 19:57:01.440 14853 14853 I NavigationMonitor: isNavigationActive вернул: false
11-15 19:57:01.441 14853 14853 I NavigationMonitor: → Статус: RUNNING_BACKGROUND (синий)
11-15 19:57:02.331 14853 14853 I NavigationMonitor: === isNavigationActive вызван ===
11-15 19:57:02.333 14853 14853 I NavigationMonitor: GuidanceServicePresenter получен, ищем Guidance через его методы и поля...
11-15 19:57:02.334 14853 14853 I NavigationMonitor: Найдено методов в GuidanceServicePresenter: 15
11-15 19:57:02.346 14853 14853 I NavigationMonitor: Найдено полей в GuidanceServicePresenter: 8
11-15 19:57:02.350 14853 14853 I NavigationMonitor: ✓ Guidance найден в поле GuidanceServicePresenter.handler
11-15 19:57:02.351 14853 14853 I NavigationMonitor: Guidance получен через GenericGuidanceComponent
11-15 19:57:02.352 14853 14853 I NavigationMonitor: === Проверка активности навигации через Guidance ===
11-15 19:57:02.353 14853 14853 I NavigationMonitor: Guidance валиден
11-15 19:57:02.666 14853 14853 I NavigationMonitor: === isNavigatorRunning: Проверка навигатора ===
11-15 19:57:02.669 14853 14853 I NavigationMonitor: ✓ Навигатор запущен (GenericGuidanceComponent.INSTANCE найден)
11-15 19:57:02.673 14853 14853 I NavigationMonitor: === isNavigatorRunning: Проверка навигатора ===
11-15 19:57:02.680  2604  2604 W ContextImpl: Calling a method in the system process without a qualified user: android.app.ContextImpl.sendBroadcast:1005 android.content.ContextWrapper.sendBroadcast:444 com.desaysv.mapservice.util.ActivityUtil.sendBroadcast:188 com.desaysv.mapservice.adapter.map.turbodog.TurboDogAdapter$3.onReceive:527 android.app.LoadedApk$ReceiverDispatcher$Args.lambda$getRunnable$0:1391 
11-15 19:57:02.680 14853 14853 I NavigationMonitor: ✓ Навигатор запущен (GenericGuidanceComponent.INSTANCE найден)
11-15 19:57:02.682  2044  6803 E ActivityManager: Sending non-protected broadcast desay.thirdparty.navigation from system 2604:com.desaysv.mapservice/1000 pkg com.desaysv.mapservice
11-15 19:57:02.682  2044  6803 E ActivityManager: Sending non-protected broadcast desay.thirdparty.navigation from system 2604:com.desaysv.mapservice/1000 pkg com.desaysv.mapservice
11-15 19:57:02.683  2962  2962 I AAPlatform.NavigationImpl: [onReceive:120-main]-action = desay.thirdparty.navigation
11-15 19:57:02.684  2962  2962 I AAPlatform.NavigationImpl: [onReceive:129-main]-ACTION_RECEIVE_3TH_NAVI isNativeNavigationActive = false
11-15 19:57:02.684  2962  2962 I AAPlatform.NavigationImpl: [notifyNativeNavigationStatus:80-main]-use native navigation = false
11-15 19:57:02.686 14853 14853 I NavigationMonitor: === isNavigatorRunning: Проверка навигатора ===
11-15 19:57:02.690 14853 14853 I NavigationMonitor: ✓ Навигатор запущен (GenericGuidanceComponent.INSTANCE найден)
11-15 19:57:02.698 14853 14853 I NavigationMonitor: === getNavigatorStatus вызван для: ru.yandex.yandexmaps ===
11-15 19:57:02.700 14853 14853 I NavigationMonitor: === isNavigatorRunning: Проверка навигатора ===
11-15 19:57:02.703 14853 14853 I NavigationMonitor: ✓ Навигатор запущен (GenericGuidanceComponent.INSTANCE найден)
11-15 19:57:02.705 14853 14853 I NavigationMonitor: isNavigatorRunning вернул: true
11-15 19:57:02.707 14853 14853 I NavigationMonitor: === isNavigationActive вызван ===
11-15 19:57:02.710 14853 14853 I NavigationMonitor: GuidanceServicePresenter получен, ищем Guidance через его методы и поля...
11-15 19:57:02.714 14853 14853 I NavigationMonitor: Найдено методов в GuidanceServicePresenter: 15
11-15 19:57:02.733 14853 14853 I NavigationMonitor: Найдено полей в GuidanceServicePresenter: 8
11-15 19:57:02.737 14853 14853 I NavigationMonitor: ✓ Guidance найден в поле GuidanceServicePresenter.handler
11-15 19:57:02.738 14853 14853 I NavigationMonitor: Guidance получен через GenericGuidanceComponent
11-15 19:57:02.740 14853 14853 I NavigationMonitor: === Проверка активности навигации через Guidance ===
11-15 19:57:02.743 14853 14853 I NavigationMonitor: Guidance валиден
11-15 19:57:02.748 14853 14853 I NavigationMonitor: isNavigationActive вернул: false
11-15 19:57:02.749 14853 14853 I NavigationMonitor: → Статус: RUNNING_BACKGROUND (синий)
11-15 19:57:02.766 14853 14853 I NavDataInterceptor: Получен broadcast: turbodog.navigation.system.message от системы
11-15 19:57:03.766 14853 14853 I NavigationMonitor: === getNavigatorStatus вызван для: ru.yandex.yandexmaps ===
11-15 19:57:03.768 14853 14853 I NavigationMonitor: === isNavigatorRunning: Проверка навигатора ===
11-15 19:57:03.770 14853 14853 I NavigationMonitor: ✓ Навигатор запущен (GenericGuidanceComponent.INSTANCE найден)
11-15 19:57:03.771 14853 14853 I NavigationMonitor: isNavigatorRunning вернул: true
11-15 19:57:03.771 14853 14853 I NavigationMonitor: === isNavigationActive вызван ===
11-15 19:57:03.773 14853 14853 I NavigationMonitor: GuidanceServicePresenter получен, ищем Guidance через его методы и поля...
11-15 19:57:03.775 14853 14853 I NavigationMonitor: Найдено методов в GuidanceServicePresenter: 15
11-15 19:57:03.796 14853 14853 I NavigationMonitor: Найдено полей в GuidanceServicePresenter: 8
11-15 19:57:03.802 14853 14853 I NavigationMonitor: ✓ Guidance найден в поле GuidanceServicePresenter.handler
11-15 19:57:03.804 14853 14853 I NavigationMonitor: Guidance получен через GenericGuidanceComponent
11-15 19:57:03.805 14853 14853 I NavigationMonitor: === Проверка активности навигации через Guidance ===
11-15 19:57:03.808 14853 14853 I NavigationMonitor: Guidance валиден
11-15 19:57:03.818 14853 14853 I NavigationMonitor: isNavigationActive вернул: false
11-15 19:57:03.821 14853 14853 I NavigationMonitor: → Статус: RUNNING_BACKGROUND (синий)
11-15 19:57:04.667 14853 14853 I NavigationMonitor: === isNavigationActive вызван ===
11-15 19:57:04.669 14853 14853 I NavigationMonitor: GuidanceServicePresenter получен, ищем Guidance через его методы и поля...
11-15 19:57:04.670 14853 14853 I NavigationMonitor: Найдено методов в GuidanceServicePresenter: 15
11-15 19:57:04.687 14853 14853 I NavigationMonitor: Найдено полей в GuidanceServicePresenter: 8
11-15 19:57:04.691 14853 14853 I NavigationMonitor: ✓ Guidance найден в поле GuidanceServicePresenter.handler
11-15 19:57:04.692 14853 14853 I NavigationMonitor: Guidance получен через GenericGuidanceComponent
11-15 19:57:04.693 14853 14853 I NavigationMonitor: === Проверка активности навигации через Guidance ===
11-15 19:57:04.695 14853 14853 I NavigationMonitor: Guidance валиден
11-15 19:57:05.131 14853 14853 I NavigationMonitor: === isNavigatorRunning: Проверка навигатора ===
11-15 19:57:05.132 14853 14853 I NavigationMonitor: ✓ Навигатор запущен (GenericGuidanceComponent.INSTANCE найден)
11-15 19:57:05.133 14853 14853 I NavigationMonitor: === isNavigatorRunning: Проверка навигатора ===
11-15 19:57:05.135 14853 14853 I NavigationMonitor: ✓ Навигатор запущен (GenericGuidanceComponent.INSTANCE найден)
11-15 19:57:05.137 14853 14853 I NavigationMonitor: === isNavigatorRunning: Проверка навигатора ===
11-15 19:57:05.139 14853 14853 I NavigationMonitor: ✓ Навигатор запущен (GenericGuidanceComponent.INSTANCE найден)
11-15 19:57:05.144 14853 14853 I NavigationMonitor: === getNavigatorStatus вызван для: ru.yandex.yandexmaps ===
11-15 19:57:05.145 14853 14853 I NavigationMonitor: === isNavigatorRunning: Проверка навигатора ===
11-15 19:57:05.147 14853 14853 I NavigationMonitor: ✓ Навигатор запущен (GenericGuidanceComponent.INSTANCE найден)
11-15 19:57:05.148 14853 14853 I NavigationMonitor: isNavigatorRunning вернул: true
11-15 19:57:05.149 14853 14853 I NavigationMonitor: === isNavigationActive вызван ===
11-15 19:57:05.151 14853 14853 I NavigationMonitor: GuidanceServicePresenter получен, ищем Guidance через его методы и поля...
11-15 19:57:05.153  2604  2604 W ContextImpl: Calling a method in the system process without a qualified user: android.app.ContextImpl.sendBroadcast:1005 android.content.ContextWrapper.sendBroadcast:444 com.desaysv.mapservice.util.ActivityUtil.sendBroadcast:188 com.desaysv.mapservice.adapter.map.turbodog.TurboDogAdapter$3.onReceive:527 android.app.LoadedApk$ReceiverDispatcher$Args.lambda$getRunnable$0:1391 
11-15 19:57:05.154 14853 14853 I NavigationMonitor: Найдено методов в GuidanceServicePresenter: 15
11-15 19:57:05.155  2044 14819 E ActivityManager: Sending non-protected broadcast desay.thirdparty.navigation from system 2604:com.desaysv.mapservice/1000 pkg com.desaysv.mapservice
11-15 19:57:05.157  2044 14819 E ActivityManager: Sending non-protected broadcast desay.thirdparty.navigation from system 2604:com.desaysv.mapservice/1000 pkg com.desaysv.mapservice
11-15 19:57:05.160  2962  2962 I AAPlatform.NavigationImpl: [onReceive:120-main]-action = desay.thirdparty.navigation
11-15 19:57:05.161  2962  2962 I AAPlatform.NavigationImpl: [onReceive:129-main]-ACTION_RECEIVE_3TH_NAVI isNativeNavigationActive = false
11-15 19:57:05.161  2962  2962 I AAPlatform.NavigationImpl: [notifyNativeNavigationStatus:80-main]-use native navigation = false
11-15 19:57:05.167 14853 14853 I NavigationMonitor: Найдено полей в GuidanceServicePresenter: 8
11-15 19:57:05.174 14853 14853 I NavigationMonitor: ✓ Guidance найден в поле GuidanceServicePresenter.handler
11-15 19:57:05.174 14853 14853 I NavigationMonitor: Guidance получен через GenericGuidanceComponent
11-15 19:57:05.175 14853 14853 I NavigationMonitor: === Проверка активности навигации через Guidance ===
11-15 19:57:05.176 14853 14853 I NavigationMonitor: Guidance валиден
11-15 19:57:05.180 14853 14853 I NavigationMonitor: isNavigationActive вернул: false
11-15 19:57:05.182 14853 14853 I NavigationMonitor: → Статус: RUNNING_BACKGROUND (синий)
11-15 19:57:05.189 14853 14853 I NavDataInterceptor: Получен broadcast: turbodog.navigation.system.message от системы
11-15 19:57:06.190 14853 14853 I NavigationMonitor: === getNavigatorStatus вызван для: ru.yandex.yandexmaps ===
11-15 19:57:06.194 14853 14853 I NavigationMonitor: === isNavigatorRunning: Проверка навигатора ===
11-15 19:57:06.198 14853 14853 I NavigationMonitor: ✓ Навигатор запущен (GenericGuidanceComponent.INSTANCE найден)
11-15 19:57:06.202 14853 14853 I NavigationMonitor: isNavigatorRunning вернул: true
11-15 19:57:06.205 14853 14853 I NavigationMonitor: === isNavigationActive вызван ===
11-15 19:57:06.208 14853 14853 I NavigationMonitor: GuidanceServicePresenter получен, ищем Guidance через его методы и поля...
11-15 19:57:06.212 14853 14853 I NavigationMonitor: Найдено методов в GuidanceServicePresenter: 15
11-15 19:57:06.251 14853 14853 I NavigationMonitor: Найдено полей в GuidanceServicePresenter: 8
11-15 19:57:06.262 14853 14853 I NavigationMonitor: ✓ Guidance найден в поле GuidanceServicePresenter.handler
11-15 19:57:06.263 14853 14853 I NavigationMonitor: Guidance получен через GenericGuidanceComponent
11-15 19:57:06.265 14853 14853 I NavigationMonitor: === Проверка активности навигации через Guidance ===
11-15 19:57:06.268 14853 14853 I NavigationMonitor: Guidance валиден
11-15 19:57:06.277 14853 14853 I NavigationMonitor: isNavigationActive вернул: false
11-15 19:57:06.282 14853 14853 I NavigationMonitor: → Статус: RUNNING_BACKGROUND (синий)
11-15 19:57:07.131 14853 14853 I NavigationMonitor: === isNavigationActive вызван ===
11-15 19:57:07.140 14853 14853 I NavigationMonitor: GuidanceServicePresenter получен, ищем Guidance через его методы и поля...
11-15 19:57:07.142 14853 14853 I NavigationMonitor: Найдено методов в GuidanceServicePresenter: 15
11-15 19:57:07.155 14853 14853 I NavigationMonitor: Найдено полей в GuidanceServicePresenter: 8
11-15 19:57:07.166 14853 14853 I NavigationMonitor: ✓ Guidance найден в поле GuidanceServicePresenter.handler
11-15 19:57:07.167 14853 14853 I NavigationMonitor: Guidance получен через GenericGuidanceComponent
11-15 19:57:07.168 14853 14853 I NavigationMonitor: === Проверка активности навигации через Guidance ===
11-15 19:57:07.171 14853 14853 I NavigationMonitor: Guidance валиден
11-15 19:57:07.474 14853 14853 I NavigationMonitor: === isNavigatorRunning: Проверка навигатора ===
11-15 19:57:07.475 14853 14853 I NavigationMonitor: ✓ Навигатор запущен (GenericGuidanceComponent.INSTANCE найден)
11-15 19:57:07.477 14853 14853 I NavigationMonitor: === isNavigatorRunning: Проверка навигатора ===
11-15 19:57:07.479 14853 14853 I NavigationMonitor: ✓ Навигатор запущен (GenericGuidanceComponent.INSTANCE найден)
11-15 19:57:07.480 14853 14853 I NavigationMonitor: === isNavigatorRunning: Проверка навигатора ===
11-15 19:57:07.481 14853 14853 I NavigationMonitor: ✓ Навигатор запущен (GenericGuidanceComponent.INSTANCE найден)
11-15 19:57:07.489 14853 14853 I NavigationMonitor: === getNavigatorStatus вызван для: ru.yandex.yandexmaps ===
11-15 19:57:07.490 14853 14853 I NavigationMonitor: === isNavigatorRunning: Проверка навигатора ===
11-15 19:57:07.492 14853 14853 I NavigationMonitor: ✓ Навигатор запущен (GenericGuidanceComponent.INSTANCE найден)
11-15 19:57:07.493 14853 14853 I NavigationMonitor: isNavigatorRunning вернул: true
11-15 19:57:07.494 14853 14853 I NavigationMonitor: === isNavigationActive вызван ===
11-15 19:57:07.496 14853 14853 I NavigationMonitor: GuidanceServicePresenter получен, ищем Guidance через его методы и поля...
11-15 19:57:07.499 14853 14853 I NavigationMonitor: Найдено методов в GuidanceServicePresenter: 15
11-15 19:57:07.500  2604  2604 W ContextImpl: Calling a method in the system process without a qualified user: android.app.ContextImpl.sendBroadcast:1005 android.content.ContextWrapper.sendBroadcast:444 com.desaysv.mapservice.util.ActivityUtil.sendBroadcast:188 com.desaysv.mapservice.adapter.map.turbodog.TurboDogAdapter$3.onReceive:527 android.app.LoadedApk$ReceiverDispatcher$Args.lambda$getRunnable$0:1391 
11-15 19:57:07.506  2044 14819 E ActivityManager: Sending non-protected broadcast desay.thirdparty.navigation from system 2604:com.desaysv.mapservice/1000 pkg com.desaysv.mapservice
11-15 19:57:07.507  2044 14819 E ActivityManager: Sending non-protected broadcast desay.thirdparty.navigation from system 2604:com.desaysv.mapservice/1000 pkg com.desaysv.mapservice
11-15 19:57:07.512  2962  2962 I AAPlatform.NavigationImpl: [onReceive:120-main]-action = desay.thirdparty.navigation
11-15 19:57:07.512  2962  2962 I AAPlatform.NavigationImpl: [onReceive:129-main]-ACTION_RECEIVE_3TH_NAVI isNativeNavigationActive = false
11-15 19:57:07.512  2962  2962 I AAPlatform.NavigationImpl: [notifyNativeNavigationStatus:80-main]-use native navigation = false
11-15 19:57:07.516 14853 14853 I NavigationMonitor: Найдено полей в GuidanceServicePresenter: 8
11-15 19:57:07.522 14853 14853 I NavigationMonitor: ✓ Guidance найден в поле GuidanceServicePresenter.handler
11-15 19:57:07.524 14853 14853 I NavigationMonitor: Guidance получен через GenericGuidanceComponent
11-15 19:57:07.525 14853 14853 I NavigationMonitor: === Проверка активности навигации через Guidance ===
11-15 19:57:07.528 14853 14853 I NavigationMonitor: Guidance валиден
11-15 19:57:07.533 14853 14853 I NavigationMonitor: isNavigationActive вернул: false
11-15 19:57:07.535 14853 14853 I NavigationMonitor: → Статус: RUNNING_BACKGROUND (синий)
11-15 19:57:07.543 14853 14853 I NavDataInterceptor: Получен broadcast: turbodog.navigation.system.message от системы
11-15 19:57:08.545 14853 14853 I NavigationMonitor: === getNavigatorStatus вызван для: ru.yandex.yandexmaps ===
11-15 19:57:08.547 14853 14853 I NavigationMonitor: === isNavigatorRunning: Проверка навигатора ===
11-15 19:57:08.553 14853 14853 I NavigationMonitor: ✓ Навигатор запущен (GenericGuidanceComponent.INSTANCE найден)
11-15 19:57:08.556 14853 14853 I NavigationMonitor: isNavigatorRunning вернул: true
11-15 19:57:08.561 14853 14853 I NavigationMonitor: === isNavigationActive вызван ===
11-15 19:57:08.563 14853 14853 I NavigationMonitor: GuidanceServicePresenter получен, ищем Guidance через его методы и поля...
11-15 19:57:08.566 14853 14853 I NavigationMonitor: Найдено методов в GuidanceServicePresenter: 15
11-15 19:57:08.606 14853 14853 I NavigationMonitor: Найдено полей в GuidanceServicePresenter: 8
11-15 19:57:08.623 14853 14853 I NavigationMonitor: ✓ Guidance найден в поле GuidanceServicePresenter.handler
11-15 19:57:08.626 14853 14853 I NavigationMonitor: Guidance получен через GenericGuidanceComponent
11-15 19:57:08.630 14853 14853 I NavigationMonitor: === Проверка активности навигации через Guidance ===
11-15 19:57:08.644 14853 14853 I NavigationMonitor: Guidance валиден
11-15 19:57:08.659 14853 14853 I NavigationMonitor: isNavigationActive вернул: false
11-15 19:57:08.662 14853 14853 I NavigationMonitor: → Статус: RUNNING_BACKGROUND (синий)
11-15 19:57:09.475 14853 14853 I NavigationMonitor: === isNavigationActive вызван ===
11-15 19:57:09.480 14853 14853 I NavigationMonitor: GuidanceServicePresenter получен, ищем Guidance через его методы и поля...
11-15 19:57:09.483 14853 14853 I NavigationMonitor: Найдено методов в GuidanceServicePresenter: 15
11-15 19:57:09.528 14853 14853 I NavigationMonitor: Найдено полей в GuidanceServicePresenter: 8
11-15 19:57:09.549 14853 14853 I NavigationMonitor: ✓ Guidance найден в поле GuidanceServicePresenter.handler
11-15 19:57:09.552 14853 14853 I NavigationMonitor: Guidance получен через GenericGuidanceComponent
11-15 19:57:09.557 14853 14853 I NavigationMonitor: === Проверка активности навигации через Guidance ===
11-15 19:57:09.563 14853 14853 I NavigationMonitor: Guidance валиден
11-15 19:57:10.028 14853 14853 I NavigationMonitor: === isNavigatorRunning: Проверка навигатора ===
11-15 19:57:10.029 14853 14853 I NavigationMonitor: ✓ Навигатор запущен (GenericGuidanceComponent.INSTANCE найден)
11-15 19:57:10.031 14853 14853 I NavigationMonitor: === isNavigatorRunning: Проверка навигатора ===
11-15 19:57:10.041 14853 14853 I NavigationMonitor: ✓ Навигатор запущен (GenericGuidanceComponent.INSTANCE найден)
11-15 19:57:10.044 14853 14853 I NavigationMonitor: === isNavigatorRunning: Проверка навигатора ===
11-15 19:57:10.047 14853 14853 I NavigationMonitor: ✓ Навигатор запущен (GenericGuidanceComponent.INSTANCE найден)
11-15 19:57:10.051  2604  2604 W ContextImpl: Calling a method in the system process without a qualified user: android.app.ContextImpl.sendBroadcast:1005 android.content.ContextWrapper.sendBroadcast:444 com.desaysv.mapservice.util.ActivityUtil.sendBroadcast:188 com.desaysv.mapservice.adapter.map.turbodog.TurboDogAdapter$3.onReceive:527 android.app.LoadedApk$ReceiverDispatcher$Args.lambda$getRunnable$0:1391 
11-15 19:57:10.052  2044 14819 E ActivityManager: Sending non-protected broadcast desay.thirdparty.navigation from system 2604:com.desaysv.mapservice/1000 pkg com.desaysv.mapservice
11-15 19:57:10.053  2044 14819 E ActivityManager: Sending non-protected broadcast desay.thirdparty.navigation from system 2604:com.desaysv.mapservice/1000 pkg com.desaysv.mapservice
11-15 19:57:10.054 14853 14853 I NavigationMonitor: === getNavigatorStatus вызван для: ru.yandex.yandexmaps ===
11-15 19:57:10.056  2962  2962 I AAPlatform.NavigationImpl: [onReceive:120-main]-action = desay.thirdparty.navigation
11-15 19:57:10.056 14853 14853 I NavigationMonitor: === isNavigatorRunning: Проверка навигатора ===
11-15 19:57:10.056  2962  2962 I AAPlatform.NavigationImpl: [onReceive:129-main]-ACTION_RECEIVE_3TH_NAVI isNativeNavigationActive = false
11-15 19:57:10.056  2962  2962 I AAPlatform.NavigationImpl: [notifyNativeNavigationStatus:80-main]-use native navigation = false
11-15 19:57:10.057 14853 14853 I NavigationMonitor: ✓ Навигатор запущен (GenericGuidanceComponent.INSTANCE найден)
11-15 19:57:10.058 14853 14853 I NavigationMonitor: isNavigatorRunning вернул: true
11-15 19:57:10.059 14853 14853 I NavigationMonitor: === isNavigationActive вызван ===
11-15 19:57:10.061 14853 14853 I NavigationMonitor: GuidanceServicePresenter получен, ищем Guidance через его методы и поля...
11-15 19:57:10.062 14853 14853 I NavigationMonitor: Найдено методов в GuidanceServicePresenter: 15
11-15 19:57:10.096 14853 14853 I NavigationMonitor: Найдено полей в GuidanceServicePresenter: 8
11-15 19:57:10.100 14853 14853 I NavigationMonitor: ✓ Guidance найден в поле GuidanceServicePresenter.handler
11-15 19:57:10.101 14853 14853 I NavigationMonitor: Guidance получен через GenericGuidanceComponent
11-15 19:57:10.102 14853 14853 I NavigationMonitor: === Проверка активности навигации через Guidance ===
11-15 19:57:10.103 14853 14853 I NavigationMonitor: Guidance валиден
11-15 19:57:10.108 14853 14853 I NavigationMonitor: isNavigationActive вернул: false
11-15 19:57:10.108 14853 14853 I NavigationMonitor: → Статус: RUNNING_BACKGROUND (синий)
11-15 19:57:10.122 14853 14853 I NavDataInterceptor: Получен broadcast: turbodog.navigation.system.message от системы
11-15 19:57:11.122 14853 14853 I NavigationMonitor: === getNavigatorStatus вызван для: ru.yandex.yandexmaps ===
11-15 19:57:11.123 14853 14853 I NavigationMonitor: === isNavigatorRunning: Проверка навигатора ===
11-15 19:57:11.125 14853 14853 I NavigationMonitor: ✓ Навигатор запущен (GenericGuidanceComponent.INSTANCE найден)
11-15 19:57:11.126 14853 14853 I NavigationMonitor: isNavigatorRunning вернул: true
11-15 19:57:11.126 14853 14853 I NavigationMonitor: === isNavigationActive вызван ===
11-15 19:57:11.127 14853 14853 I NavigationMonitor: GuidanceServicePresenter получен, ищем Guidance через его методы и поля...
11-15 19:57:11.128 14853 14853 I NavigationMonitor: Найдено методов в GuidanceServicePresenter: 15
11-15 19:57:11.146 14853 14853 I NavigationMonitor: Найдено полей в GuidanceServicePresenter: 8
11-15 19:57:11.151 14853 14853 I NavigationMonitor: ✓ Guidance найден в поле GuidanceServicePresenter.handler
11-15 19:57:11.153 14853 14853 I NavigationMonitor: Guidance получен через GenericGuidanceComponent
11-15 19:57:11.154 14853 14853 I NavigationMonitor: === Проверка активности навигации через Guidance ===
11-15 19:57:11.155 14853 14853 I NavigationMonitor: Guidance валиден
11-15 19:57:11.160 14853 14853 I NavigationMonitor: isNavigationActive вернул: false
11-15 19:57:11.161 14853 14853 I NavigationMonitor: → Статус: RUNNING_BACKGROUND (синий)
11-15 19:57:12.028 14853 14853 I NavigationMonitor: === isNavigationActive вызван ===
11-15 19:57:12.031 14853 14853 I NavigationMonitor: GuidanceServicePresenter получен, ищем Guidance через его методы и поля...
11-15 19:57:12.032 14853 14853 I NavigationMonitor: Найдено методов в GuidanceServicePresenter: 15
11-15 19:57:12.055 14853 14853 I NavigationMonitor: Найдено полей в GuidanceServicePresenter: 8
11-15 19:57:12.061 14853 14853 I NavigationMonitor: ✓ Guidance найден в поле GuidanceServicePresenter.handler
11-15 19:57:12.062 14853 14853 I NavigationMonitor: Guidance получен через GenericGuidanceComponent
11-15 19:57:12.064 14853 14853 I NavigationMonitor: === Проверка активности навигации через Guidance ===
11-15 19:57:12.066 14853 14853 I NavigationMonitor: Guidance валиден
11-15 19:57:12.382 14853 14853 I NavigationMonitor: === isNavigatorRunning: Проверка навигатора ===
11-15 19:57:12.384 14853 14853 I NavigationMonitor: ✓ Навигатор запущен (GenericGuidanceComponent.INSTANCE найден)
11-15 19:57:12.388 14853 14853 I NavigationMonitor: === isNavigatorRunning: Проверка навигатора ===
11-15 19:57:12.391 14853 14853 I NavigationMonitor: ✓ Навигатор запущен (GenericGuidanceComponent.INSTANCE найден)
11-15 19:57:12.392  2604  2604 W ContextImpl: Calling a method in the system process without a qualified user: android.app.ContextImpl.sendBroadcast:1005 android.content.ContextWrapper.sendBroadcast:444 com.desaysv.mapservice.util.ActivityUtil.sendBroadcast:188 com.desaysv.mapservice.adapter.map.turbodog.TurboDogAdapter$3.onReceive:527 android.app.LoadedApk$ReceiverDispatcher$Args.lambda$getRunnable$0:1391 
11-15 19:57:12.395 14853 14853 I NavigationMonitor: === isNavigatorRunning: Проверка навигатора ===
11-15 19:57:12.398  2044 14819 E ActivityManager: Sending non-protected broadcast desay.thirdparty.navigation from system 2604:com.desaysv.mapservice/1000 pkg com.desaysv.mapservice
11-15 19:57:12.399  2044 14819 E ActivityManager: Sending non-protected broadcast desay.thirdparty.navigation from system 2604:com.desaysv.mapservice/1000 pkg com.desaysv.mapservice
11-15 19:57:12.399 14853 14853 I NavigationMonitor: ✓ Навигатор запущен (GenericGuidanceComponent.INSTANCE найден)
11-15 19:57:12.400  2962  2962 I AAPlatform.NavigationImpl: [onReceive:120-main]-action = desay.thirdparty.navigation
11-15 19:57:12.400  2962  2962 I AAPlatform.NavigationImpl: [onReceive:129-main]-ACTION_RECEIVE_3TH_NAVI isNativeNavigationActive = false
11-15 19:57:12.400  2962  2962 I AAPlatform.NavigationImpl: [notifyNativeNavigationStatus:80-main]-use native navigation = false
11-15 19:57:12.406 14853 14853 I NavigationMonitor: === getNavigatorStatus вызван для: ru.yandex.yandexmaps ===
11-15 19:57:12.409 14853 14853 I NavigationMonitor: === isNavigatorRunning: Проверка навигатора ===
11-15 19:57:12.412 14853 14853 I NavigationMonitor: ✓ Навигатор запущен (GenericGuidanceComponent.INSTANCE найден)
11-15 19:57:12.415 14853 14853 I NavigationMonitor: isNavigatorRunning вернул: true
11-15 19:57:12.418 14853 14853 I NavigationMonitor: === isNavigationActive вызван ===
11-15 19:57:12.421 14853 14853 I NavigationMonitor: GuidanceServicePresenter получен, ищем Guidance через его методы и поля...
11-15 19:57:12.424 14853 14853 I NavigationMonitor: Найдено методов в GuidanceServicePresenter: 15
11-15 19:57:12.469 14853 14853 I NavigationMonitor: Найдено полей в GuidanceServicePresenter: 8
11-15 19:57:12.491 14853 14853 I NavigationMonitor: ✓ Guidance найден в поле GuidanceServicePresenter.handler
11-15 19:57:12.494 14853 14853 I NavigationMonitor: Guidance получен через GenericGuidanceComponent
11-15 19:57:12.496 14853 14853 I NavigationMonitor: === Проверка активности навигации через Guidance ===
11-15 19:57:12.501 14853 14853 I NavigationMonitor: Guidance валиден
11-15 19:57:12.517 14853 14853 I NavigationMonitor: isNavigationActive вернул: false
11-15 19:57:12.520 14853 14853 I NavigationMonitor: → Статус: RUNNING_BACKGROUND (синий)
11-15 19:57:12.526 14853 14853 I NavDataInterceptor: Получен broadcast: turbodog.navigation.system.message от системы
11-15 19:57:13.527 14853 14853 I NavigationMonitor: === getNavigatorStatus вызван для: ru.yandex.yandexmaps ===
11-15 19:57:13.529 14853 14853 I NavigationMonitor: === isNavigatorRunning: Проверка навигатора ===
11-15 19:57:13.530 14853 14853 I NavigationMonitor: ✓ Навигатор запущен (GenericGuidanceComponent.INSTANCE найден)
11-15 19:57:13.531 14853 14853 I NavigationMonitor: isNavigatorRunning вернул: true
11-15 19:57:13.531 14853 14853 I NavigationMonitor: === isNavigationActive вызван ===
11-15 19:57:13.532 14853 14853 I NavigationMonitor: GuidanceServicePresenter получен, ищем Guidance через его методы и поля...
11-15 19:57:13.533 14853 14853 I NavigationMonitor: Найдено методов в GuidanceServicePresenter: 15
11-15 19:57:13.545 14853 14853 I NavigationMonitor: Найдено полей в GuidanceServicePresenter: 8
11-15 19:57:13.558 14853 14853 I NavigationMonitor: ✓ Guidance найден в поле GuidanceServicePresenter.handler
11-15 19:57:13.559 14853 14853 I NavigationMonitor: Guidance получен через GenericGuidanceComponent
11-15 19:57:13.562 14853 14853 I NavigationMonitor: === Проверка активности навигации через Guidance ===
11-15 19:57:13.563 14853 14853 I NavigationMonitor: Guidance валиден
11-15 19:57:13.566 14853 14853 I NavigationMonitor: isNavigationActive вернул: false
11-15 19:57:13.567 14853 14853 I NavigationMonitor: → Статус: RUNNING_BACKGROUND (синий)
11-15 19:57:14.383 14853 14853 I NavigationMonitor: === isNavigationActive вызван ===
11-15 19:57:14.384 14853 14853 I NavigationMonitor: GuidanceServicePresenter получен, ищем Guidance через его методы и поля...
11-15 19:57:14.385 14853 14853 I NavigationMonitor: Найдено методов в GuidanceServicePresenter: 15
11-15 19:57:14.415 14853 14853 I NavigationMonitor: Найдено полей в GuidanceServicePresenter: 8
11-15 19:57:14.427 14853 14853 I NavigationMonitor: ✓ Guidance найден в поле GuidanceServicePresenter.handler
11-15 19:57:14.428 14853 14853 I NavigationMonitor: Guidance получен через GenericGuidanceComponent
11-15 19:57:14.430 14853 14853 I NavigationMonitor: === Проверка активности навигации через Guidance ===
11-15 19:57:14.433 14853 14853 I NavigationMonitor: Guidance валиден
11-15 19:57:14.766 14853 14853 I NavigationMonitor: === isNavigatorRunning: Проверка навигатора ===
11-15 19:57:14.770 14853 14853 I NavigationMonitor: ✓ Навигатор запущен (GenericGuidanceComponent.INSTANCE найден)
11-15 19:57:14.771 14853 14853 I NavigationMonitor: === isNavigatorRunning: Проверка навигатора ===
11-15 19:57:14.773 14853 14853 I NavigationMonitor: ✓ Навигатор запущен (GenericGuidanceComponent.INSTANCE найден)
11-15 19:57:14.775 14853 14853 I NavigationMonitor: === isNavigatorRunning: Проверка навигатора ===
11-15 19:57:14.777 14853 14853 I NavigationMonitor: ✓ Навигатор запущен (GenericGuidanceComponent.INSTANCE найден)
11-15 19:57:14.780  2604  2604 W ContextImpl: Calling a method in the system process without a qualified user: android.app.ContextImpl.sendBroadcast:1005 android.content.ContextWrapper.sendBroadcast:444 com.desaysv.mapservice.util.ActivityUtil.sendBroadcast:188 com.desaysv.mapservice.adapter.map.turbodog.TurboDogAdapter$3.onReceive:527 android.app.LoadedApk$ReceiverDispatcher$Args.lambda$getRunnable$0:1391 
11-15 19:57:14.781 14853 14853 I NavigationMonitor: === getNavigatorStatus вызван для: ru.yandex.yandexmaps ===
11-15 19:57:14.782  2044 14819 E ActivityManager: Sending non-protected broadcast desay.thirdparty.navigation from system 2604:com.desaysv.mapservice/1000 pkg com.desaysv.mapservice
11-15 19:57:14.782  2044 14819 E ActivityManager: Sending non-protected broadcast desay.thirdparty.navigation from system 2604:com.desaysv.mapservice/1000 pkg com.desaysv.mapservice
11-15 19:57:14.783 14853 14853 I NavigationMonitor: === isNavigatorRunning: Проверка навигатора ===
11-15 19:57:14.784 14853 14853 I NavigationMonitor: ✓ Навигатор запущен (GenericGuidanceComponent.INSTANCE найден)
11-15 19:57:14.784  2962  2962 I AAPlatform.NavigationImpl: [onReceive:120-main]-action = desay.thirdparty.navigation
11-15 19:57:14.785  2962  2962 I AAPlatform.NavigationImpl: [onReceive:129-main]-ACTION_RECEIVE_3TH_NAVI isNativeNavigationActive = false
11-15 19:57:14.786 14853 14853 I NavigationMonitor: isNavigatorRunning вернул: true
11-15 19:57:14.786  2962  2962 I AAPlatform.NavigationImpl: [notifyNativeNavigationStatus:80-main]-use native navigation = false
11-15 19:57:14.787 14853 14853 I NavigationMonitor: === isNavigationActive вызван ===
11-15 19:57:14.791 14853 14853 I NavigationMonitor: GuidanceServicePresenter получен, ищем Guidance через его методы и поля...
11-15 19:57:14.792 14853 14853 I NavigationMonitor: Найдено методов в GuidanceServicePresenter: 15
11-15 19:57:14.814 14853 14853 I NavigationMonitor: Найдено полей в GuidanceServicePresenter: 8
11-15 19:57:14.825 14853 14853 I NavigationMonitor: ✓ Guidance найден в поле GuidanceServicePresenter.handler
11-15 19:57:14.826 14853 14853 I NavigationMonitor: Guidance получен через GenericGuidanceComponent
11-15 19:57:14.827 14853 14853 I NavigationMonitor: === Проверка активности навигации через Guidance ===
11-15 19:57:14.831 14853 14853 I NavigationMonitor: Guidance валиден
11-15 19:57:14.835 14853 14853 I NavigationMonitor: isNavigationActive вернул: false
11-15 19:57:14.836 14853 14853 I NavigationMonitor: → Статус: RUNNING_BACKGROUND (синий)
11-15 19:57:14.843 14853 14853 I NavDataInterceptor: Получен broadcast: turbodog.navigation.system.message от системы
11-15 19:57:15.845 14853 14853 I NavigationMonitor: === getNavigatorStatus вызван для: ru.yandex.yandexmaps ===
11-15 19:57:15.847 14853 14853 I NavigationMonitor: === isNavigatorRunning: Проверка навигатора ===
11-15 19:57:15.848 14853 14853 I NavigationMonitor: ✓ Навигатор запущен (GenericGuidanceComponent.INSTANCE найден)
11-15 19:57:15.849 14853 14853 I NavigationMonitor: isNavigatorRunning вернул: true
11-15 19:57:15.850 14853 14853 I NavigationMonitor: === isNavigationActive вызван ===
11-15 19:57:15.851 14853 14853 I NavigationMonitor: GuidanceServicePresenter получен, ищем Guidance через его методы и поля...
11-15 19:57:15.852 14853 14853 I NavigationMonitor: Найдено методов в GuidanceServicePresenter: 15
11-15 19:57:15.860 14853 14853 I NavigationMonitor: Найдено полей в GuidanceServicePresenter: 8
11-15 19:57:15.865 14853 14853 I NavigationMonitor: ✓ Guidance найден в поле GuidanceServicePresenter.handler
11-15 19:57:15.867 14853 14853 I NavigationMonitor: Guidance получен через GenericGuidanceComponent
11-15 19:57:15.868 14853 14853 I NavigationMonitor: === Проверка активности навигации через Guidance ===
11-15 19:57:15.870 14853 14853 I NavigationMonitor: Guidance валиден
11-15 19:57:15.874 14853 14853 I NavigationMonitor: isNavigationActive вернул: false
11-15 19:57:15.876 14853 14853 I NavigationMonitor: → Статус: RUNNING_BACKGROUND (синий)
11-15 19:57:16.768 14853 14853 I NavigationMonitor: === isNavigationActive вызван ===
11-15 19:57:16.772 14853 14853 I NavigationMonitor: GuidanceServicePresenter получен, ищем Guidance через его методы и поля...
11-15 19:57:16.778 14853 14853 I NavigationMonitor: Найдено методов в GuidanceServicePresenter: 15
11-15 19:57:16.802 14853 14853 I NavigationMonitor: Найдено полей в GuidanceServicePresenter: 8
11-15 19:57:16.814 14853 14853 I NavigationMonitor: ✓ Guidance найден в поле GuidanceServicePresenter.handler
11-15 19:57:16.815 14853 14853 I NavigationMonitor: Guidance получен через GenericGuidanceComponent
11-15 19:57:16.815 14853 14853 I NavigationMonitor: === Проверка активности навигации через Guidance ===
11-15 19:57:16.818 14853 14853 I NavigationMonitor: Guidance валиден
11-15 19:57:17.193 14853 14853 I NavigationMonitor: === isNavigatorRunning: Проверка навигатора ===
11-15 19:57:17.194 14853 14853 I NavigationMonitor: ✓ Навигатор запущен (GenericGuidanceComponent.INSTANCE найден)
11-15 19:57:17.195 14853 14853 I NavigationMonitor: === isNavigatorRunning: Проверка навигатора ===
11-15 19:57:17.197 14853 14853 I NavigationMonitor: ✓ Навигатор запущен (GenericGuidanceComponent.INSTANCE найден)
11-15 19:57:17.198 14853 14853 I NavigationMonitor: === isNavigatorRunning: Проверка навигатора ===
11-15 19:57:17.199 14853 14853 I NavigationMonitor: ✓ Навигатор запущен (GenericGuidanceComponent.INSTANCE найден)
11-15 19:57:17.205 14853 14853 I NavigationMonitor: === getNavigatorStatus вызван для: ru.yandex.yandexmaps ===
11-15 19:57:17.206 14853 14853 I NavigationMonitor: === isNavigatorRunning: Проверка навигатора ===
11-15 19:57:17.208 14853 14853 I NavigationMonitor: ✓ Навигатор запущен (GenericGuidanceComponent.INSTANCE найден)
11-15 19:57:17.209 14853 14853 I NavigationMonitor: isNavigatorRunning вернул: true
11-15 19:57:17.210 14853 14853 I NavigationMonitor: === isNavigationActive вызван ===
11-15 19:57:17.212 14853 14853 I NavigationMonitor: GuidanceServicePresenter получен, ищем Guidance через его методы и поля...
11-15 19:57:17.212  2604  2604 W ContextImpl: Calling a method in the system process without a qualified user: android.app.ContextImpl.sendBroadcast:1005 android.content.ContextWrapper.sendBroadcast:444 com.desaysv.mapservice.util.ActivityUtil.sendBroadcast:188 com.desaysv.mapservice.adapter.map.turbodog.TurboDogAdapter$3.onReceive:527 android.app.LoadedApk$ReceiverDispatcher$Args.lambda$getRunnable$0:1391 
11-15 19:57:17.213 14853 14853 I NavigationMonitor: Найдено методов в GuidanceServicePresenter: 15
11-15 19:57:17.214  2044 14819 E ActivityManager: Sending non-protected broadcast desay.thirdparty.navigation from system 2604:com.desaysv.mapservice/1000 pkg com.desaysv.mapservice
11-15 19:57:17.215  2044 14819 E ActivityManager: Sending non-protected broadcast desay.thirdparty.navigation from system 2604:com.desaysv.mapservice/1000 pkg com.desaysv.mapservice
11-15 19:57:17.216  2962  2962 I AAPlatform.NavigationImpl: [onReceive:120-main]-action = desay.thirdparty.navigation
11-15 19:57:17.217  2962  2962 I AAPlatform.NavigationImpl: [onReceive:129-main]-ACTION_RECEIVE_3TH_NAVI isNativeNavigationActive = false
11-15 19:57:17.217  2962  2962 I AAPlatform.NavigationImpl: [notifyNativeNavigationStatus:80-main]-use native navigation = false
11-15 19:57:17.229 14853 14853 I NavigationMonitor: Найдено полей в GuidanceServicePresenter: 8
11-15 19:57:17.241 14853 14853 I NavigationMonitor: ✓ Guidance найден в поле GuidanceServicePresenter.handler
