11-15 19:56:33.779  2044  4207 E ActivityManager: Sending non-protected broadcast desay.thirdparty.navigation from system 2604:com.desaysv.mapservice/1000 pkg com.desaysv.mapservice
11-15 19:56:33.781 14853 14853 I NavigationMonitor: === getNavigatorStatus вызван для: ru.yandex.yandexmaps ===
11-15 19:56:33.784  2962  2962 I AAPlatform.NavigationImpl: [onReceive:120-main]-action = desay.thirdparty.navigation
11-15 19:56:33.784  2962  2962 I AAPlatform.NavigationImpl: [onReceive:129-main]-ACTION_RECEIVE_3TH_NAVI isNativeNavigationActive = false
11-15 19:56:33.784  2962  2962 I AAPlatform.NavigationImpl: [notifyNativeNavigationStatus:80-main]-use native navigation = false
11-15 19:56:33.784 14853 14853 I NavigationMonitor: === isNavigatorRunning: Проверка навигатора ===
11-15 19:56:33.786 14853 14853 I NavigationMonitor: ✓ Навигатор запущен (GenericGuidanceComponent.INSTANCE найден)
11-15 19:56:33.786 14853 14853 I NavigationMonitor: isNavigatorRunning вернул: true
11-15 19:56:33.787 14853 14853 I NavigationMonitor: === isNavigationActive вызван ===
11-15 19:56:33.788 14853 14853 I NavigationMonitor: GuidanceServicePresenter получен, ищем Guidance через его методы и поля...
11-15 19:56:33.788 14853 14853 I NavigationMonitor: Найдено методов в GuidanceServicePresenter: 15
11-15 19:56:33.802 14853 14853 I NavigationMonitor: Найдено полей в GuidanceServicePresenter: 8
11-15 19:56:33.810 14853 14853 I NavigationMonitor: ✓ Guidance найден в поле GuidanceServicePresenter.handler
11-15 19:56:33.811 14853 14853 I NavigationMonitor: Guidance получен через GenericGuidanceComponent
11-15 19:56:33.814 14853 14853 I NavigationMonitor: === Проверка активности навигации через Guidance ===
11-15 19:56:33.818 14853 14853 I NavigationMonitor: Guidance валиден
11-15 19:56:33.832 14853 14853 I NavigationMonitor: isNavigationActive вернул: false
11-15 19:56:33.835 14853 14853 I NavigationMonitor: → Статус: RUNNING_BACKGROUND (синий)
11-15 19:56:33.844 14853 14853 I NavDataInterceptor: Получен broadcast: turbodog.navigation.system.message от системы
11-15 19:56:34.846 14853 14853 I NavigationMonitor: === getNavigatorStatus вызван для: ru.yandex.yandexmaps ===
11-15 19:56:34.850 14853 14853 I NavigationMonitor: === isNavigatorRunning: Проверка навигатора ===
11-15 19:56:34.851 14853 14853 I NavigationMonitor: ✓ Навигатор запущен (GenericGuidanceComponent.INSTANCE найден)
11-15 19:56:34.852 14853 14853 I NavigationMonitor: isNavigatorRunning вернул: true
11-15 19:56:34.853 14853 14853 I NavigationMonitor: === isNavigationActive вызван ===
11-15 19:56:34.854 14853 14853 I NavigationMonitor: GuidanceServicePresenter получен, ищем Guidance через его методы и поля...
11-15 19:56:34.857 14853 14853 I NavigationMonitor: Найдено методов в GuidanceServicePresenter: 15
11-15 19:56:34.870 14853 14853 I NavigationMonitor: Найдено полей в GuidanceServicePresenter: 8
11-15 19:56:34.876 14853 14853 I NavigationMonitor: ✓ Guidance найден в поле GuidanceServicePresenter.handler
11-15 19:56:34.877 14853 14853 I NavigationMonitor: Guidance получен через GenericGuidanceComponent
11-15 19:56:34.879 14853 14853 I NavigationMonitor: === Проверка активности навигации через Guidance ===
11-15 19:56:34.882 14853 14853 I NavigationMonitor: Guidance валиден
11-15 19:56:34.891 14853 14853 I NavigationMonitor: isNavigationActive вернул: false
11-15 19:56:34.892 14853 14853 I NavigationMonitor: → Статус: RUNNING_BACKGROUND (синий)
11-15 19:56:35.769 14853 14853 I NavigationMonitor: === isNavigationActive вызван ===
11-15 19:56:35.770 14853 14853 I NavigationMonitor: GuidanceServicePresenter получен, ищем Guidance через его методы и поля...
11-15 19:56:35.771 14853 14853 I NavigationMonitor: Найдено методов в GuidanceServicePresenter: 15
11-15 19:56:35.783 14853 14853 I NavigationMonitor: Найдено полей в GuidanceServicePresenter: 8
11-15 19:56:35.796 14853 14853 I NavigationMonitor: ✓ Guidance найден в поле GuidanceServicePresenter.handler
11-15 19:56:35.798 14853 14853 I NavigationMonitor: Guidance получен через GenericGuidanceComponent
11-15 19:56:35.799 14853 14853 I NavigationMonitor: === Проверка активности навигации через Guidance ===
11-15 19:56:35.802 14853 14853 I NavigationMonitor: Guidance валиден
11-15 19:56:36.294 14853 14853 I NavigationMonitor: === isNavigatorRunning: Проверка навигатора ===
11-15 19:56:36.298 14853 14853 I NavigationMonitor: ✓ Навигатор запущен (GenericGuidanceComponent.INSTANCE найден)
11-15 19:56:36.302 14853 14853 I NavigationMonitor: === isNavigatorRunning: Проверка навигатора ===
11-15 19:56:36.304  2604  2604 W ContextImpl: Calling a method in the system process without a qualified user: android.app.ContextImpl.sendBroadcast:1005 android.content.ContextWrapper.sendBroadcast:444 com.desaysv.mapservice.util.ActivityUtil.sendBroadcast:188 com.desaysv.mapservice.adapter.map.turbodog.TurboDogAdapter$3.onReceive:527 android.app.LoadedApk$ReceiverDispatcher$Args.lambda$getRunnable$0:1391 
11-15 19:56:36.308 14853 14853 I NavigationMonitor: ✓ Навигатор запущен (GenericGuidanceComponent.INSTANCE найден)
11-15 19:56:36.311  2044  2105 E ActivityManager: Sending non-protected broadcast desay.thirdparty.navigation from system 2604:com.desaysv.mapservice/1000 pkg com.desaysv.mapservice
11-15 19:56:36.312  2044  2105 E ActivityManager: Sending non-protected broadcast desay.thirdparty.navigation from system 2604:com.desaysv.mapservice/1000 pkg com.desaysv.mapservice
11-15 19:56:36.312 14853 14853 I NavigationMonitor: === isNavigatorRunning: Проверка навигатора ===
11-15 19:56:36.317 14853 14853 I NavigationMonitor: ✓ Навигатор запущен (GenericGuidanceComponent.INSTANCE найден)
11-15 19:56:36.317  2962  2962 I AAPlatform.NavigationImpl: [onReceive:120-main]-action = desay.thirdparty.navigation
11-15 19:56:36.318  2962  2962 I AAPlatform.NavigationImpl: [onReceive:129-main]-ACTION_RECEIVE_3TH_NAVI isNativeNavigationActive = false
11-15 19:56:36.318  2962  2962 I AAPlatform.NavigationImpl: [notifyNativeNavigationStatus:80-main]-use native navigation = false
11-15 19:56:36.327 14853 14853 I NavigationMonitor: === getNavigatorStatus вызван для: ru.yandex.yandexmaps ===
11-15 19:56:36.329 14853 14853 I NavigationMonitor: === isNavigatorRunning: Проверка навигатора ===
11-15 19:56:36.332 14853 14853 I NavigationMonitor: ✓ Навигатор запущен (GenericGuidanceComponent.INSTANCE найден)
11-15 19:56:36.334 14853 14853 I NavigationMonitor: isNavigatorRunning вернул: true
11-15 19:56:36.336 14853 14853 I NavigationMonitor: === isNavigationActive вызван ===
11-15 19:56:36.339 14853 14853 I NavigationMonitor: GuidanceServicePresenter получен, ищем Guidance через его методы и поля...
11-15 19:56:36.342 14853 14853 I NavigationMonitor: Найдено методов в GuidanceServicePresenter: 15
11-15 19:56:36.387 14853 14853 I NavigationMonitor: Найдено полей в GuidanceServicePresenter: 8
11-15 19:56:36.406 14853 14853 I NavigationMonitor: ✓ Guidance найден в поле GuidanceServicePresenter.handler
11-15 19:56:36.409 14853 14853 I NavigationMonitor: Guidance получен через GenericGuidanceComponent
11-15 19:56:36.411 14853 14853 I NavigationMonitor: === Проверка активности навигации через Guidance ===
11-15 19:56:36.416 14853 14853 I NavigationMonitor: Guidance валиден
11-15 19:56:36.432 14853 14853 I NavigationMonitor: isNavigationActive вернул: false
11-15 19:56:36.436 14853 14853 I NavigationMonitor: → Статус: RUNNING_BACKGROUND (синий)
11-15 19:56:36.446 14853 14853 I NavDataInterceptor: Получен broadcast: turbodog.navigation.system.message от системы
11-15 19:56:37.448 14853 14853 I NavigationMonitor: === getNavigatorStatus вызван для: ru.yandex.yandexmaps ===
11-15 19:56:37.450 14853 14853 I NavigationMonitor: === isNavigatorRunning: Проверка навигатора ===
11-15 19:56:37.452 14853 14853 I NavigationMonitor: ✓ Навигатор запущен (GenericGuidanceComponent.INSTANCE найден)
11-15 19:56:37.455 14853 14853 I NavigationMonitor: isNavigatorRunning вернул: true
11-15 19:56:37.460 14853 14853 I NavigationMonitor: === isNavigationActive вызван ===
11-15 19:56:37.463 14853 14853 I NavigationMonitor: GuidanceServicePresenter получен, ищем Guidance через его методы и поля...
11-15 19:56:37.466 14853 14853 I NavigationMonitor: Найдено методов в GuidanceServicePresenter: 15
11-15 19:56:37.514 14853 14853 I NavigationMonitor: Найдено полей в GuidanceServicePresenter: 8
11-15 19:56:37.533 14853 14853 I NavigationMonitor: ✓ Guidance найден в поле GuidanceServicePresenter.handler
11-15 19:56:37.536 14853 14853 I NavigationMonitor: Guidance получен через GenericGuidanceComponent
11-15 19:56:37.538 14853 14853 I NavigationMonitor: === Проверка активности навигации через Guidance ===
11-15 19:56:37.544 14853 14853 I NavigationMonitor: Guidance валиден
11-15 19:56:37.558 14853 14853 I NavigationMonitor: isNavigationActive вернул: false
11-15 19:56:37.560 14853 14853 I NavigationMonitor: → Статус: RUNNING_BACKGROUND (синий)
11-15 19:56:38.294 14853 14853 I NavigationMonitor: === isNavigationActive вызван ===
11-15 19:56:38.296 14853 14853 I NavigationMonitor: GuidanceServicePresenter получен, ищем Guidance через его методы и поля...
11-15 19:56:38.297 14853 14853 I NavigationMonitor: Найдено методов в GuidanceServicePresenter: 15
11-15 19:56:38.317 14853 14853 I NavigationMonitor: Найдено полей в GuidanceServicePresenter: 8
11-15 19:56:38.324 14853 14853 I NavigationMonitor: ✓ Guidance найден в поле GuidanceServicePresenter.handler
11-15 19:56:38.326 14853 14853 I NavigationMonitor: Guidance получен через GenericGuidanceComponent
11-15 19:56:38.328 14853 14853 I NavigationMonitor: === Проверка активности навигации через Guidance ===
11-15 19:56:38.331 14853 14853 I NavigationMonitor: Guidance валиден
11-15 19:56:38.681 14853 14853 I NavigationMonitor: === isNavigatorRunning: Проверка навигатора ===
11-15 19:56:38.683 14853 14853 I NavigationMonitor: ✓ Навигатор запущен (GenericGuidanceComponent.INSTANCE найден)
11-15 19:56:38.684 14853 14853 I NavigationMonitor: === isNavigatorRunning: Проверка навигатора ===
11-15 19:56:38.685 14853 14853 I NavigationMonitor: ✓ Навигатор запущен (GenericGuidanceComponent.INSTANCE найден)
11-15 19:56:38.686 14853 14853 I NavigationMonitor: === isNavigatorRunning: Проверка навигатора ===
11-15 19:56:38.688 14853 14853 I NavigationMonitor: ✓ Навигатор запущен (GenericGuidanceComponent.INSTANCE найден)
11-15 19:56:38.694  2604  2604 W ContextImpl: Calling a method in the system process without a qualified user: android.app.ContextImpl.sendBroadcast:1005 android.content.ContextWrapper.sendBroadcast:444 com.desaysv.mapservice.util.ActivityUtil.sendBroadcast:188 com.desaysv.mapservice.adapter.map.turbodog.TurboDogAdapter$3.onReceive:527 android.app.LoadedApk$ReceiverDispatcher$Args.lambda$getRunnable$0:1391 
11-15 19:56:38.697 14853 14853 I NavigationMonitor: === getNavigatorStatus вызван для: ru.yandex.yandexmaps ===
11-15 19:56:38.697  2044  2105 E ActivityManager: Sending non-protected broadcast desay.thirdparty.navigation from system 2604:com.desaysv.mapservice/1000 pkg com.desaysv.mapservice
11-15 19:56:38.698  2044  2105 E ActivityManager: Sending non-protected broadcast desay.thirdparty.navigation from system 2604:com.desaysv.mapservice/1000 pkg com.desaysv.mapservice
11-15 19:56:38.700 14853 14853 I NavigationMonitor: === isNavigatorRunning: Проверка навигатора ===
11-15 19:56:38.702 14853 14853 I NavigationMonitor: ✓ Навигатор запущен (GenericGuidanceComponent.INSTANCE найден)
11-15 19:56:38.703 14853 14853 I NavigationMonitor: isNavigatorRunning вернул: true
11-15 19:56:38.705 14853 14853 I NavigationMonitor: === isNavigationActive вызван ===
11-15 19:56:38.707 14853 14853 I NavigationMonitor: GuidanceServicePresenter получен, ищем Guidance через его методы и поля...
11-15 19:56:38.710 14853 14853 I NavigationMonitor: Найдено методов в GuidanceServicePresenter: 15
11-15 19:56:38.719  2962  2962 I AAPlatform.NavigationImpl: [onReceive:120-main]-action = desay.thirdparty.navigation
11-15 19:56:38.720  2962  2962 I AAPlatform.NavigationImpl: [onReceive:129-main]-ACTION_RECEIVE_3TH_NAVI isNativeNavigationActive = false
11-15 19:56:38.720  2962  2962 I AAPlatform.NavigationImpl: [notifyNativeNavigationStatus:80-main]-use native navigation = false
11-15 19:56:38.734 14853 14853 I NavigationMonitor: Найдено полей в GuidanceServicePresenter: 8
11-15 19:56:38.745 14853 14853 I NavigationMonitor: ✓ Guidance найден в поле GuidanceServicePresenter.handler
11-15 19:56:38.746 14853 14853 I NavigationMonitor: Guidance получен через GenericGuidanceComponent
11-15 19:56:38.747 14853 14853 I NavigationMonitor: === Проверка активности навигации через Guidance ===
11-15 19:56:38.749 14853 14853 I NavigationMonitor: Guidance валиден
11-15 19:56:38.753 14853 14853 I NavigationMonitor: isNavigationActive вернул: false
11-15 19:56:38.754 14853 14853 I NavigationMonitor: → Статус: RUNNING_BACKGROUND (синий)
11-15 19:56:38.760 14853 14853 I NavDataInterceptor: Получен broadcast: turbodog.navigation.system.message от системы
11-15 19:56:39.762 14853 14853 I NavigationMonitor: === getNavigatorStatus вызван для: ru.yandex.yandexmaps ===
11-15 19:56:39.764 14853 14853 I NavigationMonitor: === isNavigatorRunning: Проверка навигатора ===
11-15 19:56:39.768 14853 14853 I NavigationMonitor: ✓ Навигатор запущен (GenericGuidanceComponent.INSTANCE найден)
11-15 19:56:39.770 14853 14853 I NavigationMonitor: isNavigatorRunning вернул: true
11-15 19:56:39.770 14853 14853 I NavigationMonitor: === isNavigationActive вызван ===
11-15 19:56:39.772 14853 14853 I NavigationMonitor: GuidanceServicePresenter получен, ищем Guidance через его методы и поля...
11-15 19:56:39.772 14853 14853 I NavigationMonitor: Найдено методов в GuidanceServicePresenter: 15
11-15 19:56:39.789 14853 14853 I NavigationMonitor: Найдено полей в GuidanceServicePresenter: 8
11-15 19:56:39.793 14853 14853 I NavigationMonitor: ✓ Guidance найден в поле GuidanceServicePresenter.handler
11-15 19:56:39.794 14853 14853 I NavigationMonitor: Guidance получен через GenericGuidanceComponent
11-15 19:56:39.795 14853 14853 I NavigationMonitor: === Проверка активности навигации через Guidance ===
11-15 19:56:39.796 14853 14853 I NavigationMonitor: Guidance валиден
11-15 19:56:39.801 14853 14853 I NavigationMonitor: isNavigationActive вернул: false
11-15 19:56:39.802 14853 14853 I NavigationMonitor: → Статус: RUNNING_BACKGROUND (синий)
11-15 19:56:40.680 14853 14853 I NavigationMonitor: === isNavigationActive вызван ===
11-15 19:56:40.682 14853 14853 I NavigationMonitor: GuidanceServicePresenter получен, ищем Guidance через его методы и поля...
11-15 19:56:40.683 14853 14853 I NavigationMonitor: Найдено методов в GuidanceServicePresenter: 15
11-15 19:56:40.695 14853 14853 I NavigationMonitor: Найдено полей в GuidanceServicePresenter: 8
11-15 19:56:40.702 14853 14853 I NavigationMonitor: ✓ Guidance найден в поле GuidanceServicePresenter.handler
11-15 19:56:40.703 14853 14853 I NavigationMonitor: Guidance получен через GenericGuidanceComponent
11-15 19:56:40.703 14853 14853 I NavigationMonitor: === Проверка активности навигации через Guidance ===
11-15 19:56:40.705 14853 14853 I NavigationMonitor: Guidance валиден
11-15 19:56:41.012 14853 14853 I NavigationMonitor: === isNavigatorRunning: Проверка навигатора ===
11-15 19:56:41.014 14853 14853 I NavigationMonitor: ✓ Навигатор запущен (GenericGuidanceComponent.INSTANCE найден)
11-15 19:56:41.015 14853 14853 I NavigationMonitor: === isNavigatorRunning: Проверка навигатора ===
11-15 19:56:41.017 14853 14853 I NavigationMonitor: ✓ Навигатор запущен (GenericGuidanceComponent.INSTANCE найден)
11-15 19:56:41.018 14853 14853 I NavigationMonitor: === isNavigatorRunning: Проверка навигатора ===
11-15 19:56:41.020 14853 14853 I NavigationMonitor: ✓ Навигатор запущен (GenericGuidanceComponent.INSTANCE найден)
11-15 19:56:41.028 14853 14853 I NavigationMonitor: === getNavigatorStatus вызван для: ru.yandex.yandexmaps ===
11-15 19:56:41.030  2604  2604 W ContextImpl: Calling a method in the system process without a qualified user: android.app.ContextImpl.sendBroadcast:1005 android.content.ContextWrapper.sendBroadcast:444 com.desaysv.mapservice.util.ActivityUtil.sendBroadcast:188 com.desaysv.mapservice.adapter.map.turbodog.TurboDogAdapter$3.onReceive:527 android.app.LoadedApk$ReceiverDispatcher$Args.lambda$getRunnable$0:1391 
11-15 19:56:41.031 14853 14853 I NavigationMonitor: === isNavigatorRunning: Проверка навигатора ===
11-15 19:56:41.032 14853 14853 I NavigationMonitor: ✓ Навигатор запущен (GenericGuidanceComponent.INSTANCE найден)
11-15 19:56:41.034 14853 14853 I NavigationMonitor: isNavigatorRunning вернул: true
11-15 19:56:41.034  2044  6803 E ActivityManager: Sending non-protected broadcast desay.thirdparty.navigation from system 2604:com.desaysv.mapservice/1000 pkg com.desaysv.mapservice
11-15 19:56:41.035 14853 14853 I NavigationMonitor: === isNavigationActive вызван ===
11-15 19:56:41.035  2044  6803 E ActivityManager: Sending non-protected broadcast desay.thirdparty.navigation from system 2604:com.desaysv.mapservice/1000 pkg com.desaysv.mapservice
11-15 19:56:41.036 14853 14853 I NavigationMonitor: GuidanceServicePresenter получен, ищем Guidance через его методы и поля...
11-15 19:56:41.037  2962  2962 I AAPlatform.NavigationImpl: [onReceive:120-main]-action = desay.thirdparty.navigation
11-15 19:56:41.037  2962  2962 I AAPlatform.NavigationImpl: [onReceive:129-main]-ACTION_RECEIVE_3TH_NAVI isNativeNavigationActive = false
11-15 19:56:41.037  2962  2962 I AAPlatform.NavigationImpl: [notifyNativeNavigationStatus:80-main]-use native navigation = false
11-15 19:56:41.038 14853 14853 I NavigationMonitor: Найдено методов в GuidanceServicePresenter: 15
11-15 19:56:41.056 14853 14853 I NavigationMonitor: Найдено полей в GuidanceServicePresenter: 8
11-15 19:56:41.063 14853 14853 I NavigationMonitor: ✓ Guidance найден в поле GuidanceServicePresenter.handler
11-15 19:56:41.064 14853 14853 I NavigationMonitor: Guidance получен через GenericGuidanceComponent
11-15 19:56:41.065 14853 14853 I NavigationMonitor: === Проверка активности навигации через Guidance ===
11-15 19:56:41.067 14853 14853 I NavigationMonitor: Guidance валиден
11-15 19:56:41.071 14853 14853 I NavigationMonitor: isNavigationActive вернул: false
11-15 19:56:41.072 14853 14853 I NavigationMonitor: → Статус: RUNNING_BACKGROUND (синий)
11-15 19:56:41.078 14853 14853 I NavDataInterceptor: Получен broadcast: turbodog.navigation.system.message от системы
11-15 19:56:42.080 14853 14853 I NavigationMonitor: === getNavigatorStatus вызван для: ru.yandex.yandexmaps ===
11-15 19:56:42.081 14853 14853 I NavigationMonitor: === isNavigatorRunning: Проверка навигатора ===
11-15 19:56:42.083 14853 14853 I NavigationMonitor: ✓ Навигатор запущен (GenericGuidanceComponent.INSTANCE найден)
11-15 19:56:42.084 14853 14853 I NavigationMonitor: isNavigatorRunning вернул: true
11-15 19:56:42.085 14853 14853 I NavigationMonitor: === isNavigationActive вызван ===
11-15 19:56:42.086 14853 14853 I NavigationMonitor: GuidanceServicePresenter получен, ищем Guidance через его методы и поля...
11-15 19:56:42.087 14853 14853 I NavigationMonitor: Найдено методов в GuidanceServicePresenter: 15
11-15 19:56:42.102 14853 14853 I NavigationMonitor: Найдено полей в GuidanceServicePresenter: 8
11-15 19:56:42.112 14853 14853 I NavigationMonitor: ✓ Guidance найден в поле GuidanceServicePresenter.handler
11-15 19:56:42.113 14853 14853 I NavigationMonitor: Guidance получен через GenericGuidanceComponent
11-15 19:56:42.115 14853 14853 I NavigationMonitor: === Проверка активности навигации через Guidance ===
11-15 19:56:42.117 14853 14853 I NavigationMonitor: Guidance валиден
11-15 19:56:42.127 14853 14853 I NavigationMonitor: isNavigationActive вернул: false
11-15 19:56:42.129 14853 14853 I NavigationMonitor: → Статус: RUNNING_BACKGROUND (синий)
11-15 19:56:43.014 14853 14853 I NavigationMonitor: === isNavigationActive вызван ===
11-15 19:56:43.015 14853 14853 I NavigationMonitor: GuidanceServicePresenter получен, ищем Guidance через его методы и поля...
11-15 19:56:43.016 14853 14853 I NavigationMonitor: Найдено методов в GuidanceServicePresenter: 15
11-15 19:56:43.048 14853 14853 I NavigationMonitor: Найдено полей в GuidanceServicePresenter: 8
11-15 19:56:43.055 14853 14853 I NavigationMonitor: ✓ Guidance найден в поле GuidanceServicePresenter.handler
11-15 19:56:43.056 14853 14853 I NavigationMonitor: Guidance получен через GenericGuidanceComponent
11-15 19:56:43.056 14853 14853 I NavigationMonitor: === Проверка активности навигации через Guidance ===
11-15 19:56:43.064 14853 14853 I NavigationMonitor: Guidance валиден
11-15 19:56:43.566 14853 14853 I NavigationMonitor: === isNavigatorRunning: Проверка навигатора ===
11-15 19:56:43.569 14853 14853 I NavigationMonitor: ✓ Навигатор запущен (GenericGuidanceComponent.INSTANCE найден)
11-15 19:56:43.572 14853 14853 I NavigationMonitor: === isNavigatorRunning: Проверка навигатора ===
11-15 19:56:43.575 14853 14853 I NavigationMonitor: ✓ Навигатор запущен (GenericGuidanceComponent.INSTANCE найден)
11-15 19:56:43.578 14853 14853 I NavigationMonitor: === isNavigatorRunning: Проверка навигатора ===
11-15 19:56:43.579  2604  2604 W ContextImpl: Calling a method in the system process without a qualified user: android.app.ContextImpl.sendBroadcast:1005 android.content.ContextWrapper.sendBroadcast:444 com.desaysv.mapservice.util.ActivityUtil.sendBroadcast:188 com.desaysv.mapservice.adapter.map.turbodog.TurboDogAdapter$3.onReceive:527 android.app.LoadedApk$ReceiverDispatcher$Args.lambda$getRunnable$0:1391 
11-15 19:56:43.580  2044  2105 E ActivityManager: Sending non-protected broadcast desay.thirdparty.navigation from system 2604:com.desaysv.mapservice/1000 pkg com.desaysv.mapservice
11-15 19:56:43.581  2044  2105 E ActivityManager: Sending non-protected broadcast desay.thirdparty.navigation from system 2604:com.desaysv.mapservice/1000 pkg com.desaysv.mapservice
11-15 19:56:43.582 14853 14853 I NavigationMonitor: ✓ Навигатор запущен (GenericGuidanceComponent.INSTANCE найден)
11-15 19:56:43.586  2962  2962 I AAPlatform.NavigationImpl: [onReceive:120-main]-action = desay.thirdparty.navigation
11-15 19:56:43.588  2962  2962 I AAPlatform.NavigationImpl: [onReceive:129-main]-ACTION_RECEIVE_3TH_NAVI isNativeNavigationActive = false
11-15 19:56:43.588  2962  2962 I AAPlatform.NavigationImpl: [notifyNativeNavigationStatus:80-main]-use native navigation = false
11-15 19:56:43.592 14853 14853 I NavigationMonitor: === getNavigatorStatus вызван для: ru.yandex.yandexmaps ===
11-15 19:56:43.594 14853 14853 I NavigationMonitor: === isNavigatorRunning: Проверка навигатора ===
11-15 19:56:43.596 14853 14853 I NavigationMonitor: ✓ Навигатор запущен (GenericGuidanceComponent.INSTANCE найден)
11-15 19:56:43.599 14853 14853 I NavigationMonitor: isNavigatorRunning вернул: true
11-15 19:56:43.602 14853 14853 I NavigationMonitor: === isNavigationActive вызван ===
11-15 19:56:43.607 14853 14853 I NavigationMonitor: GuidanceServicePresenter получен, ищем Guidance через его методы и поля...
11-15 19:56:43.610 14853 14853 I NavigationMonitor: Найдено методов в GuidanceServicePresenter: 15
11-15 19:56:43.652 14853 14853 I NavigationMonitor: Найдено полей в GuidanceServicePresenter: 8
11-15 19:56:43.669 14853 14853 I NavigationMonitor: ✓ Guidance найден в поле GuidanceServicePresenter.handler
11-15 19:56:43.671 14853 14853 I NavigationMonitor: Guidance получен через GenericGuidanceComponent
11-15 19:56:43.673 14853 14853 I NavigationMonitor: === Проверка активности навигации через Guidance ===
11-15 19:56:43.679 14853 14853 I NavigationMonitor: Guidance валиден
11-15 19:56:43.693 14853 14853 I NavigationMonitor: isNavigationActive вернул: false
11-15 19:56:43.697 14853 14853 I NavigationMonitor: → Статус: RUNNING_BACKGROUND (синий)
11-15 19:56:43.708 14853 14853 I NavDataInterceptor: Получен broadcast: turbodog.navigation.system.message от системы
11-15 19:56:44.710 14853 14853 I NavigationMonitor: === getNavigatorStatus вызван для: ru.yandex.yandexmaps ===
11-15 19:56:44.711 14853 14853 I NavigationMonitor: === isNavigatorRunning: Проверка навигатора ===
11-15 19:56:44.713 14853 14853 I NavigationMonitor: ✓ Навигатор запущен (GenericGuidanceComponent.INSTANCE найден)
11-15 19:56:44.714 14853 14853 I NavigationMonitor: isNavigatorRunning вернул: true
11-15 19:56:44.714 14853 14853 I NavigationMonitor: === isNavigationActive вызван ===
11-15 19:56:44.715 14853 14853 I NavigationMonitor: GuidanceServicePresenter получен, ищем Guidance через его методы и поля...
11-15 19:56:44.715 14853 14853 I NavigationMonitor: Найдено методов в GuidanceServicePresenter: 15
11-15 19:56:44.744 14853 14853 I NavigationMonitor: Найдено полей в GuidanceServicePresenter: 8
11-15 19:56:44.751 14853 14853 I NavigationMonitor: ✓ Guidance найден в поле GuidanceServicePresenter.handler
11-15 19:56:44.752 14853 14853 I NavigationMonitor: Guidance получен через GenericGuidanceComponent
11-15 19:56:44.753 14853 14853 I NavigationMonitor: === Проверка активности навигации через Guidance ===
11-15 19:56:44.758 14853 14853 I NavigationMonitor: Guidance валиден
11-15 19:56:44.769 14853 14853 I NavigationMonitor: isNavigationActive вернул: false
11-15 19:56:44.769 14853 14853 I NavigationMonitor: → Статус: RUNNING_BACKGROUND (синий)
11-15 19:56:45.566 14853 14853 I NavigationMonitor: === isNavigationActive вызван ===
11-15 19:56:45.568 14853 14853 I NavigationMonitor: GuidanceServicePresenter получен, ищем Guidance через его методы и поля...
11-15 19:56:45.569 14853 14853 I NavigationMonitor: Найдено методов в GuidanceServicePresenter: 15
11-15 19:56:45.588 14853 14853 I NavigationMonitor: Найдено полей в GuidanceServicePresenter: 8
11-15 19:56:45.597 14853 14853 I NavigationMonitor: ✓ Guidance найден в поле GuidanceServicePresenter.handler
11-15 19:56:45.598 14853 14853 I NavigationMonitor: Guidance получен через GenericGuidanceComponent
11-15 19:56:45.599 14853 14853 I NavigationMonitor: === Проверка активности навигации через Guidance ===
11-15 19:56:45.601 14853 14853 I NavigationMonitor: Guidance валиден
11-15 19:56:45.944 14853 14853 I NavigationMonitor: === isNavigatorRunning: Проверка навигатора ===
11-15 19:56:45.946 14853 14853 I NavigationMonitor: ✓ Навигатор запущен (GenericGuidanceComponent.INSTANCE найден)
11-15 19:56:45.948 14853 14853 I NavigationMonitor: === isNavigatorRunning: Проверка навигатора ===
11-15 19:56:45.950 14853 14853 I NavigationMonitor: ✓ Навигатор запущен (GenericGuidanceComponent.INSTANCE найден)
11-15 19:56:45.952 14853 14853 I NavigationMonitor: === isNavigatorRunning: Проверка навигатора ===
11-15 19:56:45.953 14853 14853 I NavigationMonitor: ✓ Навигатор запущен (GenericGuidanceComponent.INSTANCE найден)
11-15 19:56:45.963  2604  2604 W ContextImpl: Calling a method in the system process without a qualified user: android.app.ContextImpl.sendBroadcast:1005 android.content.ContextWrapper.sendBroadcast:444 com.desaysv.mapservice.util.ActivityUtil.sendBroadcast:188 com.desaysv.mapservice.adapter.map.turbodog.TurboDogAdapter$3.onReceive:527 android.app.LoadedApk$ReceiverDispatcher$Args.lambda$getRunnable$0:1391 
11-15 19:56:45.965  2044  6803 E ActivityManager: Sending non-protected broadcast desay.thirdparty.navigation from system 2604:com.desaysv.mapservice/1000 pkg com.desaysv.mapservice
11-15 19:56:45.965  2044  6803 E ActivityManager: Sending non-protected broadcast desay.thirdparty.navigation from system 2604:com.desaysv.mapservice/1000 pkg com.desaysv.mapservice
11-15 19:56:45.969  2962  2962 I AAPlatform.NavigationImpl: [onReceive:120-main]-action = desay.thirdparty.navigation
11-15 19:56:45.969  2962  2962 I AAPlatform.NavigationImpl: [onReceive:129-main]-ACTION_RECEIVE_3TH_NAVI isNativeNavigationActive = false
11-15 19:56:45.969  2962  2962 I AAPlatform.NavigationImpl: [notifyNativeNavigationStatus:80-main]-use native navigation = false
11-15 19:56:45.998 14853 14853 I NavigationMonitor: === getNavigatorStatus вызван для: ru.yandex.yandexmaps ===
11-15 19:56:45.999 14853 14853 I NavigationMonitor: === isNavigatorRunning: Проверка навигатора ===
11-15 19:56:46.001 14853 14853 I NavigationMonitor: ✓ Навигатор запущен (GenericGuidanceComponent.INSTANCE найден)
11-15 19:56:46.002 14853 14853 I NavigationMonitor: isNavigatorRunning вернул: true
11-15 19:56:46.003 14853 14853 I NavigationMonitor: === isNavigationActive вызван ===
11-15 19:56:46.004 14853 14853 I NavigationMonitor: GuidanceServicePresenter получен, ищем Guidance через его методы и поля...
11-15 19:56:46.004 14853 14853 I NavigationMonitor: Найдено методов в GuidanceServicePresenter: 15
11-15 19:56:46.017 14853 14853 I NavigationMonitor: Найдено полей в GuidanceServicePresenter: 8
11-15 19:56:46.024 14853 14853 I NavigationMonitor: ✓ Guidance найден в поле GuidanceServicePresenter.handler
11-15 19:56:46.026 14853 14853 I NavigationMonitor: Guidance получен через GenericGuidanceComponent
11-15 19:56:46.026 14853 14853 I NavigationMonitor: === Проверка активности навигации через Guidance ===
11-15 19:56:46.028 14853 14853 I NavigationMonitor: Guidance валиден
11-15 19:56:46.032 14853 14853 I NavigationMonitor: isNavigationActive вернул: false
11-15 19:56:46.033 14853 14853 I NavigationMonitor: → Статус: RUNNING_BACKGROUND (синий)
11-15 19:56:46.038 14853 14853 I NavDataInterceptor: Получен broadcast: turbodog.navigation.system.message от системы
11-15 19:56:47.041 14853 14853 I NavigationMonitor: === getNavigatorStatus вызван для: ru.yandex.yandexmaps ===
11-15 19:56:47.046 14853 14853 I NavigationMonitor: === isNavigatorRunning: Проверка навигатора ===
11-15 19:56:47.049 14853 14853 I NavigationMonitor: ✓ Навигатор запущен (GenericGuidanceComponent.INSTANCE найден)
11-15 19:56:47.052 14853 14853 I NavigationMonitor: isNavigatorRunning вернул: true
11-15 19:56:47.055 14853 14853 I NavigationMonitor: === isNavigationActive вызван ===
11-15 19:56:47.058 14853 14853 I NavigationMonitor: GuidanceServicePresenter получен, ищем Guidance через его методы и поля...
11-15 19:56:47.060 14853 14853 I NavigationMonitor: Найдено методов в GuidanceServicePresenter: 15
11-15 19:56:47.096 14853 14853 I NavigationMonitor: Найдено полей в GuidanceServicePresenter: 8
11-15 19:56:47.111 14853 14853 I NavigationMonitor: ✓ Guidance найден в поле GuidanceServicePresenter.handler
11-15 19:56:47.113 14853 14853 I NavigationMonitor: Guidance получен через GenericGuidanceComponent
11-15 19:56:47.114 14853 14853 I NavigationMonitor: === Проверка активности навигации через Guidance ===
11-15 19:56:47.116 14853 14853 I NavigationMonitor: Guidance валиден
11-15 19:56:47.124 14853 14853 I NavigationMonitor: isNavigationActive вернул: false
11-15 19:56:47.125 14853 14853 I NavigationMonitor: → Статус: RUNNING_BACKGROUND (синий)
11-15 19:56:47.944 14853 14853 I NavigationMonitor: === isNavigationActive вызван ===
11-15 19:56:47.947 14853 14853 I NavigationMonitor: GuidanceServicePresenter получен, ищем Guidance через его методы и поля...
11-15 19:56:47.951 14853 14853 I NavigationMonitor: Найдено методов в GuidanceServicePresenter: 15
11-15 19:56:47.969 14853 14853 I NavigationMonitor: Найдено полей в GuidanceServicePresenter: 8
11-15 19:56:47.975 14853 14853 I NavigationMonitor: ✓ Guidance найден в поле GuidanceServicePresenter.handler
11-15 19:56:47.976 14853 14853 I NavigationMonitor: Guidance получен через GenericGuidanceComponent
11-15 19:56:47.977 14853 14853 I NavigationMonitor: === Проверка активности навигации через Guidance ===
11-15 19:56:47.979 14853 14853 I NavigationMonitor: Guidance валиден
11-15 19:56:48.403 14853 14853 I NavigationMonitor: === isNavigatorRunning: Проверка навигатора ===
11-15 19:56:48.406 14853 14853 I NavigationMonitor: ✓ Навигатор запущен (GenericGuidanceComponent.INSTANCE найден)
11-15 19:56:48.411 14853 14853 I NavigationMonitor: === isNavigatorRunning: Проверка навигатора ===
11-15 19:56:48.415 14853 14853 I NavigationMonitor: ✓ Навигатор запущен (GenericGuidanceComponent.INSTANCE найден)
11-15 19:56:48.418 14853 14853 I NavigationMonitor: === isNavigatorRunning: Проверка навигатора ===
11-15 19:56:48.425 14853 14853 I NavigationMonitor: ✓ Навигатор запущен (GenericGuidanceComponent.INSTANCE найден)
11-15 19:56:48.427  2604  2604 W ContextImpl: Calling a method in the system process without a qualified user: android.app.ContextImpl.sendBroadcast:1005 android.content.ContextWrapper.sendBroadcast:444 com.desaysv.mapservice.util.ActivityUtil.sendBroadcast:188 com.desaysv.mapservice.adapter.map.turbodog.TurboDogAdapter$3.onReceive:527 android.app.LoadedApk$ReceiverDispatcher$Args.lambda$getRunnable$0:1391 
11-15 19:56:48.434  2044  2105 E ActivityManager: Sending non-protected broadcast desay.thirdparty.navigation from system 2604:com.desaysv.mapservice/1000 pkg com.desaysv.mapservice
11-15 19:56:48.435 14853 14853 I NavigationMonitor: === getNavigatorStatus вызван для: ru.yandex.yandexmaps ===
11-15 19:56:48.435  2044  2105 E ActivityManager: Sending non-protected broadcast desay.thirdparty.navigation from system 2604:com.desaysv.mapservice/1000 pkg com.desaysv.mapservice
11-15 19:56:48.438 14853 14853 I NavigationMonitor: === isNavigatorRunning: Проверка навигатора ===
11-15 19:56:48.439  2962  2962 I AAPlatform.NavigationImpl: [onReceive:120-main]-action = desay.thirdparty.navigation
11-15 19:56:48.439  2962  2962 I AAPlatform.NavigationImpl: [onReceive:129-main]-ACTION_RECEIVE_3TH_NAVI isNativeNavigationActive = false
11-15 19:56:48.439  2962  2962 I AAPlatform.NavigationImpl: [notifyNativeNavigationStatus:80-main]-use native navigation = false
11-15 19:56:48.440 14853 14853 I NavigationMonitor: ✓ Навигатор запущен (GenericGuidanceComponent.INSTANCE найден)
11-15 19:56:48.441 14853 14853 I NavigationMonitor: isNavigatorRunning вернул: true
11-15 19:56:48.442 14853 14853 I NavigationMonitor: === isNavigationActive вызван ===
11-15 19:56:48.443 14853 14853 I NavigationMonitor: GuidanceServicePresenter получен, ищем Guidance через его методы и поля...
11-15 19:56:48.444 14853 14853 I NavigationMonitor: Найдено методов в GuidanceServicePresenter: 15
11-15 19:56:48.458 14853 14853 I NavigationMonitor: Найдено полей в GuidanceServicePresenter: 8
11-15 19:56:48.462 14853 14853 I NavigationMonitor: ✓ Guidance найден в поле GuidanceServicePresenter.handler
11-15 19:56:48.463 14853 14853 I NavigationMonitor: Guidance получен через GenericGuidanceComponent
11-15 19:56:48.463 14853 14853 I NavigationMonitor: === Проверка активности навигации через Guidance ===
11-15 19:56:48.464 14853 14853 I NavigationMonitor: Guidance валиден
11-15 19:56:48.469 14853 14853 I NavigationMonitor: isNavigationActive вернул: false
11-15 19:56:48.470 14853 14853 I NavigationMonitor: → Статус: RUNNING_BACKGROUND (синий)
11-15 19:56:48.476 14853 14853 I NavDataInterceptor: Получен broadcast: turbodog.navigation.system.message от системы
11-15 19:56:49.487 14853 14853 I NavigationMonitor: === getNavigatorStatus вызван для: ru.yandex.yandexmaps ===
11-15 19:56:49.488 14853 14853 I NavigationMonitor: === isNavigatorRunning: Проверка навигатора ===
11-15 19:56:49.492 14853 14853 I NavigationMonitor: ✓ Навигатор запущен (GenericGuidanceComponent.INSTANCE найден)
11-15 19:56:49.494 14853 14853 I NavigationMonitor: isNavigatorRunning вернул: true
11-15 19:56:49.500 14853 14853 I NavigationMonitor: === isNavigationActive вызван ===
11-15 19:56:49.503 14853 14853 I NavigationMonitor: GuidanceServicePresenter получен, ищем Guidance через его методы и поля...
11-15 19:56:49.504 14853 14853 I NavigationMonitor: Найдено методов в GuidanceServicePresenter: 15
11-15 19:56:49.533 14853 14853 I NavigationMonitor: Найдено полей в GuidanceServicePresenter: 8
11-15 19:56:49.538 14853 14853 I NavigationMonitor: ✓ Guidance найден в поле GuidanceServicePresenter.handler
11-15 19:56:49.539 14853 14853 I NavigationMonitor: Guidance получен через GenericGuidanceComponent
11-15 19:56:49.539 14853 14853 I NavigationMonitor: === Проверка активности навигации через Guidance ===
11-15 19:56:49.542 14853 14853 I NavigationMonitor: Guidance валиден
11-15 19:56:49.547 14853 14853 I NavigationMonitor: isNavigationActive вернул: false
11-15 19:56:49.548 14853 14853 I NavigationMonitor: → Статус: RUNNING_BACKGROUND (синий)
11-15 19:56:50.406 14853 14853 I NavigationMonitor: === isNavigationActive вызван ===
11-15 19:56:50.408 14853 14853 I NavigationMonitor: GuidanceServicePresenter получен, ищем Guidance через его методы и поля...
11-15 19:56:50.410 14853 14853 I NavigationMonitor: Найдено методов в GuidanceServicePresenter: 15
11-15 19:56:50.423 14853 14853 I NavigationMonitor: Найдено полей в GuidanceServicePresenter: 8
11-15 19:56:50.430 14853 14853 I NavigationMonitor: ✓ Guidance найден в поле GuidanceServicePresenter.handler
11-15 19:56:50.432 14853 14853 I NavigationMonitor: Guidance получен через GenericGuidanceComponent
11-15 19:56:50.434 14853 14853 I NavigationMonitor: === Проверка активности навигации через Guidance ===
11-15 19:56:50.437 14853 14853 I NavigationMonitor: Guidance валиден
11-15 19:56:50.747 14853 14853 I NavigationMonitor: === isNavigatorRunning: Проверка навигатора ===
11-15 19:56:50.749 14853 14853 I NavigationMonitor: ✓ Навигатор запущен (GenericGuidanceComponent.INSTANCE найден)
11-15 19:56:50.752 14853 14853 I NavigationMonitor: === isNavigatorRunning: Проверка навигатора ===
11-15 19:56:50.754 14853 14853 I NavigationMonitor: ✓ Навигатор запущен (GenericGuidanceComponent.INSTANCE найден)
11-15 19:56:50.756 14853 14853 I NavigationMonitor: === isNavigatorRunning: Проверка навигатора ===
11-15 19:56:50.758 14853 14853 I NavigationMonitor: ✓ Навигатор запущен (GenericGuidanceComponent.INSTANCE найден)
11-15 19:56:50.765 14853 14853 I NavigationMonitor: === getNavigatorStatus вызван для: ru.yandex.yandexmaps ===
11-15 19:56:50.765  2604  2604 W ContextImpl: Calling a method in the system process without a qualified user: android.app.ContextImpl.sendBroadcast:1005 android.content.ContextWrapper.sendBroadcast:444 com.desaysv.mapservice.util.ActivityUtil.sendBroadcast:188 com.desaysv.mapservice.adapter.map.turbodog.TurboDogAdapter$3.onReceive:527 android.app.LoadedApk$ReceiverDispatcher$Args.lambda$getRunnable$0:1391 
11-15 19:56:50.766 14853 14853 I NavigationMonitor: === isNavigatorRunning: Проверка навигатора ===
11-15 19:56:50.769 14853 14853 I NavigationMonitor: ✓ Навигатор запущен (GenericGuidanceComponent.INSTANCE найден)
11-15 19:56:50.770 14853 14853 I NavigationMonitor: isNavigatorRunning вернул: true
11-15 19:56:50.771 14853 14853 I NavigationMonitor: === isNavigationActive вызван ===
11-15 19:56:50.773 14853 14853 I NavigationMonitor: GuidanceServicePresenter получен, ищем Guidance через его методы и поля...
11-15 19:56:50.774 14853 14853 I NavigationMonitor: Найдено методов в GuidanceServicePresenter: 15
11-15 19:56:50.779  2044  2105 E ActivityManager: Sending non-protected broadcast desay.thirdparty.navigation from system 2604:com.desaysv.mapservice/1000 pkg com.desaysv.mapservice
11-15 19:56:50.780  2044  2105 E ActivityManager: Sending non-protected broadcast desay.thirdparty.navigation from system 2604:com.desaysv.mapservice/1000 pkg com.desaysv.mapservice
11-15 19:56:50.782  2962  2962 I AAPlatform.NavigationImpl: [onReceive:120-main]-action = desay.thirdparty.navigation
11-15 19:56:50.783  2962  2962 I AAPlatform.NavigationImpl: [onReceive:129-main]-ACTION_RECEIVE_3TH_NAVI isNativeNavigationActive = false
11-15 19:56:50.783  2962  2962 I AAPlatform.NavigationImpl: [notifyNativeNavigationStatus:80-main]-use native navigation = false
11-15 19:56:50.791 14853 14853 I NavigationMonitor: Найдено полей в GuidanceServicePresenter: 8
11-15 19:56:50.797 14853 14853 I NavigationMonitor: ✓ Guidance найден в поле GuidanceServicePresenter.handler
11-15 19:56:50.798 14853 14853 I NavigationMonitor: Guidance получен через GenericGuidanceComponent
11-15 19:56:50.799 14853 14853 I NavigationMonitor: === Проверка активности навигации через Guidance ===
11-15 19:56:50.803 14853 14853 I NavigationMonitor: Guidance валиден
11-15 19:56:50.810 14853 14853 I NavigationMonitor: isNavigationActive вернул: false
11-15 19:56:50.811 14853 14853 I NavigationMonitor: → Статус: RUNNING_BACKGROUND (синий)
11-15 19:56:50.815 14853 14853 I NavDataInterceptor: Получен broadcast: turbodog.navigation.system.message от системы
11-15 19:56:51.817 14853 14853 I NavigationMonitor: === getNavigatorStatus вызван для: ru.yandex.yandexmaps ===
11-15 19:56:51.820 14853 14853 I NavigationMonitor: === isNavigatorRunning: Проверка навигатора ===
11-15 19:56:51.824 14853 14853 I NavigationMonitor: ✓ Навигатор запущен (GenericGuidanceComponent.INSTANCE найден)
11-15 19:56:51.827 14853 14853 I NavigationMonitor: isNavigatorRunning вернул: true
11-15 19:56:51.832 14853 14853 I NavigationMonitor: === isNavigationActive вызван ===
11-15 19:56:51.837 14853 14853 I NavigationMonitor: GuidanceServicePresenter получен, ищем Guidance через его методы и поля...
11-15 19:56:51.840 14853 14853 I NavigationMonitor: Найдено методов в GuidanceServicePresenter: 15
11-15 19:56:51.883 14853 14853 I NavigationMonitor: Найдено полей в GuidanceServicePresenter: 8
11-15 19:56:51.898 14853 14853 I NavigationMonitor: ✓ Guidance найден в поле GuidanceServicePresenter.handler
11-15 19:56:51.903 14853 14853 I NavigationMonitor: Guidance получен через GenericGuidanceComponent
11-15 19:56:51.907 14853 14853 I NavigationMonitor: === Проверка активности навигации через Guidance ===
11-15 19:56:51.913 14853 14853 I NavigationMonitor: Guidance валиден
11-15 19:56:51.918 14853 14853 I NavigationMonitor: isNavigationActive вернул: false
11-15 19:56:51.918 14853 14853 I NavigationMonitor: → Статус: RUNNING_BACKGROUND (синий)
11-15 19:56:52.749 14853 14853 I NavigationMonitor: === isNavigationActive вызван ===
11-15 19:56:52.751 14853 14853 I NavigationMonitor: GuidanceServicePresenter получен, ищем Guidance через его методы и поля...
11-15 19:56:52.752 14853 14853 I NavigationMonitor: Найдено методов в GuidanceServicePresenter: 15
11-15 19:56:52.772 14853 14853 I NavigationMonitor: Найдено полей в GuidanceServicePresenter: 8
11-15 19:56:52.779 14853 14853 I NavigationMonitor: ✓ Guidance найден в поле GuidanceServicePresenter.handler
11-15 19:56:52.780 14853 14853 I NavigationMonitor: Guidance получен через GenericGuidanceComponent
11-15 19:56:52.782 14853 14853 I NavigationMonitor: === Проверка активности навигации через Guidance ===
11-15 19:56:52.785 14853 14853 I NavigationMonitor: Guidance валиден
11-15 19:56:53.172 14853 14853 I NavigationMonitor: === isNavigatorRunning: Проверка навигатора ===
11-15 19:56:53.193  2604  2604 W ContextImpl: Calling a method in the system process without a qualified user: android.app.ContextImpl.sendBroadcast:1005 android.content.ContextWrapper.sendBroadcast:444 com.desaysv.mapservice.util.ActivityUtil.sendBroadcast:188 com.desaysv.mapservice.adapter.map.turbodog.TurboDogAdapter$3.onReceive:527 android.app.LoadedApk$ReceiverDispatcher$Args.lambda$getRunnable$0:1391 
11-15 19:56:53.195  2044  2105 E ActivityManager: Sending non-protected broadcast desay.thirdparty.navigation from system 2604:com.desaysv.mapservice/1000 pkg com.desaysv.mapservice
11-15 19:56:53.196  2044  2105 E ActivityManager: Sending non-protected broadcast desay.thirdparty.navigation from system 2604:com.desaysv.mapservice/1000 pkg com.desaysv.mapservice
11-15 19:56:53.197  2962  2962 I AAPlatform.NavigationImpl: [onReceive:120-main]-action = desay.thirdparty.navigation
11-15 19:56:53.197  2962  2962 I AAPlatform.NavigationImpl: [onReceive:129-main]-ACTION_RECEIVE_3TH_NAVI isNativeNavigationActive = false
11-15 19:56:53.197  2962  2962 I AAPlatform.NavigationImpl: [notifyNativeNavigationStatus:80-main]-use native navigation = false
11-15 19:56:53.213 14853 14853 I NavigationMonitor: ✓ Навигатор запущен (GenericGuidanceComponent.INSTANCE найден)
11-15 19:56:53.215 14853 14853 I NavigationMonitor: === isNavigatorRunning: Проверка навигатора ===
11-15 19:56:53.216 14853 14853 I NavigationMonitor: ✓ Навигатор запущен (GenericGuidanceComponent.INSTANCE найден)
11-15 19:56:53.218 14853 14853 I NavigationMonitor: === isNavigatorRunning: Проверка навигатора ===
11-15 19:56:53.219 14853 14853 I NavigationMonitor: ✓ Навигатор запущен (GenericGuidanceComponent.INSTANCE найден)
11-15 19:56:53.223 14853 14853 I NavigationMonitor: === getNavigatorStatus вызван для: ru.yandex.yandexmaps ===
11-15 19:56:53.224 14853 14853 I NavigationMonitor: === isNavigatorRunning: Проверка навигатора ===
11-15 19:56:53.225 14853 14853 I NavigationMonitor: ✓ Навигатор запущен (GenericGuidanceComponent.INSTANCE найден)
11-15 19:56:53.226 14853 14853 I NavigationMonitor: isNavigatorRunning вернул: true
11-15 19:56:53.227 14853 14853 I NavigationMonitor: === isNavigationActive вызван ===
11-15 19:56:53.228 14853 14853 I NavigationMonitor: GuidanceServicePresenter получен, ищем Guidance через его методы и поля...
11-15 19:56:53.229 14853 14853 I NavigationMonitor: Найдено методов в GuidanceServicePresenter: 15
11-15 19:56:53.239 14853 14853 I NavigationMonitor: Найдено полей в GuidanceServicePresenter: 8
11-15 19:56:53.243 14853 14853 I NavigationMonitor: ✓ Guidance найден в поле GuidanceServicePresenter.handler
11-15 19:56:53.244 14853 14853 I NavigationMonitor: Guidance получен через GenericGuidanceComponent
11-15 19:56:53.244 14853 14853 I NavigationMonitor: === Проверка активности навигации через Guidance ===
11-15 19:56:53.246 14853 14853 I NavigationMonitor: Guidance валиден
11-15 19:56:53.249 14853 14853 I NavigationMonitor: isNavigationActive вернул: false
11-15 19:56:53.250 14853 14853 I NavigationMonitor: → Статус: RUNNING_BACKGROUND (синий)
11-15 19:56:53.256 14853 14853 I NavDataInterceptor: Получен broadcast: turbodog.navigation.system.message от системы
11-15 19:56:54.258 14853 14853 I NavigationMonitor: === getNavigatorStatus вызван для: ru.yandex.yandexmaps ===
11-15 19:56:54.260 14853 14853 I NavigationMonitor: === isNavigatorRunning: Проверка навигатора ===
11-15 19:56:54.265 14853 14853 I NavigationMonitor: ✓ Навигатор запущен (GenericGuidanceComponent.INSTANCE найден)
11-15 19:56:54.266 14853 14853 I NavigationMonitor: isNavigatorRunning вернул: true
11-15 19:56:54.267 14853 14853 I NavigationMonitor: === isNavigationActive вызван ===
11-15 19:56:54.268 14853 14853 I NavigationMonitor: GuidanceServicePresenter получен, ищем Guidance через его методы и поля...
11-15 19:56:54.269 14853 14853 I NavigationMonitor: Найдено методов в GuidanceServicePresenter: 15
11-15 19:56:54.282 14853 14853 I NavigationMonitor: Найдено полей в GuidanceServicePresenter: 8
11-15 19:56:54.286 14853 14853 I NavigationMonitor: ✓ Guidance найден в поле GuidanceServicePresenter.handler
11-15 19:56:54.286 14853 14853 I NavigationMonitor: Guidance получен через GenericGuidanceComponent
11-15 19:56:54.287 14853 14853 I NavigationMonitor: === Проверка активности навигации через Guidance ===
11-15 19:56:54.288 14853 14853 I NavigationMonitor: Guidance валиден
11-15 19:56:54.293 14853 14853 I NavigationMonitor: isNavigationActive вернул: false
11-15 19:56:54.294 14853 14853 I NavigationMonitor: → Статус: RUNNING_BACKGROUND (синий)
11-15 19:56:55.173 14853 14853 I NavigationMonitor: === isNavigationActive вызван ===
11-15 19:56:55.175 14853 14853 I NavigationMonitor: GuidanceServicePresenter получен, ищем Guidance через его методы и поля...
11-15 19:56:55.176 14853 14853 I NavigationMonitor: Найдено методов в GuidanceServicePresenter: 15
11-15 19:56:55.194 14853 14853 I NavigationMonitor: Найдено полей в GuidanceServicePresenter: 8
11-15 19:56:55.203 14853 14853 I NavigationMonitor: ✓ Guidance найден в поле GuidanceServicePresenter.handler
11-15 19:56:55.204 14853 14853 I NavigationMonitor: Guidance получен через GenericGuidanceComponent
11-15 19:56:55.205 14853 14853 I NavigationMonitor: === Проверка активности навигации через Guidance ===
11-15 19:56:55.207 14853 14853 I NavigationMonitor: Guidance валиден
11-15 19:56:55.512 14853 14853 I NavigationMonitor: === isNavigatorRunning: Проверка навигатора ===
11-15 19:56:55.518 14853 14853 I NavigationMonitor: ✓ Навигатор запущен (GenericGuidanceComponent.INSTANCE найден)
11-15 19:56:55.520 14853 14853 I NavigationMonitor: === isNavigatorRunning: Проверка навигатора ===
11-15 19:56:55.522 14853 14853 I NavigationMonitor: ✓ Навигатор запущен (GenericGuidanceComponent.INSTANCE найден)
11-15 19:56:55.524 14853 14853 I NavigationMonitor: === isNavigatorRunning: Проверка навигатора ===
11-15 19:56:55.524  2604  2604 W ContextImpl: Calling a method in the system process without a qualified user: android.app.ContextImpl.sendBroadcast:1005 android.content.ContextWrapper.sendBroadcast:444 com.desaysv.mapservice.util.ActivityUtil.sendBroadcast:188 com.desaysv.mapservice.adapter.map.turbodog.TurboDogAdapter$3.onReceive:527 android.app.LoadedApk$ReceiverDispatcher$Args.lambda$getRunnable$0:1391 
11-15 19:56:55.525  2044  6803 E ActivityManager: Sending non-protected broadcast desay.thirdparty.navigation from system 2604:com.desaysv.mapservice/1000 pkg com.desaysv.mapservice
11-15 19:56:55.526 14853 14853 I NavigationMonitor: ✓ Навигатор запущен (GenericGuidanceComponent.INSTANCE найден)
11-15 19:56:55.527  2044  6803 E ActivityManager: Sending non-protected broadcast desay.thirdparty.navigation from system 2604:com.desaysv.mapservice/1000 pkg com.desaysv.mapservice
11-15 19:56:55.529  2962  2962 I AAPlatform.NavigationImpl: [onReceive:120-main]-action = desay.thirdparty.navigation
11-15 19:56:55.529  2962  2962 I AAPlatform.NavigationImpl: [onReceive:129-main]-ACTION_RECEIVE_3TH_NAVI isNativeNavigationActive = false
11-15 19:56:55.529  2962  2962 I AAPlatform.NavigationImpl: [notifyNativeNavigationStatus:80-main]-use native navigation = false
11-15 19:56:55.530 14853 14853 I NavigationMonitor: === getNavigatorStatus вызван для: ru.yandex.yandexmaps ===
11-15 19:56:55.544 14853 14853 I NavigationMonitor: === isNavigatorRunning: Проверка навигатора ===
