11-15 19:57:17.243 14853 14853 I NavigationMonitor: Guidance получен через GenericGuidanceComponent
11-15 19:57:17.244 14853 14853 I NavigationMonitor: === Проверка активности навигации через Guidance ===
11-15 19:57:17.247 14853 14853 I NavigationMonitor: Guidance валиден
11-15 19:57:17.252 14853 14853 I NavigationMonitor: isNavigationActive вернул: false
11-15 19:57:17.254 14853 14853 I NavigationMonitor: → Статус: RUNNING_BACKGROUND (синий)
11-15 19:57:17.263 14853 14853 I NavDataInterceptor: Получен broadcast: turbodog.navigation.system.message от системы
11-15 19:57:18.263 14853 14853 I NavigationMonitor: === getNavigatorStatus вызван для: ru.yandex.yandexmaps ===
11-15 19:57:18.265 14853 14853 I NavigationMonitor: === isNavigatorRunning: Проверка навигатора ===
11-15 19:57:18.266 14853 14853 I NavigationMonitor: ✓ Навигатор запущен (GenericGuidanceComponent.INSTANCE найден)
11-15 19:57:18.267 14853 14853 I NavigationMonitor: isNavigatorRunning вернул: true
11-15 19:57:18.268 14853 14853 I NavigationMonitor: === isNavigationActive вызван ===
11-15 19:57:18.269 14853 14853 I NavigationMonitor: GuidanceServicePresenter получен, ищем Guidance через его методы и поля...
11-15 19:57:18.270 14853 14853 I NavigationMonitor: Найдено методов в GuidanceServicePresenter: 15
11-15 19:57:18.285 14853 14853 I NavigationMonitor: Найдено полей в GuidanceServicePresenter: 8
11-15 19:57:18.290 14853 14853 I NavigationMonitor: ✓ Guidance найден в поле GuidanceServicePresenter.handler
11-15 19:57:18.291 14853 14853 I NavigationMonitor: Guidance получен через GenericGuidanceComponent
11-15 19:57:18.292 14853 14853 I NavigationMonitor: === Проверка активности навигации через Guidance ===
11-15 19:57:18.294 14853 14853 I NavigationMonitor: Guidance валиден
11-15 19:57:18.298 14853 14853 I NavigationMonitor: isNavigationActive вернул: false
11-15 19:57:18.299 14853 14853 I NavigationMonitor: → Статус: RUNNING_BACKGROUND (синий)
11-15 19:57:19.193 14853 14853 I NavigationMonitor: === isNavigationActive вызван ===
11-15 19:57:19.197 14853 14853 I NavigationMonitor: GuidanceServicePresenter получен, ищем Guidance через его методы и поля...
11-15 19:57:19.199 14853 14853 I NavigationMonitor: Найдено методов в GuidanceServicePresenter: 15
11-15 19:57:19.214 14853 14853 I NavigationMonitor: Найдено полей в GuidanceServicePresenter: 8
11-15 19:57:19.218 14853 14853 I NavigationMonitor: ✓ Guidance найден в поле GuidanceServicePresenter.handler
11-15 19:57:19.219 14853 14853 I NavigationMonitor: Guidance получен через GenericGuidanceComponent
11-15 19:57:19.219 14853 14853 I NavigationMonitor: === Проверка активности навигации через Guidance ===
11-15 19:57:19.221 14853 14853 I NavigationMonitor: Guidance валиден
11-15 19:57:19.564 14853 14853 I NavigationMonitor: === isNavigatorRunning: Проверка навигатора ===
11-15 19:57:19.566 14853 14853 I NavigationMonitor: ✓ Навигатор запущен (GenericGuidanceComponent.INSTANCE найден)
11-15 19:57:19.567 14853 14853 I NavigationMonitor: === isNavigatorRunning: Проверка навигатора ===
11-15 19:57:19.568 14853 14853 I NavigationMonitor: ✓ Навигатор запущен (GenericGuidanceComponent.INSTANCE найден)
11-15 19:57:19.569 14853 14853 I NavigationMonitor: === isNavigatorRunning: Проверка навигатора ===
11-15 19:57:19.570 14853 14853 I NavigationMonitor: ✓ Навигатор запущен (GenericGuidanceComponent.INSTANCE найден)
11-15 19:57:19.575 14853 14853 I NavigationMonitor: === getNavigatorStatus вызван для: ru.yandex.yandexmaps ===
11-15 19:57:19.575  2604  2604 W ContextImpl: Calling a method in the system process without a qualified user: android.app.ContextImpl.sendBroadcast:1005 android.content.ContextWrapper.sendBroadcast:444 com.desaysv.mapservice.util.ActivityUtil.sendBroadcast:188 com.desaysv.mapservice.adapter.map.turbodog.TurboDogAdapter$3.onReceive:527 android.app.LoadedApk$ReceiverDispatcher$Args.lambda$getRunnable$0:1391 
11-15 19:57:19.577  2044  2105 E ActivityManager: Sending non-protected broadcast desay.thirdparty.navigation from system 2604:com.desaysv.mapservice/1000 pkg com.desaysv.mapservice
11-15 19:57:19.578  2044  2105 E ActivityManager: Sending non-protected broadcast desay.thirdparty.navigation from system 2604:com.desaysv.mapservice/1000 pkg com.desaysv.mapservice
11-15 19:57:19.578 14853 14853 I NavigationMonitor: === isNavigatorRunning: Проверка навигатора ===
11-15 19:57:19.580  2962  2962 I AAPlatform.NavigationImpl: [onReceive:120-main]-action = desay.thirdparty.navigation
11-15 19:57:19.580  2962  2962 I AAPlatform.NavigationImpl: [onReceive:129-main]-ACTION_RECEIVE_3TH_NAVI isNativeNavigationActive = false
11-15 19:57:19.580  2962  2962 I AAPlatform.NavigationImpl: [notifyNativeNavigationStatus:80-main]-use native navigation = false
11-15 19:57:19.580 14853 14853 I NavigationMonitor: ✓ Навигатор запущен (GenericGuidanceComponent.INSTANCE найден)
11-15 19:57:19.582 14853 14853 I NavigationMonitor: isNavigatorRunning вернул: true
11-15 19:57:19.585 14853 14853 I NavigationMonitor: === isNavigationActive вызван ===
11-15 19:57:19.589 14853 14853 I NavigationMonitor: GuidanceServicePresenter получен, ищем Guidance через его методы и поля...
11-15 19:57:19.595 14853 14853 I NavigationMonitor: Найдено методов в GuidanceServicePresenter: 15
11-15 19:57:19.609 14853 14853 I NavigationMonitor: Найдено полей в GuidanceServicePresenter: 8
11-15 19:57:19.612 14853 14853 I NavigationMonitor: ✓ Guidance найден в поле GuidanceServicePresenter.handler
11-15 19:57:19.612 14853 14853 I NavigationMonitor: Guidance получен через GenericGuidanceComponent
11-15 19:57:19.613 14853 14853 I NavigationMonitor: === Проверка активности навигации через Guidance ===
11-15 19:57:19.614 14853 14853 I NavigationMonitor: Guidance валиден
11-15 19:57:19.617 14853 14853 I NavigationMonitor: isNavigationActive вернул: false
11-15 19:57:19.618 14853 14853 I NavigationMonitor: → Статус: RUNNING_BACKGROUND (синий)
11-15 19:57:19.623 14853 14853 I NavDataInterceptor: Получен broadcast: turbodog.navigation.system.message от системы
11-15 19:57:20.625 14853 14853 I NavigationMonitor: === getNavigatorStatus вызван для: ru.yandex.yandexmaps ===
11-15 19:57:20.627 14853 14853 I NavigationMonitor: === isNavigatorRunning: Проверка навигатора ===
11-15 19:57:20.629 14853 14853 I NavigationMonitor: ✓ Навигатор запущен (GenericGuidanceComponent.INSTANCE найден)
11-15 19:57:20.632 14853 14853 I NavigationMonitor: isNavigatorRunning вернул: true
11-15 19:57:20.633 14853 14853 I NavigationMonitor: === isNavigationActive вызван ===
11-15 19:57:20.634 14853 14853 I NavigationMonitor: GuidanceServicePresenter получен, ищем Guidance через его методы и поля...
11-15 19:57:20.635 14853 14853 I NavigationMonitor: Найдено методов в GuidanceServicePresenter: 15
11-15 19:57:20.646 14853 14853 I NavigationMonitor: Найдено полей в GuidanceServicePresenter: 8
11-15 19:57:20.655 14853 14853 I NavigationMonitor: ✓ Guidance найден в поле GuidanceServicePresenter.handler
11-15 19:57:20.656 14853 14853 I NavigationMonitor: Guidance получен через GenericGuidanceComponent
11-15 19:57:20.656 14853 14853 I NavigationMonitor: === Проверка активности навигации через Guidance ===
11-15 19:57:20.660 14853 14853 I NavigationMonitor: Guidance валиден
11-15 19:57:20.669 14853 14853 I NavigationMonitor: isNavigationActive вернул: false
11-15 19:57:20.670 14853 14853 I NavigationMonitor: → Статус: RUNNING_BACKGROUND (синий)
11-15 19:57:21.565 14853 14853 I NavigationMonitor: === isNavigationActive вызван ===
11-15 19:57:21.568 14853 14853 I NavigationMonitor: GuidanceServicePresenter получен, ищем Guidance через его методы и поля...
11-15 19:57:21.569 14853 14853 I NavigationMonitor: Найдено методов в GuidanceServicePresenter: 15
11-15 19:57:21.581 14853 14853 I NavigationMonitor: Найдено полей в GuidanceServicePresenter: 8
11-15 19:57:21.585 14853 14853 I NavigationMonitor: ✓ Guidance найден в поле GuidanceServicePresenter.handler
11-15 19:57:21.586 14853 14853 I NavigationMonitor: Guidance получен через GenericGuidanceComponent
11-15 19:57:21.586 14853 14853 I NavigationMonitor: === Проверка активности навигации через Guidance ===
11-15 19:57:21.588 14853 14853 I NavigationMonitor: Guidance валиден
11-15 19:57:21.888 14853 14853 I NavigationMonitor: === isNavigatorRunning: Проверка навигатора ===
11-15 19:57:21.891 14853 14853 I NavigationMonitor: ✓ Навигатор запущен (GenericGuidanceComponent.INSTANCE найден)
11-15 19:57:21.892 14853 14853 I NavigationMonitor: === isNavigatorRunning: Проверка навигатора ===
11-15 19:57:21.893 14853 14853 I NavigationMonitor: ✓ Навигатор запущен (GenericGuidanceComponent.INSTANCE найден)
11-15 19:57:21.894 14853 14853 I NavigationMonitor: === isNavigatorRunning: Проверка навигатора ===
11-15 19:57:21.896 14853 14853 I NavigationMonitor: ✓ Навигатор запущен (GenericGuidanceComponent.INSTANCE найден)
11-15 19:57:21.899  2604  2604 W ContextImpl: Calling a method in the system process without a qualified user: android.app.ContextImpl.sendBroadcast:1005 android.content.ContextWrapper.sendBroadcast:444 com.desaysv.mapservice.util.ActivityUtil.sendBroadcast:188 com.desaysv.mapservice.adapter.map.turbodog.TurboDogAdapter$3.onReceive:527 android.app.LoadedApk$ReceiverDispatcher$Args.lambda$getRunnable$0:1391 
11-15 19:57:21.900  2044  2105 E ActivityManager: Sending non-protected broadcast desay.thirdparty.navigation from system 2604:com.desaysv.mapservice/1000 pkg com.desaysv.mapservice
11-15 19:57:21.900 14853 14853 I NavigationMonitor: === getNavigatorStatus вызван для: ru.yandex.yandexmaps ===
11-15 19:57:21.900  2044  2105 E ActivityManager: Sending non-protected broadcast desay.thirdparty.navigation from system 2604:com.desaysv.mapservice/1000 pkg com.desaysv.mapservice
11-15 19:57:21.901 14853 14853 I NavigationMonitor: === isNavigatorRunning: Проверка навигатора ===
11-15 19:57:21.902 14853 14853 I NavigationMonitor: ✓ Навигатор запущен (GenericGuidanceComponent.INSTANCE найден)
11-15 19:57:21.902  2962  2962 I AAPlatform.NavigationImpl: [onReceive:120-main]-action = desay.thirdparty.navigation
11-15 19:57:21.902  2962  2962 I AAPlatform.NavigationImpl: [onReceive:129-main]-ACTION_RECEIVE_3TH_NAVI isNativeNavigationActive = false
11-15 19:57:21.903  2962  2962 I AAPlatform.NavigationImpl: [notifyNativeNavigationStatus:80-main]-use native navigation = false
11-15 19:57:21.903 14853 14853 I NavigationMonitor: isNavigatorRunning вернул: true
11-15 19:57:21.904 14853 14853 I NavigationMonitor: === isNavigationActive вызван ===
11-15 19:57:21.905 14853 14853 I NavigationMonitor: GuidanceServicePresenter получен, ищем Guidance через его методы и поля...
11-15 19:57:21.906 14853 14853 I NavigationMonitor: Найдено методов в GuidanceServicePresenter: 15
11-15 19:57:21.925 14853 14853 I NavigationMonitor: Найдено полей в GuidanceServicePresenter: 8
11-15 19:57:21.931 14853 14853 I NavigationMonitor: ✓ Guidance найден в поле GuidanceServicePresenter.handler
11-15 19:57:21.933 14853 14853 I NavigationMonitor: Guidance получен через GenericGuidanceComponent
11-15 19:57:21.934 14853 14853 I NavigationMonitor: === Проверка активности навигации через Guidance ===
11-15 19:57:21.937 14853 14853 I NavigationMonitor: Guidance валиден
11-15 19:57:21.941 14853 14853 I NavigationMonitor: isNavigationActive вернул: false
11-15 19:57:21.942 14853 14853 I NavigationMonitor: → Статус: RUNNING_BACKGROUND (синий)
11-15 19:57:21.948 14853 14853 I NavDataInterceptor: Получен broadcast: turbodog.navigation.system.message от системы
11-15 19:57:22.949 14853 14853 I NavigationMonitor: === getNavigatorStatus вызван для: ru.yandex.yandexmaps ===
11-15 19:57:22.951 14853 14853 I NavigationMonitor: === isNavigatorRunning: Проверка навигатора ===
11-15 19:57:22.952 14853 14853 I NavigationMonitor: ✓ Навигатор запущен (GenericGuidanceComponent.INSTANCE найден)
11-15 19:57:22.954 14853 14853 I NavigationMonitor: isNavigatorRunning вернул: true
11-15 19:57:22.955 14853 14853 I NavigationMonitor: === isNavigationActive вызван ===
11-15 19:57:22.956 14853 14853 I NavigationMonitor: GuidanceServicePresenter получен, ищем Guidance через его методы и поля...
11-15 19:57:22.959 14853 14853 I NavigationMonitor: Найдено методов в GuidanceServicePresenter: 15
11-15 19:57:22.981 14853 14853 I NavigationMonitor: Найдено полей в GuidanceServicePresenter: 8
11-15 19:57:22.987 14853 14853 I NavigationMonitor: ✓ Guidance найден в поле GuidanceServicePresenter.handler
11-15 19:57:22.988 14853 14853 I NavigationMonitor: Guidance получен через GenericGuidanceComponent
11-15 19:57:22.993 14853 14853 I NavigationMonitor: === Проверка активности навигации через Guidance ===
11-15 19:57:22.996 14853 14853 I NavigationMonitor: Guidance валиден
11-15 19:57:23.006 14853 14853 I NavigationMonitor: isNavigationActive вернул: false
11-15 19:57:23.007 14853 14853 I NavigationMonitor: → Статус: RUNNING_BACKGROUND (синий)
11-15 19:57:23.889 14853 14853 I NavigationMonitor: === isNavigationActive вызван ===
11-15 19:57:23.893 14853 14853 I NavigationMonitor: GuidanceServicePresenter получен, ищем Guidance через его методы и поля...
11-15 19:57:23.895 14853 14853 I NavigationMonitor: Найдено методов в GuidanceServicePresenter: 15
11-15 19:57:23.908 14853 14853 I NavigationMonitor: Найдено полей в GuidanceServicePresenter: 8
11-15 19:57:23.913 14853 14853 I NavigationMonitor: ✓ Guidance найден в поле GuidanceServicePresenter.handler
11-15 19:57:23.914 14853 14853 I NavigationMonitor: Guidance получен через GenericGuidanceComponent
11-15 19:57:23.915 14853 14853 I NavigationMonitor: === Проверка активности навигации через Guidance ===
11-15 19:57:23.919 14853 14853 I NavigationMonitor: Guidance валиден
11-15 19:57:24.225 14853 14853 I NavigationMonitor: === isNavigatorRunning: Проверка навигатора ===
11-15 19:57:24.226 14853 14853 I NavigationMonitor: ✓ Навигатор запущен (GenericGuidanceComponent.INSTANCE найден)
11-15 19:57:24.228 14853 14853 I NavigationMonitor: === isNavigatorRunning: Проверка навигатора ===
11-15 19:57:24.230 14853 14853 I NavigationMonitor: ✓ Навигатор запущен (GenericGuidanceComponent.INSTANCE найден)
11-15 19:57:24.232 14853 14853 I NavigationMonitor: === isNavigatorRunning: Проверка навигатора ===
11-15 19:57:24.234 14853 14853 I NavigationMonitor: ✓ Навигатор запущен (GenericGuidanceComponent.INSTANCE найден)
11-15 19:57:24.239 14853 14853 I NavigationMonitor: === getNavigatorStatus вызван для: ru.yandex.yandexmaps ===
11-15 19:57:24.240 14853 14853 I NavigationMonitor: === isNavigatorRunning: Проверка навигатора ===
11-15 19:57:24.241 14853 14853 I NavigationMonitor: ✓ Навигатор запущен (GenericGuidanceComponent.INSTANCE найден)
11-15 19:57:24.242 14853 14853 I NavigationMonitor: isNavigatorRunning вернул: true
11-15 19:57:24.243 14853 14853 I NavigationMonitor: === isNavigationActive вызван ===
11-15 19:57:24.244 14853 14853 I NavigationMonitor: GuidanceServicePresenter получен, ищем Guidance через его методы и поля...
11-15 19:57:24.246 14853 14853 I NavigationMonitor: Найдено методов в GuidanceServicePresenter: 15
11-15 19:57:24.256  2604  2604 W ContextImpl: Calling a method in the system process without a qualified user: android.app.ContextImpl.sendBroadcast:1005 android.content.ContextWrapper.sendBroadcast:444 com.desaysv.mapservice.util.ActivityUtil.sendBroadcast:188 com.desaysv.mapservice.adapter.map.turbodog.TurboDogAdapter$3.onReceive:527 android.app.LoadedApk$ReceiverDispatcher$Args.lambda$getRunnable$0:1391 
11-15 19:57:24.257  2044 14819 E ActivityManager: Sending non-protected broadcast desay.thirdparty.navigation from system 2604:com.desaysv.mapservice/1000 pkg com.desaysv.mapservice
11-15 19:57:24.258  2044 14819 E ActivityManager: Sending non-protected broadcast desay.thirdparty.navigation from system 2604:com.desaysv.mapservice/1000 pkg com.desaysv.mapservice
11-15 19:57:24.264 14853 14853 I NavigationMonitor: Найдено полей в GuidanceServicePresenter: 8
11-15 19:57:24.267  2962  2962 I AAPlatform.NavigationImpl: [onReceive:120-main]-action = desay.thirdparty.navigation
11-15 19:57:24.268  2962  2962 I AAPlatform.NavigationImpl: [onReceive:129-main]-ACTION_RECEIVE_3TH_NAVI isNativeNavigationActive = false
11-15 19:57:24.268  2962  2962 I AAPlatform.NavigationImpl: [notifyNativeNavigationStatus:80-main]-use native navigation = false
11-15 19:57:24.269 14853 14853 I NavigationMonitor: ✓ Guidance найден в поле GuidanceServicePresenter.handler
11-15 19:57:24.270 14853 14853 I NavigationMonitor: Guidance получен через GenericGuidanceComponent
11-15 19:57:24.270 14853 14853 I NavigationMonitor: === Проверка активности навигации через Guidance ===
11-15 19:57:24.272 14853 14853 I NavigationMonitor: Guidance валиден
11-15 19:57:24.278 14853 14853 I NavigationMonitor: isNavigationActive вернул: false
11-15 19:57:24.279 14853 14853 I NavigationMonitor: → Статус: RUNNING_BACKGROUND (синий)
11-15 19:57:24.284 14853 14853 I NavDataInterceptor: Получен broadcast: turbodog.navigation.system.message от системы
11-15 19:57:25.286 14853 14853 I NavigationMonitor: === getNavigatorStatus вызван для: ru.yandex.yandexmaps ===
11-15 19:57:25.289 14853 14853 I NavigationMonitor: === isNavigatorRunning: Проверка навигатора ===
11-15 19:57:25.291 14853 14853 I NavigationMonitor: ✓ Навигатор запущен (GenericGuidanceComponent.INSTANCE найден)
11-15 19:57:25.295 14853 14853 I NavigationMonitor: isNavigatorRunning вернул: true
11-15 19:57:25.298 14853 14853 I NavigationMonitor: === isNavigationActive вызван ===
11-15 19:57:25.301 14853 14853 I NavigationMonitor: GuidanceServicePresenter получен, ищем Guidance через его методы и поля...
11-15 19:57:25.303 14853 14853 I NavigationMonitor: Найдено методов в GuidanceServicePresenter: 15
11-15 19:57:25.345 14853 14853 I NavigationMonitor: Найдено полей в GuidanceServicePresenter: 8
11-15 19:57:25.356 14853 14853 I NavigationMonitor: ✓ Guidance найден в поле GuidanceServicePresenter.handler
11-15 19:57:25.358 14853 14853 I NavigationMonitor: Guidance получен через GenericGuidanceComponent
11-15 19:57:25.359 14853 14853 I NavigationMonitor: === Проверка активности навигации через Guidance ===
11-15 19:57:25.361 14853 14853 I NavigationMonitor: Guidance валиден
11-15 19:57:25.365 14853 14853 I NavigationMonitor: isNavigationActive вернул: false
11-15 19:57:25.366 14853 14853 I NavigationMonitor: → Статус: RUNNING_BACKGROUND (синий)
11-15 19:57:26.225 14853 14853 I NavigationMonitor: === isNavigationActive вызван ===
11-15 19:57:26.227 14853 14853 I NavigationMonitor: GuidanceServicePresenter получен, ищем Guidance через его методы и поля...
11-15 19:57:26.228 14853 14853 I NavigationMonitor: Найдено методов в GuidanceServicePresenter: 15
11-15 19:57:26.245 14853 14853 I NavigationMonitor: Найдено полей в GuidanceServicePresenter: 8
11-15 19:57:26.256 14853 14853 I NavigationMonitor: ✓ Guidance найден в поле GuidanceServicePresenter.handler
11-15 19:57:26.257 14853 14853 I NavigationMonitor: Guidance получен через GenericGuidanceComponent
11-15 19:57:26.258 14853 14853 I NavigationMonitor: === Проверка активности навигации через Guidance ===
11-15 19:57:26.260 14853 14853 I NavigationMonitor: Guidance валиден
11-15 19:57:26.566 14853 14853 I NavigationMonitor: === isNavigatorRunning: Проверка навигатора ===
11-15 19:57:26.568 14853 14853 I NavigationMonitor: ✓ Навигатор запущен (GenericGuidanceComponent.INSTANCE найден)
11-15 19:57:26.570 14853 14853 I NavigationMonitor: === isNavigatorRunning: Проверка навигатора ===
11-15 19:57:26.571 14853 14853 I NavigationMonitor: ✓ Навигатор запущен (GenericGuidanceComponent.INSTANCE найден)
11-15 19:57:26.572 14853 14853 I NavigationMonitor: === isNavigatorRunning: Проверка навигатора ===
11-15 19:57:26.573 14853 14853 I NavigationMonitor: ✓ Навигатор запущен (GenericGuidanceComponent.INSTANCE найден)
11-15 19:57:26.577 14853 14853 I NavigationMonitor: === getNavigatorStatus вызван для: ru.yandex.yandexmaps ===
11-15 19:57:26.578  2604  2604 W ContextImpl: Calling a method in the system process without a qualified user: android.app.ContextImpl.sendBroadcast:1005 android.content.ContextWrapper.sendBroadcast:444 com.desaysv.mapservice.util.ActivityUtil.sendBroadcast:188 com.desaysv.mapservice.adapter.map.turbodog.TurboDogAdapter$3.onReceive:527 android.app.LoadedApk$ReceiverDispatcher$Args.lambda$getRunnable$0:1391 
11-15 19:57:26.579 14853 14853 I NavigationMonitor: === isNavigatorRunning: Проверка навигатора ===
11-15 19:57:26.579  2044 14819 E ActivityManager: Sending non-protected broadcast desay.thirdparty.navigation from system 2604:com.desaysv.mapservice/1000 pkg com.desaysv.mapservice
11-15 19:57:26.580  2044 14819 E ActivityManager: Sending non-protected broadcast desay.thirdparty.navigation from system 2604:com.desaysv.mapservice/1000 pkg com.desaysv.mapservice
11-15 19:57:26.580 14853 14853 I NavigationMonitor: ✓ Навигатор запущен (GenericGuidanceComponent.INSTANCE найден)
11-15 19:57:26.582 14853 14853 I NavigationMonitor: isNavigatorRunning вернул: true
11-15 19:57:26.582  2962  2962 I AAPlatform.NavigationImpl: [onReceive:120-main]-action = desay.thirdparty.navigation
11-15 19:57:26.582  2962  2962 I AAPlatform.NavigationImpl: [onReceive:129-main]-ACTION_RECEIVE_3TH_NAVI isNativeNavigationActive = false
11-15 19:57:26.582  2962  2962 I AAPlatform.NavigationImpl: [notifyNativeNavigationStatus:80-main]-use native navigation = false
11-15 19:57:26.583 14853 14853 I NavigationMonitor: === isNavigationActive вызван ===
11-15 19:57:26.584 14853 14853 I NavigationMonitor: GuidanceServicePresenter получен, ищем Guidance через его методы и поля...
11-15 19:57:26.585 14853 14853 I NavigationMonitor: Найдено методов в GuidanceServicePresenter: 15
11-15 19:57:26.602 14853 14853 I NavigationMonitor: Найдено полей в GuidanceServicePresenter: 8
11-15 19:57:26.606 14853 14853 I NavigationMonitor: ✓ Guidance найден в поле GuidanceServicePresenter.handler
11-15 19:57:26.607 14853 14853 I NavigationMonitor: Guidance получен через GenericGuidanceComponent
11-15 19:57:26.608 14853 14853 I NavigationMonitor: === Проверка активности навигации через Guidance ===
11-15 19:57:26.610 14853 14853 I NavigationMonitor: Guidance валиден
11-15 19:57:26.613 14853 14853 I NavigationMonitor: isNavigationActive вернул: false
11-15 19:57:26.614 14853 14853 I NavigationMonitor: → Статус: RUNNING_BACKGROUND (синий)
11-15 19:57:26.650 14853 14853 I NavDataInterceptor: Получен broadcast: turbodog.navigation.system.message от системы
11-15 19:57:27.621 14853 14853 I NavigationMonitor: === getNavigatorStatus вызван для: ru.yandex.yandexmaps ===
11-15 19:57:27.623 14853 14853 I NavigationMonitor: === isNavigatorRunning: Проверка навигатора ===
11-15 19:57:27.632 14853 14853 I NavigationMonitor: ✓ Навигатор запущен (GenericGuidanceComponent.INSTANCE найден)
11-15 19:57:27.637 14853 14853 I NavigationMonitor: isNavigatorRunning вернул: true
11-15 19:57:27.641 14853 14853 I NavigationMonitor: === isNavigationActive вызван ===
11-15 19:57:27.644 14853 14853 I NavigationMonitor: GuidanceServicePresenter получен, ищем Guidance через его методы и поля...
11-15 19:57:27.646 14853 14853 I NavigationMonitor: Найдено методов в GuidanceServicePresenter: 15
11-15 19:57:27.688 14853 14853 I NavigationMonitor: Найдено полей в GuidanceServicePresenter: 8
11-15 19:57:27.706 14853 14853 I NavigationMonitor: ✓ Guidance найден в поле GuidanceServicePresenter.handler
11-15 19:57:27.708 14853 14853 I NavigationMonitor: Guidance получен через GenericGuidanceComponent
11-15 19:57:27.713 14853 14853 I NavigationMonitor: === Проверка активности навигации через Guidance ===
11-15 19:57:27.720 14853 14853 I NavigationMonitor: Guidance валиден
11-15 19:57:27.735 14853 14853 I NavigationMonitor: isNavigationActive вернул: false
11-15 19:57:27.737 14853 14853 I NavigationMonitor: → Статус: RUNNING_BACKGROUND (синий)
11-15 19:57:28.567 14853 14853 I NavigationMonitor: === isNavigationActive вызван ===
11-15 19:57:28.573 14853 14853 I NavigationMonitor: GuidanceServicePresenter получен, ищем Guidance через его методы и поля...
11-15 19:57:28.576 14853 14853 I NavigationMonitor: Найдено методов в GuidanceServicePresenter: 15
11-15 19:57:28.588 14853 14853 I NavigationMonitor: Найдено полей в GuidanceServicePresenter: 8
11-15 19:57:28.593 14853 14853 I NavigationMonitor: ✓ Guidance найден в поле GuidanceServicePresenter.handler
11-15 19:57:28.594 14853 14853 I NavigationMonitor: Guidance получен через GenericGuidanceComponent
11-15 19:57:28.594 14853 14853 I NavigationMonitor: === Проверка активности навигации через Guidance ===
11-15 19:57:28.596 14853 14853 I NavigationMonitor: Guidance валиден
11-15 19:57:28.935 14853 14853 I NavigationMonitor: === isNavigatorRunning: Проверка навигатора ===
11-15 19:57:28.963 14853 14853 I NavigationMonitor: ✓ Навигатор запущен (GenericGuidanceComponent.INSTANCE найден)
11-15 19:57:28.966 14853 14853 I NavigationMonitor: === isNavigatorRunning: Проверка навигатора ===
11-15 19:57:28.969 14853 14853 I NavigationMonitor: ✓ Навигатор запущен (GenericGuidanceComponent.INSTANCE найден)
11-15 19:57:28.972 14853 14853 I NavigationMonitor: === isNavigatorRunning: Проверка навигатора ===
11-15 19:57:28.975 14853 14853 I NavigationMonitor: ✓ Навигатор запущен (GenericGuidanceComponent.INSTANCE найден)
11-15 19:57:28.975  2604  2604 W ContextImpl: Calling a method in the system process without a qualified user: android.app.ContextImpl.sendBroadcast:1005 android.content.ContextWrapper.sendBroadcast:444 com.desaysv.mapservice.util.ActivityUtil.sendBroadcast:188 com.desaysv.mapservice.adapter.map.turbodog.TurboDogAdapter$3.onReceive:527 android.app.LoadedApk$ReceiverDispatcher$Args.lambda$getRunnable$0:1391 
11-15 19:57:28.977  2044 14819 E ActivityManager: Sending non-protected broadcast desay.thirdparty.navigation from system 2604:com.desaysv.mapservice/1000 pkg com.desaysv.mapservice
11-15 19:57:28.977  2044 14819 E ActivityManager: Sending non-protected broadcast desay.thirdparty.navigation from system 2604:com.desaysv.mapservice/1000 pkg com.desaysv.mapservice
11-15 19:57:28.979 14853 14853 I NavigationMonitor: === getNavigatorStatus вызван для: ru.yandex.yandexmaps ===
11-15 19:57:28.980  2962  2962 I AAPlatform.NavigationImpl: [onReceive:120-main]-action = desay.thirdparty.navigation
11-15 19:57:28.980 14853 14853 I NavigationMonitor: === isNavigatorRunning: Проверка навигатора ===
11-15 19:57:28.980  2962  2962 I AAPlatform.NavigationImpl: [onReceive:129-main]-ACTION_RECEIVE_3TH_NAVI isNativeNavigationActive = false
11-15 19:57:28.981  2962  2962 I AAPlatform.NavigationImpl: [notifyNativeNavigationStatus:80-main]-use native navigation = false
11-15 19:57:28.982 14853 14853 I NavigationMonitor: ✓ Навигатор запущен (GenericGuidanceComponent.INSTANCE найден)
11-15 19:57:28.983 14853 14853 I NavigationMonitor: isNavigatorRunning вернул: true
11-15 19:57:28.984 14853 14853 I NavigationMonitor: === isNavigationActive вызван ===
11-15 19:57:28.985 14853 14853 I NavigationMonitor: GuidanceServicePresenter получен, ищем Guidance через его методы и поля...
11-15 19:57:28.986 14853 14853 I NavigationMonitor: Найдено методов в GuidanceServicePresenter: 15
11-15 19:57:29.000 14853 14853 I NavigationMonitor: Найдено полей в GuidanceServicePresenter: 8
11-15 19:57:29.006 14853 14853 I NavigationMonitor: ✓ Guidance найден в поле GuidanceServicePresenter.handler
11-15 19:57:29.008 14853 14853 I NavigationMonitor: Guidance получен через GenericGuidanceComponent
11-15 19:57:29.010 14853 14853 I NavigationMonitor: === Проверка активности навигации через Guidance ===
11-15 19:57:29.013 14853 14853 I NavigationMonitor: Guidance валиден
11-15 19:57:29.018 14853 14853 I NavigationMonitor: isNavigationActive вернул: false
11-15 19:57:29.019 14853 14853 I NavigationMonitor: → Статус: RUNNING_BACKGROUND (синий)
11-15 19:57:29.025 14853 14853 I NavDataInterceptor: Получен broadcast: turbodog.navigation.system.message от системы
11-15 19:57:30.025 14853 14853 I NavigationMonitor: === getNavigatorStatus вызван для: ru.yandex.yandexmaps ===
11-15 19:57:30.027 14853 14853 I NavigationMonitor: === isNavigatorRunning: Проверка навигатора ===
11-15 19:57:30.029 14853 14853 I NavigationMonitor: ✓ Навигатор запущен (GenericGuidanceComponent.INSTANCE найден)
11-15 19:57:30.034 14853 14853 I NavigationMonitor: isNavigatorRunning вернул: true
11-15 19:57:30.035 14853 14853 I NavigationMonitor: === isNavigationActive вызван ===
11-15 19:57:30.037 14853 14853 I NavigationMonitor: GuidanceServicePresenter получен, ищем Guidance через его методы и поля...
11-15 19:57:30.038 14853 14853 I NavigationMonitor: Найдено методов в GuidanceServicePresenter: 15
11-15 19:57:30.052 14853 14853 I NavigationMonitor: Найдено полей в GuidanceServicePresenter: 8
11-15 19:57:30.056 14853 14853 I NavigationMonitor: ✓ Guidance найден в поле GuidanceServicePresenter.handler
11-15 19:57:30.057 14853 14853 I NavigationMonitor: Guidance получен через GenericGuidanceComponent
11-15 19:57:30.058 14853 14853 I NavigationMonitor: === Проверка активности навигации через Guidance ===
11-15 19:57:30.060 14853 14853 I NavigationMonitor: Guidance валиден
11-15 19:57:30.065 14853 14853 I NavigationMonitor: isNavigationActive вернул: false
11-15 19:57:30.067 14853 14853 I NavigationMonitor: → Статус: RUNNING_BACKGROUND (синий)
11-15 19:57:30.936 14853 14853 I NavigationMonitor: === isNavigationActive вызван ===
11-15 19:57:30.938 14853 14853 I NavigationMonitor: GuidanceServicePresenter получен, ищем Guidance через его методы и поля...
11-15 19:57:30.939 14853 14853 I NavigationMonitor: Найдено методов в GuidanceServicePresenter: 15
11-15 19:57:30.961 14853 14853 I NavigationMonitor: Найдено полей в GuidanceServicePresenter: 8
11-15 19:57:30.967 14853 14853 I NavigationMonitor: ✓ Guidance найден в поле GuidanceServicePresenter.handler
11-15 19:57:30.968 14853 14853 I NavigationMonitor: Guidance получен через GenericGuidanceComponent
11-15 19:57:30.970 14853 14853 I NavigationMonitor: === Проверка активности навигации через Guidance ===
11-15 19:57:30.972 14853 14853 I NavigationMonitor: Guidance валиден
11-15 19:57:31.296 14853 14853 I NavigationMonitor: === isNavigatorRunning: Проверка навигатора ===
11-15 19:57:31.298 14853 14853 I NavigationMonitor: ✓ Навигатор запущен (GenericGuidanceComponent.INSTANCE найден)
11-15 19:57:31.300 14853 14853 I NavigationMonitor: === isNavigatorRunning: Проверка навигатора ===
11-15 19:57:31.301 14853 14853 I NavigationMonitor: ✓ Навигатор запущен (GenericGuidanceComponent.INSTANCE найден)
11-15 19:57:31.304 14853 14853 I NavigationMonitor: === isNavigatorRunning: Проверка навигатора ===
11-15 19:57:31.306 14853 14853 I NavigationMonitor: ✓ Навигатор запущен (GenericGuidanceComponent.INSTANCE найден)
11-15 19:57:31.311 14853 14853 I NavigationMonitor: === getNavigatorStatus вызван для: ru.yandex.yandexmaps ===
11-15 19:57:31.313 14853 14853 I NavigationMonitor: === isNavigatorRunning: Проверка навигатора ===
11-15 19:57:31.313  2604  2604 W ContextImpl: Calling a method in the system process without a qualified user: android.app.ContextImpl.sendBroadcast:1005 android.content.ContextWrapper.sendBroadcast:444 com.desaysv.mapservice.util.ActivityUtil.sendBroadcast:188 com.desaysv.mapservice.adapter.map.turbodog.TurboDogAdapter$3.onReceive:527 android.app.LoadedApk$ReceiverDispatcher$Args.lambda$getRunnable$0:1391 
11-15 19:57:31.314 14853 14853 I NavigationMonitor: ✓ Навигатор запущен (GenericGuidanceComponent.INSTANCE найден)
11-15 19:57:31.316 14853 14853 I NavigationMonitor: isNavigatorRunning вернул: true
11-15 19:57:31.316  2044  2105 E ActivityManager: Sending non-protected broadcast desay.thirdparty.navigation from system 2604:com.desaysv.mapservice/1000 pkg com.desaysv.mapservice
11-15 19:57:31.317 14853 14853 I NavigationMonitor: === isNavigationActive вызван ===
11-15 19:57:31.318  2044  2105 E ActivityManager: Sending non-protected broadcast desay.thirdparty.navigation from system 2604:com.desaysv.mapservice/1000 pkg com.desaysv.mapservice
11-15 19:57:31.320  2962  2962 I AAPlatform.NavigationImpl: [onReceive:120-main]-action = desay.thirdparty.navigation
11-15 19:57:31.320  2962  2962 I AAPlatform.NavigationImpl: [onReceive:129-main]-ACTION_RECEIVE_3TH_NAVI isNativeNavigationActive = false
11-15 19:57:31.320 14853 14853 I NavigationMonitor: GuidanceServicePresenter получен, ищем Guidance через его методы и поля...
11-15 19:57:31.320  2962  2962 I AAPlatform.NavigationImpl: [notifyNativeNavigationStatus:80-main]-use native navigation = false
11-15 19:57:31.321 14853 14853 I NavigationMonitor: Найдено методов в GuidanceServicePresenter: 15
11-15 19:57:31.374 14853 14853 I NavigationMonitor: Найдено полей в GuidanceServicePresenter: 8
11-15 19:57:31.381 14853 14853 I NavigationMonitor: ✓ Guidance найден в поле GuidanceServicePresenter.handler
11-15 19:57:31.384 14853 14853 I NavigationMonitor: Guidance получен через GenericGuidanceComponent
11-15 19:57:31.385 14853 14853 I NavigationMonitor: === Проверка активности навигации через Guidance ===
11-15 19:57:31.387 14853 14853 I NavigationMonitor: Guidance валиден
11-15 19:57:31.390 14853 14853 I NavigationMonitor: isNavigationActive вернул: false
11-15 19:57:31.391 14853 14853 I NavigationMonitor: → Статус: RUNNING_BACKGROUND (синий)
11-15 19:57:31.396 14853 14853 I NavDataInterceptor: Получен broadcast: turbodog.navigation.system.message от системы
11-15 19:57:32.399 14853 14853 I NavigationMonitor: === getNavigatorStatus вызван для: ru.yandex.yandexmaps ===
11-15 19:57:32.400 14853 14853 I NavigationMonitor: === isNavigatorRunning: Проверка навигатора ===
11-15 19:57:32.402 14853 14853 I NavigationMonitor: ✓ Навигатор запущен (GenericGuidanceComponent.INSTANCE найден)
11-15 19:57:32.402 14853 14853 I NavigationMonitor: isNavigatorRunning вернул: true
11-15 19:57:32.404 14853 14853 I NavigationMonitor: === isNavigationActive вызван ===
11-15 19:57:32.405 14853 14853 I NavigationMonitor: GuidanceServicePresenter получен, ищем Guidance через его методы и поля...
11-15 19:57:32.406 14853 14853 I NavigationMonitor: Найдено методов в GuidanceServicePresenter: 15
11-15 19:57:32.414 14853 14853 I NavigationMonitor: Найдено полей в GuidanceServicePresenter: 8
11-15 19:57:32.419 14853 14853 I NavigationMonitor: ✓ Guidance найден в поле GuidanceServicePresenter.handler
11-15 19:57:32.420 14853 14853 I NavigationMonitor: Guidance получен через GenericGuidanceComponent
11-15 19:57:32.421 14853 14853 I NavigationMonitor: === Проверка активности навигации через Guidance ===
11-15 19:57:32.424 14853 14853 I NavigationMonitor: Guidance валиден
11-15 19:57:32.429 14853 14853 I NavigationMonitor: isNavigationActive вернул: false
11-15 19:57:32.431 14853 14853 I NavigationMonitor: → Статус: RUNNING_BACKGROUND (синий)
11-15 19:57:33.297 14853 14853 I NavigationMonitor: === isNavigationActive вызван ===
11-15 19:57:33.299 14853 14853 I NavigationMonitor: GuidanceServicePresenter получен, ищем Guidance через его методы и поля...
11-15 19:57:33.300 14853 14853 I NavigationMonitor: Найдено методов в GuidanceServicePresenter: 15
11-15 19:57:33.311 14853 14853 I NavigationMonitor: Найдено полей в GuidanceServicePresenter: 8
11-15 19:57:33.315 14853 14853 I NavigationMonitor: ✓ Guidance найден в поле GuidanceServicePresenter.handler
11-15 19:57:33.315 14853 14853 I NavigationMonitor: Guidance получен через GenericGuidanceComponent
11-15 19:57:33.316 14853 14853 I NavigationMonitor: === Проверка активности навигации через Guidance ===
11-15 19:57:33.318 14853 14853 I NavigationMonitor: Guidance валиден
11-15 19:57:33.635 14853 14853 I NavigationMonitor: === isNavigatorRunning: Проверка навигатора ===
11-15 19:57:33.640 14853 14853 I NavigationMonitor: ✓ Навигатор запущен (GenericGuidanceComponent.INSTANCE найден)
11-15 19:57:33.644 14853 14853 I NavigationMonitor: === isNavigatorRunning: Проверка навигатора ===
11-15 19:57:33.650  2604  2604 W ContextImpl: Calling a method in the system process without a qualified user: android.app.ContextImpl.sendBroadcast:1005 android.content.ContextWrapper.sendBroadcast:444 com.desaysv.mapservice.util.ActivityUtil.sendBroadcast:188 com.desaysv.mapservice.adapter.map.turbodog.TurboDogAdapter$3.onReceive:527 android.app.LoadedApk$ReceiverDispatcher$Args.lambda$getRunnable$0:1391 
11-15 19:57:33.650 14853 14853 I NavigationMonitor: ✓ Навигатор запущен (GenericGuidanceComponent.INSTANCE найден)
11-15 19:57:33.652  2044 14819 E ActivityManager: Sending non-protected broadcast desay.thirdparty.navigation from system 2604:com.desaysv.mapservice/1000 pkg com.desaysv.mapservice
11-15 19:57:33.652 14853 14853 I NavigationMonitor: === isNavigatorRunning: Проверка навигатора ===
11-15 19:57:33.653  2044 14819 E ActivityManager: Sending non-protected broadcast desay.thirdparty.navigation from system 2604:com.desaysv.mapservice/1000 pkg com.desaysv.mapservice
11-15 19:57:33.654 14853 14853 I NavigationMonitor: ✓ Навигатор запущен (GenericGuidanceComponent.INSTANCE найден)
11-15 19:57:33.657  2962  2962 I AAPlatform.NavigationImpl: [onReceive:120-main]-action = desay.thirdparty.navigation
11-15 19:57:33.657  2962  2962 I AAPlatform.NavigationImpl: [onReceive:129-main]-ACTION_RECEIVE_3TH_NAVI isNativeNavigationActive = false
11-15 19:57:33.657  2962  2962 I AAPlatform.NavigationImpl: [notifyNativeNavigationStatus:80-main]-use native navigation = false
11-15 19:57:33.664 14853 14853 I NavigationMonitor: === getNavigatorStatus вызван для: ru.yandex.yandexmaps ===
11-15 19:57:33.666 14853 14853 I NavigationMonitor: === isNavigatorRunning: Проверка навигатора ===
11-15 19:57:33.668 14853 14853 I NavigationMonitor: ✓ Навигатор запущен (GenericGuidanceComponent.INSTANCE найден)
11-15 19:57:33.670 14853 14853 I NavigationMonitor: isNavigatorRunning вернул: true
11-15 19:57:33.671 14853 14853 I NavigationMonitor: === isNavigationActive вызван ===
11-15 19:57:33.673 14853 14853 I NavigationMonitor: GuidanceServicePresenter получен, ищем Guidance через его методы и поля...
11-15 19:57:33.674 14853 14853 I NavigationMonitor: Найдено методов в GuidanceServicePresenter: 15
11-15 19:57:33.693 14853 14853 I NavigationMonitor: Найдено полей в GuidanceServicePresenter: 8
11-15 19:57:33.699 14853 14853 I NavigationMonitor: ✓ Guidance найден в поле GuidanceServicePresenter.handler
11-15 19:57:33.700 14853 14853 I NavigationMonitor: Guidance получен через GenericGuidanceComponent
11-15 19:57:33.701 14853 14853 I NavigationMonitor: === Проверка активности навигации через Guidance ===
11-15 19:57:33.703 14853 14853 I NavigationMonitor: Guidance валиден
11-15 19:57:33.710 14853 14853 I NavigationMonitor: isNavigationActive вернул: false
11-15 19:57:33.711 14853 14853 I NavigationMonitor: → Статус: RUNNING_BACKGROUND (синий)
11-15 19:57:33.716 14853 14853 I NavDataInterceptor: Получен broadcast: turbodog.navigation.system.message от системы
11-15 19:57:34.718 14853 14853 I NavigationMonitor: === getNavigatorStatus вызван для: ru.yandex.yandexmaps ===
11-15 19:57:34.722 14853 14853 I NavigationMonitor: === isNavigatorRunning: Проверка навигатора ===
11-15 19:57:34.726 14853 14853 I NavigationMonitor: ✓ Навигатор запущен (GenericGuidanceComponent.INSTANCE найден)
11-15 19:57:34.729 14853 14853 I NavigationMonitor: isNavigatorRunning вернул: true
11-15 19:57:34.731 14853 14853 I NavigationMonitor: === isNavigationActive вызван ===
11-15 19:57:34.736 14853 14853 I NavigationMonitor: GuidanceServicePresenter получен, ищем Guidance через его методы и поля...
11-15 19:57:34.738 14853 14853 I NavigationMonitor: Найдено методов в GuidanceServicePresenter: 15
11-15 19:57:34.782 14853 14853 I NavigationMonitor: Найдено полей в GuidanceServicePresenter: 8
11-15 19:57:34.800 14853 14853 I NavigationMonitor: ✓ Guidance найден в поле GuidanceServicePresenter.handler
11-15 19:57:34.803 14853 14853 I NavigationMonitor: Guidance получен через GenericGuidanceComponent
11-15 19:57:34.806 14853 14853 I NavigationMonitor: === Проверка активности навигации через Guidance ===
11-15 19:57:34.811 14853 14853 I NavigationMonitor: Guidance валиден
11-15 19:57:34.823 14853 14853 I NavigationMonitor: isNavigationActive вернул: false
11-15 19:57:34.825 14853 14853 I NavigationMonitor: → Статус: RUNNING_BACKGROUND (синий)
11-15 19:57:35.635 14853 14853 I NavigationMonitor: === isNavigationActive вызван ===
11-15 19:57:35.637 14853 14853 I NavigationMonitor: GuidanceServicePresenter получен, ищем Guidance через его методы и поля...
11-15 19:57:35.640 14853 14853 I NavigationMonitor: Найдено методов в GuidanceServicePresenter: 15
11-15 19:57:35.664 14853 14853 I NavigationMonitor: Найдено полей в GuidanceServicePresenter: 8
11-15 19:57:35.675 14853 14853 I NavigationMonitor: ✓ Guidance найден в поле GuidanceServicePresenter.handler
11-15 19:57:35.676 14853 14853 I NavigationMonitor: Guidance получен через GenericGuidanceComponent
11-15 19:57:35.677 14853 14853 I NavigationMonitor: === Проверка активности навигации через Guidance ===
11-15 19:57:35.679 14853 14853 I NavigationMonitor: Guidance валиден
11-15 19:57:35.992 14853 14853 I NavigationMonitor: === isNavigatorRunning: Проверка навигатора ===
11-15 19:57:35.994 14853 14853 I NavigationMonitor: ✓ Навигатор запущен (GenericGuidanceComponent.INSTANCE найден)
11-15 19:57:35.995 14853 14853 I NavigationMonitor: === isNavigatorRunning: Проверка навигатора ===
11-15 19:57:35.996 14853 14853 I NavigationMonitor: ✓ Навигатор запущен (GenericGuidanceComponent.INSTANCE найден)
11-15 19:57:35.998 14853 14853 I NavigationMonitor: === isNavigatorRunning: Проверка навигатора ===
11-15 19:57:36.000 14853 14853 I NavigationMonitor: ✓ Навигатор запущен (GenericGuidanceComponent.INSTANCE найден)
11-15 19:57:36.004 14853 14853 I NavigationMonitor: === getNavigatorStatus вызван для: ru.yandex.yandexmaps ===
11-15 19:57:36.005 14853 14853 I NavigationMonitor: === isNavigatorRunning: Проверка навигатора ===
11-15 19:57:36.007 14853 14853 I NavigationMonitor: ✓ Навигатор запущен (GenericGuidanceComponent.INSTANCE найден)
11-15 19:57:36.008 14853 14853 I NavigationMonitor: isNavigatorRunning вернул: true
11-15 19:57:36.011 14853 14853 I NavigationMonitor: === isNavigationActive вызван ===
11-15 19:57:36.014 14853 14853 I NavigationMonitor: GuidanceServicePresenter получен, ищем Guidance через его методы и поля...
11-15 19:57:36.015 14853 14853 I NavigationMonitor: Найдено методов в GuidanceServicePresenter: 15
11-15 19:57:36.016  2604  2604 W ContextImpl: Calling a method in the system process without a qualified user: android.app.ContextImpl.sendBroadcast:1005 android.content.ContextWrapper.sendBroadcast:444 com.desaysv.mapservice.util.ActivityUtil.sendBroadcast:188 com.desaysv.mapservice.adapter.map.turbodog.TurboDogAdapter$3.onReceive:527 android.app.LoadedApk$ReceiverDispatcher$Args.lambda$getRunnable$0:1391 
11-15 19:57:36.018  2044  2105 E ActivityManager: Sending non-protected broadcast desay.thirdparty.navigation from system 2604:com.desaysv.mapservice/1000 pkg com.desaysv.mapservice
11-15 19:57:36.019  2044  2105 E ActivityManager: Sending non-protected broadcast desay.thirdparty.navigation from system 2604:com.desaysv.mapservice/1000 pkg com.desaysv.mapservice
11-15 19:57:36.021  2962  2962 I AAPlatform.NavigationImpl: [onReceive:120-main]-action = desay.thirdparty.navigation
11-15 19:57:36.022  2962  2962 I AAPlatform.NavigationImpl: [onReceive:129-main]-ACTION_RECEIVE_3TH_NAVI isNativeNavigationActive = false
11-15 19:57:36.022  2962  2962 I AAPlatform.NavigationImpl: [notifyNativeNavigationStatus:80-main]-use native navigation = false
11-15 19:57:36.032 14853 14853 I NavigationMonitor: Найдено полей в GuidanceServicePresenter: 8
11-15 19:57:36.037 14853 14853 I NavigationMonitor: ✓ Guidance найден в поле GuidanceServicePresenter.handler
11-15 19:57:36.038 14853 14853 I NavigationMonitor: Guidance получен через GenericGuidanceComponent
11-15 19:57:36.039 14853 14853 I NavigationMonitor: === Проверка активности навигации через Guidance ===
11-15 19:57:36.042 14853 14853 I NavigationMonitor: Guidance валиден
11-15 19:57:36.050 14853 14853 I NavigationMonitor: isNavigationActive вернул: false
11-15 19:57:36.052 14853 14853 I NavigationMonitor: → Статус: RUNNING_BACKGROUND (синий)
11-15 19:57:36.057 14853 14853 I NavDataInterceptor: Получен broadcast: turbodog.navigation.system.message от системы
11-15 19:57:37.058 14853 14853 I NavigationMonitor: === getNavigatorStatus вызван для: ru.yandex.yandexmaps ===
11-15 19:57:37.059 14853 14853 I NavigationMonitor: === isNavigatorRunning: Проверка навигатора ===
11-15 19:57:37.096 14853 14853 I NavigationMonitor: ✓ Навигатор запущен (GenericGuidanceComponent.INSTANCE найден)
11-15 19:57:37.101 14853 14853 I NavigationMonitor: isNavigatorRunning вернул: true
11-15 19:57:37.103 14853 14853 I NavigationMonitor: === isNavigationActive вызван ===
11-15 19:57:37.105 14853 14853 I NavigationMonitor: GuidanceServicePresenter получен, ищем Guidance через его методы и поля...
11-15 19:57:37.107 14853 14853 I NavigationMonitor: Найдено методов в GuidanceServicePresenter: 15
11-15 19:57:37.121 14853 14853 I NavigationMonitor: Найдено полей в GuidanceServicePresenter: 8
11-15 19:57:37.137 14853 14853 I NavigationMonitor: ✓ Guidance найден в поле GuidanceServicePresenter.handler
11-15 19:57:37.138 14853 14853 I NavigationMonitor: Guidance получен через GenericGuidanceComponent
11-15 19:57:37.139 14853 14853 I NavigationMonitor: === Проверка активности навигации через Guidance ===
11-15 19:57:37.140 14853 14853 I NavigationMonitor: Guidance валиден
11-15 19:57:37.145 14853 14853 I NavigationMonitor: isNavigationActive вернул: false
11-15 19:57:37.146 14853 14853 I NavigationMonitor: → Статус: RUNNING_BACKGROUND (синий)
11-15 19:57:37.994 14853 14853 I NavigationMonitor: === isNavigationActive вызван ===
11-15 19:57:37.997 14853 14853 I NavigationMonitor: GuidanceServicePresenter получен, ищем Guidance через его методы и поля...
11-15 19:57:37.998 14853 14853 I NavigationMonitor: Найдено методов в GuidanceServicePresenter: 15
11-15 19:57:38.012 14853 14853 I NavigationMonitor: Найдено полей в GuidanceServicePresenter: 8
11-15 19:57:38.018 14853 14853 I NavigationMonitor: ✓ Guidance найден в поле GuidanceServicePresenter.handler
11-15 19:57:38.019 14853 14853 I NavigationMonitor: Guidance получен через GenericGuidanceComponent
11-15 19:57:38.019 14853 14853 I NavigationMonitor: === Проверка активности навигации через Guidance ===
11-15 19:57:38.021 14853 14853 I NavigationMonitor: Guidance валиден
11-15 19:57:38.367 14853 14853 I NavigationMonitor: === isNavigatorRunning: Проверка навигатора ===
11-15 19:57:38.369 14853 14853 I NavigationMonitor: ✓ Навигатор запущен (GenericGuidanceComponent.INSTANCE найден)
11-15 19:57:38.370 14853 14853 I NavigationMonitor: === isNavigatorRunning: Проверка навигатора ===
11-15 19:57:38.371 14853 14853 I NavigationMonitor: ✓ Навигатор запущен (GenericGuidanceComponent.INSTANCE найден)
11-15 19:57:38.372 14853 14853 I NavigationMonitor: === isNavigatorRunning: Проверка навигатора ===
11-15 19:57:38.374 14853 14853 I NavigationMonitor: ✓ Навигатор запущен (GenericGuidanceComponent.INSTANCE найден)
11-15 19:57:38.378 14853 14853 I NavigationMonitor: === getNavigatorStatus вызван для: ru.yandex.yandexmaps ===
11-15 19:57:38.380 14853 14853 I NavigationMonitor: === isNavigatorRunning: Проверка навигатора ===
11-15 19:57:38.381  2604  2604 W ContextImpl: Calling a method in the system process without a qualified user: android.app.ContextImpl.sendBroadcast:1005 android.content.ContextWrapper.sendBroadcast:444 com.desaysv.mapservice.util.ActivityUtil.sendBroadcast:188 com.desaysv.mapservice.adapter.map.turbodog.TurboDogAdapter$3.onReceive:527 android.app.LoadedApk$ReceiverDispatcher$Args.lambda$getRunnable$0:1391 
11-15 19:57:38.382 14853 14853 I NavigationMonitor: ✓ Навигатор запущен (GenericGuidanceComponent.INSTANCE найден)
11-15 19:57:38.383  2044  2105 E ActivityManager: Sending non-protected broadcast desay.thirdparty.navigation from system 2604:com.desaysv.mapservice/1000 pkg com.desaysv.mapservice
11-15 19:57:38.383 14853 14853 I NavigationMonitor: isNavigatorRunning вернул: true
11-15 19:57:38.384  2044  2105 E ActivityManager: Sending non-protected broadcast desay.thirdparty.navigation from system 2604:com.desaysv.mapservice/1000 pkg com.desaysv.mapservice
11-15 19:57:38.386 14853 14853 I NavigationMonitor: === isNavigationActive вызван ===
11-15 19:57:38.388  2962  2962 I AAPlatform.NavigationImpl: [onReceive:120-main]-action = desay.thirdparty.navigation
11-15 19:57:38.388 14853 14853 I NavigationMonitor: GuidanceServicePresenter получен, ищем Guidance через его методы и поля...
11-15 19:57:38.389  2962  2962 I AAPlatform.NavigationImpl: [onReceive:129-main]-ACTION_RECEIVE_3TH_NAVI isNativeNavigationActive = false
11-15 19:57:38.389  2962  2962 I AAPlatform.NavigationImpl: [notifyNativeNavigationStatus:80-main]-use native navigation = false
11-15 19:57:38.391 14853 14853 I NavigationMonitor: Найдено методов в GuidanceServicePresenter: 15
11-15 19:57:38.407 14853 14853 I NavigationMonitor: Найдено полей в GuidanceServicePresenter: 8
11-15 19:57:38.414 14853 14853 I NavigationMonitor: ✓ Guidance найден в поле GuidanceServicePresenter.handler
11-15 19:57:38.415 14853 14853 I NavigationMonitor: Guidance получен через GenericGuidanceComponent
11-15 19:57:38.416 14853 14853 I NavigationMonitor: === Проверка активности навигации через Guidance ===
11-15 19:57:38.418 14853 14853 I NavigationMonitor: Guidance валиден
11-15 19:57:38.425 14853 14853 I NavigationMonitor: isNavigationActive вернул: false
11-15 19:57:38.428 14853 14853 I NavigationMonitor: → Статус: RUNNING_BACKGROUND (синий)
11-15 19:57:38.436 14853 14853 I NavDataInterceptor: Получен broadcast: turbodog.navigation.system.message от системы
11-15 19:57:39.438 14853 14853 I NavigationMonitor: === getNavigatorStatus вызван для: ru.yandex.yandexmaps ===
11-15 19:57:39.441 14853 14853 I NavigationMonitor: === isNavigatorRunning: Проверка навигатора ===
