11-15 19:57:39.446 14853 14853 I NavigationMonitor: ✓ Навигатор запущен (GenericGuidanceComponent.INSTANCE найден)
11-15 19:57:39.451 14853 14853 I NavigationMonitor: isNavigatorRunning вернул: true
11-15 19:57:39.453 14853 14853 I NavigationMonitor: === isNavigationActive вызван ===
11-15 19:57:39.457 14853 14853 I NavigationMonitor: GuidanceServicePresenter получен, ищем Guidance через его методы и поля...
11-15 19:57:39.460 14853 14853 I NavigationMonitor: Найдено методов в GuidanceServicePresenter: 15
11-15 19:57:39.510 14853 14853 I NavigationMonitor: Найдено полей в GuidanceServicePresenter: 8
11-15 19:57:39.526 14853 14853 I NavigationMonitor: ✓ Guidance найден в поле GuidanceServicePresenter.handler
11-15 19:57:39.531 14853 14853 I NavigationMonitor: Guidance получен через GenericGuidanceComponent
11-15 19:57:39.535 14853 14853 I NavigationMonitor: === Проверка активности навигации через Guidance ===
11-15 19:57:39.540 14853 14853 I NavigationMonitor: Guidance валиден
11-15 19:57:39.554 14853 14853 I NavigationMonitor: isNavigationActive вернул: false
11-15 19:57:39.557 14853 14853 I NavigationMonitor: → Статус: RUNNING_BACKGROUND (синий)
11-15 19:57:40.369 14853 14853 I NavigationMonitor: === isNavigationActive вызван ===
11-15 19:57:40.370 14853 14853 I NavigationMonitor: GuidanceServicePresenter получен, ищем Guidance через его методы и поля...
11-15 19:57:40.371 14853 14853 I NavigationMonitor: Найдено методов в GuidanceServicePresenter: 15
11-15 19:57:40.385 14853 14853 I NavigationMonitor: Найдено полей в GuidanceServicePresenter: 8
11-15 19:57:40.395 14853 14853 I NavigationMonitor: ✓ Guidance найден в поле GuidanceServicePresenter.handler
11-15 19:57:40.396 14853 14853 I NavigationMonitor: Guidance получен через GenericGuidanceComponent
11-15 19:57:40.398 14853 14853 I NavigationMonitor: === Проверка активности навигации через Guidance ===
11-15 19:57:40.401 14853 14853 I NavigationMonitor: Guidance валиден
11-15 19:57:40.706 14853 14853 I NavigationMonitor: === isNavigatorRunning: Проверка навигатора ===
11-15 19:57:40.709 14853 14853 I NavigationMonitor: ✓ Навигатор запущен (GenericGuidanceComponent.INSTANCE найден)
11-15 19:57:40.710 14853 14853 I NavigationMonitor: === isNavigatorRunning: Проверка навигатора ===
11-15 19:57:40.712 14853 14853 I NavigationMonitor: ✓ Навигатор запущен (GenericGuidanceComponent.INSTANCE найден)
11-15 19:57:40.713 14853 14853 I NavigationMonitor: === isNavigatorRunning: Проверка навигатора ===
11-15 19:57:40.715 14853 14853 I NavigationMonitor: ✓ Навигатор запущен (GenericGuidanceComponent.INSTANCE найден)
11-15 19:57:40.722 14853 14853 I NavigationMonitor: === getNavigatorStatus вызван для: ru.yandex.yandexmaps ===
11-15 19:57:40.722  2604  2604 W ContextImpl: Calling a method in the system process without a qualified user: android.app.ContextImpl.sendBroadcast:1005 android.content.ContextWrapper.sendBroadcast:444 com.desaysv.mapservice.util.ActivityUtil.sendBroadcast:188 com.desaysv.mapservice.adapter.map.turbodog.TurboDogAdapter$3.onReceive:527 android.app.LoadedApk$ReceiverDispatcher$Args.lambda$getRunnable$0:1391 
11-15 19:57:40.723 14853 14853 I NavigationMonitor: === isNavigatorRunning: Проверка навигатора ===
11-15 19:57:40.724  2044  2105 E ActivityManager: Sending non-protected broadcast desay.thirdparty.navigation from system 2604:com.desaysv.mapservice/1000 pkg com.desaysv.mapservice
11-15 19:57:40.724  2044  2105 E ActivityManager: Sending non-protected broadcast desay.thirdparty.navigation from system 2604:com.desaysv.mapservice/1000 pkg com.desaysv.mapservice
11-15 19:57:40.725 14853 14853 I NavigationMonitor: ✓ Навигатор запущен (GenericGuidanceComponent.INSTANCE найден)
11-15 19:57:40.726 14853 14853 I NavigationMonitor: isNavigatorRunning вернул: true
11-15 19:57:40.726  2962  2962 I AAPlatform.NavigationImpl: [onReceive:120-main]-action = desay.thirdparty.navigation
11-15 19:57:40.727  2962  2962 I AAPlatform.NavigationImpl: [onReceive:129-main]-ACTION_RECEIVE_3TH_NAVI isNativeNavigationActive = false
11-15 19:57:40.727 14853 14853 I NavigationMonitor: === isNavigationActive вызван ===
11-15 19:57:40.727  2962  2962 I AAPlatform.NavigationImpl: [notifyNativeNavigationStatus:80-main]-use native navigation = false
11-15 19:57:40.728 14853 14853 I NavigationMonitor: GuidanceServicePresenter получен, ищем Guidance через его методы и поля...
11-15 19:57:40.730 14853 14853 I NavigationMonitor: Найдено методов в GuidanceServicePresenter: 15
11-15 19:57:40.743 14853 14853 I NavigationMonitor: Найдено полей в GuidanceServicePresenter: 8
11-15 19:57:40.751 14853 14853 I NavigationMonitor: ✓ Guidance найден в поле GuidanceServicePresenter.handler
11-15 19:57:40.752 14853 14853 I NavigationMonitor: Guidance получен через GenericGuidanceComponent
11-15 19:57:40.753 14853 14853 I NavigationMonitor: === Проверка активности навигации через Guidance ===
11-15 19:57:40.755 14853 14853 I NavigationMonitor: Guidance валиден
11-15 19:57:40.760 14853 14853 I NavigationMonitor: isNavigationActive вернул: false
11-15 19:57:40.762 14853 14853 I NavigationMonitor: → Статус: RUNNING_BACKGROUND (синий)
11-15 19:57:40.767 14853 14853 I NavDataInterceptor: Получен broadcast: turbodog.navigation.system.message от системы
11-15 19:57:41.780 14853 14853 I NavigationMonitor: === getNavigatorStatus вызван для: ru.yandex.yandexmaps ===
11-15 19:57:41.781 14853 14853 I NavigationMonitor: === isNavigatorRunning: Проверка навигатора ===
11-15 19:57:41.782 14853 14853 I NavigationMonitor: ✓ Навигатор запущен (GenericGuidanceComponent.INSTANCE найден)
11-15 19:57:41.784 14853 14853 I NavigationMonitor: isNavigatorRunning вернул: true
11-15 19:57:41.786 14853 14853 I NavigationMonitor: === isNavigationActive вызван ===
11-15 19:57:41.788 14853 14853 I NavigationMonitor: GuidanceServicePresenter получен, ищем Guidance через его методы и поля...
11-15 19:57:41.789 14853 14853 I NavigationMonitor: Найдено методов в GuidanceServicePresenter: 15
11-15 19:57:41.807 14853 14853 I NavigationMonitor: Найдено полей в GuidanceServicePresenter: 8
11-15 19:57:41.818 14853 14853 I NavigationMonitor: ✓ Guidance найден в поле GuidanceServicePresenter.handler
11-15 19:57:41.819 14853 14853 I NavigationMonitor: Guidance получен через GenericGuidanceComponent
11-15 19:57:41.820 14853 14853 I NavigationMonitor: === Проверка активности навигации через Guidance ===
11-15 19:57:41.823 14853 14853 I NavigationMonitor: Guidance валиден
11-15 19:57:41.827 14853 14853 I NavigationMonitor: isNavigationActive вернул: false
11-15 19:57:41.828 14853 14853 I NavigationMonitor: → Статус: RUNNING_BACKGROUND (синий)
11-15 19:57:42.706 14853 14853 I NavigationMonitor: === isNavigationActive вызван ===
11-15 19:57:42.708 14853 14853 I NavigationMonitor: GuidanceServicePresenter получен, ищем Guidance через его методы и поля...
11-15 19:57:42.709 14853 14853 I NavigationMonitor: Найдено методов в GuidanceServicePresenter: 15
11-15 19:57:42.723 14853 14853 I NavigationMonitor: Найдено полей в GuidanceServicePresenter: 8
11-15 19:57:42.731 14853 14853 I NavigationMonitor: ✓ Guidance найден в поле GuidanceServicePresenter.handler
11-15 19:57:42.732 14853 14853 I NavigationMonitor: Guidance получен через GenericGuidanceComponent
11-15 19:57:42.734 14853 14853 I NavigationMonitor: === Проверка активности навигации через Guidance ===
11-15 19:57:42.738 14853 14853 I NavigationMonitor: Guidance валиден
11-15 19:57:43.050 14853 14853 I NavigationMonitor: === isNavigatorRunning: Проверка навигатора ===
11-15 19:57:43.051 14853 14853 I NavigationMonitor: ✓ Навигатор запущен (GenericGuidanceComponent.INSTANCE найден)
11-15 19:57:43.053 14853 14853 I NavigationMonitor: === isNavigatorRunning: Проверка навигатора ===
11-15 19:57:43.054 14853 14853 I NavigationMonitor: ✓ Навигатор запущен (GenericGuidanceComponent.INSTANCE найден)
11-15 19:57:43.055 14853 14853 I NavigationMonitor: === isNavigatorRunning: Проверка навигатора ===
11-15 19:57:43.057 14853 14853 I NavigationMonitor: ✓ Навигатор запущен (GenericGuidanceComponent.INSTANCE найден)
11-15 19:57:43.064 14853 14853 I NavigationMonitor: === getNavigatorStatus вызван для: ru.yandex.yandexmaps ===
11-15 19:57:43.067 14853 14853 I NavigationMonitor: === isNavigatorRunning: Проверка навигатора ===
11-15 19:57:43.068  2604  2604 W ContextImpl: Calling a method in the system process without a qualified user: android.app.ContextImpl.sendBroadcast:1005 android.content.ContextWrapper.sendBroadcast:444 com.desaysv.mapservice.util.ActivityUtil.sendBroadcast:188 com.desaysv.mapservice.adapter.map.turbodog.TurboDogAdapter$3.onReceive:527 android.app.LoadedApk$ReceiverDispatcher$Args.lambda$getRunnable$0:1391 
11-15 19:57:43.070  2044  6803 E ActivityManager: Sending non-protected broadcast desay.thirdparty.navigation from system 2604:com.desaysv.mapservice/1000 pkg com.desaysv.mapservice
11-15 19:57:43.070  2044  6803 E ActivityManager: Sending non-protected broadcast desay.thirdparty.navigation from system 2604:com.desaysv.mapservice/1000 pkg com.desaysv.mapservice
11-15 19:57:43.070 14853 14853 I NavigationMonitor: ✓ Навигатор запущен (GenericGuidanceComponent.INSTANCE найден)
11-15 19:57:43.071  2962  2962 I AAPlatform.NavigationImpl: [onReceive:120-main]-action = desay.thirdparty.navigation
11-15 19:57:43.071  2962  2962 I AAPlatform.NavigationImpl: [onReceive:129-main]-ACTION_RECEIVE_3TH_NAVI isNativeNavigationActive = false
11-15 19:57:43.071  2962  2962 I AAPlatform.NavigationImpl: [notifyNativeNavigationStatus:80-main]-use native navigation = false
11-15 19:57:43.073 14853 14853 I NavigationMonitor: isNavigatorRunning вернул: true
11-15 19:57:43.074 14853 14853 I NavigationMonitor: === isNavigationActive вызван ===
11-15 19:57:43.077 14853 14853 I NavigationMonitor: GuidanceServicePresenter получен, ищем Guidance через его методы и поля...
11-15 19:57:43.079 14853 14853 I NavigationMonitor: Найдено методов в GuidanceServicePresenter: 15
11-15 19:57:43.105 14853 14853 I NavigationMonitor: Найдено полей в GuidanceServicePresenter: 8
11-15 19:57:43.111 14853 14853 I NavigationMonitor: ✓ Guidance найден в поле GuidanceServicePresenter.handler
11-15 19:57:43.112 14853 14853 I NavigationMonitor: Guidance получен через GenericGuidanceComponent
11-15 19:57:43.114 14853 14853 I NavigationMonitor: === Проверка активности навигации через Guidance ===
11-15 19:57:43.116 14853 14853 I NavigationMonitor: Guidance валиден
11-15 19:57:43.122 14853 14853 I NavigationMonitor: isNavigationActive вернул: false
11-15 19:57:43.123 14853 14853 I NavigationMonitor: → Статус: RUNNING_BACKGROUND (синий)
11-15 19:57:43.131 14853 14853 I NavDataInterceptor: Получен broadcast: turbodog.navigation.system.message от системы
11-15 19:57:44.133 14853 14853 I NavigationMonitor: === getNavigatorStatus вызван для: ru.yandex.yandexmaps ===
11-15 19:57:44.135 14853 14853 I NavigationMonitor: === isNavigatorRunning: Проверка навигатора ===
11-15 19:57:44.142 14853 14853 I NavigationMonitor: ✓ Навигатор запущен (GenericGuidanceComponent.INSTANCE найден)
11-15 19:57:44.144 14853 14853 I NavigationMonitor: isNavigatorRunning вернул: true
11-15 19:57:44.146 14853 14853 I NavigationMonitor: === isNavigationActive вызван ===
11-15 19:57:44.149 14853 14853 I NavigationMonitor: GuidanceServicePresenter получен, ищем Guidance через его методы и поля...
11-15 19:57:44.151 14853 14853 I NavigationMonitor: Найдено методов в GuidanceServicePresenter: 15
11-15 19:57:44.214 14853 14853 I NavigationMonitor: Найдено полей в GuidanceServicePresenter: 8
11-15 19:57:44.227 14853 14853 I NavigationMonitor: ✓ Guidance найден в поле GuidanceServicePresenter.handler
11-15 19:57:44.229 14853 14853 I NavigationMonitor: Guidance получен через GenericGuidanceComponent
11-15 19:57:44.231 14853 14853 I NavigationMonitor: === Проверка активности навигации через Guidance ===
11-15 19:57:44.237 14853 14853 I NavigationMonitor: Guidance валиден
11-15 19:57:44.244 14853 14853 I NavigationMonitor: isNavigationActive вернул: false
11-15 19:57:44.249 14853 14853 I NavigationMonitor: → Статус: RUNNING_BACKGROUND (синий)
11-15 19:57:45.052 14853 14853 I NavigationMonitor: === isNavigationActive вызван ===
11-15 19:57:45.078 14853 14853 I NavigationMonitor: GuidanceServicePresenter получен, ищем Guidance через его методы и поля...
11-15 19:57:45.079 14853 14853 I NavigationMonitor: Найдено методов в GuidanceServicePresenter: 15
11-15 19:57:45.099 14853 14853 I NavigationMonitor: Найдено полей в GuidanceServicePresenter: 8
11-15 19:57:45.104 14853 14853 I NavigationMonitor: ✓ Guidance найден в поле GuidanceServicePresenter.handler
11-15 19:57:45.105 14853 14853 I NavigationMonitor: Guidance получен через GenericGuidanceComponent
11-15 19:57:45.106 14853 14853 I NavigationMonitor: === Проверка активности навигации через Guidance ===
11-15 19:57:45.107 14853 14853 I NavigationMonitor: Guidance валиден
11-15 19:57:45.413 14853 14853 I NavigationMonitor: === isNavigatorRunning: Проверка навигатора ===
11-15 19:57:45.414 14853 14853 I NavigationMonitor: ✓ Навигатор запущен (GenericGuidanceComponent.INSTANCE найден)
11-15 19:57:45.416 14853 14853 I NavigationMonitor: === isNavigatorRunning: Проверка навигатора ===
11-15 19:57:45.417 14853 14853 I NavigationMonitor: ✓ Навигатор запущен (GenericGuidanceComponent.INSTANCE найден)
11-15 19:57:45.419 14853 14853 I NavigationMonitor: === isNavigatorRunning: Проверка навигатора ===
11-15 19:57:45.420 14853 14853 I NavigationMonitor: ✓ Навигатор запущен (GenericGuidanceComponent.INSTANCE найден)
11-15 19:57:45.426 14853 14853 I NavigationMonitor: === getNavigatorStatus вызван для: ru.yandex.yandexmaps ===
11-15 19:57:45.427  2604  2604 W ContextImpl: Calling a method in the system process without a qualified user: android.app.ContextImpl.sendBroadcast:1005 android.content.ContextWrapper.sendBroadcast:444 com.desaysv.mapservice.util.ActivityUtil.sendBroadcast:188 com.desaysv.mapservice.adapter.map.turbodog.TurboDogAdapter$3.onReceive:527 android.app.LoadedApk$ReceiverDispatcher$Args.lambda$getRunnable$0:1391 
11-15 19:57:45.427 14853 14853 I NavigationMonitor: === isNavigatorRunning: Проверка навигатора ===
11-15 19:57:45.428  2044  2105 E ActivityManager: Sending non-protected broadcast desay.thirdparty.navigation from system 2604:com.desaysv.mapservice/1000 pkg com.desaysv.mapservice
11-15 19:57:45.429  2044  2105 E ActivityManager: Sending non-protected broadcast desay.thirdparty.navigation from system 2604:com.desaysv.mapservice/1000 pkg com.desaysv.mapservice
11-15 19:57:45.429 14853 14853 I NavigationMonitor: ✓ Навигатор запущен (GenericGuidanceComponent.INSTANCE найден)
11-15 19:57:45.430 14853 14853 I NavigationMonitor: isNavigatorRunning вернул: true
11-15 19:57:45.431  2962  2962 I AAPlatform.NavigationImpl: [onReceive:120-main]-action = desay.thirdparty.navigation
11-15 19:57:45.431  2962  2962 I AAPlatform.NavigationImpl: [onReceive:129-main]-ACTION_RECEIVE_3TH_NAVI isNativeNavigationActive = false
11-15 19:57:45.431  2962  2962 I AAPlatform.NavigationImpl: [notifyNativeNavigationStatus:80-main]-use native navigation = false
11-15 19:57:45.431 14853 14853 I NavigationMonitor: === isNavigationActive вызван ===
11-15 19:57:45.433 14853 14853 I NavigationMonitor: GuidanceServicePresenter получен, ищем Guidance через его методы и поля...
11-15 19:57:45.434 14853 14853 I NavigationMonitor: Найдено методов в GuidanceServicePresenter: 15
11-15 19:57:45.453 14853 14853 I NavigationMonitor: Найдено полей в GuidanceServicePresenter: 8
11-15 19:57:45.460 14853 14853 I NavigationMonitor: ✓ Guidance найден в поле GuidanceServicePresenter.handler
11-15 19:57:45.461 14853 14853 I NavigationMonitor: Guidance получен через GenericGuidanceComponent
11-15 19:57:45.462 14853 14853 I NavigationMonitor: === Проверка активности навигации через Guidance ===
11-15 19:57:45.463 14853 14853 I NavigationMonitor: Guidance валиден
11-15 19:57:45.468 14853 14853 I NavigationMonitor: isNavigationActive вернул: false
11-15 19:57:45.468 14853 14853 I NavigationMonitor: → Статус: RUNNING_BACKGROUND (синий)
11-15 19:57:45.473 14853 14853 I NavDataInterceptor: Получен broadcast: turbodog.navigation.system.message от системы
11-15 19:57:46.474 14853 14853 I NavigationMonitor: === getNavigatorStatus вызван для: ru.yandex.yandexmaps ===
11-15 19:57:46.477 14853 14853 I NavigationMonitor: === isNavigatorRunning: Проверка навигатора ===
11-15 19:57:46.479 14853 14853 I NavigationMonitor: ✓ Навигатор запущен (GenericGuidanceComponent.INSTANCE найден)
11-15 19:57:46.481 14853 14853 I NavigationMonitor: isNavigatorRunning вернул: true
11-15 19:57:46.482 14853 14853 I NavigationMonitor: === isNavigationActive вызван ===
11-15 19:57:46.483 14853 14853 I NavigationMonitor: GuidanceServicePresenter получен, ищем Guidance через его методы и поля...
11-15 19:57:46.483 14853 14853 I NavigationMonitor: Найдено методов в GuidanceServicePresenter: 15
11-15 19:57:46.494 14853 14853 I NavigationMonitor: Найдено полей в GuidanceServicePresenter: 8
11-15 19:57:46.499 14853 14853 I NavigationMonitor: ✓ Guidance найден в поле GuidanceServicePresenter.handler
11-15 19:57:46.501 14853 14853 I NavigationMonitor: Guidance получен через GenericGuidanceComponent
11-15 19:57:46.502 14853 14853 I NavigationMonitor: === Проверка активности навигации через Guidance ===
11-15 19:57:46.504 14853 14853 I NavigationMonitor: Guidance валиден
11-15 19:57:46.513 14853 14853 I NavigationMonitor: isNavigationActive вернул: false
11-15 19:57:46.515 14853 14853 I NavigationMonitor: → Статус: RUNNING_BACKGROUND (синий)
11-15 19:57:47.413 14853 14853 I NavigationMonitor: === isNavigationActive вызван ===
11-15 19:57:47.415 14853 14853 I NavigationMonitor: GuidanceServicePresenter получен, ищем Guidance через его методы и поля...
11-15 19:57:47.416 14853 14853 I NavigationMonitor: Найдено методов в GuidanceServicePresenter: 15
11-15 19:57:47.429 14853 14853 I NavigationMonitor: Найдено полей в GuidanceServicePresenter: 8
11-15 19:57:47.436 14853 14853 I NavigationMonitor: ✓ Guidance найден в поле GuidanceServicePresenter.handler
11-15 19:57:47.437 14853 14853 I NavigationMonitor: Guidance получен через GenericGuidanceComponent
11-15 19:57:47.439 14853 14853 I NavigationMonitor: === Проверка активности навигации через Guidance ===
11-15 19:57:47.442 14853 14853 I NavigationMonitor: Guidance валиден
11-15 19:57:47.948 14853 14853 I NavigationMonitor: === isNavigatorRunning: Проверка навигатора ===
11-15 19:57:47.953 14853 14853 I NavigationMonitor: ✓ Навигатор запущен (GenericGuidanceComponent.INSTANCE найден)
11-15 19:57:47.956 14853 14853 I NavigationMonitor: === isNavigatorRunning: Проверка навигатора ===
11-15 19:57:47.960 14853 14853 I NavigationMonitor: ✓ Навигатор запущен (GenericGuidanceComponent.INSTANCE найден)
11-15 19:57:47.964 14853 14853 I NavigationMonitor: === isNavigatorRunning: Проверка навигатора ===
11-15 19:57:47.967  2604  2604 W ContextImpl: Calling a method in the system process without a qualified user: android.app.ContextImpl.sendBroadcast:1005 android.content.ContextWrapper.sendBroadcast:444 com.desaysv.mapservice.util.ActivityUtil.sendBroadcast:188 com.desaysv.mapservice.adapter.map.turbodog.TurboDogAdapter$3.onReceive:527 android.app.LoadedApk$ReceiverDispatcher$Args.lambda$getRunnable$0:1391 
11-15 19:57:47.967 14853 14853 I NavigationMonitor: ✓ Навигатор запущен (GenericGuidanceComponent.INSTANCE найден)
11-15 19:57:47.968  2044 14819 E ActivityManager: Sending non-protected broadcast desay.thirdparty.navigation from system 2604:com.desaysv.mapservice/1000 pkg com.desaysv.mapservice
11-15 19:57:47.968  2044 14819 E ActivityManager: Sending non-protected broadcast desay.thirdparty.navigation from system 2604:com.desaysv.mapservice/1000 pkg com.desaysv.mapservice
11-15 19:57:47.970  2962  2962 I AAPlatform.NavigationImpl: [onReceive:120-main]-action = desay.thirdparty.navigation
11-15 19:57:47.970  2962  2962 I AAPlatform.NavigationImpl: [onReceive:129-main]-ACTION_RECEIVE_3TH_NAVI isNativeNavigationActive = false
11-15 19:57:47.970  2962  2962 I AAPlatform.NavigationImpl: [notifyNativeNavigationStatus:80-main]-use native navigation = false
11-15 19:57:47.975 14853 14853 I NavigationMonitor: === getNavigatorStatus вызван для: ru.yandex.yandexmaps ===
11-15 19:57:47.978 14853 14853 I NavigationMonitor: === isNavigatorRunning: Проверка навигатора ===
11-15 19:57:47.981 14853 14853 I NavigationMonitor: ✓ Навигатор запущен (GenericGuidanceComponent.INSTANCE найден)
11-15 19:57:47.986 14853 14853 I NavigationMonitor: isNavigatorRunning вернул: true
11-15 19:57:47.989 14853 14853 I NavigationMonitor: === isNavigationActive вызван ===
11-15 19:57:47.992 14853 14853 I NavigationMonitor: GuidanceServicePresenter получен, ищем Guidance через его методы и поля...
11-15 19:57:47.995 14853 14853 I NavigationMonitor: Найдено методов в GuidanceServicePresenter: 15
11-15 19:57:48.040 14853 14853 I NavigationMonitor: Найдено полей в GuidanceServicePresenter: 8
11-15 19:57:48.054 14853 14853 I NavigationMonitor: ✓ Guidance найден в поле GuidanceServicePresenter.handler
11-15 19:57:48.056 14853 14853 I NavigationMonitor: Guidance получен через GenericGuidanceComponent
11-15 19:57:48.059 14853 14853 I NavigationMonitor: === Проверка активности навигации через Guidance ===
11-15 19:57:48.066 14853 14853 I NavigationMonitor: Guidance валиден
11-15 19:57:48.080 14853 14853 I NavigationMonitor: isNavigationActive вернул: false
11-15 19:57:48.082 14853 14853 I NavigationMonitor: → Статус: RUNNING_BACKGROUND (синий)
11-15 19:57:48.092 14853 14853 I NavDataInterceptor: Получен broadcast: turbodog.navigation.system.message от системы
11-15 19:57:48.710  2283  2283 I SVNavigationBar: setListener: state = true
11-15 20:04:17.403  2044  2105 I ActivityManager: START u0 {flg=0x10000000 cmp=com.astrob.turbodog/.WelcomeActivity} from uid 1000, pid 2501
11-15 20:04:17.448  2283  2283 I SVNavigationBar: setListener: state = false
11-15 20:04:17.491  2283  2305 I SYS_ActivityUtils: onAppLaunch: packageName = com.astrob.turbodog
11-15 20:04:17.507  2283  2296 I ProgressUtilDemo: onAppLaunch: packageName = com.astrob.turbodog
11-15 20:04:17.515  2226  2267 I CLAN.ACTIVITY: New top task: TaskInfoContainer [topActivity=ComponentInfo{com.astrob.turbodog/com.astrob.turbodog.WelcomeActivity}, taskId=209, stackId=7, userId=0, displayId=0
11-15 20:04:17.530  2210  2307 I CAR.AM  : New top task: TaskInfoContainer [topActivity=ComponentInfo{com.astrob.turbodog/com.astrob.turbodog.WelcomeActivity}, taskId=209, stackId=7, userId=0
11-15 20:04:17.530  2210  2307 I CAR.AM  : activity launched:TaskInfoContainer [topActivity=ComponentInfo{com.astrob.turbodog/com.astrob.turbodog.WelcomeActivity}, taskId=209, stackId=7, userId=0
11-15 20:04:17.532 14428 14428 I TurboDogApplication: onActivityCreated
11-15 20:04:17.591  2226  2267 I CLAN.ACTIVITY: currentTopTaskInfo:TaskInfoContainer [topActivity=ComponentInfo{com.astrob.turbodog/com.astrob.turbodog.WelcomeActivity}, taskId=209, stackId=7, userId=0, displayId=0
11-15 20:04:17.591  2226  2267 I CLAN.ACTIVITY: New top task: TaskInfoContainer [topActivity=ComponentInfo{com.astrob.turbodog/com.astrob.turbodog.WelcomeActivity}, taskId=209, stackId=7, userId=0, displayId=0
11-15 20:04:17.722 14428 14428 I astrob.turbodog: type=1400 audit(0.0:22503): avc: denied { read } for name="u:object_r:persist_sys_car_config_one:s0" dev="tmpfs" ino=270 scontext=u:r:navi_app:s0:c512,c768 tcontext=u:object_r:persist_sys_car_config_one:s0 tclass=file permissive=1
11-15 20:04:17.726 14428 14428 I astrob.turbodog: type=1400 audit(0.0:22504): avc: denied { open } for path="/dev/__properties__/u:object_r:persist_sys_car_config_one:s0" dev="tmpfs" ino=270 scontext=u:r:navi_app:s0:c512,c768 tcontext=u:object_r:persist_sys_car_config_one:s0 tclass=file permissive=1
11-15 20:04:17.726 14428 14428 I astrob.turbodog: type=1400 audit(0.0:22505): avc: denied { getattr } for path="/dev/__properties__/u:object_r:persist_sys_car_config_one:s0" dev="tmpfs" ino=270 scontext=u:r:navi_app:s0:c512,c768 tcontext=u:object_r:persist_sys_car_config_one:s0 tclass=file permissive=1
11-15 20:04:17.726 14428 14428 I astrob.turbodog: type=1400 audit(0.0:22506): avc: denied { map } for path="/dev/__properties__/u:object_r:persist_sys_car_config_one:s0" dev="tmpfs" ino=270 scontext=u:r:navi_app:s0:c512,c768 tcontext=u:object_r:persist_sys_car_config_one:s0 tclass=file permissive=1
11-15 20:04:17.726 14428 14428 I astrob.turbodog: type=1400 audit(0.0:22507): avc: denied { read } for name="u:object_r:persist_sys_car_config_two:s0" dev="tmpfs" ino=272 scontext=u:r:navi_app:s0:c512,c768 tcontext=u:object_r:persist_sys_car_config_two:s0 tclass=file permissive=1
11-15 20:04:18.163  2544  2544 I UiAccessibilityServices: onAccessibilityEvent-->pkg: com.astrob.turbodog/class: android.widget.FrameLayout
11-15 20:04:18.650 14428 14428 I h       : engine started, app version=TurboDog_V9.1.7_20250625_2_1, 46
11-15 20:04:18.709 14428 14428 I NaviAIDLService: {"requestAuthor":"com.astrob.turbodog","protocolId":30200,"messageType":"dispatch","statusCode":200,"data":{"autoStatus":10}}
11-15 20:04:18.731 14428 14428 I TurboDogApplication: onActivityStarted
11-15 20:04:18.732 14428 14428 I TurboDogApplication: onActivityResumed
11-15 20:04:18.956 14428 14428 W FunctionLayer: CTurboDogDlg OnInitDialog, w=1920, h=720
11-15 20:04:18.959 14428 15915 I FunctionLayer: Startup In Foreground--CTurboDogDlg::TurboDog_CreateGL
11-15 20:04:18.961 14428 15915 W NaviUtility: (Locale)Navigation does not have this language, replace with:ru
11-15 20:04:18.961 14428 15915 W FunctionLayer: CTurboDogDlg::Preset eLang = 17
11-15 20:04:18.961 14428 15915 W FunctionLayer: CTurboDogDlg::Preset eIllStatus=0
11-15 20:04:18.966 14428 15915 I NaviAIDLService: {"requestAuthor":"com.astrob.turbodog","protocolId":30200,"messageType":"dispatch","statusCode":200,"data":{"autoStatus":7}}
11-15 20:04:19.088 14428 15915 E FunctionLayer: CTurboDogDlg::CheckUDisk:bSupportUptData=1, bSupportUptEngine=0
11-15 20:04:19.088 14428 15915 W FunctionLayer: CUDiskUpdateManager::SetPath MapDataPath=/data_extra/map/TurboDog/mapdata/, RundirPath=/data_extra/map/TurboDog/rundir
11-15 20:04:19.107 14428 15915 W FunctionLayer: FL_ConfigImp::FLSetMapDataRegion /data_extra/map/TurboDog/mapdata/maps/mapv.dat exist
11-15 20:04:19.110  2044  2057 I ActivityManager: Displayed com.astrob.turbodog/.WelcomeActivity: +1s640ms
11-15 20:04:19.193  2283  2296 I ProgressUtilDemo: onAppLaunch: packageName = com.astrob.turbodog
11-15 20:04:19.206  2226  2267 I CLAN.ACTIVITY: currentTopTaskInfo:TaskInfoContainer [topActivity=ComponentInfo{com.astrob.turbodog/com.astrob.turbodog.WelcomeActivity}, taskId=209, stackId=7, userId=0, displayId=0
11-15 20:04:19.207  2226  2267 I CLAN.ACTIVITY: New top task: TaskInfoContainer [topActivity=ComponentInfo{com.astrob.turbodog/com.astrob.turbodog.WelcomeActivity}, taskId=209, stackId=7, userId=0, displayId=0
11-15 20:04:19.268  1714  3057 W SurfaceFlinger: Attempting to set client state on removed layer: Splash Screen com.astrob.turbodog#0
11-15 20:04:19.268  1714  3057 W SurfaceFlinger: Attempting to destroy on removed layer: Splash Screen com.astrob.turbodog#0
11-15 20:04:19.372 14428 15915 W FunctionLayer: TurboDog_CreateNVG
11-15 20:04:19.524  2544  2544 I UiAccessibilityServices: onAccessibilityEvent-->pkg: com.astrob.turbodog/class: com.astrob.turbodog.WelcomeActivity
11-15 20:04:21.536 14428 15915 W FunctionLayer: CTurboDogDlg::LaunchNavi:remove copying voice files from assets to map partitions
11-15 20:04:21.573 14428 15915 W FunctionLayer: FL_ConfigImp::FLSetMapDataRegion /data_extra/map/TurboDog/mapdata/maps/mapv.dat exist
11-15 20:04:21.739 14428 15915 W FunctionLayer: FL_EncryptImp::SaveUserSNGFile save file /data_extra/map/TurboDog/rundir/UserData/licensekey.sng
11-15 20:04:21.751 14428 15915 W FunctionLayer: FL_EncryptImp::SaveUserSNGFile save file /data_extra/map/TurboDog/rundir/Reg/licensekey.sng
11-15 20:04:21.769 14428 15915 W FunctionLayer: /data_extra/map/TurboDog/mapdata/maps/
11-15 20:04:21.769 14428 15915 W FunctionLayer: strBaseCfgPath = smf_base.cfg, strPath = /data_extra/map/TurboDog/rundir, strMapDataPath = /data_extra/map/TurboDog/mapdata/
11-15 20:04:21.817 14428 15915 W FunctionLayer: Open /data_extra/map/TurboDog/mapdata/maps/rus_dis.smf Suc.
11-15 20:04:21.817 14428 15915 W FunctionLayer: Open /data_extra/map/TurboDog/mapdata/maps/rus.smf Suc.
11-15 20:04:21.975 14428 15915 W FunctionLayer: [CPackFileReader::Open]---open pack ui file:/data_extra/map/TurboDog/mapdata/extdata/sar
11-15 20:04:22.019 14428 15915 W TMERoute: TestWhetherDividRegion open-1 /data_extra/map/TurboDog/mapdata/route//regionindex.rdx.
11-15 20:04:22.328 14428 15915 W FunctionLayer: [CPackFileReader::Open]---open pack ui file:/data_extra/map/TurboDog/mapdata/extdata/ejv
11-15 20:04:22.342 14428 15915 W FunctionLayer: [CPackFileReader::Open]---open pack ui file:/data_extra/map/TurboDog/mapdata/extdata/gjv
11-15 20:04:22.489 14428 15915 I GenericCustomCenter: Intent { act=turbodog.navigation.system.message (has extras) }Bundle[{CODE=200}]
11-15 20:04:22.490 14428 15915 I GenericCustomCenter: Intent { act=turbodog.navigation.system.message (has extras) }Bundle[{CODE=207}]
11-15 20:04:22.491  2604  2604 W ContextImpl: Calling a method in the system process without a qualified user: android.app.ContextImpl.sendBroadcast:1005 android.content.ContextWrapper.sendBroadcast:444 com.desaysv.mapservice.util.ActivityUtil.sendBroadcast:188 com.desaysv.mapservice.adapter.map.turbodog.TurboDogAdapter.sendBroadcastToTurboDog:464 com.desaysv.mapservice.adapter.map.turbodog.TurboDogAdapter.sendHeadLightModelData:441 
11-15 20:04:22.499  2044  6803 E ActivityManager: Sending non-protected broadcast turbodog.system.navigation.message from system 2604:com.desaysv.mapservice/1000 pkg com.desaysv.mapservice
11-15 20:04:22.500  2044  6803 E ActivityManager: Sending non-protected broadcast turbodog.system.navigation.message from system 2604:com.desaysv.mapservice/1000 pkg com.desaysv.mapservice
11-15 20:04:22.508 14428 14428 I TurboDogGpsService: onCreate
11-15 20:04:22.522 14428 14428 I TurboDogGpsService: onStartCommand
11-15 20:04:22.523 14428 14428 I TurboDogGpsService: intent = Intent { cmp=com.astrob.turbodog/.TurboDogGpsService (has extras) }, engineInitFinished = true
11-15 20:04:22.523 14428 14428 I TurboDogGpsService: sensorManager onCreate
11-15 20:04:22.528 14428 14428 I TurboDogGpsService: SENSOR_SERVICE size is 6
11-15 20:04:22.528 14428 14428 I TurboDogGpsService: No_0,  sensorManager: ASM330LHH Accelerometer Sensor, type: 1
11-15 20:04:22.529 14428 14428 I TurboDogGpsService: No_1,  sensorManager: ASM330LHH Temperature Sensor, type: 7
11-15 20:04:22.529 14428 14428 I TurboDogGpsService: No_2,  sensorManager: ASM330LHH Gyroscope Sensor, type: 4
11-15 20:04:22.529 14428 14428 I TurboDogGpsService: No_3,  sensorManager: Dynamic Sensor Manager, type: 32
11-15 20:04:22.529 14428 14428 I TurboDogGpsService: No_4,  sensorManager: Game Rotation Vector Sensor, type: 15
11-15 20:04:22.529 14428 14428 I TurboDogGpsService: No_5,  sensorManager: Gravity Sensor, type: 9
11-15 20:04:22.570 14428 14428 I TurboDogGpsService: partNumer=703000765AA
11-15 20:04:22.570 14428 14428 I TurboDogGpsService: ins service initialization completed
11-15 20:04:22.572 14428 14428 E H3NCustomCenter: Receive message:turbodog.system.navigation.message, code=100, data=2
11-15 20:04:22.573 14428 14428 I TurboDogGpsService: car speed service is connected
11-15 20:04:22.982 14428 15915 I NaviAIDLService: {"requestAuthor":"com.astrob.turbodog","protocolId":30200,"messageType":"dispatch","statusCode":200,"data":{"autoStatus":8}}
11-15 20:04:22.995 14428 15915 I FunctionLayer: FL_ConfigImp::FLSaveSet(): strSaveFilePath = /data_extra/map/TurboDog/rundir/UserData/SystemSet.dat
11-15 20:04:24.627 14428 15915 I GenericCustomCenter: Intent { act=turbodog.navigation.system.message (has extras) }Bundle[{CODE=202, DATA=1}]
11-15 20:04:24.628 14428 15915 I NaviAIDLService: {"requestAuthor":"com.astrob.turbodog","protocolId":30200,"messageType":"dispatch","statusCode":200,"data":{"autoStatus":16}}
11-15 20:04:24.646 14428 15915 I NaviAIDLService: {"requestAuthor":"com.astrob.turbodog","protocolId":30200,"messageType":"dispatch","statusCode":200,"data":{"autoStatus":14}}
11-15 20:04:24.649  2604  2604 W ContextImpl: Calling a method in the system process without a qualified user: android.app.ContextImpl.sendBroadcast:1005 android.content.ContextWrapper.sendBroadcast:444 com.desaysv.mapservice.util.ActivityUtil.sendBroadcast:188 com.desaysv.mapservice.adapter.map.turbodog.TurboDogAdapter$3.onReceive:512 android.app.LoadedApk$ReceiverDispatcher$Args.lambda$getRunnable$0:1391 
11-15 20:04:24.650  2044 14819 E ActivityManager: Sending non-protected broadcast desay.thirdparty.navigation from system 2604:com.desaysv.mapservice/1000 pkg com.desaysv.mapservice
11-15 20:04:24.650  2044 14819 E ActivityManager: Sending non-protected broadcast desay.thirdparty.navigation from system 2604:com.desaysv.mapservice/1000 pkg com.desaysv.mapservice
11-15 20:04:24.664  2962  2962 I AAPlatform.NavigationImpl: [onReceive:120-main]-action = desay.thirdparty.navigation
11-15 20:04:24.664  2962  2962 I AAPlatform.NavigationImpl: [onReceive:129-main]-ACTION_RECEIVE_3TH_NAVI isNativeNavigationActive = true
11-15 20:04:24.664  2962  2962 I AAPlatform.NavigationImpl: [notifyNativeNavigationStatus:80-main]-use native navigation = true
11-15 20:04:24.687  2044 14819 I MediaFocusControl: requestAudioFocus() from uid/pid 1069/14428 clientId=android.media.AudioManager@aa76a94com.astrob.navi.astrobnavilib.s$a@e39a93d callingPack=com.astrob.turbodog req=3 flags=0x0 sdk=29
11-15 20:04:24.707  2044 14819 I MediaFocusControl: focusRequester stream=navi;AudioFocusPolicyItem: priority=7000 lowPriAction=24 samePriAction=0 streams[]={navi,ta,cp_navi,cl_navi,hicar_navi,} specialStream=[SpecialPolicyItem: dstPri=7100 action=2 streams=all, SpecialPolicyItem: dstPri=7200 action=20 streams=all];[SpecialPolicyItem: dstPri=7100 action=2 streams=all, SpecialPolicyItem: dstPri=7200 action=20 streams=all];;currStream=bt_music;AudioFocusPolicyItem: priority=8000 lowPriAction=5 samePriAction=0 streams[]={music,mute_hardkey,fm,am,dab,radio,usb0,usb1,ipod0,ipod1,aux0,aux1,sd0,sd1,cp_media,cl_media,aa_media,bt_music,online_news,online_program,online_network_station,online_music,dlna_music,weather,local_music,qqmusic,usb0_video,usb1_video,dlna_video,hicar_media,} specialStream=null;arbitrateResult:2, aa = AudioAttributes: usage=USAGE_ASSISTANCE_NAVIGATION_GUIDANCE content=CONTENT_TYPE_SPEECH flags=0x0 tags= bundle=null
11-15 20:04:26.317  2044  4147 I MediaFocusControl: removeFocusForAmp attr = AudioAttributes: usage=USAGE_ASSISTANCE_NAVIGATION_GUIDANCE content=CONTENT_TYPE_SPEECH flags=0x0 tags= bundle=null; clientId = android.media.AudioManager@aa76a94com.astrob.navi.astrobnavilib.s$a@e39a93d
11-15 20:04:27.645 14428 14428 I TurboDogApplication: onActivityPaused
11-15 20:04:27.752  2283  2283 I SVNavigationBar: setListener: state = true
11-15 20:04:27.931 14428 14428 I TurboDogApplication: onActivityStopped
11-15 20:04:27.931 14428 14428 I TurboDogApplication: main activity is in backgroud
11-15 20:04:27.931 14428 14428 I NaviAIDLService: {"requestAuthor":"com.astrob.turbodog","protocolId":30200,"messageType":"dispatch","statusCode":200,"data":{"autoStatus":11}}
11-15 20:04:27.973  1714  2126 E BufferQueueProducer: [SurfaceView - com.astrob.turbodog/com.astrob.turbodog.WelcomeActivity#0] disconnect: not connected (req=1)
11-15 20:04:29.888  2604  2641 W ContextImpl: Calling a method in the system process without a qualified user: android.app.ContextImpl.sendBroadcast:1005 android.content.ContextWrapper.sendBroadcast:444 com.desaysv.mapservice.util.ActivityUtil.sendTurboDogScreenBroadcast:229 com.desaysv.mapservice.manager.MeterControl.displayControl:48 com.desaysv.mapservice.manager.SVCarLanManager$1$1.onMessage:75 
11-15 20:04:29.890  2044 13923 E ActivityManager: Sending non-protected broadcast desay.broadcast.map.meter.interaction from system 2604:com.desaysv.mapservice/1000 pkg com.desaysv.mapservice
11-15 20:04:29.890  2044 13923 E ActivityManager: Sending non-protected broadcast desay.broadcast.map.meter.interaction from system 2604:com.desaysv.mapservice/1000 pkg com.desaysv.mapservice
11-15 20:04:31.046  2604  2641 W ContextImpl: Calling a method in the system process without a qualified user: android.app.ContextImpl.sendBroadcast:1005 android.content.ContextWrapper.sendBroadcast:444 com.desaysv.mapservice.util.ActivityUtil.sendTurboDogScreenBroadcast:229 com.desaysv.mapservice.manager.MeterControl.displayControl:55 com.desaysv.mapservice.manager.SVCarLanManager$1$1.onMessage:75 
11-15 20:04:31.048  2044 13923 E ActivityManager: Sending non-protected broadcast desay.broadcast.map.meter.interaction from system 2604:com.desaysv.mapservice/1000 pkg com.desaysv.mapservice
11-15 20:04:31.048  2044 13923 E ActivityManager: Sending non-protected broadcast desay.broadcast.map.meter.interaction from system 2604:com.desaysv.mapservice/1000 pkg com.desaysv.mapservice
11-15 20:04:31.113 14428 14428 W FunctionLayer: CTurboDogDlg::AddSecondaryWnd w=0, h=0, dpi=0, nWndIdx=3
11-15 20:04:31.770  2544  2544 I UiAccessibilityServices: onAccessibilityEvent-->pkg: com.astrob.turbodog/class: com.astrob.turbodog.b
