11-27 18:48:24.099  3565  4156 I SYS_TBoxUtilLocal: onNetworkStatus: networkBean = NetworkBean{URI='content://tbox.automotive.neusoft.com/NetworkStatusNotification', DataConnection=false, SimCardRegistraionStatus=false, MobileNetworkType='NoNetwork', Roaming=false, SignalStrength=-1, RouterIPAddress='', VPNIPAddress=''}
11-27 18:48:26.178  1589  2039 I vehiclelan|commonProxy: begin to writeMessage msgType = 0x1005 subtype = 1 ret = 0
11-27 18:48:26.513  2161  2161 W CarStateManagerService: <VehiclePower>send type is:0;temp is:0
11-27 18:48:29.096  3565  4156 I SYS_TBoxUtilLocal: onNetworkStatus: networkBean = NetworkBean{URI='content://tbox.automotive.neusoft.com/NetworkStatusNotification', DataConnection=false, SimCardRegistraionStatus=false, MobileNetworkType='NoNetwork', Roaming=false, SignalStrength=-1, RouterIPAddress='', VPNIPAddress=''}
11-27 18:48:29.097  2275  2294 I SYS_TBoxUtilLocal: onNetworkStatus: networkBean = NetworkBean{URI='content://tbox.automotive.neusoft.com/NetworkStatusNotification', DataConnection=false, SimCardRegistraionStatus=false, MobileNetworkType='NoNetwork', Roaming=false, SignalStrength=-1, RouterIPAddress='', VPNIPAddress=''}
11-27 18:48:31.510  2161  2161 W CarStateManagerService: <VehiclePower>send type is:0;temp is:0
11-27 18:48:34.096  2275  2294 I SYS_TBoxUtilLocal: onNetworkStatus: networkBean = NetworkBean{URI='content://tbox.automotive.neusoft.com/NetworkStatusNotification', DataConnection=false, SimCardRegistraionStatus=false, MobileNetworkType='NoNetwork', Roaming=false, SignalStrength=-1, RouterIPAddress='', VPNIPAddress=''}
11-27 18:48:34.097  3565  3578 I SYS_TBoxUtilLocal: onNetworkStatus: networkBean = NetworkBean{URI='content://tbox.automotive.neusoft.com/NetworkStatusNotification', DataConnection=false, SimCardRegistraionStatus=false, MobileNetworkType='NoNetwork', Roaming=false, SignalStrength=-1, RouterIPAddress='', VPNIPAddress=''}
11-27 18:48:36.186  1589  2039 I vehiclelan|commonProxy: begin to writeMessage msgType = 0x1005 subtype = 1 ret = 0
11-27 18:48:36.510  2161  2161 W CarStateManagerService: <VehiclePower>send type is:0;temp is:0
11-27 18:48:38.990  6369  6369 I cat     : type=1400 audit(0.0:7550): avc: denied { open } for path="/vendor/vehicle/etc/iptables-firewall" dev="vda27" ino=415 scontext=u:r:shell:s0 tcontext=u:object_r:vendor_file:s0 tclass=file permissive=1
11-27 18:48:39.104  2275  2294 I SYS_TBoxUtilLocal: onNetworkStatus: networkBean = NetworkBean{URI='content://tbox.automotive.neusoft.com/NetworkStatusNotification', DataConnection=false, SimCardRegistraionStatus=false, MobileNetworkType='NoNetwork', Roaming=false, SignalStrength=-1, RouterIPAddress='', VPNIPAddress=''}
11-27 18:48:39.107  3565  3578 I SYS_TBoxUtilLocal: onNetworkStatus: networkBean = NetworkBean{URI='content://tbox.automotive.neusoft.com/NetworkStatusNotification', DataConnection=false, SimCardRegistraionStatus=false, MobileNetworkType='NoNetwork', Roaming=false, SignalStrength=-1, RouterIPAddress='', VPNIPAddress=''}
11-27 18:48:39.682  6371  6371 I pidof   : type=1400 audit(0.0:7551): avc: denied { read } for scontext=u:r:direct_network_config:s0 tcontext=u:r:vehicle_shmemslaver:s0 tclass=file permissive=1
11-27 18:48:39.682  6371  6371 I pidof   : type=1400 audit(0.0:7552): avc: denied { read } for scontext=u:r:direct_network_config:s0 tcontext=u:r:vehicle_linkdevicemanager:s0 tclass=file permissive=1
11-27 18:48:39.690  6371  6371 I pidof   : type=1400 audit(0.0:7553): avc: denied { open } for path="/proc/2558/comm" dev="proc" ino=117011 scontext=u:r:direct_network_config:s0 tcontext=u:r:vehicle_shmemslaver:s0 tclass=file permissive=1
11-27 18:48:39.690  6371  6371 I pidof   : type=1400 audit(0.0:7554): avc: denied { open } for path="/proc/2560/comm" dev="proc" ino=117013 scontext=u:r:direct_network_config:s0 tcontext=u:r:vehicle_linkdevicemanager:s0 tclass=file permissive=1
11-27 18:48:39.758  6374  6374 I ls      : type=1400 audit(0.0:7556): avc: denied { getattr } for path="/vendor/vehicle/etc/vehicle.hardkey.conf" dev="vda27" ino=416 scontext=u:r:shell:s0 tcontext=u:object_r:vendor_file:s0 tclass=file permissive=1
11-27 18:48:41.515  2161  2161 W CarStateManagerService: <VehiclePower>send type is:0;temp is:0
11-27 18:48:44.101  2275  2294 I SYS_TBoxUtilLocal: onNetworkStatus: networkBean = NetworkBean{URI='content://tbox.automotive.neusoft.com/NetworkStatusNotification', DataConnection=false, SimCardRegistraionStatus=false, MobileNetworkType='NoNetwork', Roaming=false, SignalStrength=-1, RouterIPAddress='', VPNIPAddress=''}
11-27 18:48:44.105  3565  4183 I SYS_TBoxUtilLocal: onNetworkStatus: networkBean = NetworkBean{URI='content://tbox.automotive.neusoft.com/NetworkStatusNotification', DataConnection=false, SimCardRegistraionStatus=false, MobileNetworkType='NoNetwork', Roaming=false, SignalStrength=-1, RouterIPAddress='', VPNIPAddress=''}
11-27 18:48:45.990  1583  1612 I VehiclePlatform: [remoteserver|services] : StoreDateTime() - LOCAL TIME: 2025-11-27 18:48:45
11-27 18:48:46.194  1589  2039 I vehiclelan|commonProxy: begin to writeMessage msgType = 0x1005 subtype = 1 ret = 0
11-27 18:48:46.513  2161  2161 W CarStateManagerService: <VehiclePower>send type is:0;temp is:0
11-27 18:48:49.097  2275  2294 I SYS_TBoxUtilLocal: onNetworkStatus: networkBean = NetworkBean{URI='content://tbox.automotive.neusoft.com/NetworkStatusNotification', DataConnection=false, SimCardRegistraionStatus=false, MobileNetworkType='NoNetwork', Roaming=false, SignalStrength=-1, RouterIPAddress='', VPNIPAddress=''}
11-27 18:48:49.100  3565  4183 I SYS_TBoxUtilLocal: onNetworkStatus: networkBean = NetworkBean{URI='content://tbox.automotive.neusoft.com/NetworkStatusNotification', DataConnection=false, SimCardRegistraionStatus=false, MobileNetworkType='NoNetwork', Roaming=false, SignalStrength=-1, RouterIPAddress='', VPNIPAddress=''}
11-27 18:48:51.513  2161  2161 W CarStateManagerService: <VehiclePower>send type is:0;temp is:0
11-27 18:48:54.095  2275  2294 I SYS_TBoxUtilLocal: onNetworkStatus: networkBean = NetworkBean{URI='content://tbox.automotive.neusoft.com/NetworkStatusNotification', DataConnection=false, SimCardRegistraionStatus=false, MobileNetworkType='NoNetwork', Roaming=false, SignalStrength=-1, RouterIPAddress='', VPNIPAddress=''}
11-27 18:48:54.096  3565  4183 I SYS_TBoxUtilLocal: onNetworkStatus: networkBean = NetworkBean{URI='content://tbox.automotive.neusoft.com/NetworkStatusNotification', DataConnection=false, SimCardRegistraionStatus=false, MobileNetworkType='NoNetwork', Roaming=false, SignalStrength=-1, RouterIPAddress='', VPNIPAddress=''}
11-27 18:48:56.206  1589  2039 I vehiclelan|commonProxy: begin to writeMessage msgType = 0x1005 subtype = 1 ret = 0
11-27 18:48:56.533  2161  2161 W CarStateManagerService: <VehiclePower>send type is:0;temp is:0
11-27 18:48:59.095  2275  2294 I SYS_TBoxUtilLocal: onNetworkStatus: networkBean = NetworkBean{URI='content://tbox.automotive.neusoft.com/NetworkStatusNotification', DataConnection=false, SimCardRegistraionStatus=false, MobileNetworkType='NoNetwork', Roaming=false, SignalStrength=-1, RouterIPAddress='', VPNIPAddress=''}
11-27 18:48:59.097  3565  4156 I SYS_TBoxUtilLocal: onNetworkStatus: networkBean = NetworkBean{URI='content://tbox.automotive.neusoft.com/NetworkStatusNotification', DataConnection=false, SimCardRegistraionStatus=false, MobileNetworkType='NoNetwork', Roaming=false, SignalStrength=-1, RouterIPAddress='', VPNIPAddress=''}
11-27 18:49:00.818  6445  6445 I pidof   : type=1400 audit(0.0:7767): avc: denied { read } for scontext=u:r:direct_network_config:s0 tcontext=u:r:hal_vehicle_g6:s0 tclass=file permissive=1
11-27 18:49:01.516  2161  2161 W CarStateManagerService: <VehiclePower>send type is:0;temp is:0
11-27 18:49:04.099  2275  2294 I SYS_TBoxUtilLocal: onNetworkStatus: networkBean = NetworkBean{URI='content://tbox.automotive.neusoft.com/NetworkStatusNotification', DataConnection=false, SimCardRegistraionStatus=false, MobileNetworkType='NoNetwork', Roaming=false, SignalStrength=-1, RouterIPAddress='', VPNIPAddress=''}
11-27 18:49:04.101  3565  4156 I SYS_TBoxUtilLocal: onNetworkStatus: networkBean = NetworkBean{URI='content://tbox.automotive.neusoft.com/NetworkStatusNotification', DataConnection=false, SimCardRegistraionStatus=false, MobileNetworkType='NoNetwork', Roaming=false, SignalStrength=-1, RouterIPAddress='', VPNIPAddress=''}
11-27 18:49:06.138  6458  6458 I pidof   : type=1400 audit(0.0:7858): avc: denied { read } for scontext=u:r:direct_network_config:s0 tcontext=u:r:vehicle_shmemslaver:s0 tclass=file permissive=1
11-27 18:49:06.138  6458  6458 I pidof   : type=1400 audit(0.0:7859): avc: denied { read } for scontext=u:r:direct_network_config:s0 tcontext=u:r:vehicle_linkdevicemanager:s0 tclass=file permissive=1
11-27 18:49:06.150  6458  6458 I pidof   : type=1400 audit(0.0:7860): avc: denied { open } for path="/proc/2558/comm" dev="proc" ino=117011 scontext=u:r:direct_network_config:s0 tcontext=u:r:vehicle_shmemslaver:s0 tclass=file permissive=1
11-27 18:49:06.150  6458  6458 I pidof   : type=1400 audit(0.0:7861): avc: denied { open } for path="/proc/2560/comm" dev="proc" ino=117013 scontext=u:r:direct_network_config:s0 tcontext=u:r:vehicle_linkdevicemanager:s0 tclass=file permissive=1
11-27 18:49:06.217  1589  2039 I vehiclelan|commonProxy: begin to writeMessage msgType = 0x1005 subtype = 1 ret = 0
11-27 18:49:06.513  2161  2161 W CarStateManagerService: <VehiclePower>send type is:0;temp is:0
11-27 18:49:08.774  6464  6464 I pidof   : type=1400 audit(0.0:7863): avc: denied { search } for name="2560" dev="proc" ino=120549 scontext=u:r:direct_network_config:s0 tcontext=u:r:vehicle_linkdevicemanager:s0 tclass=dir permissive=1
11-27 18:49:09.101  2275  2294 I SYS_TBoxUtilLocal: onNetworkStatus: networkBean = NetworkBean{URI='content://tbox.automotive.neusoft.com/NetworkStatusNotification', DataConnection=false, SimCardRegistraionStatus=false, MobileNetworkType='NoNetwork', Roaming=false, SignalStrength=-1, RouterIPAddress='', VPNIPAddress=''}
11-27 18:49:09.103  3565  3578 I SYS_TBoxUtilLocal: onNetworkStatus: networkBean = NetworkBean{URI='content://tbox.automotive.neusoft.com/NetworkStatusNotification', DataConnection=false, SimCardRegistraionStatus=false, MobileNetworkType='NoNetwork', Roaming=false, SignalStrength=-1, RouterIPAddress='', VPNIPAddress=''}
11-27 18:49:11.532  2161  2161 W CarStateManagerService: <VehiclePower>send type is:0;temp is:0
11-27 18:49:14.099  2275  2294 I SYS_TBoxUtilLocal: onNetworkStatus: networkBean = NetworkBean{URI='content://tbox.automotive.neusoft.com/NetworkStatusNotification', DataConnection=false, SimCardRegistraionStatus=false, MobileNetworkType='NoNetwork', Roaming=false, SignalStrength=-1, RouterIPAddress='', VPNIPAddress=''}
11-27 18:49:14.099  3565  3578 I SYS_TBoxUtilLocal: onNetworkStatus: networkBean = NetworkBean{URI='content://tbox.automotive.neusoft.com/NetworkStatusNotification', DataConnection=false, SimCardRegistraionStatus=false, MobileNetworkType='NoNetwork', Roaming=false, SignalStrength=-1, RouterIPAddress='', VPNIPAddress=''}
11-27 18:49:16.226  1589  2039 I vehiclelan|commonProxy: begin to writeMessage msgType = 0x1005 subtype = 1 ret = 0
11-27 18:49:16.532  2161  2161 W CarStateManagerService: <VehiclePower>send type is:0;temp is:0
11-27 18:49:19.095  2275  2294 I SYS_TBoxUtilLocal: onNetworkStatus: networkBean = NetworkBean{URI='content://tbox.automotive.neusoft.com/NetworkStatusNotification', DataConnection=false, SimCardRegistraionStatus=false, MobileNetworkType='NoNetwork', Roaming=false, SignalStrength=-1, RouterIPAddress='', VPNIPAddress=''}
11-27 18:49:19.096  3565  4156 I SYS_TBoxUtilLocal: onNetworkStatus: networkBean = NetworkBean{URI='content://tbox.automotive.neusoft.com/NetworkStatusNotification', DataConnection=false, SimCardRegistraionStatus=false, MobileNetworkType='NoNetwork', Roaming=false, SignalStrength=-1, RouterIPAddress='', VPNIPAddress=''}
11-27 18:49:21.509  2161  2161 W CarStateManagerService: <VehiclePower>send type is:0;temp is:0
11-27 18:49:24.097  3565  4156 I SYS_TBoxUtilLocal: onNetworkStatus: networkBean = NetworkBean{URI='content://tbox.automotive.neusoft.com/NetworkStatusNotification', DataConnection=false, SimCardRegistraionStatus=false, MobileNetworkType='NoNetwork', Roaming=false, SignalStrength=-1, RouterIPAddress='', VPNIPAddress=''}
11-27 18:49:24.097  2275  2294 I SYS_TBoxUtilLocal: onNetworkStatus: networkBean = NetworkBean{URI='content://tbox.automotive.neusoft.com/NetworkStatusNotification', DataConnection=false, SimCardRegistraionStatus=false, MobileNetworkType='NoNetwork', Roaming=false, SignalStrength=-1, RouterIPAddress='', VPNIPAddress=''}
11-27 18:49:26.235  1589  2039 I vehiclelan|commonProxy: begin to writeMessage msgType = 0x1005 subtype = 1 ret = 0
11-27 18:49:26.509  2161  2161 W CarStateManagerService: <VehiclePower>send type is:0;temp is:0
11-27 18:49:29.096  2275  2294 I SYS_TBoxUtilLocal: onNetworkStatus: networkBean = NetworkBean{URI='content://tbox.automotive.neusoft.com/NetworkStatusNotification', DataConnection=false, SimCardRegistraionStatus=false, MobileNetworkType='NoNetwork', Roaming=false, SignalStrength=-1, RouterIPAddress='', VPNIPAddress=''}
11-27 18:49:29.098  3565  4156 I SYS_TBoxUtilLocal: onNetworkStatus: networkBean = NetworkBean{URI='content://tbox.automotive.neusoft.com/NetworkStatusNotification', DataConnection=false, SimCardRegistraionStatus=false, MobileNetworkType='NoNetwork', Roaming=false, SignalStrength=-1, RouterIPAddress='', VPNIPAddress=''}
11-27 18:49:31.527  2161  2161 W CarStateManagerService: <VehiclePower>send type is:0;temp is:0
11-27 18:49:34.095  2275  2294 I SYS_TBoxUtilLocal: onNetworkStatus: networkBean = NetworkBean{URI='content://tbox.automotive.neusoft.com/NetworkStatusNotification', DataConnection=false, SimCardRegistraionStatus=false, MobileNetworkType='NoNetwork', Roaming=false, SignalStrength=-1, RouterIPAddress='', VPNIPAddress=''}
11-27 18:49:34.096  3565  3889 I SYS_TBoxUtilLocal: onNetworkStatus: networkBean = NetworkBean{URI='content://tbox.automotive.neusoft.com/NetworkStatusNotification', DataConnection=false, SimCardRegistraionStatus=false, MobileNetworkType='NoNetwork', Roaming=false, SignalStrength=-1, RouterIPAddress='', VPNIPAddress=''}
11-27 18:49:35.084  2560  2659 I VehiclePlatform: [linkdevicemanager|MCHP] : event change@/devices/virtual/xt_idletimer/timers
11-27 18:49:36.243  1589  2039 I vehiclelan|commonProxy: begin to writeMessage msgType = 0x1005 subtype = 1 ret = 0
11-27 18:49:36.527  2161  2161 W CarStateManagerService: <VehiclePower>send type is:0;temp is:0
11-27 18:49:39.096  2275  2294 I SYS_TBoxUtilLocal: onNetworkStatus: networkBean = NetworkBean{URI='content://tbox.automotive.neusoft.com/NetworkStatusNotification', DataConnection=false, SimCardRegistraionStatus=false, MobileNetworkType='NoNetwork', Roaming=false, SignalStrength=-1, RouterIPAddress='', VPNIPAddress=''}
11-27 18:49:39.098  3565  4156 I SYS_TBoxUtilLocal: onNetworkStatus: networkBean = NetworkBean{URI='content://tbox.automotive.neusoft.com/NetworkStatusNotification', DataConnection=false, SimCardRegistraionStatus=false, MobileNetworkType='NoNetwork', Roaming=false, SignalStrength=-1, RouterIPAddress='', VPNIPAddress=''}
11-27 18:49:40.469  6555  6555 I pidof   : type=1400 audit(0.0:7966): avc: denied { read } for scontext=u:r:direct_network_config:s0 tcontext=u:r:hal_vehicle_g6:s0 tclass=file permissive=1
11-27 18:49:41.523  2161  2161 W CarStateManagerService: <VehiclePower>send type is:0;temp is:0
11-27 18:49:44.103  3565  4156 I SYS_TBoxUtilLocal: onNetworkStatus: networkBean = NetworkBean{URI='content://tbox.automotive.neusoft.com/NetworkStatusNotification', DataConnection=false, SimCardRegistraionStatus=false, MobileNetworkType='NoNetwork', Roaming=false, SignalStrength=-1, RouterIPAddress='', VPNIPAddress=''}
11-27 18:49:44.104  2275  2294 I SYS_TBoxUtilLocal: onNetworkStatus: networkBean = NetworkBean{URI='content://tbox.automotive.neusoft.com/NetworkStatusNotification', DataConnection=false, SimCardRegistraionStatus=false, MobileNetworkType='NoNetwork', Roaming=false, SignalStrength=-1, RouterIPAddress='', VPNIPAddress=''}
11-27 18:49:45.980  1583  1612 I VehiclePlatform: [remoteserver|services] : StoreDateTime() - LOCAL TIME: 2025-11-27 18:49:45
11-27 18:49:46.250  1589  2039 I vehiclelan|commonProxy: begin to writeMessage msgType = 0x1005 subtype = 1 ret = 0
11-27 18:49:46.520  2161  2161 W CarStateManagerService: <VehiclePower>send type is:0;temp is:0
11-27 18:49:49.096  2275  2294 I SYS_TBoxUtilLocal: onNetworkStatus: networkBean = NetworkBean{URI='content://tbox.automotive.neusoft.com/NetworkStatusNotification', DataConnection=false, SimCardRegistraionStatus=false, MobileNetworkType='NoNetwork', Roaming=false, SignalStrength=-1, RouterIPAddress='', VPNIPAddress=''}
11-27 18:49:49.098  3565  4156 I SYS_TBoxUtilLocal: onNetworkStatus: networkBean = NetworkBean{URI='content://tbox.automotive.neusoft.com/NetworkStatusNotification', DataConnection=false, SimCardRegistraionStatus=false, MobileNetworkType='NoNetwork', Roaming=false, SignalStrength=-1, RouterIPAddress='', VPNIPAddress=''}
11-27 18:49:51.527  2161  2161 W CarStateManagerService: <VehiclePower>send type is:0;temp is:0
11-27 18:49:54.095  2275  2294 I SYS_TBoxUtilLocal: onNetworkStatus: networkBean = NetworkBean{URI='content://tbox.automotive.neusoft.com/NetworkStatusNotification', DataConnection=false, SimCardRegistraionStatus=false, MobileNetworkType='NoNetwork', Roaming=false, SignalStrength=-1, RouterIPAddress='', VPNIPAddress=''}
11-27 18:49:54.096  3565  3578 I SYS_TBoxUtilLocal: onNetworkStatus: networkBean = NetworkBean{URI='content://tbox.automotive.neusoft.com/NetworkStatusNotification', DataConnection=false, SimCardRegistraionStatus=false, MobileNetworkType='NoNetwork', Roaming=false, SignalStrength=-1, RouterIPAddress='', VPNIPAddress=''}
11-27 18:49:56.259  1589  2039 I vehiclelan|commonProxy: begin to writeMessage msgType = 0x1005 subtype = 1 ret = 0
11-27 18:49:56.521  2161  2161 W CarStateManagerService: <VehiclePower>send type is:0;temp is:0
11-27 18:49:59.096  2275  2294 I SYS_TBoxUtilLocal: onNetworkStatus: networkBean = NetworkBean{URI='content://tbox.automotive.neusoft.com/NetworkStatusNotification', DataConnection=false, SimCardRegistraionStatus=false, MobileNetworkType='NoNetwork', Roaming=false, SignalStrength=-1, RouterIPAddress='', VPNIPAddress=''}
11-27 18:49:59.098  3565  3578 I SYS_TBoxUtilLocal: onNetworkStatus: networkBean = NetworkBean{URI='content://tbox.automotive.neusoft.com/NetworkStatusNotification', DataConnection=false, SimCardRegistraionStatus=false, MobileNetworkType='NoNetwork', Roaming=false, SignalStrength=-1, RouterIPAddress='', VPNIPAddress=''}
11-27 18:50:01.515  2161  2161 W CarStateManagerService: <VehiclePower>send type is:0;temp is:0
11-27 18:50:04.097  2275  2294 I SYS_TBoxUtilLocal: onNetworkStatus: networkBean = NetworkBean{URI='content://tbox.automotive.neusoft.com/NetworkStatusNotification', DataConnection=false, SimCardRegistraionStatus=false, MobileNetworkType='NoNetwork', Roaming=false, SignalStrength=-1, RouterIPAddress='', VPNIPAddress=''}
11-27 18:50:04.098  3565  3578 I SYS_TBoxUtilLocal: onNetworkStatus: networkBean = NetworkBean{URI='content://tbox.automotive.neusoft.com/NetworkStatusNotification', DataConnection=false, SimCardRegistraionStatus=false, MobileNetworkType='NoNetwork', Roaming=false, SignalStrength=-1, RouterIPAddress='', VPNIPAddress=''}
11-27 18:50:04.229  6620  6620 I pidof   : type=1400 audit(0.0:8064): avc: denied { read } for scontext=u:r:direct_network_config:s0 tcontext=u:r:vehicle_shmemslaver:s0 tclass=file permissive=1
11-27 18:50:04.237  6620  6620 I pidof   : type=1400 audit(0.0:8065): avc: denied { open } for path="/proc/2558/comm" dev="proc" ino=117011 scontext=u:r:direct_network_config:s0 tcontext=u:r:vehicle_shmemslaver:s0 tclass=file permissive=1
11-27 18:50:06.265  1589  2039 I vehiclelan|commonProxy: begin to writeMessage msgType = 0x1005 subtype = 1 ret = 0
11-27 18:50:06.520  2161  2161 W CarStateManagerService: <VehiclePower>send type is:0;temp is:0
11-27 18:50:06.857  6626  6626 I pidof   : type=1400 audit(0.0:8068): avc: denied { read } for scontext=u:r:direct_network_config:s0 tcontext=u:r:vehicle_linkdevicemanager:s0 tclass=file permissive=1
11-27 18:50:06.865  6626  6626 I pidof   : type=1400 audit(0.0:8069): avc: denied { search } for name="2560" dev="proc" ino=120549 scontext=u:r:direct_network_config:s0 tcontext=u:r:vehicle_linkdevicemanager:s0 tclass=dir permissive=1
11-27 18:50:06.865  6626  6626 I pidof   : type=1400 audit(0.0:8070): avc: denied { open } for path="/proc/2560/comm" dev="proc" ino=117013 scontext=u:r:direct_network_config:s0 tcontext=u:r:vehicle_linkdevicemanager:s0 tclass=file permissive=1
11-27 18:50:09.097  2275  2294 I SYS_TBoxUtilLocal: onNetworkStatus: networkBean = NetworkBean{URI='content://tbox.automotive.neusoft.com/NetworkStatusNotification', DataConnection=false, SimCardRegistraionStatus=false, MobileNetworkType='NoNetwork', Roaming=false, SignalStrength=-1, RouterIPAddress='', VPNIPAddress=''}
11-27 18:50:09.099  3565  3889 I SYS_TBoxUtilLocal: onNetworkStatus: networkBean = NetworkBean{URI='content://tbox.automotive.neusoft.com/NetworkStatusNotification', DataConnection=false, SimCardRegistraionStatus=false, MobileNetworkType='NoNetwork', Roaming=false, SignalStrength=-1, RouterIPAddress='', VPNIPAddress=''}
11-27 18:50:11.538  2161  2161 W CarStateManagerService: <VehiclePower>send type is:0;temp is:0
11-27 18:50:14.097  2275  2294 I SYS_TBoxUtilLocal: onNetworkStatus: networkBean = NetworkBean{URI='content://tbox.automotive.neusoft.com/NetworkStatusNotification', DataConnection=false, SimCardRegistraionStatus=false, MobileNetworkType='NoNetwork', Roaming=false, SignalStrength=-1, RouterIPAddress='', VPNIPAddress=''}
11-27 18:50:14.098  3565  4183 I SYS_TBoxUtilLocal: onNetworkStatus: networkBean = NetworkBean{URI='content://tbox.automotive.neusoft.com/NetworkStatusNotification', DataConnection=false, SimCardRegistraionStatus=false, MobileNetworkType='NoNetwork', Roaming=false, SignalStrength=-1, RouterIPAddress='', VPNIPAddress=''}
11-27 18:50:16.273  1589  2039 I vehiclelan|commonProxy: begin to writeMessage msgType = 0x1005 subtype = 1 ret = 0
11-27 18:50:16.530  2161  2161 W CarStateManagerService: <VehiclePower>send type is:0;temp is:0
11-27 18:50:19.098  2275  2294 I SYS_TBoxUtilLocal: onNetworkStatus: networkBean = NetworkBean{URI='content://tbox.automotive.neusoft.com/NetworkStatusNotification', DataConnection=false, SimCardRegistraionStatus=false, MobileNetworkType='NoNetwork', Roaming=false, SignalStrength=-1, RouterIPAddress='', VPNIPAddress=''}
11-27 18:50:19.102  3565  3578 I SYS_TBoxUtilLocal: onNetworkStatus: networkBean = NetworkBean{URI='content://tbox.automotive.neusoft.com/NetworkStatusNotification', DataConnection=false, SimCardRegistraionStatus=false, MobileNetworkType='NoNetwork', Roaming=false, SignalStrength=-1, RouterIPAddress='', VPNIPAddress=''}
11-27 18:50:21.533  2161  2161 W CarStateManagerService: <VehiclePower>send type is:0;temp is:0
11-27 18:50:24.097  2275  2294 I SYS_TBoxUtilLocal: onNetworkStatus: networkBean = NetworkBean{URI='content://tbox.automotive.neusoft.com/NetworkStatusNotification', DataConnection=false, SimCardRegistraionStatus=false, MobileNetworkType='NoNetwork', Roaming=false, SignalStrength=-1, RouterIPAddress='', VPNIPAddress=''}
11-27 18:50:24.099  3565  3578 I SYS_TBoxUtilLocal: onNetworkStatus: networkBean = NetworkBean{URI='content://tbox.automotive.neusoft.com/NetworkStatusNotification', DataConnection=false, SimCardRegistraionStatus=false, MobileNetworkType='NoNetwork', Roaming=false, SignalStrength=-1, RouterIPAddress='', VPNIPAddress=''}
11-27 18:50:26.281  1589  2039 I vehiclelan|commonProxy: begin to writeMessage msgType = 0x1005 subtype = 1 ret = 0
11-27 18:50:26.512  2161  2161 W CarStateManagerService: <VehiclePower>send type is:0;temp is:0
11-27 18:50:27.836  2560  2659 I VehiclePlatform: [linkdevicemanager|MCHP] : event change@/devices/virtual/xt_idletimer/timers
11-27 18:50:29.096  2275  2294 I SYS_TBoxUtilLocal: onNetworkStatus: networkBean = NetworkBean{URI='content://tbox.automotive.neusoft.com/NetworkStatusNotification', DataConnection=false, SimCardRegistraionStatus=false, MobileNetworkType='NoNetwork', Roaming=false, SignalStrength=-1, RouterIPAddress='', VPNIPAddress=''}
11-27 18:50:29.097  3565  3578 I SYS_TBoxUtilLocal: onNetworkStatus: networkBean = NetworkBean{URI='content://tbox.automotive.neusoft.com/NetworkStatusNotification', DataConnection=false, SimCardRegistraionStatus=false, MobileNetworkType='NoNetwork', Roaming=false, SignalStrength=-1, RouterIPAddress='', VPNIPAddress=''}
11-27 18:50:29.503  2560  2659 I VehiclePlatform: [linkdevicemanager|MCHP] : event change@/devices/virtual/xt_idletimer/timers
11-27 18:50:31.527  2161  2161 W CarStateManagerService: <VehiclePower>send type is:0;temp is:0
11-27 18:50:33.345  6714  6714 I pidof   : type=1400 audit(0.0:8616): avc: denied { search } for name="2560" dev="proc" ino=134613 scontext=u:r:direct_network_config:s0 tcontext=u:r:vehicle_linkdevicemanager:s0 tclass=dir permissive=1
11-27 18:50:34.098  2275  2294 I SYS_TBoxUtilLocal: onNetworkStatus: networkBean = NetworkBean{URI='content://tbox.automotive.neusoft.com/NetworkStatusNotification', DataConnection=false, SimCardRegistraionStatus=false, MobileNetworkType='NoNetwork', Roaming=false, SignalStrength=-1, RouterIPAddress='', VPNIPAddress=''}
11-27 18:50:34.099  3565  3889 I SYS_TBoxUtilLocal: onNetworkStatus: networkBean = NetworkBean{URI='content://tbox.automotive.neusoft.com/NetworkStatusNotification', DataConnection=false, SimCardRegistraionStatus=false, MobileNetworkType='NoNetwork', Roaming=false, SignalStrength=-1, RouterIPAddress='', VPNIPAddress=''}
11-27 18:50:36.294  1589  2039 I vehiclelan|commonProxy: begin to writeMessage msgType = 0x1005 subtype = 1 ret = 0
11-27 18:50:36.532  2161  2161 W CarStateManagerService: <VehiclePower>send type is:0;temp is:0
11-27 18:50:38.629  6725  6725 I pidof   : type=1400 audit(0.0:8618): avc: denied { search } for name="2558" dev="proc" ino=134612 scontext=u:r:direct_network_config:s0 tcontext=u:r:vehicle_shmemslaver:s0 tclass=dir permissive=1
11-27 18:50:39.097  2275  2294 I SYS_TBoxUtilLocal: onNetworkStatus: networkBean = NetworkBean{URI='content://tbox.automotive.neusoft.com/NetworkStatusNotification', DataConnection=false, SimCardRegistraionStatus=false, MobileNetworkType='NoNetwork', Roaming=false, SignalStrength=-1, RouterIPAddress='', VPNIPAddress=''}
11-27 18:50:39.100  3565  3578 I SYS_TBoxUtilLocal: onNetworkStatus: networkBean = NetworkBean{URI='content://tbox.automotive.neusoft.com/NetworkStatusNotification', DataConnection=false, SimCardRegistraionStatus=false, MobileNetworkType='NoNetwork', Roaming=false, SignalStrength=-1, RouterIPAddress='', VPNIPAddress=''}
11-27 18:50:41.526  2161  2161 W CarStateManagerService: <VehiclePower>send type is:0;temp is:0
11-27 18:50:44.098  2275  2294 I SYS_TBoxUtilLocal: onNetworkStatus: networkBean = NetworkBean{URI='content://tbox.automotive.neusoft.com/NetworkStatusNotification', DataConnection=false, SimCardRegistraionStatus=false, MobileNetworkType='NoNetwork', Roaming=false, SignalStrength=-1, RouterIPAddress='', VPNIPAddress=''}
11-27 18:50:44.099  3565  3889 I SYS_TBoxUtilLocal: onNetworkStatus: networkBean = NetworkBean{URI='content://tbox.automotive.neusoft.com/NetworkStatusNotification', DataConnection=false, SimCardRegistraionStatus=false, MobileNetworkType='NoNetwork', Roaming=false, SignalStrength=-1, RouterIPAddress='', VPNIPAddress=''}
11-27 18:50:45.985  1583  1612 I VehiclePlatform: [remoteserver|services] : StoreDateTime() - LOCAL TIME: 2025-11-27 18:50:45
11-27 18:50:46.304  1589  2039 I vehiclelan|commonProxy: begin to writeMessage msgType = 0x1005 subtype = 1 ret = 0
11-27 18:50:46.528  2161  2161 W CarStateManagerService: <VehiclePower>send type is:0;temp is:0
11-27 18:50:49.097  2275  2294 I SYS_TBoxUtilLocal: onNetworkStatus: networkBean = NetworkBean{URI='content://tbox.automotive.neusoft.com/NetworkStatusNotification', DataConnection=false, SimCardRegistraionStatus=false, MobileNetworkType='NoNetwork', Roaming=false, SignalStrength=-1, RouterIPAddress='', VPNIPAddress=''}
11-27 18:50:49.100  3565  3578 I SYS_TBoxUtilLocal: onNetworkStatus: networkBean = NetworkBean{URI='content://tbox.automotive.neusoft.com/NetworkStatusNotification', DataConnection=false, SimCardRegistraionStatus=false, MobileNetworkType='NoNetwork', Roaming=false, SignalStrength=-1, RouterIPAddress='', VPNIPAddress=''}
11-27 18:50:51.526  2161  2161 W CarStateManagerService: <VehiclePower>send type is:0;temp is:0
11-27 18:50:54.096  2275  2294 I SYS_TBoxUtilLocal: onNetworkStatus: networkBean = NetworkBean{URI='content://tbox.automotive.neusoft.com/NetworkStatusNotification', DataConnection=false, SimCardRegistraionStatus=false, MobileNetworkType='NoNetwork', Roaming=false, SignalStrength=-1, RouterIPAddress='', VPNIPAddress=''}
11-27 18:50:54.097  3565  3889 I SYS_TBoxUtilLocal: onNetworkStatus: networkBean = NetworkBean{URI='content://tbox.automotive.neusoft.com/NetworkStatusNotification', DataConnection=false, SimCardRegistraionStatus=false, MobileNetworkType='NoNetwork', Roaming=false, SignalStrength=-1, RouterIPAddress='', VPNIPAddress=''}
11-27 18:50:54.485  6768  6768 I pidof   : type=1400 audit(0.0:8722): avc: denied { read } for scontext=u:r:direct_network_config:s0 tcontext=u:r:hal_vehicle_g6:s0 tclass=file permissive=1
11-27 18:50:54.489  6768  6768 I pidof   : type=1400 audit(0.0:8724): avc: denied { open } for path="/proc/1583/comm" dev="proc" ino=134696 scontext=u:r:direct_network_config:s0 tcontext=u:r:hal_vehicle_g6:s0 tclass=file permissive=1
11-27 18:50:56.313  1589  2039 I vehiclelan|commonProxy: begin to writeMessage msgType = 0x1005 subtype = 1 ret = 0
11-27 18:50:56.522  2161  2161 W CarStateManagerService: <VehiclePower>send type is:0;temp is:0
11-27 18:50:59.105  2275  2294 I SYS_TBoxUtilLocal: onNetworkStatus: networkBean = NetworkBean{URI='content://tbox.automotive.neusoft.com/NetworkStatusNotification', DataConnection=false, SimCardRegistraionStatus=false, MobileNetworkType='NoNetwork', Roaming=false, SignalStrength=-1, RouterIPAddress='', VPNIPAddress=''}
11-27 18:50:59.106  3565  3578 I SYS_TBoxUtilLocal: onNetworkStatus: networkBean = NetworkBean{URI='content://tbox.automotive.neusoft.com/NetworkStatusNotification', DataConnection=false, SimCardRegistraionStatus=false, MobileNetworkType='NoNetwork', Roaming=false, SignalStrength=-1, RouterIPAddress='', VPNIPAddress=''}
11-27 18:51:01.538  2161  2161 W CarStateManagerService: <VehiclePower>send type is:0;temp is:0
11-27 18:51:04.096  2275  2294 I SYS_TBoxUtilLocal: onNetworkStatus: networkBean = NetworkBean{URI='content://tbox.automotive.neusoft.com/NetworkStatusNotification', DataConnection=false, SimCardRegistraionStatus=false, MobileNetworkType='NoNetwork', Roaming=false, SignalStrength=-1, RouterIPAddress='', VPNIPAddress=''}
11-27 18:51:04.098  3565  3578 I SYS_TBoxUtilLocal: onNetworkStatus: networkBean = NetworkBean{URI='content://tbox.automotive.neusoft.com/NetworkStatusNotification', DataConnection=false, SimCardRegistraionStatus=false, MobileNetworkType='NoNetwork', Roaming=false, SignalStrength=-1, RouterIPAddress='', VPNIPAddress=''}
11-27 18:51:06.323  1589  2039 I vehiclelan|commonProxy: begin to writeMessage msgType = 0x1005 subtype = 1 ret = 0
11-27 18:51:06.544  2161  2161 W CarStateManagerService: <VehiclePower>send type is:0;temp is:0
11-27 18:51:07.729  6828  6828 I pidof   : type=1400 audit(0.0:8812): avc: denied { read } for scontext=u:r:direct_network_config:s0 tcontext=u:r:vehicle_shmemslaver:s0 tclass=file permissive=1
11-27 18:51:07.729  6828  6828 I pidof   : type=1400 audit(0.0:8813): avc: denied { read } for scontext=u:r:direct_network_config:s0 tcontext=u:r:vehicle_linkdevicemanager:s0 tclass=file permissive=1
11-27 18:51:07.737  6828  6828 I pidof   : type=1400 audit(0.0:8814): avc: denied { open } for path="/proc/2558/comm" dev="proc" ino=134860 scontext=u:r:direct_network_config:s0 tcontext=u:r:vehicle_shmemslaver:s0 tclass=file permissive=1
11-27 18:51:07.737  6828  6828 I pidof   : type=1400 audit(0.0:8815): avc: denied { search } for name="2560" dev="proc" ino=134613 scontext=u:r:direct_network_config:s0 tcontext=u:r:vehicle_linkdevicemanager:s0 tclass=dir permissive=1
11-27 18:51:07.737  6828  6828 I pidof   : type=1400 audit(0.0:8816): avc: denied { open } for path="/proc/2560/comm" dev="proc" ino=134862 scontext=u:r:direct_network_config:s0 tcontext=u:r:vehicle_linkdevicemanager:s0 tclass=file permissive=1
11-27 18:51:09.101  2275  2294 I SYS_TBoxUtilLocal: onNetworkStatus: networkBean = NetworkBean{URI='content://tbox.automotive.neusoft.com/NetworkStatusNotification', DataConnection=false, SimCardRegistraionStatus=false, MobileNetworkType='NoNetwork', Roaming=false, SignalStrength=-1, RouterIPAddress='', VPNIPAddress=''}
11-27 18:51:09.104  3565  3578 I SYS_TBoxUtilLocal: onNetworkStatus: networkBean = NetworkBean{URI='content://tbox.automotive.neusoft.com/NetworkStatusNotification', DataConnection=false, SimCardRegistraionStatus=false, MobileNetworkType='NoNetwork', Roaming=false, SignalStrength=-1, RouterIPAddress='', VPNIPAddress=''}
11-27 18:51:10.397  6834  6834 I pidof   : type=1400 audit(0.0:8821): avc: denied { search } for name="2558" dev="proc" ino=134612 scontext=u:r:direct_network_config:s0 tcontext=u:r:vehicle_shmemslaver:s0 tclass=dir permissive=1
11-27 18:51:11.533  2161  2161 W CarStateManagerService: <VehiclePower>send type is:0;temp is:0
11-27 18:51:14.096  2275  2294 I SYS_TBoxUtilLocal: onNetworkStatus: networkBean = NetworkBean{URI='content://tbox.automotive.neusoft.com/NetworkStatusNotification', DataConnection=false, SimCardRegistraionStatus=false, MobileNetworkType='NoNetwork', Roaming=false, SignalStrength=-1, RouterIPAddress='', VPNIPAddress=''}
11-27 18:51:14.097  3565  3889 I SYS_TBoxUtilLocal: onNetworkStatus: networkBean = NetworkBean{URI='content://tbox.automotive.neusoft.com/NetworkStatusNotification', DataConnection=false, SimCardRegistraionStatus=false, MobileNetworkType='NoNetwork', Roaming=false, SignalStrength=-1, RouterIPAddress='', VPNIPAddress=''}
11-27 18:51:16.333  1589  2039 I vehiclelan|commonProxy: begin to writeMessage msgType = 0x1005 subtype = 1 ret = 0
11-27 18:51:16.530  2161  2161 W CarStateManagerService: <VehiclePower>send type is:0;temp is:0
11-27 18:51:19.099  2275  2294 I SYS_TBoxUtilLocal: onNetworkStatus: networkBean = NetworkBean{URI='content://tbox.automotive.neusoft.com/NetworkStatusNotification', DataConnection=false, SimCardRegistraionStatus=false, MobileNetworkType='NoNetwork', Roaming=false, SignalStrength=-1, RouterIPAddress='', VPNIPAddress=''}
11-27 18:51:19.101  3565  4183 I SYS_TBoxUtilLocal: onNetworkStatus: networkBean = NetworkBean{URI='content://tbox.automotive.neusoft.com/NetworkStatusNotification', DataConnection=false, SimCardRegistraionStatus=false, MobileNetworkType='NoNetwork', Roaming=false, SignalStrength=-1, RouterIPAddress='', VPNIPAddress=''}
11-27 18:51:21.530  2161  2161 W CarStateManagerService: <VehiclePower>send type is:0;temp is:0
11-27 18:51:24.096  2275  2294 I SYS_TBoxUtilLocal: onNetworkStatus: networkBean = NetworkBean{URI='content://tbox.automotive.neusoft.com/NetworkStatusNotification', DataConnection=false, SimCardRegistraionStatus=false, MobileNetworkType='NoNetwork', Roaming=false, SignalStrength=-1, RouterIPAddress='', VPNIPAddress=''}
11-27 18:51:24.098  3565  4183 I SYS_TBoxUtilLocal: onNetworkStatus: networkBean = NetworkBean{URI='content://tbox.automotive.neusoft.com/NetworkStatusNotification', DataConnection=false, SimCardRegistraionStatus=false, MobileNetworkType='NoNetwork', Roaming=false, SignalStrength=-1, RouterIPAddress='', VPNIPAddress=''}
11-27 18:51:25.436  2560  2659 I VehiclePlatform: [linkdevicemanager|MCHP] : event change@/devices/virtual/xt_idletimer/timers
11-27 18:51:26.339  1589  2039 I vehiclelan|commonProxy: begin to writeMessage msgType = 0x1005 subtype = 1 ret = 0
11-27 18:51:26.521  2161  2161 W CarStateManagerService: <VehiclePower>send type is:0;temp is:0
11-27 18:51:29.107  2275  2294 I SYS_TBoxUtilLocal: onNetworkStatus: networkBean = NetworkBean{URI='content://tbox.automotive.neusoft.com/NetworkStatusNotification', DataConnection=false, SimCardRegistraionStatus=false, MobileNetworkType='NoNetwork', Roaming=false, SignalStrength=-1, RouterIPAddress='', VPNIPAddress=''}
11-27 18:51:29.107  3565  4183 I SYS_TBoxUtilLocal: onNetworkStatus: networkBean = NetworkBean{URI='content://tbox.automotive.neusoft.com/NetworkStatusNotification', DataConnection=false, SimCardRegistraionStatus=false, MobileNetworkType='NoNetwork', Roaming=false, SignalStrength=-1, RouterIPAddress='', VPNIPAddress=''}
11-27 18:51:31.529  2161  2161 W CarStateManagerService: <VehiclePower>send type is:0;temp is:0
11-27 18:51:34.102  2275  2294 I SYS_TBoxUtilLocal: onNetworkStatus: networkBean = NetworkBean{URI='content://tbox.automotive.neusoft.com/NetworkStatusNotification', DataConnection=false, SimCardRegistraionStatus=false, MobileNetworkType='NoNetwork', Roaming=false, SignalStrength=-1, RouterIPAddress='', VPNIPAddress=''}
11-27 18:51:34.105  3565  4183 I SYS_TBoxUtilLocal: onNetworkStatus: networkBean = NetworkBean{URI='content://tbox.automotive.neusoft.com/NetworkStatusNotification', DataConnection=false, SimCardRegistraionStatus=false, MobileNetworkType='NoNetwork', Roaming=false, SignalStrength=-1, RouterIPAddress='', VPNIPAddress=''}
11-27 18:51:34.145  6894  6894 I pidof   : type=1400 audit(0.0:8910): avc: denied { search } for name="1583" dev="proc" ino=134530 scontext=u:r:direct_network_config:s0 tcontext=u:r:hal_vehicle_g6:s0 tclass=dir permissive=1
11-27 18:51:35.118  2560  2659 I VehiclePlatform: [linkdevicemanager|MCHP] : event change@/devices/virtual/xt_idletimer/timers
11-27 18:51:36.346  1589  2039 I vehiclelan|commonProxy: begin to writeMessage msgType = 0x1005 subtype = 1 ret = 0
11-27 18:51:36.521  2161  2161 W CarStateManagerService: <VehiclePower>send type is:0;temp is:0
11-27 18:51:36.781  6905  6905 I pidof   : type=1400 audit(0.0:8920): avc: denied { read } for scontext=u:r:direct_network_config:s0 tcontext=u:r:hal_vehicle_g6:s0 tclass=file permissive=1
11-27 18:51:39.098  2275  2294 I SYS_TBoxUtilLocal: onNetworkStatus: networkBean = NetworkBean{URI='content://tbox.automotive.neusoft.com/NetworkStatusNotification', DataConnection=false, SimCardRegistraionStatus=false, MobileNetworkType='NoNetwork', Roaming=false, SignalStrength=-1, RouterIPAddress='', VPNIPAddress=''}
11-27 18:51:39.100  3565  3580 I SYS_TBoxUtilLocal: onNetworkStatus: networkBean = NetworkBean{URI='content://tbox.automotive.neusoft.com/NetworkStatusNotification', DataConnection=false, SimCardRegistraionStatus=false, MobileNetworkType='NoNetwork', Roaming=false, SignalStrength=-1, RouterIPAddress='', VPNIPAddress=''}
11-27 18:51:41.527  2161  2161 W CarStateManagerService: <VehiclePower>send type is:0;temp is:0
11-27 18:51:44.098  2275  2294 I SYS_TBoxUtilLocal: onNetworkStatus: networkBean = NetworkBean{URI='content://tbox.automotive.neusoft.com/NetworkStatusNotification', DataConnection=false, SimCardRegistraionStatus=false, MobileNetworkType='NoNetwork', Roaming=false, SignalStrength=-1, RouterIPAddress='', VPNIPAddress=''}
11-27 18:51:44.099  3565  3889 I SYS_TBoxUtilLocal: onNetworkStatus: networkBean = NetworkBean{URI='content://tbox.automotive.neusoft.com/NetworkStatusNotification', DataConnection=false, SimCardRegistraionStatus=false, MobileNetworkType='NoNetwork', Roaming=false, SignalStrength=-1, RouterIPAddress='', VPNIPAddress=''}
11-27 18:51:45.992  1583  1612 I VehiclePlatform: [remoteserver|services] : StoreDateTime() - LOCAL TIME: 2025-11-27 18:51:45
11-27 18:51:46.353  1589  2039 I vehiclelan|commonProxy: begin to writeMessage msgType = 0x1005 subtype = 1 ret = 0
11-27 18:51:46.530  2161  2161 W CarStateManagerService: <VehiclePower>send type is:0;temp is:0
11-27 18:51:49.096  2275  2294 I SYS_TBoxUtilLocal: onNetworkStatus: networkBean = NetworkBean{URI='content://tbox.automotive.neusoft.com/NetworkStatusNotification', DataConnection=false, SimCardRegistraionStatus=false, MobileNetworkType='NoNetwork', Roaming=false, SignalStrength=-1, RouterIPAddress='', VPNIPAddress=''}
11-27 18:51:49.098  3565  4156 I SYS_TBoxUtilLocal: onNetworkStatus: networkBean = NetworkBean{URI='content://tbox.automotive.neusoft.com/NetworkStatusNotification', DataConnection=false, SimCardRegistraionStatus=false, MobileNetworkType='NoNetwork', Roaming=false, SignalStrength=-1, RouterIPAddress='', VPNIPAddress=''}
11-27 18:51:51.539  2161  2161 W CarStateManagerService: <VehiclePower>send type is:0;temp is:0
11-27 18:51:54.101  3565  3889 I SYS_TBoxUtilLocal: onNetworkStatus: networkBean = NetworkBean{URI='content://tbox.automotive.neusoft.com/NetworkStatusNotification', DataConnection=false, SimCardRegistraionStatus=false, MobileNetworkType='NoNetwork', Roaming=false, SignalStrength=-1, RouterIPAddress='', VPNIPAddress=''}
11-27 18:51:54.100  2275  2294 I SYS_TBoxUtilLocal: onNetworkStatus: networkBean = NetworkBean{URI='content://tbox.automotive.neusoft.com/NetworkStatusNotification', DataConnection=false, SimCardRegistraionStatus=false, MobileNetworkType='NoNetwork', Roaming=false, SignalStrength=-1, RouterIPAddress='', VPNIPAddress=''}
11-27 18:51:56.366  1589  2039 I vehiclelan|commonProxy: begin to writeMessage msgType = 0x1005 subtype = 1 ret = 0
11-27 18:51:56.523  2161  2161 W CarStateManagerService: <VehiclePower>send type is:0;temp is:0
11-27 18:51:59.101  2275  2294 I SYS_TBoxUtilLocal: onNetworkStatus: networkBean = NetworkBean{URI='content://tbox.automotive.neusoft.com/NetworkStatusNotification', DataConnection=false, SimCardRegistraionStatus=false, MobileNetworkType='NoNetwork', Roaming=false, SignalStrength=-1, RouterIPAddress='', VPNIPAddress=''}
11-27 18:51:59.103  3565  3580 I SYS_TBoxUtilLocal: onNetworkStatus: networkBean = NetworkBean{URI='content://tbox.automotive.neusoft.com/NetworkStatusNotification', DataConnection=false, SimCardRegistraionStatus=false, MobileNetworkType='NoNetwork', Roaming=false, SignalStrength=-1, RouterIPAddress='', VPNIPAddress=''}
11-27 18:52:01.524  2161  2161 W CarStateManagerService: <VehiclePower>send type is:0;temp is:0
11-27 18:52:04.104  2275  2294 I SYS_TBoxUtilLocal: onNetworkStatus: networkBean = NetworkBean{URI='content://tbox.automotive.neusoft.com/NetworkStatusNotification', DataConnection=false, SimCardRegistraionStatus=false, MobileNetworkType='NoNetwork', Roaming=false, SignalStrength=-1, RouterIPAddress='', VPNIPAddress=''}
11-27 18:52:04.102  3565  4156 I SYS_TBoxUtilLocal: onNetworkStatus: networkBean = NetworkBean{URI='content://tbox.automotive.neusoft.com/NetworkStatusNotification', DataConnection=false, SimCardRegistraionStatus=false, MobileNetworkType='NoNetwork', Roaming=false, SignalStrength=-1, RouterIPAddress='', VPNIPAddress=''}
11-27 18:52:05.849  6965  6965 I pidof   : type=1400 audit(0.0:9018): avc: denied { read } for scontext=u:r:direct_network_config:s0 tcontext=u:r:vehicle_shmemslaver:s0 tclass=file permissive=1
11-27 18:52:05.857  6965  6965 I pidof   : type=1400 audit(0.0:9019): avc: denied { open } for path="/proc/2558/comm" dev="proc" ino=134860 scontext=u:r:direct_network_config:s0 tcontext=u:r:vehicle_shmemslaver:s0 tclass=file permissive=1
11-27 18:52:06.375  1589  2039 I vehiclelan|commonProxy: begin to writeMessage msgType = 0x1005 subtype = 1 ret = 0
11-27 18:52:06.529  2161  2161 W CarStateManagerService: <VehiclePower>send type is:0;temp is:0
11-27 18:52:09.100  2275  2294 I SYS_TBoxUtilLocal: onNetworkStatus: networkBean = NetworkBean{URI='content://tbox.automotive.neusoft.com/NetworkStatusNotification', DataConnection=false, SimCardRegistraionStatus=false, MobileNetworkType='NoNetwork', Roaming=false, SignalStrength=-1, RouterIPAddress='', VPNIPAddress=''}
11-27 18:52:09.101  3565  3889 I SYS_TBoxUtilLocal: onNetworkStatus: networkBean = NetworkBean{URI='content://tbox.automotive.neusoft.com/NetworkStatusNotification', DataConnection=false, SimCardRegistraionStatus=false, MobileNetworkType='NoNetwork', Roaming=false, SignalStrength=-1, RouterIPAddress='', VPNIPAddress=''}
11-27 18:52:11.522  2161  2161 W CarStateManagerService: <VehiclePower>send type is:0;temp is:0
11-27 18:52:14.099  2275  2294 I SYS_TBoxUtilLocal: onNetworkStatus: networkBean = NetworkBean{URI='content://tbox.automotive.neusoft.com/NetworkStatusNotification', DataConnection=false, SimCardRegistraionStatus=false, MobileNetworkType='NoNetwork', Roaming=false, SignalStrength=-1, RouterIPAddress='', VPNIPAddress=''}
11-27 18:52:14.101  3565  4156 I SYS_TBoxUtilLocal: onNetworkStatus: networkBean = NetworkBean{URI='content://tbox.automotive.neusoft.com/NetworkStatusNotification', DataConnection=false, SimCardRegistraionStatus=false, MobileNetworkType='NoNetwork', Roaming=false, SignalStrength=-1, RouterIPAddress='', VPNIPAddress=''}
11-27 18:52:16.386  1589  2039 I vehiclelan|commonProxy: begin to writeMessage msgType = 0x1005 subtype = 1 ret = 0
11-27 18:52:16.537  2161  2161 W CarStateManagerService: <VehiclePower>send type is:0;temp is:0
11-27 18:52:19.105  2275  2294 I SYS_TBoxUtilLocal: onNetworkStatus: networkBean = NetworkBean{URI='content://tbox.automotive.neusoft.com/NetworkStatusNotification', DataConnection=false, SimCardRegistraionStatus=false, MobileNetworkType='NoNetwork', Roaming=false, SignalStrength=-1, RouterIPAddress='', VPNIPAddress=''}
11-27 18:52:19.111  3565  3889 I SYS_TBoxUtilLocal: onNetworkStatus: networkBean = NetworkBean{URI='content://tbox.automotive.neusoft.com/NetworkStatusNotification', DataConnection=false, SimCardRegistraionStatus=false, MobileNetworkType='NoNetwork', Roaming=false, SignalStrength=-1, RouterIPAddress='', VPNIPAddress=''}
11-27 18:52:21.519  2161  2161 W CarStateManagerService: <VehiclePower>send type is:0;temp is:0
11-27 18:52:24.098  2275  2294 I SYS_TBoxUtilLocal: onNetworkStatus: networkBean = NetworkBean{URI='content://tbox.automotive.neusoft.com/NetworkStatusNotification', DataConnection=false, SimCardRegistraionStatus=false, MobileNetworkType='NoNetwork', Roaming=false, SignalStrength=-1, RouterIPAddress='', VPNIPAddress=''}
11-27 18:52:24.100  3565  3889 I SYS_TBoxUtilLocal: onNetworkStatus: networkBean = NetworkBean{URI='content://tbox.automotive.neusoft.com/NetworkStatusNotification', DataConnection=false, SimCardRegistraionStatus=false, MobileNetworkType='NoNetwork', Roaming=false, SignalStrength=-1, RouterIPAddress='', VPNIPAddress=''}
11-27 18:52:26.399  1589  2039 I vehiclelan|commonProxy: begin to writeMessage msgType = 0x1005 subtype = 1 ret = 0
11-27 18:52:26.518  2161  2161 W CarStateManagerService: <VehiclePower>send type is:0;temp is:0
11-27 18:52:29.098  2275  2294 I SYS_TBoxUtilLocal: onNetworkStatus: networkBean = NetworkBean{URI='content://tbox.automotive.neusoft.com/NetworkStatusNotification', DataConnection=false, SimCardRegistraionStatus=false, MobileNetworkType='NoNetwork', Roaming=false, SignalStrength=-1, RouterIPAddress='', VPNIPAddress=''}
11-27 18:52:29.100  3565  3889 I SYS_TBoxUtilLocal: onNetworkStatus: networkBean = NetworkBean{URI='content://tbox.automotive.neusoft.com/NetworkStatusNotification', DataConnection=false, SimCardRegistraionStatus=false, MobileNetworkType='NoNetwork', Roaming=false, SignalStrength=-1, RouterIPAddress='', VPNIPAddress=''}
11-27 18:52:31.527  2161  2161 W CarStateManagerService: <VehiclePower>send type is:0;temp is:0
11-27 18:52:34.097  2275  2294 I SYS_TBoxUtilLocal: onNetworkStatus: networkBean = NetworkBean{URI='content://tbox.automotive.neusoft.com/NetworkStatusNotification', DataConnection=false, SimCardRegistraionStatus=false, MobileNetworkType='NoNetwork', Roaming=false, SignalStrength=-1, RouterIPAddress='', VPNIPAddress=''}
11-27 18:52:34.100  3565  4156 I SYS_TBoxUtilLocal: onNetworkStatus: networkBean = NetworkBean{URI='content://tbox.automotive.neusoft.com/NetworkStatusNotification', DataConnection=false, SimCardRegistraionStatus=false, MobileNetworkType='NoNetwork', Roaming=false, SignalStrength=-1, RouterIPAddress='', VPNIPAddress=''}
11-27 18:52:36.406  1589  2039 I vehiclelan|commonProxy: begin to writeMessage msgType = 0x1005 subtype = 1 ret = 0
11-27 18:52:36.517  2161  2161 W CarStateManagerService: <VehiclePower>send type is:0;temp is:0
11-27 18:52:39.102  2275  2294 I SYS_TBoxUtilLocal: onNetworkStatus: networkBean = NetworkBean{URI='content://tbox.automotive.neusoft.com/NetworkStatusNotification', DataConnection=false, SimCardRegistraionStatus=false, MobileNetworkType='NoNetwork', Roaming=false, SignalStrength=-1, RouterIPAddress='', VPNIPAddress=''}
11-27 18:52:39.104  3565  3889 I SYS_TBoxUtilLocal: onNetworkStatus: networkBean = NetworkBean{URI='content://tbox.automotive.neusoft.com/NetworkStatusNotification', DataConnection=false, SimCardRegistraionStatus=false, MobileNetworkType='NoNetwork', Roaming=false, SignalStrength=-1, RouterIPAddress='', VPNIPAddress=''}
11-27 18:52:41.539  2161  2161 W CarStateManagerService: <VehiclePower>send type is:0;temp is:0
11-27 18:52:44.099  2275  2294 I SYS_TBoxUtilLocal: onNetworkStatus: networkBean = NetworkBean{URI='content://tbox.automotive.neusoft.com/NetworkStatusNotification', DataConnection=false, SimCardRegistraionStatus=false, MobileNetworkType='NoNetwork', Roaming=false, SignalStrength=-1, RouterIPAddress='', VPNIPAddress=''}
