12-31 19:00:11.627  1583  1583 I android.hardwar: type=1400 audit(0.0:17): avc: denied { read } for name="u:object_r:config_prop:s0" dev="tmpfs" ino=127 scontext=u:r:hal_vehicle_g6:s0 tcontext=u:object_r:config_prop:s0 tclass=file permissive=1
12-31 19:00:11.647  1583  1583 I automotive.vehicle@2.0-impl: VehicleHalManager::init
12-31 19:00:11.649  1583  1583 I automotive.vehicle@2.0-service.salvator.VehicleEmulator: registerEmulator, emulator: 0xeab98ac355b0
12-31 19:00:11.649  1583  1583 I VehiclePlatform: [remoteserver|base] : InitInstance()
12-31 19:00:11.666  1583  1583 I VehiclePlatform: [remote|uinputservice] : InitInstance()
12-31 19:00:11.684  1583  1583 I VehiclePlatform: [remoteserver|base|rmt] : SVP_RmtWrapper_Init()
12-31 19:00:11.697  1583  1583 I VehiclePlatform|RemoteHAL|Spi2Ethenet: remote_open()
12-31 19:00:11.697  1583  1583 E VehiclePlatform|RemoteHAL|Spi2Ethenet: socket_open() socketfd 5 
12-31 19:00:11.697  1583  1583 I VehiclePlatform|RemoteHAL|Spi2Ethenet: remote_init()
12-31 19:00:11.697  1583  1583 I VehiclePlatform|RemoteHAL|Spi2Ethenet: socket_connect_thread_proc_start()
12-31 19:00:11.698  1583  1583 I VehiclePlatform: [remoteserver|base|rmt] : SVP_RmtWrapper_Start()
12-31 19:00:11.698  1583  1583 I VehiclePlatform|RemoteHAL|Spi2Ethenet: remote_start()
12-31 19:00:11.699  1583  1583 I VehiclePlatform: [remoteserver|uart] : InitInstance()
12-31 19:00:11.699  1583  1583 I VehiclePlatform: [remoteserver|base|rmt] : SVP_RmtWrapper_Init()
12-31 19:00:11.702  1587  1587 I dsv_early_power: start VehiclePowerManager at time:12036ms
12-31 19:00:11.702  1587  1587 I dsv_early_power: VehiclePowerManager::getBootanimControl:0, isController:0
12-31 19:00:11.707  1587  1587 I ServiceManagement: getService: Trying again for android.hardware.automotive.vehicle@2.0::IVehicle/default...
12-31 19:00:11.715  1583  1583 I VehiclePlatform|RemoteHAL|UART: remote_open()
12-31 19:00:11.715  1583  1583 I VehiclePlatform|RemoteHAL|UART: remote_init()
12-31 19:00:11.715  1583  1583 I VehiclePlatform: [remoteserver|base|rmt] : SVP_RmtWrapper_Start()
12-31 19:00:11.715  1583  1583 I VehiclePlatform|RemoteHAL|UART: remote_start()
12-31 19:00:11.715  1583  1583 E VehiclePlatform|RemoteHAL|UART: Open device "/dev/ttySC2" failed!
12-31 19:00:11.715  1583  1583 E VehiclePlatform: [remoteserver|services] : cannot find SVPRmtIPC_Ethenet_JsonIP
12-31 19:00:11.715  1583  1583 E VehiclePlatform: [remoteserver|services] : cannot find SVPRmtInput_Local
12-31 19:00:11.715  1583  1583 E VehiclePlatform: [remoteserver|services] : cannot find SVPRmtInput_Local
12-31 19:00:11.715  1583  1583 I ServiceManagement: Removing namespace from process name android.hardware.automotive.vehicle@2.0-service.g6 to vehicle@2.0-service.g6.
12-31 19:00:11.718  1576  1576 I hwservicemanager: notify registration callback for android.hardware.automotive.vehicle@2.0::IVehicle/default: transport ok.
12-31 19:00:11.718  1576  1576 I hwservicemanager: add hidl service android.hardware.automotive.vehicle@2.0::IVehicle/default
12-31 19:00:11.720  1587  1587 I dsv_early_power: init VehiclePowerManager: connect to vehicle service successful
12-31 19:00:11.720  1583  1583 I automotive.vehicle@2.0-impl: SubscriptionManager::addOrUpdateSubscription, callback: 0xeab98acb41c0
12-31 19:00:11.720  1583  1583 I automotive.vehicle@2.0-impl: Creating new client and linking to death recipient, cookie: 0xeab98ac7d960
12-31 19:00:11.720  1583  1583 I automotive.vehicle@2.0-impl: addOrUpdateSubscription opts.propId: 0x21415117
12-31 19:00:11.720  1583  1583 I automotive.vehicle@2.0-impl: addOrUpdateSubscription opts.propId: 0x21415116
12-31 19:00:11.720  1583  1583 I automotive.vehicle@2.0-impl: addOrUpdateSubscription opts.propId: 0x21415101
12-31 19:00:11.720  1583  1583 I automotive.vehicle@2.0-service.salvator.EmulatedVehicleHal: subscribe propId: 0x21415117, sampleRate: 0.000000
12-31 19:00:11.720  1583  1583 I automotive.vehicle@2.0-service.salvator.EmulatedVehicleHal: subscribe propId: 0x21415116, sampleRate: 0.000000
12-31 19:00:11.720  1583  1583 I automotive.vehicle@2.0-service.salvator.EmulatedVehicleHal: subscribe propId: 0x21415101, sampleRate: 0.000000
12-31 19:00:11.724  1587  1587 I dsv_early_power: init VehiclePowerManager success
12-31 19:00:11.724  1587  1587 I dsv_early_power: VehiclePowerManager::getInstace:0x0xe053a3e3e780
12-31 19:00:11.861  1589  1589 I vehiclelan.ProxyService: start vehiclelan at time:12194ms
12-31 19:00:12.075  1583  1601 I VehiclePlatform|RemoteHAL|Spi2Ethenet: remote_message_recv_thread_start()
12-31 19:00:12.075  1583  1601 I VehiclePlatform|RemoteHAL|PipeTest: remote_fifo_recv_thread_start()
12-31 19:00:12.075  1583  1679 I VehiclePlatform|RemoteHAL|Spi2Ethenet: remote_message_recv_thread_proc() -- Begin!
12-31 19:00:12.076  1583  1680 I VehiclePlatform|RemoteHAL|PipeTest: remote_fifo_recv_thread_proc() -- Begin!
12-31 19:00:12.076  1583  1680 E VehiclePlatform|RemoteHAL|PipeTest: Device has not been initialized!
12-31 19:00:12.076  1583  1680 E VehiclePlatform|RemoteHAL|PipeTest: open spi_test_fifo success,fd=8
12-31 19:00:12.076  1583  1680 W VehiclePlatform|RemoteHAL|PipeTest: open spi_pipe success!
12-31 19:00:12.076  1583  1679 E VehiclePlatform: [remoteserver|rmtkeyhub] : SVPRmtKeyService IgnoredInput Before BootCompleted!
12-31 19:00:12.077  1583  1679 E VehiclePlatform: [remoteserver|rmtkeyhub] : SVPRmtKeyService IgnoredInput Before BootCompleted!
12-31 19:00:12.077  1583  1679 I VehiclePlatform: [remoteserver|services] : RestoreDateTime() - RMT TIME: 2025-11-27 18:32:18
12-31 19:00:12.078  1583  1679 I VehiclePlatform: [remoteserver|services] : RestoreDateTime() - LOCAL TIME: 2019-12-31 19:00:12
12-31 19:00:12.087  1587  1609 I dsv_early_power: VehiclePowerManager::powerStateChange:5
12-31 19:00:12.396  1576  1576 I hwservicemanager: add hidl service android.hidl.allocator@1.0::IAllocator/ashmem
12-31 19:00:12.396  1576  1576 I hwservicemanager: add hidl service android.hidl.base@1.0::IBase/ashmem
12-31 19:00:13.076  1583  1680 I VehiclePlatform|RemoteHAL|PipeTest: fifo select
12-31 19:00:13.712  1583  1603 I libbluetoothutil: getAddressFilePath filepath = /data/vehicle/data/BD_ADDR.INI
12-31 19:00:14.234  1583  1583 I automotive.vehicle@2.0-impl: SubscriptionManager::addOrUpdateSubscription, callback: 0xeab98acb42a0
12-31 19:00:14.234  1583  1583 I automotive.vehicle@2.0-impl: Creating new client and linking to death recipient, cookie: 0xeab98ac7daa0
12-31 19:00:14.235  1583  1583 I automotive.vehicle@2.0-impl: addOrUpdateSubscription opts.propId: 0x21417353
12-31 19:00:14.235  1583  1583 I automotive.vehicle@2.0-impl: addOrUpdateSubscription opts.propId: 0x21413423
12-31 19:00:14.235  1583  1583 I automotive.vehicle@2.0-impl: addOrUpdateSubscription opts.propId: 0x21413431
12-31 19:00:14.235  1583  1583 I automotive.vehicle@2.0-service.salvator.EmulatedVehicleHal: subscribe propId: 0x21417353, sampleRate: 0.000000
12-31 19:00:14.235  1583  1583 I automotive.vehicle@2.0-service.salvator.EmulatedVehicleHal: subscribe propId: 0x21413423, sampleRate: 0.000000
12-31 19:00:14.235  1583  1583 I automotive.vehicle@2.0-service.salvator.EmulatedVehicleHal: subscribe propId: 0x21413431, sampleRate: 0.000000
11-27 18:32:18.274  1583  1679 W libc    : Unable to set property "sys.vehicle.hardware.vin.code" to "ÿÿÿÿÿÿÿÿÿÿÿÿÿÿÿÿÿ": error code: 0x14
11-27 18:32:18.669  1583  1679 I VehiclePlatform: [libproperties|persistproperties|autolock] : SVPPersistPropertyAutolock - Begin
11-27 18:32:18.669  1583  1679 I VehiclePlatform: [libproperties|persistproperties|autolock] : SVPPersistPropertyAutolock Success, Lefttimes[8]
11-27 18:32:18.670  1583  1679 I VehiclePlatform: [libbasic|file] : Open() - FileName: /dev/run/.vehicle.persist.locked m_hFile: 0x00000009
11-27 18:32:18.670  1583  1679 I VehiclePlatform: [libproperties|persistproperties|autolock] : SVPPersistPropertyAutolock - End
11-27 18:32:18.670  1583  1679 E VehiclePlatform: [libproperties|persistproperties|emmc] : m_fd = 0x1, open persist dev fail @ GetData()!!
11-27 18:32:18.670  1583  1679 E VehiclePlatform: [libproperties|persistproperties] : SVPPersistProperties::Set: Read HyperFlash-CONFIG contents failed!
11-27 18:32:18.670  1583  1679 I VehiclePlatform: [libproperties|persistproperties|autolock] : ~SVPPersistPropertyAutolock - Begin
11-27 18:32:18.670  1583  1679 I VehiclePlatform: [libproperties|persistproperties|autolock] : ~SVPPersistPropertyAutolock - End
11-27 18:32:20.543  1583  1679 I VehiclePlatform: [libproperties|persistproperties|autolock] : SVPPersistPropertyAutolock - Begin
11-27 18:32:20.543  1583  1679 I VehiclePlatform: [libproperties|persistproperties|autolock] : SVPPersistPropertyAutolock Success, Lefttimes[8]
11-27 18:32:20.544  1583  1679 I VehiclePlatform: [libbasic|file] : Open() - FileName: /dev/run/.vehicle.persist.locked m_hFile: 0x00000009
11-27 18:32:20.544  1583  1679 I VehiclePlatform: [libproperties|persistproperties|autolock] : SVPPersistPropertyAutolock - End
11-27 18:32:20.544  1583  1679 E VehiclePlatform: [libproperties|persistproperties|emmc] : m_fd = 0x1, open persist dev fail @ GetData()!!
11-27 18:32:20.544  1583  1679 E VehiclePlatform: [libproperties|persistproperties] : SVPPersistProperties::Set: Read HyperFlash-CONFIG contents failed!
11-27 18:32:20.544  1583  1679 I VehiclePlatform: [libproperties|persistproperties|autolock] : ~SVPPersistPropertyAutolock - Begin
11-27 18:32:20.544  1583  1679 I VehiclePlatform: [libproperties|persistproperties|autolock] : ~SVPPersistPropertyAutolock - End
11-27 18:32:20.885  1589  1589 I vehiclelan.CommonProxy: FETCH_COMMON_PROXY
11-27 18:32:20.885  1589  1589 I vehiclelan.CommonProxy: CommonProxy
11-27 18:32:20.885  1589  1589 I vehiclelan|commonProxy: new common client
11-27 18:32:20.965  1589  1589 I ServiceManagement: Removing namespace from process name com.desaysv.vehiclelan.proxy@1.0-service to proxy@1.0-service.
11-27 18:32:20.966  1576  1576 I hwservicemanager: add hidl service com.desaysv.vehiclelan.proxy@1.0::ICommonProxy/default
11-27 18:32:20.966  1589  1589 I vehiclelan.ProxyService: Registration complete for com.desaysv.vehiclelan.proxy@1.0::ICommonProxy/default.
11-27 18:32:20.968  1589  1589 I vehiclelan.RvcProxy: FETCH_RVC_PROXY
11-27 18:32:20.968  1589  1589 I vehiclelan.RvcProxy: RvcProxy init
11-27 18:32:20.968  1589  1589 I vehiclelan|RvcProxy: new RvcClient
11-27 18:32:20.968  1589  1589 I vehiclelan|RvcProxy: new rvc client
11-27 18:32:20.970  1589  1589 I vehiclelan|RvcProxy: register callback to remote rvc
11-27 18:32:20.970  1589  1589 I ServiceManagement: Removing namespace from process name com.desaysv.vehiclelan.proxy@1.0-service to proxy@1.0-service.
11-27 18:32:20.971  1576  1576 I hwservicemanager: add hidl service com.desaysv.vehiclelan.proxy@1.0::IRvc/default
11-27 18:32:20.972  1589  1589 I vehiclelan.ProxyService: Registration complete for com.desaysv.vehiclelan.proxy@1.0::IRvc/default.
11-27 18:32:20.973  1589  1589 I vehiclelan.UpdateProxy: FETCH_UPDATE_PROXY
11-27 18:32:20.973  1589  1589 I vehiclelan.UpdateProxy: UpdateProxy
11-27 18:32:20.973  1589  1589 I vehiclelan|UpdateProxy: new UpdateClient
11-27 18:32:20.973  1589  1589 I vehiclelan|UpdateProxy: new update client
11-27 18:32:20.979  1589  1589 I ServiceManagement: Removing namespace from process name com.desaysv.vehiclelan.proxy@1.0-service to proxy@1.0-service.
11-27 18:32:20.981  1576  1576 I hwservicemanager: add hidl service com.desaysv.vehiclelan.proxy@1.0::IUpdateProxy/default
11-27 18:32:20.982  1589  1589 I vehiclelan.ProxyService: Registration complete for com.desaysv.vehiclelan.proxy@1.0::IUpdateProxy/default.
11-27 18:32:21.065  1589  2032 I vehiclelan|commonProxy: GeneralMsg is available!
11-27 18:32:21.070  1589  2035 I vehiclelan|RvcProxy: RvcClient is available!
11-27 18:32:21.078  1589  2038 I vehiclelan|UpdateProxy: UpdateClient is available!
11-27 18:32:21.078  1589  2030 I vehiclelan|commonProxy: GeneralMsg errorListener CallStatus : 0
11-27 18:32:21.082  1589  2039 I vehiclelan|commonProxy: begin to writeMessage msgType = 0x1005 subtype = 1 ret = 0
11-27 18:32:21.083  1589  2030 I vehiclelan|RvcProxy: RvcClient errorListener CallStatus : 0
11-27 18:32:21.086  1589  2030 I vehiclelan|RvcProxy: RvcClient errorListener CallStatus : 0
11-27 18:32:21.087  1589  2030 I vehiclelan|UpdateProxy: UpdateClient errorListener1 CallStatus : 0
11-27 18:32:21.091  1589  2030 I vehiclelan|UpdateProxy: UpdateClient errorListener2 CallStatus : 0
11-27 18:32:21.093  1589  2030 I vehiclelan|UpdateProxy: UpdateClient errorListener3 CallStatus : 0
11-27 18:32:21.096  1589  2030 I vehiclelan|UpdateProxy: UpdateClient errorListener4 CallStatus : 0
11-27 18:32:21.101  1589  2030 I vehiclelan|UpdateProxy: UpdateClient errorListener5 CallStatus : 0
11-27 18:32:22.068  1589  2032 E vehiclelan|commonProxy: GeneralMsg subscribe errorListenerStatus : 0
11-27 18:32:22.075  1589  2035 E vehiclelan|RvcProxy: RvcClient subscribe rvcErrorListenerStatus : 0  rvcErrorListenerStatus1 : 0 
11-27 18:32:22.090  1589  2038 E vehiclelan|UpdateProxy: UpdateClient subscribe errorListenerStatus : 0, 0, 0, 0, 0
11-27 18:32:22.960  1999  2043 I android_os_HwBinder: HwBinder: Starting thread pool for default::com.desaysv.vehiclelan.proxy@1.0::ICommonProxy
11-27 18:32:23.687  1707  1873 I dsp_hal : tinymix_set_value, control: Tbox_Vol; values: 120; num_values 1:
11-27 18:32:24.431  2161  2161 I android_os_HwBinder: HwBinder: Starting thread pool for default::android.hardware.automotive.vehicle@2.0::IVehicle
11-27 18:32:24.435  1583  1583 I automotive.vehicle@2.0-impl: SubscriptionManager::addOrUpdateSubscription, callback: 0xeab98acb4460
11-27 18:32:24.436  1583  1583 I automotive.vehicle@2.0-impl: Creating new client and linking to death recipient, cookie: 0xeab98ac7dbe0
11-27 18:32:24.436  1583  1583 I automotive.vehicle@2.0-impl: addOrUpdateSubscription opts.propId: 0x21415116
11-27 18:32:24.440  2161  2161 I android_os_HwBinder: HwBinder: Starting thread pool for default::com.desaysv.vehiclelan.proxy@1.0::ICommonProxy
11-27 18:32:24.523  2156  2189 I android_os_HwBinder: HwBinder: Starting thread pool for default::com.desaysv.vehiclelan.proxy@1.0::ICommonProxy
11-27 18:32:24.538  2156  2156 E PA_TboxManager: registTboxClientToManager , TboxService is null
11-27 18:32:24.602  2161  2217 E CarStateManagerService: <VehiclePower>getPowerStateFromVehicle: powerStatus = 5
11-27 18:32:24.607  1999  2037 I MediaFocusControl: requestAudioFocus() from uid/pid 1000/2161 clientId=android.media.AudioManager@c05710ddsv.carstate.service.vehicle.PowerAudioManager$PowerMuteAudioFocusListener@3d148c2 callingPack=dsv.carstate.service req=2 flags=0x1 sdk=28
11-27 18:32:24.628  1999  2086 I MediaFocusControl: requestAudioFocus() from uid/pid 1000/2161 clientId=android.media.AudioManager@c05710ddsv.carstate.service.vehicle.PowerAudioManager$PowerMuteAudioFocusListener@93ba210 callingPack=dsv.carstate.service req=2 flags=0x1 sdk=28
11-27 18:32:24.632  1999  2086 I MediaFocusControl: stream = mute_media: dispatching LOSS_TRANSIENT to android.media.AudioManager@c05710ddsv.carstate.service.vehicle.PowerAudioManager$PowerMuteAudioFocusListener@3d148c2
11-27 18:32:24.639  1707  1873 I dsp_hal : tinymix_set_value, control: Tbox_Vol; values: 119; num_values 1:
11-27 18:32:24.704  2207  2207 W CLAN.SERVICE: getVehicleLan use DummyVehicleLan
11-27 18:32:24.705  2207  2207 E DummyVehicleLan: getVehicleLanService null
11-27 18:32:24.711  2207  2207 I android_os_HwBinder: HwBinder: Starting thread pool for default::com.desaysv.vehiclelan.proxy@1.0::IRvc
11-27 18:32:24.716  2207  2207 I android_os_HwBinder: HwBinder: Starting thread pool for default::com.desaysv.vehiclelan.proxy@1.0::IUpdateProxy
11-27 18:32:24.719  2207  2207 I android_os_HwBinder: HwBinder: Starting thread pool for default::com.desaysv.vehiclelan.proxy@1.0::ICommonProxy
11-27 18:32:24.740  2207  2207 I ICarLanImpl: VehicleLanHal.init
11-27 18:32:24.778  1589  2111 I vehiclelan|RvcProxy: getRvcStatus success:0
11-27 18:32:24.839  2161  2161 E CarStateManagerService: <VehiclePower>getPowerStateFromVehicle: powerStatus = 5
11-27 18:32:24.896  2190  2190 I android_os_HwBinder: HwBinder: Starting thread pool for default::android.hardware.automotive.vehicle@2.0::IVehicle
11-27 18:32:24.904  2190  2190 I CAR.SERVICE: Connected to android.hardware.automotive.vehicle@2.0::IVehicle
11-27 18:32:25.042  2161  2161 E CarStateManagerService: <VehiclePower>getPowerStateFromVehicle: powerStatus = 5
11-27 18:32:25.089  2190  2190 I ICarImpl: VehicleHal.init
11-27 18:32:25.090  1583  1583 I automotive.vehicle@2.0-impl: getAllPropConfigs called
11-27 18:32:25.127  1583  1583 I automotive.vehicle@2.0-impl: SubscriptionManager::addOrUpdateSubscription, callback: 0xeab98acb4540
11-27 18:32:25.127  1583  1583 I automotive.vehicle@2.0-impl: Creating new client and linking to death recipient, cookie: 0xeab98ac7e040
11-27 18:32:25.127  1583  1583 I automotive.vehicle@2.0-impl: addOrUpdateSubscription opts.propId: 0x11410a00
11-27 18:32:25.127  1583  1583 I automotive.vehicle@2.0-service.salvator.EmulatedVehicleHal: subscribe propId: 0x11410a00, sampleRate: 0.000000
11-27 18:32:25.129  1583  1583 I automotive.vehicle@2.0-impl: SubscriptionManager::addOrUpdateSubscription, callback: 0xeab98acb4620
11-27 18:32:25.129  1583  1583 I automotive.vehicle@2.0-impl: addOrUpdateSubscription opts.propId: 0x11400a03
11-27 18:32:25.129  1583  1583 I automotive.vehicle@2.0-service.salvator.EmulatedVehicleHal: subscribe propId: 0x11400a03, sampleRate: 0.000000
11-27 18:32:25.185  1583  1583 I automotive.vehicle@2.0-impl: SubscriptionManager::addOrUpdateSubscription, callback: 0xeab98acb4620
11-27 18:32:25.185  1583  1583 I automotive.vehicle@2.0-impl: addOrUpdateSubscription opts.propId: 0x11e00c00
11-27 18:32:25.185  1583  1583 I automotive.vehicle@2.0-service.salvator.EmulatedVehicleHal: subscribe propId: 0x11e00c00, sampleRate: 0.000000
11-27 18:32:25.197  1583  1583 I automotive.vehicle@2.0-service.salvator.VehicleEmulator: doSetValueFromClient() - ERROR  Type: 11 !!!!!!!
11-27 18:32:25.243  2161  2161 E CarStateManagerService: <VehiclePower>getPowerStateFromVehicle: powerStatus = 5
11-27 18:32:25.244  1583  1583 W automotive.vehicle@2.0-impl: Sample rate is greater than zero for on change type. Ignoring it.
11-27 18:32:25.244  1583  1583 I automotive.vehicle@2.0-impl: SubscriptionManager::addOrUpdateSubscription, callback: 0xeab98acb4620
11-27 18:32:25.244  1583  1583 I automotive.vehicle@2.0-impl: addOrUpdateSubscription opts.propId: 0x11600207
11-27 18:32:25.244  1583  1583 I automotive.vehicle@2.0-service.salvator.EmulatedVehicleHal: subscribe propId: 0x11600207, sampleRate: 0.000000
11-27 18:32:25.246  1583  1583 I automotive.vehicle@2.0-impl: SubscriptionManager::addOrUpdateSubscription, callback: 0xeab98acb4620
11-27 18:32:25.246  1583  1583 I automotive.vehicle@2.0-impl: addOrUpdateSubscription opts.propId: 0x11400400
11-27 18:32:25.246  1583  1583 I automotive.vehicle@2.0-service.salvator.EmulatedVehicleHal: subscribe propId: 0x11400400, sampleRate: 0.000000
11-27 18:32:25.248  1583  1583 I automotive.vehicle@2.0-impl: SubscriptionManager::addOrUpdateSubscription, callback: 0xeab98acb4620
11-27 18:32:25.248  1583  1583 I automotive.vehicle@2.0-impl: addOrUpdateSubscription opts.propId: 0x11200402
11-27 18:32:25.248  1583  1583 I automotive.vehicle@2.0-service.salvator.EmulatedVehicleHal: subscribe propId: 0x11200402, sampleRate: 0.000000
11-27 18:32:25.254  1583  1583 I automotive.vehicle@2.0-impl: SubscriptionManager::addOrUpdateSubscription, callback: 0xeab98acb4620
11-27 18:32:25.254  1583  1583 I automotive.vehicle@2.0-impl: addOrUpdateSubscription opts.propId: 0x11410a10
11-27 18:32:25.254  1583  1583 I automotive.vehicle@2.0-service.salvator.EmulatedVehicleHal: subscribe propId: 0x11410a10, sampleRate: 0.000000
11-27 18:32:25.349  1583  1583 I automotive.vehicle@2.0-impl: SubscriptionManager::addOrUpdateSubscription, callback: 0xeab98acb4620
11-27 18:32:25.349  1583  1583 I automotive.vehicle@2.0-impl: addOrUpdateSubscription opts.propId: 0x11200407
11-27 18:32:25.350  1583  1583 I automotive.vehicle@2.0-service.salvator.EmulatedVehicleHal: subscribe propId: 0x11200407, sampleRate: 0.000000
11-27 18:32:25.356  2190  2190 W ContextImpl: Calling a method in the system process without a qualified user: android.app.ContextImpl.bindService:1611 android.content.ContextWrapper.bindService:698 com.android.car.cluster.InstrumentClusterService.bindInstrumentClusterRendererService:239 com.android.car.cluster.InstrumentClusterService.init:152 com.android.car.ICarImpl.init:187 
11-27 18:32:25.358  1999  2037 W ActivityManager: Unable to start service Intent { cmp=android.car.cluster.sample/.SampleClusterServiceImpl (has extras) } U=0: not found
11-27 18:32:25.368  1583  1583 I automotive.vehicle@2.0-impl: SubscriptionManager::addOrUpdateSubscription, callback: 0xeab98acb4620
11-27 18:32:25.368  1583  1583 I automotive.vehicle@2.0-impl: addOrUpdateSubscription opts.propId: 0x16200b02
11-27 18:32:25.368  1583  1583 I automotive.vehicle@2.0-service.salvator.EmulatedVehicleHal: subscribe propId: 0x16200b02, sampleRate: 0.000000
11-27 18:32:25.371  1583  1583 I automotive.vehicle@2.0-impl: SubscriptionManager::addOrUpdateSubscription, callback: 0xeab98acb4620
11-27 18:32:25.371  1583  1583 I automotive.vehicle@2.0-impl: addOrUpdateSubscription opts.propId: 0x11400409
11-27 18:32:25.371  1583  1583 I automotive.vehicle@2.0-service.salvator.EmulatedVehicleHal: subscribe propId: 0x11400409, sampleRate: 0.000000
11-27 18:32:25.374  2190  2190 E CAR.DIAGNOSTIC: 	at com.android.car.hal.VehicleHal.get(VehicleHal.java:326)
11-27 18:32:25.374  2190  2190 E CAR.DIAGNOSTIC: 	at com.android.car.hal.VehicleHal.get(VehicleHal.java:315)
11-27 18:32:25.377  2190  2190 E CAR.DIAGNOSTIC: 	at com.android.car.hal.VehicleHal.get(VehicleHal.java:326)
11-27 18:32:25.377  2190  2190 E CAR.DIAGNOSTIC: 	at com.android.car.hal.VehicleHal.get(VehicleHal.java:315)
11-27 18:32:25.502  1583  1583 W automotive.vehicle@2.0-impl: Sample rate is greater than zero for on change type. Ignoring it.
11-27 18:32:25.502  1583  1583 I automotive.vehicle@2.0-impl: SubscriptionManager::addOrUpdateSubscription, callback: 0xeab98acb4620
11-27 18:32:25.502  1583  1583 I automotive.vehicle@2.0-impl: addOrUpdateSubscription opts.propId: 0x11600207
11-27 18:32:25.535  1583  1583 I automotive.vehicle@2.0-impl: SubscriptionManager::addOrUpdateSubscription, callback: 0xeab98acb4620
11-27 18:32:25.535  1583  1583 I automotive.vehicle@2.0-impl: addOrUpdateSubscription opts.propId: 0x2141734f
11-27 18:32:25.535  1583  1583 I automotive.vehicle@2.0-service.salvator.EmulatedVehicleHal: subscribe propId: 0x2141734f, sampleRate: 0.000000
11-27 18:32:25.551  1583  1583 I automotive.vehicle@2.0-impl: SubscriptionManager::addOrUpdateSubscription, callback: 0xeab98acb4620
11-27 18:32:25.551  1583  1583 I automotive.vehicle@2.0-impl: addOrUpdateSubscription opts.propId: 0x21415101
11-27 18:32:25.563  1583  1583 I automotive.vehicle@2.0-impl: SubscriptionManager::addOrUpdateSubscription, callback: 0xeab98acb4620
11-27 18:32:25.563  1583  1583 I automotive.vehicle@2.0-impl: addOrUpdateSubscription opts.propId: 0x21415116
11-27 18:32:25.565  1583  1612 I automotive.vehicle@2.0-impl: SubscriptionManager::addOrUpdateSubscription, callback: 0xeab98acb47e0
11-27 18:32:25.565  1583  1612 I automotive.vehicle@2.0-impl: addOrUpdateSubscription opts.propId: 0x21417353
11-27 18:32:25.566  1583  1612 I automotive.vehicle@2.0-impl: SubscriptionManager::addOrUpdateSubscription, callback: 0xeab98acb47e0
11-27 18:32:25.566  1583  1612 I automotive.vehicle@2.0-impl: addOrUpdateSubscription opts.propId: 0x25415115
11-27 18:32:25.566  1583  1612 I automotive.vehicle@2.0-service.salvator.EmulatedVehicleHal: subscribe propId: 0x25415115, sampleRate: 0.000000
11-27 18:32:25.574  1583  1583 I automotive.vehicle@2.0-impl: SubscriptionManager::addOrUpdateSubscription, callback: 0xeab98acb4620
11-27 18:32:25.574  1583  1583 I automotive.vehicle@2.0-impl: addOrUpdateSubscription opts.propId: 0x13200504
11-27 18:32:25.574  1583  1583 I automotive.vehicle@2.0-service.salvator.EmulatedVehicleHal: subscribe propId: 0x13200504, sampleRate: 0.000000
11-27 18:32:25.576  1583  1583 I automotive.vehicle@2.0-impl: SubscriptionManager::addOrUpdateSubscription, callback: 0xeab98acb4620
11-27 18:32:25.576  1583  1583 I automotive.vehicle@2.0-impl: addOrUpdateSubscription opts.propId: 0x21415117
11-27 18:32:25.581  1583  1612 I automotive.vehicle@2.0-impl: SubscriptionManager::addOrUpdateSubscription, callback: 0xeab98acb47e0
11-27 18:32:25.581  1583  1612 I automotive.vehicle@2.0-impl: addOrUpdateSubscription opts.propId: 0x11200405
11-27 18:32:25.581  1583  1612 I automotive.vehicle@2.0-service.salvator.EmulatedVehicleHal: subscribe propId: 0x11200405, sampleRate: 0.000000
11-27 18:32:25.582  1583  1612 I automotive.vehicle@2.0-impl: SubscriptionManager::addOrUpdateSubscription, callback: 0xeab98acb47e0
11-27 18:32:25.582  1583  1612 I automotive.vehicle@2.0-impl: addOrUpdateSubscription opts.propId: 0x21414411
11-27 18:32:25.582  1583  1612 I automotive.vehicle@2.0-service.salvator.EmulatedVehicleHal: subscribe propId: 0x21414411, sampleRate: 0.000000
11-27 18:32:25.586  1583  1612 I automotive.vehicle@2.0-impl: SubscriptionManager::addOrUpdateSubscription, callback: 0xeab98acb47e0
11-27 18:32:25.586  1583  1612 I automotive.vehicle@2.0-impl: addOrUpdateSubscription opts.propId: 0x15200505
11-27 18:32:25.586  1583  1612 I automotive.vehicle@2.0-service.salvator.EmulatedVehicleHal: subscribe propId: 0x15200505, sampleRate: 0.000000
11-27 18:32:25.588  1583  1612 I automotive.vehicle@2.0-impl: SubscriptionManager::addOrUpdateSubscription, callback: 0xeab98acb47e0
11-27 18:32:25.588  1583  1612 I automotive.vehicle@2.0-impl: addOrUpdateSubscription opts.propId: 0x21414204
11-27 18:32:25.588  1583  1612 I automotive.vehicle@2.0-service.salvator.EmulatedVehicleHal: subscribe propId: 0x21414204, sampleRate: 0.000000
11-27 18:32:25.591  1583  1612 I automotive.vehicle@2.0-impl: SubscriptionManager::addOrUpdateSubscription, callback: 0xeab98acb47e0
11-27 18:32:25.591  1583  1612 I automotive.vehicle@2.0-impl: addOrUpdateSubscription opts.propId: 0x15200506
11-27 18:32:25.591  1583  1612 I automotive.vehicle@2.0-service.salvator.EmulatedVehicleHal: subscribe propId: 0x15200506, sampleRate: 0.000000
11-27 18:32:25.592  1583  1583 I automotive.vehicle@2.0-impl: SubscriptionManager::addOrUpdateSubscription, callback: 0xeab98acb4620
11-27 18:32:25.592  1583  1583 I automotive.vehicle@2.0-impl: addOrUpdateSubscription opts.propId: 0x21417905
11-27 18:32:25.592  1583  1583 I automotive.vehicle@2.0-service.salvator.EmulatedVehicleHal: subscribe propId: 0x21417905, sampleRate: 0.000000
11-27 18:32:25.595  1583  1583 I automotive.vehicle@2.0-impl: SubscriptionManager::addOrUpdateSubscription, callback: 0xeab98acb4620
11-27 18:32:25.595  1583  1583 I automotive.vehicle@2.0-impl: addOrUpdateSubscription opts.propId: 0x21417901
11-27 18:32:25.596  1583  1583 I automotive.vehicle@2.0-service.salvator.EmulatedVehicleHal: subscribe propId: 0x21417901, sampleRate: 0.000000
11-27 18:32:25.598  1583  1583 I automotive.vehicle@2.0-impl: SubscriptionManager::addOrUpdateSubscription, callback: 0xeab98acb4620
11-27 18:32:25.598  1583  1583 I automotive.vehicle@2.0-impl: addOrUpdateSubscription opts.propId: 0x15200507
11-27 18:32:25.598  1583  1583 I automotive.vehicle@2.0-service.salvator.EmulatedVehicleHal: subscribe propId: 0x15200507, sampleRate: 0.000000
11-27 18:32:25.598  1583  1583 I automotive.vehicle@2.0-impl: SubscriptionManager::addOrUpdateSubscription, callback: 0xeab98acb4620
11-27 18:32:25.598  1583  1583 I automotive.vehicle@2.0-impl: addOrUpdateSubscription opts.propId: 0x21414421
11-27 18:32:25.598  1583  1583 I automotive.vehicle@2.0-service.salvator.EmulatedVehicleHal: subscribe propId: 0x21414421, sampleRate: 0.000000
11-27 18:32:25.601  1583  1583 I automotive.vehicle@2.0-impl: SubscriptionManager::addOrUpdateSubscription, callback: 0xeab98acb4620
11-27 18:32:25.601  1583  1583 I automotive.vehicle@2.0-impl: addOrUpdateSubscription opts.propId: 0x2141f000
11-27 18:32:25.601  1583  1583 I automotive.vehicle@2.0-service.salvator.EmulatedVehicleHal: subscribe propId: 0x2141f000, sampleRate: 0.000000
11-27 18:32:25.602  2161  2161 E CarStateManagerService: <VehiclePower>!!!vendormanager connect, queryPowerState!!!
11-27 18:32:25.603  2161  2161 W CarStateManagerService: <VehiclePower>send type is:0;app status is:1
11-27 18:32:25.603  1583  1583 I automotive.vehicle@2.0-impl: SubscriptionManager::addOrUpdateSubscription, callback: 0xeab98acb4620
11-27 18:32:25.603  1583  1583 I automotive.vehicle@2.0-impl: addOrUpdateSubscription opts.propId: 0x21417969
11-27 18:32:25.603  1583  1583 I automotive.vehicle@2.0-service.salvator.EmulatedVehicleHal: subscribe propId: 0x21417969, sampleRate: 0.000000
11-27 18:32:25.608  1583  1583 I automotive.vehicle@2.0-impl: SubscriptionManager::addOrUpdateSubscription, callback: 0xeab98acb4620
11-27 18:32:25.608  1583  1583 I automotive.vehicle@2.0-impl: addOrUpdateSubscription opts.propId: 0x11200308
11-27 18:32:25.608  1583  1583 I automotive.vehicle@2.0-service.salvator.EmulatedVehicleHal: subscribe propId: 0x11200308, sampleRate: 0.000000
11-27 18:32:25.612  1583  1583 I automotive.vehicle@2.0-impl: SubscriptionManager::addOrUpdateSubscription, callback: 0xeab98acb4620
11-27 18:32:25.612  1583  1583 I automotive.vehicle@2.0-impl: addOrUpdateSubscription opts.propId: 0x15200508
11-27 18:32:25.612  1583  1583 I automotive.vehicle@2.0-service.salvator.EmulatedVehicleHal: subscribe propId: 0x15200508, sampleRate: 0.000000
11-27 18:32:25.615  1583  1583 I automotive.vehicle@2.0-impl: SubscriptionManager::addOrUpdateSubscription, callback: 0xeab98acb4620
11-27 18:32:25.615  1583  1583 I automotive.vehicle@2.0-impl: addOrUpdateSubscription opts.propId: 0x15200509
11-27 18:32:25.615  1583  1583 I automotive.vehicle@2.0-service.salvator.EmulatedVehicleHal: subscribe propId: 0x15200509, sampleRate: 0.000000
11-27 18:32:25.620  1583  1583 I automotive.vehicle@2.0-impl: SubscriptionManager::addOrUpdateSubscription, callback: 0xeab98acb4620
11-27 18:32:25.621  1583  1583 I automotive.vehicle@2.0-impl: addOrUpdateSubscription opts.propId: 0x1120040a
11-27 18:32:25.621  1583  1583 I automotive.vehicle@2.0-service.salvator.EmulatedVehicleHal: subscribe propId: 0x1120040a, sampleRate: 0.000000
11-27 18:32:25.630  1583  1583 I automotive.vehicle@2.0-impl: SubscriptionManager::addOrUpdateSubscription, callback: 0xeab98acb4620
11-27 18:32:25.630  1583  1583 I automotive.vehicle@2.0-impl: addOrUpdateSubscription opts.propId: 0x1120030a
11-27 18:32:25.630  1583  1583 I automotive.vehicle@2.0-service.salvator.EmulatedVehicleHal: subscribe propId: 0x1120030a, sampleRate: 0.000000
11-27 18:32:25.633  1583  1583 I automotive.vehicle@2.0-impl: SubscriptionManager::addOrUpdateSubscription, callback: 0xeab98acb4620
11-27 18:32:25.633  1583  1583 I automotive.vehicle@2.0-impl: addOrUpdateSubscription opts.propId: 0x2141856b
11-27 18:32:25.633  1583  1583 I automotive.vehicle@2.0-service.salvator.EmulatedVehicleHal: subscribe propId: 0x2141856b, sampleRate: 0.000000
11-27 18:32:25.638  1583  1583 I automotive.vehicle@2.0-impl: SubscriptionManager::addOrUpdateSubscription, callback: 0xeab98acb4620
11-27 18:32:25.639  1583  1583 I automotive.vehicle@2.0-impl: addOrUpdateSubscription opts.propId: 0x1520050a
11-27 18:32:25.639  1583  1583 I automotive.vehicle@2.0-service.salvator.EmulatedVehicleHal: subscribe propId: 0x1520050a, sampleRate: 0.000000
11-27 18:32:25.644  1583  1583 I automotive.vehicle@2.0-impl: SubscriptionManager::addOrUpdateSubscription, callback: 0xeab98acb4620
11-27 18:32:25.645  1583  1583 I automotive.vehicle@2.0-impl: addOrUpdateSubscription opts.propId: 0x2141796a
11-27 18:32:25.645  1583  1583 I automotive.vehicle@2.0-service.salvator.EmulatedVehicleHal: subscribe propId: 0x2141796a, sampleRate: 0.000000
11-27 18:32:25.652  1583  1612 I automotive.vehicle@2.0-impl: SubscriptionManager::addOrUpdateSubscription, callback: 0xeab98acb47e0
11-27 18:32:25.652  1583  1612 I automotive.vehicle@2.0-impl: addOrUpdateSubscription opts.propId: 0x1120030b
11-27 18:32:25.652  1583  1612 I automotive.vehicle@2.0-service.salvator.EmulatedVehicleHal: subscribe propId: 0x1120030b, sampleRate: 0.000000
11-27 18:32:25.655  2161  2161 E CarStateManagerService: <VehiclePower>Get MCU power:5
11-27 18:32:25.655  1583  1583 I automotive.vehicle@2.0-impl: SubscriptionManager::addOrUpdateSubscription, callback: 0xeab98acb4620
11-27 18:32:25.655  1583  1583 I automotive.vehicle@2.0-impl: addOrUpdateSubscription opts.propId: 0x1120040b
11-27 18:32:25.655  1583  1583 I automotive.vehicle@2.0-service.salvator.EmulatedVehicleHal: subscribe propId: 0x1120040b, sampleRate: 0.000000
11-27 18:32:25.660  2161  2161 E CarStateManagerService: <VehiclePower>Get power saver:0
11-27 18:32:25.660  1583  1583 I automotive.vehicle@2.0-impl: SubscriptionManager::addOrUpdateSubscription, callback: 0xeab98acb4620
11-27 18:32:25.660  1583  1583 I automotive.vehicle@2.0-impl: addOrUpdateSubscription opts.propId: 0x15200510
11-27 18:32:25.661  1583  1583 I automotive.vehicle@2.0-service.salvator.EmulatedVehicleHal: subscribe propId: 0x15200510, sampleRate: 0.000000
11-27 18:32:25.663  1583  1583 I automotive.vehicle@2.0-impl: SubscriptionManager::addOrUpdateSubscription, callback: 0xeab98acb4620
11-27 18:32:25.664  1583  1583 I automotive.vehicle@2.0-impl: addOrUpdateSubscription opts.propId: 0x15200512
11-27 18:32:25.664  1583  1583 I automotive.vehicle@2.0-service.salvator.EmulatedVehicleHal: subscribe propId: 0x15200512, sampleRate: 0.000000
11-27 18:32:25.665  2161  2161 E CarStateManagerService: <VehiclePower>getPowerStateFromVehicle: powerStatus = 5
11-27 18:32:25.669  1583  1583 I automotive.vehicle@2.0-impl: SubscriptionManager::addOrUpdateSubscription, callback: 0xeab98acb4620
11-27 18:32:25.669  1583  1583 I automotive.vehicle@2.0-impl: addOrUpdateSubscription opts.propId: 0x21414301
11-27 18:32:25.669  1583  1583 I automotive.vehicle@2.0-service.salvator.EmulatedVehicleHal: subscribe propId: 0x21414301, sampleRate: 0.000000
11-27 18:32:25.671  2161  2217 E CarStateManagerService: <VehiclePower>getPowerStateFromVehicle: powerStatus = 5
11-27 18:32:25.675  1583  1583 I automotive.vehicle@2.0-impl: SubscriptionManager::addOrUpdateSubscription, callback: 0xeab98acb4620
11-27 18:32:25.675  1583  1583 I automotive.vehicle@2.0-impl: addOrUpdateSubscription opts.propId: 0x21418501
11-27 18:32:25.675  1583  1583 I automotive.vehicle@2.0-service.salvator.EmulatedVehicleHal: subscribe propId: 0x21418501, sampleRate: 0.000000
11-27 18:32:25.681  1583  1583 I automotive.vehicle@2.0-impl: SubscriptionManager::addOrUpdateSubscription, callback: 0xeab98acb4620
11-27 18:32:25.681  1583  1583 I automotive.vehicle@2.0-impl: addOrUpdateSubscription opts.propId: 0x21413501
11-27 18:32:25.682  1583  1583 I automotive.vehicle@2.0-service.salvator.EmulatedVehicleHal: subscribe propId: 0x21413501, sampleRate: 0.000000
11-27 18:32:25.687  1583  1583 I automotive.vehicle@2.0-impl: SubscriptionManager::addOrUpdateSubscription, callback: 0xeab98acb4620
11-27 18:32:25.687  1583  1583 I automotive.vehicle@2.0-impl: addOrUpdateSubscription opts.propId: 0x21414d01
11-27 18:32:25.687  1583  1583 I automotive.vehicle@2.0-service.salvator.EmulatedVehicleHal: subscribe propId: 0x21414d01, sampleRate: 0.000000
11-27 18:32:25.695  1583  1583 I automotive.vehicle@2.0-impl: SubscriptionManager::addOrUpdateSubscription, callback: 0xeab98acb4620
11-27 18:32:25.695  1583  1583 I automotive.vehicle@2.0-impl: addOrUpdateSubscription opts.propId: 0x21418201
11-27 18:32:25.695  1583  1583 I automotive.vehicle@2.0-service.salvator.EmulatedVehicleHal: subscribe propId: 0x21418201, sampleRate: 0.000000
11-27 18:32:25.701  1583  1583 I automotive.vehicle@2.0-impl: SubscriptionManager::addOrUpdateSubscription, callback: 0xeab98acb4620
11-27 18:32:25.701  1583  1583 I automotive.vehicle@2.0-impl: addOrUpdateSubscription opts.propId: 0x21415501
11-27 18:32:25.701  1583  1583 I automotive.vehicle@2.0-service.salvator.EmulatedVehicleHal: subscribe propId: 0x21415501, sampleRate: 0.000000
11-27 18:32:25.704  1583  1583 I automotive.vehicle@2.0-impl: SubscriptionManager::addOrUpdateSubscription, callback: 0xeab98acb4620
11-27 18:32:25.704  1583  1583 I automotive.vehicle@2.0-impl: addOrUpdateSubscription opts.propId: 0x21415401
11-27 18:32:25.704  1583  1583 I automotive.vehicle@2.0-service.salvator.EmulatedVehicleHal: subscribe propId: 0x21415401, sampleRate: 0.000000
11-27 18:32:25.706  1583  1583 I automotive.vehicle@2.0-impl: SubscriptionManager::addOrUpdateSubscription, callback: 0xeab98acb4620
11-27 18:32:25.707  1583  1583 I automotive.vehicle@2.0-impl: addOrUpdateSubscription opts.propId: 0x21417d01
11-27 18:32:25.707  1583  1583 I automotive.vehicle@2.0-service.salvator.EmulatedVehicleHal: subscribe propId: 0x21417d01, sampleRate: 0.000000
11-27 18:32:25.711  1583  1612 I automotive.vehicle@2.0-impl: SubscriptionManager::addOrUpdateSubscription, callback: 0xeab98acb47e0
11-27 18:32:25.711  1583  1612 I automotive.vehicle@2.0-impl: addOrUpdateSubscription opts.propId: 0x15400500
11-27 18:32:25.711  1583  1612 I automotive.vehicle@2.0-service.salvator.EmulatedVehicleHal: subscribe propId: 0x15400500, sampleRate: 0.000000
11-27 18:32:25.716  1583  1583 I automotive.vehicle@2.0-impl: SubscriptionManager::addOrUpdateSubscription, callback: 0xeab98acb4620
11-27 18:32:25.716  1583  1583 I automotive.vehicle@2.0-impl: addOrUpdateSubscription opts.propId: 0x2141d001
11-27 18:32:25.716  1583  1583 I automotive.vehicle@2.0-service.salvator.EmulatedVehicleHal: subscribe propId: 0x2141d001, sampleRate: 0.000000
11-27 18:32:25.722  1583  1583 I automotive.vehicle@2.0-impl: SubscriptionManager::addOrUpdateSubscription, callback: 0xeab98acb4620
11-27 18:32:25.722  1583  1583 I automotive.vehicle@2.0-impl: addOrUpdateSubscription opts.propId: 0x21413c01
11-27 18:32:25.722  1583  1583 I automotive.vehicle@2.0-service.salvator.EmulatedVehicleHal: subscribe propId: 0x21413c01, sampleRate: 0.000000
11-27 18:32:25.728  1583  1583 I automotive.vehicle@2.0-impl: SubscriptionManager::addOrUpdateSubscription, callback: 0xeab98acb4620
11-27 18:32:25.728  1583  1583 I automotive.vehicle@2.0-impl: addOrUpdateSubscription opts.propId: 0x21410d01
11-27 18:32:25.728  1583  1583 I automotive.vehicle@2.0-service.salvator.EmulatedVehicleHal: subscribe propId: 0x21410d01, sampleRate: 0.000000
11-27 18:32:25.731  1583  1583 I automotive.vehicle@2.0-impl: SubscriptionManager::addOrUpdateSubscription, callback: 0xeab98acb4620
11-27 18:32:25.731  1583  1583 I automotive.vehicle@2.0-impl: addOrUpdateSubscription opts.propId: 0x21415201
11-27 18:32:25.731  1583  1583 I automotive.vehicle@2.0-service.salvator.EmulatedVehicleHal: subscribe propId: 0x21415201, sampleRate: 0.000000
11-27 18:32:25.732  1583  1583 I automotive.vehicle@2.0-impl: SubscriptionManager::addOrUpdateSubscription, callback: 0xeab98acb4620
11-27 18:32:25.732  1583  1583 I automotive.vehicle@2.0-impl: addOrUpdateSubscription opts.propId: 0x21413d01
11-27 18:32:25.732  1583  1583 I automotive.vehicle@2.0-service.salvator.EmulatedVehicleHal: subscribe propId: 0x21413d01, sampleRate: 0.000000
11-27 18:32:25.734  1583  1583 I automotive.vehicle@2.0-impl: SubscriptionManager::addOrUpdateSubscription, callback: 0xeab98acb4620
11-27 18:32:25.734  1583  1583 I automotive.vehicle@2.0-impl: addOrUpdateSubscription opts.propId: 0x2141ff00
11-27 18:32:25.734  1583  1583 I automotive.vehicle@2.0-service.salvator.EmulatedVehicleHal: subscribe propId: 0x2141ff00, sampleRate: 0.000000
11-27 18:32:25.735  1583  1583 I automotive.vehicle@2.0-impl: SubscriptionManager::addOrUpdateSubscription, callback: 0xeab98acb4620
11-27 18:32:25.735  1583  1583 I automotive.vehicle@2.0-impl: addOrUpdateSubscription opts.propId: 0x15400501
11-27 18:32:25.735  1583  1583 I automotive.vehicle@2.0-service.salvator.EmulatedVehicleHal: subscribe propId: 0x15400501, sampleRate: 0.000000
11-27 18:32:25.737  1583  1583 I automotive.vehicle@2.0-impl: SubscriptionManager::addOrUpdateSubscription, callback: 0xeab98acb4620
11-27 18:32:25.738  1583  1583 I automotive.vehicle@2.0-impl: addOrUpdateSubscription opts.propId: 0x2141d000
11-27 18:32:25.738  1583  1583 I automotive.vehicle@2.0-service.salvator.EmulatedVehicleHal: subscribe propId: 0x2141d000, sampleRate: 0.000000
11-27 18:32:25.739  1583  1583 I automotive.vehicle@2.0-impl: SubscriptionManager::addOrUpdateSubscription, callback: 0xeab98acb4620
11-27 18:32:25.739  1583  1583 I automotive.vehicle@2.0-impl: addOrUpdateSubscription opts.propId: 0x11400401
11-27 18:32:25.739  1583  1583 I automotive.vehicle@2.0-service.salvator.EmulatedVehicleHal: subscribe propId: 0x11400401, sampleRate: 0.000000
11-27 18:32:25.742  1583  1583 I automotive.vehicle@2.0-impl: SubscriptionManager::addOrUpdateSubscription, callback: 0xeab98acb4620
11-27 18:32:25.742  1583  1583 I automotive.vehicle@2.0-impl: addOrUpdateSubscription opts.propId: 0x21417d03
11-27 18:32:25.742  1583  1583 I automotive.vehicle@2.0-service.salvator.EmulatedVehicleHal: subscribe propId: 0x21417d03, sampleRate: 0.000000
11-27 18:32:25.744  1583  1583 I automotive.vehicle@2.0-impl: SubscriptionManager::addOrUpdateSubscription, callback: 0xeab98acb4620
11-27 18:32:25.744  1583  1583 I automotive.vehicle@2.0-impl: addOrUpdateSubscription opts.propId: 0x21414403
11-27 18:32:25.744  1583  1583 I automotive.vehicle@2.0-service.salvator.EmulatedVehicleHal: subscribe propId: 0x21414403, sampleRate: 0.000000
11-27 18:32:25.746  1583  1583 I automotive.vehicle@2.0-impl: SubscriptionManager::addOrUpdateSubscription, callback: 0xeab98acb4620
11-27 18:32:25.746  1583  1583 I automotive.vehicle@2.0-impl: addOrUpdateSubscription opts.propId: 0x21414203
11-27 18:32:25.746  1583  1583 I automotive.vehicle@2.0-service.salvator.EmulatedVehicleHal: subscribe propId: 0x21414203, sampleRate: 0.000000
11-27 18:32:25.748  1583  1583 I automotive.vehicle@2.0-impl: SubscriptionManager::addOrUpdateSubscription, callback: 0xeab98acb4620
11-27 18:32:25.748  1583  1583 I automotive.vehicle@2.0-impl: addOrUpdateSubscription opts.propId: 0x21418203
11-27 18:32:25.748  1583  1583 I automotive.vehicle@2.0-service.salvator.EmulatedVehicleHal: subscribe propId: 0x21418203, sampleRate: 0.000000
11-27 18:32:25.750  1583  1583 I automotive.vehicle@2.0-impl: SubscriptionManager::addOrUpdateSubscription, callback: 0xeab98acb4620
11-27 18:32:25.750  1583  1583 I automotive.vehicle@2.0-impl: addOrUpdateSubscription opts.propId: 0x21415103
11-27 18:32:25.750  1583  1583 I automotive.vehicle@2.0-service.salvator.EmulatedVehicleHal: subscribe propId: 0x21415103, sampleRate: 0.000000
11-27 18:32:25.754  1583  1583 I automotive.vehicle@2.0-impl: SubscriptionManager::addOrUpdateSubscription, callback: 0xeab98acb4620
11-27 18:32:25.754  1583  1583 I automotive.vehicle@2.0-impl: addOrUpdateSubscription opts.propId: 0x21418202
11-27 18:32:25.754  1583  1583 I automotive.vehicle@2.0-service.salvator.EmulatedVehicleHal: subscribe propId: 0x21418202, sampleRate: 0.000000
11-27 18:32:25.757  1583  1583 I automotive.vehicle@2.0-impl: SubscriptionManager::addOrUpdateSubscription, callback: 0xeab98acb4620
11-27 18:32:25.757  1583  1583 I automotive.vehicle@2.0-impl: addOrUpdateSubscription opts.propId: 0x21415502
11-27 18:32:25.757  1583  1583 I automotive.vehicle@2.0-service.salvator.EmulatedVehicleHal: subscribe propId: 0x21415502, sampleRate: 0.000000
11-27 18:32:25.761  1583  1583 I automotive.vehicle@2.0-impl: SubscriptionManager::addOrUpdateSubscription, callback: 0xeab98acb4620
11-27 18:32:25.761  1583  1583 I automotive.vehicle@2.0-impl: addOrUpdateSubscription opts.propId: 0x21417902
11-27 18:32:25.761  1583  1583 I automotive.vehicle@2.0-service.salvator.EmulatedVehicleHal: subscribe propId: 0x21417902, sampleRate: 0.000000
11-27 18:32:25.765  1583  1583 I automotive.vehicle@2.0-impl: SubscriptionManager::addOrUpdateSubscription, callback: 0xeab98acb4620
11-27 18:32:25.765  1583  1583 I automotive.vehicle@2.0-impl: addOrUpdateSubscription opts.propId: 0x21413502
11-27 18:32:25.765  1583  1583 I automotive.vehicle@2.0-service.salvator.EmulatedVehicleHal: subscribe propId: 0x21413502, sampleRate: 0.000000
11-27 18:32:25.768  1583  1583 I automotive.vehicle@2.0-impl: SubscriptionManager::addOrUpdateSubscription, callback: 0xeab98acb4620
11-27 18:32:25.768  1583  1583 I automotive.vehicle@2.0-impl: addOrUpdateSubscription opts.propId: 0x21418502
11-27 18:32:25.768  1583  1583 I automotive.vehicle@2.0-service.salvator.EmulatedVehicleHal: subscribe propId: 0x21418502, sampleRate: 0.000000
11-27 18:32:25.771  1583  1583 I automotive.vehicle@2.0-impl: SubscriptionManager::addOrUpdateSubscription, callback: 0xeab98acb4620
11-27 18:32:25.771  1583  1583 I automotive.vehicle@2.0-impl: addOrUpdateSubscription opts.propId: 0x11400303
11-27 18:32:25.771  1583  1583 I automotive.vehicle@2.0-service.salvator.EmulatedVehicleHal: subscribe propId: 0x11400303, sampleRate: 0.000000
11-27 18:32:25.774  1583  1583 I automotive.vehicle@2.0-impl: SubscriptionManager::addOrUpdateSubscription, callback: 0xeab98acb4620
11-27 18:32:25.774  1583  1583 I automotive.vehicle@2.0-impl: addOrUpdateSubscription opts.propId: 0x21417d02
11-27 18:32:25.774  1583  1583 I automotive.vehicle@2.0-service.salvator.EmulatedVehicleHal: subscribe propId: 0x21417d02, sampleRate: 0.000000
11-27 18:32:25.776  1583  1612 I automotive.vehicle@2.0-impl: SubscriptionManager::addOrUpdateSubscription, callback: 0xeab98acb47e0
11-27 18:32:25.776  1583  1612 I automotive.vehicle@2.0-impl: addOrUpdateSubscription opts.propId: 0x21414502
11-27 18:32:25.776  1583  1612 I automotive.vehicle@2.0-service.salvator.EmulatedVehicleHal: subscribe propId: 0x21414502, sampleRate: 0.000000
11-27 18:32:25.779  1583  1612 I automotive.vehicle@2.0-impl: SubscriptionManager::addOrUpdateSubscription, callback: 0xeab98acb47e0
11-27 18:32:25.779  1583  1612 I automotive.vehicle@2.0-impl: addOrUpdateSubscription opts.propId: 0x21415102
11-27 18:32:25.779  1583  1612 I automotive.vehicle@2.0-service.salvator.EmulatedVehicleHal: subscribe propId: 0x21415102, sampleRate: 0.000000
11-27 18:32:25.781  1583  1583 I automotive.vehicle@2.0-impl: SubscriptionManager::addOrUpdateSubscription, callback: 0xeab98acb4620
11-27 18:32:25.781  1583  1583 I automotive.vehicle@2.0-impl: addOrUpdateSubscription opts.propId: 0x2141d002
11-27 18:32:25.781  1583  1583 I automotive.vehicle@2.0-service.salvator.EmulatedVehicleHal: subscribe propId: 0x2141d002, sampleRate: 0.000000
11-27 18:32:25.791  1583  1583 I automotive.vehicle@2.0-impl: SubscriptionManager::addOrUpdateSubscription, callback: 0xeab98acb4620
11-27 18:32:25.791  1583  1583 I automotive.vehicle@2.0-impl: addOrUpdateSubscription opts.propId: 0x21417d05
11-27 18:32:25.791  1583  1583 I automotive.vehicle@2.0-service.salvator.EmulatedVehicleHal: subscribe propId: 0x21417d05, sampleRate: 0.000000
11-27 18:32:25.794  1583  1583 I automotive.vehicle@2.0-impl: SubscriptionManager::addOrUpdateSubscription, callback: 0xeab98acb4620
11-27 18:32:25.794  1583  1583 I automotive.vehicle@2.0-impl: addOrUpdateSubscription opts.propId: 0x21414505
11-27 18:32:25.794  1583  1583 I automotive.vehicle@2.0-service.salvator.EmulatedVehicleHal: subscribe propId: 0x21414505, sampleRate: 0.000000
11-27 18:32:25.796  1583  1583 I automotive.vehicle@2.0-impl: SubscriptionManager::addOrUpdateSubscription, callback: 0xeab98acb4620
11-27 18:32:25.796  1583  1583 I automotive.vehicle@2.0-impl: addOrUpdateSubscription opts.propId: 0x21418505
11-27 18:32:25.796  1583  1583 I automotive.vehicle@2.0-service.salvator.EmulatedVehicleHal: subscribe propId: 0x21418505, sampleRate: 0.000000
11-27 18:32:25.799  1583  1583 I automotive.vehicle@2.0-impl: SubscriptionManager::addOrUpdateSubscription, callback: 0xeab98acb4620
11-27 18:32:25.799  1583  1583 I automotive.vehicle@2.0-impl: addOrUpdateSubscription opts.propId: 0x21418205
11-27 18:32:25.799  1583  1583 I automotive.vehicle@2.0-service.salvator.EmulatedVehicleHal: subscribe propId: 0x21418205, sampleRate: 0.000000
11-27 18:32:25.801  1583  1583 I automotive.vehicle@2.0-impl: SubscriptionManager::addOrUpdateSubscription, callback: 0xeab98acb4620
11-27 18:32:25.801  1583  1583 I automotive.vehicle@2.0-impl: addOrUpdateSubscription opts.propId: 0x21418204
11-27 18:32:25.801  1583  1583 I automotive.vehicle@2.0-service.salvator.EmulatedVehicleHal: subscribe propId: 0x21418204, sampleRate: 0.000000
11-27 18:32:25.803  1583  1583 I automotive.vehicle@2.0-impl: SubscriptionManager::addOrUpdateSubscription, callback: 0xeab98acb4620
11-27 18:32:25.803  1583  1583 I automotive.vehicle@2.0-impl: addOrUpdateSubscription opts.propId: 0x21415104
11-27 18:32:25.803  1583  1583 I automotive.vehicle@2.0-service.salvator.EmulatedVehicleHal: subscribe propId: 0x21415104, sampleRate: 0.000000
11-27 18:32:25.805  1583  1583 I automotive.vehicle@2.0-impl: SubscriptionManager::addOrUpdateSubscription, callback: 0xeab98acb4620
11-27 18:32:25.805  1583  1583 I automotive.vehicle@2.0-impl: addOrUpdateSubscription opts.propId: 0x2141d004
11-27 18:32:25.805  1583  1583 I automotive.vehicle@2.0-service.salvator.EmulatedVehicleHal: subscribe propId: 0x2141d004, sampleRate: 0.000000
11-27 18:32:25.809  1583  1583 I automotive.vehicle@2.0-impl: SubscriptionManager::addOrUpdateSubscription, callback: 0xeab98acb4620
11-27 18:32:25.809  1583  1583 I automotive.vehicle@2.0-impl: addOrUpdateSubscription opts.propId: 0x21414504
11-27 18:32:25.809  1583  1583 I automotive.vehicle@2.0-service.salvator.EmulatedVehicleHal: subscribe propId: 0x21414504, sampleRate: 0.000000
