11-27 18:32:27.026  2560  2659 I VehiclePlatform: [linkdevicemanager|MCHP] : ProcessAttachEvent:unique_path = /devices/platform/soc/ee0a0100.usb, ctx.info.port_num=2-1
11-27 18:32:27.026  2560  2659 I VehiclePlatform: [linkdevicemanager|MCHP] : ProcessAttachEvent:serial_num1 = CFG05
11-27 18:32:27.026  2560  2659 I VehiclePlatform: [linkdevicemanager|MCHP] : [CheckPortNum] Unknown port number (2-1)
11-27 18:32:27.026  2560  2659 I VehiclePlatform: [linkdevicemanager|MCHP] : [CheckPortNum]  port number (-1)
11-27 18:32:27.026  2560  2659 I VehiclePlatform: [linkdevicemanager|linkdeviceapple|MCHP] : SVPLinkDeviceApple::IsAppleDevice bRet = 0
11-27 18:32:27.026  2560  2659 I VehiclePlatform: [linkdeviceandroid] : IsAndroidDevice - Begin
11-27 18:32:27.029  2560  2659 I VehiclePlatform: [linkdeviceandroid] : GetDeviceBySerialNumber - Begin
11-27 18:32:27.029  2560  2659 I VehiclePlatform: [linkdeviceandroid] : [GetDeviceBySerialNumber] Target serial number is CFG05
11-27 18:32:27.029  2560  2659 I VehiclePlatform: [linkdeviceandroid] : [GetDeviceBySerialNumber] Start to open device[0]
11-27 18:32:27.033  2560  2659 I VehiclePlatform: [linkdeviceandroid] : [GetDeviceBySerialNumber] Serial number of device[0] is MDM9607
11-27 18:32:27.033  2560  2659 I VehiclePlatform: [linkdeviceandroid] : [GetDeviceBySerialNumber] Start to open device[1]
11-27 18:32:27.033  2560  2659 I VehiclePlatform: [linkdeviceandroid] : [GetDeviceBySerialNumber] Failed to get device[1] serial number, Error -2, Description LIBUSB_ERROR_INVALID_PARAM
11-27 18:32:27.033  2560  2659 I VehiclePlatform: [linkdeviceandroid] : [GetDeviceBySerialNumber] Start to open device[2]
11-27 18:32:27.034  2560  2659 I VehiclePlatform: [linkdeviceandroid] : [GetDeviceBySerialNumber] Serial number of device[2] is ee080100.usb
11-27 18:32:27.054  2560  2659 I VehiclePlatform: [linkdeviceandroid] : [GetDeviceBySerialNumber] Start to open device[3]
11-27 18:32:27.055  2560  2659 I VehiclePlatform: [linkdeviceandroid] : [GetDeviceBySerialNumber] Serial number of device[3] is CFG05
11-27 18:32:27.055  2560  2659 I VehiclePlatform: [linkdeviceandroid] : [GetDeviceBySerialNumber] Have found serial number
11-27 18:32:27.055  2560  2659 I VehiclePlatform: [linkdeviceandroid] : GetDeviceBySerialNumber - End
11-27 18:32:27.055  2560  2659 I VehiclePlatform: [linkdeviceandroid] : SVPLinkDeviceAndroid CheckAndroidDevice - bRet = 0
11-27 18:32:27.055  2560  2659 I VehiclePlatform: [linkdeviceandroid] : [IsAndroidDevice] bRet = 0
11-27 18:32:27.055  2560  2659 I VehiclePlatform: [linkdeviceandroid] : IsAndroidDevice - End
11-27 18:32:27.055  2560  2659 I VehiclePlatform: [linkdevicemanager|MCHP] : event add@/devices/platform/soc/ee0a0100.usb/usb2/2-1/2-1.5
11-27 18:32:27.055  2560  2659 I VehiclePlatform: [linkdevicemanager|MCHP] : SVPLinkDeviceManager::GetUniquePath ::run on renesas
11-27 18:32:27.055  2560  2659 I VehiclePlatform: [linkdevicemanager|MCHP] : [IsDisablePortNum]  bRet - (0)
11-27 18:32:27.055  2560  2659 I VehiclePlatform: [linkdevicemanager|MCHP] : ProcessAttachEvent:unique_path = /devices/platform/soc/ee0a0100.usb, ctx.info.port_num=
11-27 18:32:27.055  2560  2659 I VehiclePlatform: [linkdevicemanager|MCHP] : ProcessAttachEvent:serial_num1 = 
11-27 18:32:27.055  2560  2659 I VehiclePlatform: [linkdevicemanager|MCHP] : [CheckPortNum] Unknown port number ()
11-27 18:32:27.055  2560  2659 I VehiclePlatform: [linkdevicemanager|MCHP] : [CheckPortNum]  port number (-1)
11-27 18:32:27.056  2560  2659 I VehiclePlatform: [linkdevicemanager|linkdeviceapple|MCHP] : SVPLinkDeviceApple::IsAppleDevice bRet = 0
11-27 18:32:27.056  2560  2659 I VehiclePlatform: [linkdevicemanager|MCHP] : event add@/devices/platform/soc/ee0a0100.usb/usb2/2-1/2-1.5/2-1.5:1.0
11-27 18:32:27.056  2560  2659 I VehiclePlatform: [linkdevicemanager|MCHP] : SVPLinkDeviceManager::GetUniquePath ::run on renesas
11-27 18:32:27.056  2560  2659 I VehiclePlatform: [linkdevicemanager|MCHP] : [IsDisablePortNum]  bRet - (0)
11-27 18:32:27.056  2560  2659 I VehiclePlatform: [linkdevicemanager|MCHP] : ProcessAttachEvent:unique_path = /devices/platform/soc/ee0a0100.usb, ctx.info.port_num=2-1.5
11-27 18:32:27.056  2560  2659 I VehiclePlatform: [linkdevicemanager|MCHP] : ProcessAttachEvent:serial_num1 = 
11-27 18:32:27.056  2560  2659 I VehiclePlatform: [linkdevicemanager|MCHP] : [CheckPortNum] Unknown port number (2-1.5)
11-27 18:32:27.056  2560  2659 I VehiclePlatform: [linkdevicemanager|MCHP] : [CheckPortNum]  port number (-1)
11-27 18:32:27.056  2560  2659 I VehiclePlatform: [linkdevicemanager|linkdeviceapple|MCHP] : SVPLinkDeviceApple::IsAppleDevice bRet = 0
11-27 18:32:27.057  2560  2659 I VehiclePlatform: [linkdevicemanager|MCHP] : event add@/devices/platform/soc/ee0a0100.usb/usb2/2-1/2-1.5/2-1.5:1.0/usbmisc/usb_hub_switch
11-27 18:32:27.057  2560  2659 I VehiclePlatform: [linkdevicemanager|MCHP] : SVPLinkDeviceManager::GetUniquePath ::run on renesas
11-27 18:32:27.057  2560  2659 I VehiclePlatform: [linkdevicemanager|MCHP] : [IsDisablePortNum]  bRet - (0)
11-27 18:32:27.057  2560  2659 I VehiclePlatform: [linkdevicemanager|MCHP] : ProcessAttachEvent:unique_path = /devices/platform/soc/ee0a0100.usb, ctx.info.port_num=2-1.5
11-27 18:32:27.057  2560  2659 I VehiclePlatform: [linkdevicemanager|MCHP] : ProcessAttachEvent:serial_num1 = 
11-27 18:32:27.057  2560  2659 I VehiclePlatform: [linkdevicemanager|MCHP] : [CheckPortNum] Unknown port number (2-1.5)
11-27 18:32:27.057  2560  2659 I VehiclePlatform: [linkdevicemanager|MCHP] : [CheckPortNum]  port number (-1)
11-27 18:32:27.057  2560  2659 I VehiclePlatform: [linkdevicemanager|linkdeviceapple|MCHP] : SVPLinkDeviceApple::IsAppleDevice bRet = 0
11-27 18:32:27.057  2560  2659 I VehiclePlatform: [linkdevicemanager|MCHP] : event add@/devices/platform/soc/ee0a0100.usb/usb2/2-1/2-1.3
11-27 18:32:27.057  2560  2659 I VehiclePlatform: [linkdevicemanager|MCHP] : SVPLinkDeviceManager::GetUniquePath ::run on renesas
11-27 18:32:27.057  2560  2659 I VehiclePlatform: [linkdevicemanager|MCHP] : [IsDisablePortNum]  bRet - (0)
11-27 18:32:27.057  2560  2659 I VehiclePlatform: [linkdevicemanager|MCHP] : ProcessAttachEvent:unique_path = /devices/platform/soc/ee0a0100.usb, ctx.info.port_num=
11-27 18:32:27.057  2560  2659 I VehiclePlatform: [linkdevicemanager|MCHP] : ProcessAttachEvent:serial_num1 = 
11-27 18:32:27.057  2560  2659 I VehiclePlatform: [linkdevicemanager|MCHP] : [CheckPortNum] Unknown port number ()
11-27 18:32:27.057  2560  2659 I VehiclePlatform: [linkdevicemanager|MCHP] : [CheckPortNum]  port number (-1)
11-27 18:32:27.057  2560  2659 I VehiclePlatform: [linkdevicemanager|linkdeviceapple|MCHP] : SVPLinkDeviceApple::IsAppleDevice bRet = 0
11-27 18:32:27.057  2560  2659 I VehiclePlatform: [linkdevicemanager|MCHP] : event add@/devices/platform/soc/ee0a0100.usb/usb2/2-1/2-1.3/2-1.3:1.2
11-27 18:32:27.057  2560  2659 I VehiclePlatform: [linkdevicemanager|MCHP] : SVPLinkDeviceManager::GetUniquePath ::run on renesas
11-27 18:32:27.057  2560  2659 I VehiclePlatform: [linkdevicemanager|MCHP] : [IsDisablePortNum]  bRet - (0)
11-27 18:32:27.057  2560  2659 I VehiclePlatform: [linkdevicemanager|MCHP] : ProcessAttachEvent:unique_path = /devices/platform/soc/ee0a0100.usb, ctx.info.port_num=2-1.3
11-27 18:32:27.057  2560  2659 I VehiclePlatform: [linkdevicemanager|MCHP] : ProcessAttachEvent:serial_num1 = MDM9607
11-27 18:32:27.057  2560  2659 I VehiclePlatform: [linkdevicemanager|MCHP] : [CheckPortNum] Unknown port number (2-1.3)
11-27 18:32:27.058  2560  2659 I VehiclePlatform: [linkdevicemanager|MCHP] : [CheckPortNum]  port number (-1)
11-27 18:32:27.058  2560  2659 I VehiclePlatform: [linkdevicemanager|linkdeviceapple|MCHP] : SVPLinkDeviceApple::IsAppleDevice bRet = 0
11-27 18:32:27.058  2560  2659 I VehiclePlatform: [linkdeviceandroid] : IsAndroidDevice - Begin
11-27 18:32:27.060  2560  2659 I VehiclePlatform: [linkdeviceandroid] : GetDeviceBySerialNumber - Begin
11-27 18:32:27.060  2560  2659 I VehiclePlatform: [linkdeviceandroid] : [GetDeviceBySerialNumber] Target serial number is MDM9607
11-27 18:32:27.060  2560  2659 I VehiclePlatform: [linkdeviceandroid] : [GetDeviceBySerialNumber] Start to open device[0]
11-27 18:32:27.062  1696  1696 W AshmemAllocator: ashmem_create_region(32768) returning hidl_memory(0xe9859a42c100, 32768)
11-27 18:32:27.063  2560  2659 I VehiclePlatform: [linkdeviceandroid] : [GetDeviceBySerialNumber] Serial number of device[0] is MDM9607
11-27 18:32:27.063  2560  2659 I VehiclePlatform: [linkdeviceandroid] : [GetDeviceBySerialNumber] Have found serial number
11-27 18:32:27.063  2560  2659 I VehiclePlatform: [linkdeviceandroid] : GetDeviceBySerialNumber - End
11-27 18:32:27.063  2560  2659 I VehiclePlatform: [linkdeviceandroid] : SVPLinkDeviceAndroid CheckAndroidDevice - desc.idVendor  : 5c6
11-27 18:32:27.064  2560  2659 I VehiclePlatform: [linkdeviceandroid] : [IsAndroidDevice] bRet = 0
11-27 18:32:27.064  2560  2659 I VehiclePlatform: [linkdeviceandroid] : IsAndroidDevice - End
11-27 18:32:27.064  2560  2659 I VehiclePlatform: [linkdevicemanager|MCHP] : event add@/devices/platform/soc/ee0a0100.usb/usb2/2-1/2-1.3/2-1.3:1.0
11-27 18:32:27.064  2560  2659 I VehiclePlatform: [linkdevicemanager|MCHP] : SVPLinkDeviceManager::GetUniquePath ::run on renesas
11-27 18:32:27.064  2560  2659 I VehiclePlatform: [linkdevicemanager|MCHP] : [IsDisablePortNum]  bRet - (0)
11-27 18:32:27.064  2560  2659 I VehiclePlatform: [linkdevicemanager|MCHP] : ProcessAttachEvent:unique_path = /devices/platform/soc/ee0a0100.usb, ctx.info.port_num=2-1.3
11-27 18:32:27.064  2560  2659 I VehiclePlatform: [linkdevicemanager|MCHP] : ProcessAttachEvent:serial_num1 = MDM9607
11-27 18:32:27.064  2560  2659 I VehiclePlatform: [linkdevicemanager|MCHP] : [CheckPortNum] Unknown port number (2-1.3)
11-27 18:32:27.064  2560  2659 I VehiclePlatform: [linkdevicemanager|MCHP] : [CheckPortNum]  port number (-1)
11-27 18:32:27.064  2560  2659 I VehiclePlatform: [linkdevicemanager|linkdeviceapple|MCHP] : SVPLinkDeviceApple::IsAppleDevice bRet = 0
11-27 18:32:27.064  2560  2659 I VehiclePlatform: [linkdeviceandroid] : IsAndroidDevice - Begin
11-27 18:32:27.067  2560  2659 I VehiclePlatform: [linkdeviceandroid] : GetDeviceBySerialNumber - Begin
11-27 18:32:27.067  2560  2659 I VehiclePlatform: [linkdeviceandroid] : [GetDeviceBySerialNumber] Target serial number is MDM9607
11-27 18:32:27.067  2560  2659 I VehiclePlatform: [linkdeviceandroid] : [GetDeviceBySerialNumber] Start to open device[0]
11-27 18:32:27.070  2560  2659 I VehiclePlatform: [linkdeviceandroid] : [GetDeviceBySerialNumber] Serial number of device[0] is MDM9607
11-27 18:32:27.070  2560  2659 I VehiclePlatform: [linkdeviceandroid] : [GetDeviceBySerialNumber] Have found serial number
11-27 18:32:27.070  2560  2659 I VehiclePlatform: [linkdeviceandroid] : GetDeviceBySerialNumber - End
11-27 18:32:27.070  2560  2659 I VehiclePlatform: [linkdeviceandroid] : SVPLinkDeviceAndroid CheckAndroidDevice - desc.idVendor  : 5c6
11-27 18:32:27.071  2560  2659 I VehiclePlatform: [linkdeviceandroid] : [IsAndroidDevice] bRet = 0
11-27 18:32:27.071  2560  2659 I VehiclePlatform: [linkdeviceandroid] : IsAndroidDevice - End
11-27 18:32:27.071  2560  2659 I VehiclePlatform: [linkdevicemanager|MCHP] : event add@/devices/platform/soc/ee0a0100.usb/usb2/2-1/2-1.3/2-1.3:1.0/net/usb0
11-27 18:32:27.071  2560  2659 I VehiclePlatform: [linkdevicemanager|MCHP] : SVPLinkDeviceManager::GetUniquePath ::run on renesas
11-27 18:32:27.072  2560  2659 I VehiclePlatform: [linkdevicemanager|MCHP] : [IsDisablePortNum]  bRet - (0)
11-27 18:32:27.072  2560  2659 I VehiclePlatform: [linkdevicemanager|MCHP] : ProcessAttachEvent:unique_path = /devices/platform/soc/ee0a0100.usb, ctx.info.port_num=2-1.3
11-27 18:32:27.072  2560  2659 I VehiclePlatform: [linkdevicemanager|MCHP] : ProcessAttachEvent:serial_num1 = MDM9607
11-27 18:32:27.072  2560  2659 I VehiclePlatform: [linkdevicemanager|MCHP] : [CheckPortNum] Unknown port number (2-1.3)
11-27 18:32:27.072  2560  2659 I VehiclePlatform: [linkdevicemanager|MCHP] : [CheckPortNum]  port number (-1)
11-27 18:32:27.072  2560  2659 I VehiclePlatform: [linkdevicemanager|linkdeviceapple|MCHP] : SVPLinkDeviceApple::IsAppleDevice bRet = 0
11-27 18:32:27.072  2560  2659 I VehiclePlatform: [linkdeviceandroid] : IsAndroidDevice - Begin
11-27 18:32:27.073  2560  2659 I VehiclePlatform: [linkdeviceandroid] : GetDeviceBySerialNumber - Begin
11-27 18:32:27.073  2560  2659 I VehiclePlatform: [linkdeviceandroid] : [GetDeviceBySerialNumber] Target serial number is MDM9607
11-27 18:32:27.073  2560  2659 I VehiclePlatform: [linkdeviceandroid] : [GetDeviceBySerialNumber] Start to open device[0]
11-27 18:32:27.077  2560  2659 I VehiclePlatform: [linkdeviceandroid] : [GetDeviceBySerialNumber] Serial number of device[0] is MDM9607
11-27 18:32:27.077  2560  2659 I VehiclePlatform: [linkdeviceandroid] : [GetDeviceBySerialNumber] Have found serial number
11-27 18:32:27.077  2560  2659 I VehiclePlatform: [linkdeviceandroid] : GetDeviceBySerialNumber - End
11-27 18:32:27.077  2560  2659 I VehiclePlatform: [linkdeviceandroid] : SVPLinkDeviceAndroid CheckAndroidDevice - desc.idVendor  : 5c6
11-27 18:32:27.077  2560  2659 I VehiclePlatform: [linkdeviceandroid] : [IsAndroidDevice] bRet = 0
11-27 18:32:27.077  2560  2659 I VehiclePlatform: [linkdeviceandroid] : IsAndroidDevice - End
11-27 18:32:27.077  2560  2659 I VehiclePlatform: [linkdevicemanager|MCHP] : event add@/devices/platform/soc/ee0a0100.usb/usb2/2-1/2-1.3/2-1.3:1.3
11-27 18:32:27.077  2560  2659 I VehiclePlatform: [linkdevicemanager|MCHP] : SVPLinkDeviceManager::GetUniquePath ::run on renesas
11-27 18:32:27.078  2560  2659 I VehiclePlatform: [linkdevicemanager|MCHP] : [IsDisablePortNum]  bRet - (0)
11-27 18:32:27.078  2560  2659 I VehiclePlatform: [linkdevicemanager|MCHP] : ProcessAttachEvent:unique_path = /devices/platform/soc/ee0a0100.usb, ctx.info.port_num=2-1.3
11-27 18:32:27.078  2560  2659 I VehiclePlatform: [linkdevicemanager|MCHP] : ProcessAttachEvent:serial_num1 = MDM9607
11-27 18:32:27.078  2560  2659 I VehiclePlatform: [linkdevicemanager|MCHP] : [CheckPortNum] Unknown port number (2-1.3)
11-27 18:32:27.078  2560  2659 I VehiclePlatform: [linkdevicemanager|MCHP] : [CheckPortNum]  port number (-1)
11-27 18:32:27.078  2560  2659 I VehiclePlatform: [linkdevicemanager|linkdeviceapple|MCHP] : SVPLinkDeviceApple::IsAppleDevice bRet = 0
11-27 18:32:27.078  2560  2659 I VehiclePlatform: [linkdeviceandroid] : IsAndroidDevice - Begin
11-27 18:32:27.080  2560  2659 I VehiclePlatform: [linkdeviceandroid] : GetDeviceBySerialNumber - Begin
11-27 18:32:27.080  2560  2659 I VehiclePlatform: [linkdeviceandroid] : [GetDeviceBySerialNumber] Target serial number is MDM9607
11-27 18:32:27.080  2560  2659 I VehiclePlatform: [linkdeviceandroid] : [GetDeviceBySerialNumber] Start to open device[0]
11-27 18:32:27.083  2560  2659 I VehiclePlatform: [linkdeviceandroid] : [GetDeviceBySerialNumber] Serial number of device[0] is MDM9607
11-27 18:32:27.083  2560  2659 I VehiclePlatform: [linkdeviceandroid] : [GetDeviceBySerialNumber] Have found serial number
11-27 18:32:27.083  2560  2659 I VehiclePlatform: [linkdeviceandroid] : GetDeviceBySerialNumber - End
11-27 18:32:27.083  2560  2659 I VehiclePlatform: [linkdeviceandroid] : SVPLinkDeviceAndroid CheckAndroidDevice - desc.idVendor  : 5c6
11-27 18:32:27.084  2560  2659 I VehiclePlatform: [linkdeviceandroid] : [IsAndroidDevice] bRet = 0
11-27 18:32:27.084  2560  2659 I VehiclePlatform: [linkdeviceandroid] : IsAndroidDevice - End
11-27 18:32:27.084  2560  2659 I VehiclePlatform: [linkdevicemanager|MCHP] : event add@/devices/platform/soc/ee0a0100.usb/usb2/2-1/2-1.3/2-1.3:1.1
11-27 18:32:27.084  2560  2659 I VehiclePlatform: [linkdevicemanager|MCHP] : SVPLinkDeviceManager::GetUniquePath ::run on renesas
11-27 18:32:27.084  2560  2659 I VehiclePlatform: [linkdevicemanager|MCHP] : [IsDisablePortNum]  bRet - (0)
11-27 18:32:27.084  2560  2659 I VehiclePlatform: [linkdevicemanager|MCHP] : ProcessAttachEvent:unique_path = /devices/platform/soc/ee0a0100.usb, ctx.info.port_num=2-1.3
11-27 18:32:27.084  2560  2659 I VehiclePlatform: [linkdevicemanager|MCHP] : ProcessAttachEvent:serial_num1 = MDM9607
11-27 18:32:27.084  2560  2659 I VehiclePlatform: [linkdevicemanager|MCHP] : [CheckPortNum] Unknown port number (2-1.3)
11-27 18:32:27.084  2560  2659 I VehiclePlatform: [linkdevicemanager|MCHP] : [CheckPortNum]  port number (-1)
11-27 18:32:27.084  2560  2659 I VehiclePlatform: [linkdevicemanager|linkdeviceapple|MCHP] : SVPLinkDeviceApple::IsAppleDevice bRet = 0
11-27 18:32:27.084  2560  2659 I VehiclePlatform: [linkdeviceandroid] : IsAndroidDevice - Begin
11-27 18:32:27.086  2560  2659 I VehiclePlatform: [linkdeviceandroid] : GetDeviceBySerialNumber - Begin
11-27 18:32:27.086  2560  2659 I VehiclePlatform: [linkdeviceandroid] : [GetDeviceBySerialNumber] Target serial number is MDM9607
11-27 18:32:27.086  2560  2659 I VehiclePlatform: [linkdeviceandroid] : [GetDeviceBySerialNumber] Start to open device[0]
11-27 18:32:27.091  2560  2659 I VehiclePlatform: [linkdeviceandroid] : [GetDeviceBySerialNumber] Serial number of device[0] is MDM9607
11-27 18:32:27.091  2560  2659 I VehiclePlatform: [linkdeviceandroid] : [GetDeviceBySerialNumber] Have found serial number
11-27 18:32:27.091  2560  2659 I VehiclePlatform: [linkdeviceandroid] : GetDeviceBySerialNumber - End
11-27 18:32:27.091  2560  2659 I VehiclePlatform: [linkdeviceandroid] : SVPLinkDeviceAndroid CheckAndroidDevice - desc.idVendor  : 5c6
11-27 18:32:27.092  2560  2659 I VehiclePlatform: [linkdeviceandroid] : [IsAndroidDevice] bRet = 0
11-27 18:32:27.092  2560  2659 I VehiclePlatform: [linkdeviceandroid] : IsAndroidDevice - End
11-27 18:32:27.092  2560  2659 I VehiclePlatform: [linkdevicemanager|MCHP] : event add@/devices/platform/soc/ee0a0100.usb/usb2/2-0:1.0
11-27 18:32:27.092  2560  2659 I VehiclePlatform: [linkdevicemanager|MCHP] : SVPLinkDeviceManager::GetUniquePath ::run on renesas
11-27 18:32:27.092  2560  2659 I VehiclePlatform: [linkdevicemanager|MCHP] : [IsDisablePortNum]  bRet - (0)
11-27 18:32:27.092  2560  2659 I VehiclePlatform: [linkdevicemanager|MCHP] : ProcessAttachEvent:unique_path = /devices/platform/soc/ee0a0100.usb, ctx.info.port_num=usb2
11-27 18:32:27.092  2560  2659 I VehiclePlatform: [linkdevicemanager|MCHP] : ProcessAttachEvent:serial_num1 = ee0a0100.usb
11-27 18:32:27.092  2560  2659 I VehiclePlatform: [linkdevicemanager|MCHP] : [CheckPortNum] Unknown port number (usb2)
11-27 18:32:27.092  2560  2659 I VehiclePlatform: [linkdevicemanager|MCHP] : [CheckPortNum]  port number (-1)
11-27 18:32:27.092  2560  2659 I VehiclePlatform: [linkdevicemanager|linkdeviceapple|MCHP] : SVPLinkDeviceApple::IsAppleDevice bRet = 0
11-27 18:32:27.092  2560  2659 I VehiclePlatform: [linkdeviceandroid] : IsAndroidDevice - Begin
11-27 18:32:27.096  2560  2659 I VehiclePlatform: [linkdeviceandroid] : GetDeviceBySerialNumber - Begin
11-27 18:32:27.096  2560  2659 I VehiclePlatform: [linkdeviceandroid] : [GetDeviceBySerialNumber] Target serial number is ee0a0100.usb
11-27 18:32:27.096  2560  2659 I VehiclePlatform: [linkdeviceandroid] : [GetDeviceBySerialNumber] Start to open device[0]
11-27 18:32:27.099  2560  2659 I VehiclePlatform: [linkdeviceandroid] : [GetDeviceBySerialNumber] Serial number of device[0] is MDM9607
11-27 18:32:27.099  2560  2659 I VehiclePlatform: [linkdeviceandroid] : [GetDeviceBySerialNumber] Start to open device[1]
11-27 18:32:27.099  2560  2659 I VehiclePlatform: [linkdeviceandroid] : [GetDeviceBySerialNumber] Failed to get device[1] serial number, Error -2, Description LIBUSB_ERROR_INVALID_PARAM
11-27 18:32:27.100  2560  2659 I VehiclePlatform: [linkdeviceandroid] : [GetDeviceBySerialNumber] Start to open device[2]
11-27 18:32:27.100  2560  2659 I VehiclePlatform: [linkdeviceandroid] : [GetDeviceBySerialNumber] Serial number of device[2] is ee080100.usb
11-27 18:32:27.114  2558  2558 I VehiclePlatform: [shmemslaver] : InitService - End
11-27 18:32:27.114  2558  2558 I VehiclePlatform: [libservice_process] : ExecService - Begin
11-27 18:32:27.114  2558  2558 I VehiclePlatform: [libservice_process] : Exec - Begin
11-27 18:32:27.114  2560  2659 I VehiclePlatform: [linkdeviceandroid] : [GetDeviceBySerialNumber] Start to open device[3]
11-27 18:32:27.115  2560  2659 I VehiclePlatform: [linkdeviceandroid] : [GetDeviceBySerialNumber] Serial number of device[3] is CFG05
11-27 18:32:27.115  2560  2659 I VehiclePlatform: [linkdeviceandroid] : [GetDeviceBySerialNumber] Start to open device[4]
11-27 18:32:27.116  2560  2659 I VehiclePlatform: [linkdeviceandroid] : [GetDeviceBySerialNumber] Serial number of device[4] is ee0a0100.usb
11-27 18:32:27.116  2560  2659 I VehiclePlatform: [linkdeviceandroid] : [GetDeviceBySerialNumber] Have found serial number
11-27 18:32:27.116  2560  2659 I VehiclePlatform: [linkdeviceandroid] : GetDeviceBySerialNumber - End
11-27 18:32:27.116  2560  2659 I VehiclePlatform: [linkdeviceandroid] : SVPLinkDeviceAndroid CheckAndroidDevice - bRet = 0
11-27 18:32:27.117  2560  2659 I VehiclePlatform: [linkdeviceandroid] : [IsAndroidDevice] bRet = 0
11-27 18:32:27.117  2560  2659 I VehiclePlatform: [linkdeviceandroid] : IsAndroidDevice - End
11-27 18:32:27.193  2560  2560 I VehiclePlatform: [linkdevicemanager] : InitInstance - End
11-27 18:32:27.194  2560  2560 I VehiclePlatform: [remotequeued|Parcel] : InitService - End
11-27 18:32:27.194  2560  2560 I VehiclePlatform: [libservice_process] : ExecService - Begin
11-27 18:32:27.194  2560  2560 I VehiclePlatform: [libservice_process] : Exec - Begin
11-27 18:32:27.194  1696  1696 W AshmemAllocator: ashmem_create_region(32768) returning hidl_memory(0xe9859a42c100, 32768)
11-27 18:32:27.197  1696  1696 W AshmemAllocator: ashmem_create_region(32768) returning hidl_memory(0xe9859a42c100, 32768)
11-27 18:32:27.199  1696  1696 W AshmemAllocator: ashmem_create_region(32768) returning hidl_memory(0xe9859a42c100, 32768)
11-27 18:32:27.205  1696  1696 W AshmemAllocator: ashmem_create_region(32768) returning hidl_memory(0xe9859a42c100, 32768)
11-27 18:32:27.209  1696  1696 W AshmemAllocator: ashmem_create_region(32768) returning hidl_memory(0xe9859a42c100, 32768)
11-27 18:32:27.212  1696  1696 W AshmemAllocator: ashmem_create_region(32768) returning hidl_memory(0xe9859a42c100, 32768)
11-27 18:32:27.295  1999  2044 I ActivityManager: Start proc 2694:com.desaysv.tboxservice/1000 for service com.desaysv.tboxservice/.service.TBoxManagerService
11-27 18:32:27.428  1696  1696 W AshmemAllocator: ashmem_create_region(32768) returning hidl_memory(0xe9859a42c100, 32768)
11-27 18:32:27.430  1696  1696 W AshmemAllocator: ashmem_create_region(32768) returning hidl_memory(0xe9859a42c100, 32768)
11-27 18:32:27.440  1696  1696 W AshmemAllocator: ashmem_create_region(32768) returning hidl_memory(0xe9859a42c100, 32768)
11-27 18:32:27.444  1696  1696 W AshmemAllocator: ashmem_create_region(32768) returning hidl_memory(0xe9859a42c100, 32768)
11-27 18:32:27.447  1696  1696 W AshmemAllocator: ashmem_create_region(32768) returning hidl_memory(0xe9859a42c100, 32768)
11-27 18:32:27.449  2694  2694 E ysv.tboxservic: Not starting debugger since process cannot load the jdwp agent.
11-27 18:32:27.458  1696  1696 W AshmemAllocator: ashmem_create_region(32768) returning hidl_memory(0xe9859a42c100, 32768)
11-27 18:32:27.460  1696  1696 W AshmemAllocator: ashmem_create_region(32768) returning hidl_memory(0xe9859a42c100, 32768)
11-27 18:32:27.463  1696  1696 W AshmemAllocator: ashmem_create_region(32768) returning hidl_memory(0xe9859a42c100, 32768)
11-27 18:32:27.583  1696  1696 W AshmemAllocator: ashmem_create_region(32768) returning hidl_memory(0xe9859a42c100, 32768)
11-27 18:32:27.585  1696  1696 W AshmemAllocator: ashmem_create_region(32768) returning hidl_memory(0xe9859a42c100, 32768)
11-27 18:32:27.586  1696  1696 W AshmemAllocator: ashmem_create_region(32768) returning hidl_memory(0xe9859a42c100, 32768)
11-27 18:32:27.587  1696  1696 W AshmemAllocator: ashmem_create_region(32768) returning hidl_memory(0xe9859a42c100, 32768)
11-27 18:32:27.590  1696  1696 W AshmemAllocator: ashmem_create_region(32768) returning hidl_memory(0xe9859a42c100, 32768)
11-27 18:32:27.592  1696  1696 W AshmemAllocator: ashmem_create_region(32768) returning hidl_memory(0xe9859a42c100, 32768)
11-27 18:32:27.612  1696  1696 W AshmemAllocator: ashmem_create_region(32768) returning hidl_memory(0xe9859a42c100, 32768)
11-27 18:32:27.615  2156  2172 E SvTboxService: SvTboxService , mISvTboxDevice is Null!
11-27 18:32:27.619  1696  1696 W AshmemAllocator: ashmem_create_region(32768) returning hidl_memory(0xe9859a42c100, 32768)
11-27 18:32:27.621  1696  1696 W AshmemAllocator: ashmem_create_region(32768) returning hidl_memory(0xe9859a42c100, 32768)
11-27 18:32:27.622  1696  1696 W AshmemAllocator: ashmem_create_region(32768) returning hidl_memory(0xe9859a42c100, 32768)
11-27 18:32:27.684  1583  1679 W libc    : Unable to set property "sys.vehicle.hardware.vin.code" to "ÿÿÿÿÿÿÿÿÿÿÿÿÿÿÿÿÿ": error code: 0x14
11-27 18:32:27.688  2694  2694 I ysv.tboxservic: The ClassLoaderContext is a special shared library.
11-27 18:32:27.747  2161  2161 W CarStateManagerService: <VehiclePower>send type is:0;temp is:0
11-27 18:32:27.749  1583  1612 I automotive.vehicle@2.0-impl: SubscriptionManager::addOrUpdateSubscription, callback: 0xeab98acb47e0
11-27 18:32:27.749  1583  1612 I automotive.vehicle@2.0-impl: addOrUpdateSubscription opts.propId: 0x11400409
11-27 18:32:27.752  1583  1612 W automotive.vehicle@2.0-impl: Sample rate is greater than zero for on change type. Ignoring it.
11-27 18:32:27.752  1583  1612 I automotive.vehicle@2.0-impl: SubscriptionManager::addOrUpdateSubscription, callback: 0xeab98acb47e0
11-27 18:32:27.752  1583  1612 I automotive.vehicle@2.0-impl: addOrUpdateSubscription opts.propId: 0x11600207
11-27 18:32:27.780  1696  1696 W AshmemAllocator: ashmem_create_region(32768) returning hidl_memory(0xe9859a42c100, 32768)
11-27 18:32:27.791  1696  1696 W AshmemAllocator: ashmem_create_region(32768) returning hidl_memory(0xe9859a42c100, 32768)
11-27 18:32:27.809  1696  1696 W AshmemAllocator: ashmem_create_region(32768) returning hidl_memory(0xe9859a42c100, 32768)
11-27 18:32:27.810  1696  1696 W AshmemAllocator: ashmem_create_region(32768) returning hidl_memory(0xe9859a42c100, 32768)
11-27 18:32:27.811  1696  1696 W AshmemAllocator: ashmem_create_region(32768) returning hidl_memory(0xe9859a42c100, 32768)
11-27 18:32:27.812  1696  1696 W AshmemAllocator: ashmem_create_region(32768) returning hidl_memory(0xe9859a42c100, 32768)
11-27 18:32:27.821  2457  2487 W System.err: org.json.JSONException: No value for QnxBuilt
11-27 18:32:27.826  1583  1612 I automotive.vehicle@2.0-impl: SubscriptionManager::addOrUpdateSubscription, callback: 0xeab98acb47e0
11-27 18:32:27.826  1583  1612 I automotive.vehicle@2.0-impl: addOrUpdateSubscription opts.propId: 0x11400409
11-27 18:32:27.844  1583  1612 W automotive.vehicle@2.0-impl: Sample rate is greater than zero for on change type. Ignoring it.
11-27 18:32:27.844  1583  1612 I automotive.vehicle@2.0-impl: SubscriptionManager::addOrUpdateSubscription, callback: 0xeab98acb47e0
11-27 18:32:27.844  1583  1612 I automotive.vehicle@2.0-impl: addOrUpdateSubscription opts.propId: 0x11600207
11-27 18:32:27.844  2457  2487 W System.err: 	at com.desaysv.libcarinfocommon.manager.CarlanManager.onQNXVersionHandler(CarlanManager.java:205)
11-27 18:32:27.983  1696  1696 W AshmemAllocator: ashmem_create_region(32768) returning hidl_memory(0xe9859a42c100, 32768)
11-27 18:32:27.987  1696  1696 W AshmemAllocator: ashmem_create_region(32768) returning hidl_memory(0xe9859a42c100, 32768)
11-27 18:32:27.988  1696  1696 W AshmemAllocator: ashmem_create_region(32768) returning hidl_memory(0xe9859a42c100, 32768)
11-27 18:32:27.994  1696  1696 W AshmemAllocator: ashmem_create_region(32768) returning hidl_memory(0xe9859a42c100, 32768)
11-27 18:32:27.997  1696  1696 W AshmemAllocator: ashmem_create_region(32768) returning hidl_memory(0xe9859a42c100, 32768)
11-27 18:32:28.030  1696  1696 W AshmemAllocator: ashmem_create_region(32768) returning hidl_memory(0xe9859a42c100, 32768)
11-27 18:32:28.033  1696  1696 W AshmemAllocator: ashmem_create_region(32768) returning hidl_memory(0xe9859a42c100, 32768)
11-27 18:32:28.041  2615  2615 I [TDP][LogDataInterfaceManager]:  bindService() packageName:com.desaysv.vehicle.TspBigDataPointService
11-27 18:32:28.046  2615  2615 W ContextImpl: Calling a method in the system process without a qualified user: android.app.ContextImpl.bindService:1611 android.content.ContextWrapper.bindService:698 com.desaysv.vehicle.TspBigDataPointService.log.LogDataInterfaceManager.bindService:128 com.desaysv.vehicle.TspBigDataPointService.log.LogDataInterfaceManager.initialize:79 com.desaysv.appmenu.track.TrackingManager.initialize:50 
11-27 18:32:28.047  1999  2463 W ActivityManager: Unable to start service Intent { act=com.desaysv.vehicle.TspBigDataPointService.log.LogDataService pkg=com.desaysv.vehicle.TspBigDataPointService } U=0: not found
11-27 18:32:28.048  2596  2596 I CLC.PhoneLinkServiceInfo: [getPackageName:137-main]-package: com.desaysv.service.link, class: com.desaysv.service.link.TestLinkDeviceService
11-27 18:32:28.205  2596  2596 I android_os_HwBinder: HwBinder: Starting thread pool for default::com.desaysv.vehiclelan.proxy@1.0::IRvc
11-27 18:32:28.323  2694  2694 W ContextImpl: Calling a method in the system process without a qualified user: android.app.ContextImpl.bindService:1611 android.content.ContextWrapper.bindService:698 com.desaysv.libsvcarinfo.CarInfoProxy.bindService:62 com.desaysv.libsvcarinfo.CarInfoProxy.init:50 com.desaysv.tboxservice.application.TBoxServiceApplication.onCreate:40 
11-27 18:32:28.343  1999  2044 I ActivityManager: Start proc 2779:com.desaysv.service.link/u0a24 for service com.desaysv.service.link/.TestLinkDeviceService
11-27 18:32:28.375  2694  2795 I TBoxManager: TBoxConnectStatus: true
11-27 18:32:28.385  1696  1696 W AshmemAllocator: ashmem_create_region(32768) returning hidl_memory(0xe9859a42c100, 32768)
11-27 18:32:28.403  1696  1696 W AshmemAllocator: ashmem_create_region(32768) returning hidl_memory(0xe9859a42c100, 32768)
11-27 18:32:28.414  1696  1696 W AshmemAllocator: ashmem_create_region(32768) returning hidl_memory(0xe9859a42c100, 32768)
11-27 18:32:28.417  2694  2694 W ContextImpl: Calling a method in the system process without a qualified user: android.app.ContextImpl.sendBroadcast:1005 android.content.ContextWrapper.sendBroadcast:444 com.desaysv.tboxservice.service.TBoxManagerService.initialize:35 com.desaysv.tboxservice.service.TBoxManagerService.onCreate:28 android.app.ActivityThread.handleCreateService:3578 
11-27 18:32:28.416  1696  1696 W AshmemAllocator: ashmem_create_region(32768) returning hidl_memory(0xe9859a42c100, 32768)
11-27 18:32:28.424  1999  2404 E ActivityManager: Sending non-protected broadcast android.intent.action.SV_TBOX_NOTICE_SDK_BIN from system 2694:com.desaysv.tboxservice/1000 pkg com.desaysv.tboxservice
11-27 18:32:28.424  1999  2404 E ActivityManager: Sending non-protected broadcast android.intent.action.SV_TBOX_NOTICE_SDK_BIN from system 2694:com.desaysv.tboxservice/1000 pkg com.desaysv.tboxservice
11-27 18:32:28.425  1696  1696 W AshmemAllocator: ashmem_create_region(32768) returning hidl_memory(0xe9859a42c100, 32768)
11-27 18:32:28.426  1696  1696 W AshmemAllocator: ashmem_create_region(32768) returning hidl_memory(0xe9859a42c100, 32768)
11-27 18:32:28.449  1696  1696 W AshmemAllocator: ashmem_create_region(32768) returning hidl_memory(0xe9859a42c100, 32768)
11-27 18:32:28.454  1696  1696 W AshmemAllocator: ashmem_create_region(32768) returning hidl_memory(0xe9859a42c100, 32768)
11-27 18:32:28.458  1696  1696 W AshmemAllocator: ashmem_create_region(32768) returning hidl_memory(0xe9859a42c100, 32768)
11-27 18:32:28.464  1696  1696 W AshmemAllocator: ashmem_create_region(32768) returning hidl_memory(0xe9859a42c100, 32768)
11-27 18:32:28.481  2275  2275 I SYS_TBoxUtilLocal: [onBindTBoxServiceCallback] isServiceConnected:true
11-27 18:32:28.534  1576  1576 E SELinux : avc:  denied  { find } for interface=com.desaysv.vehiclelan.proxy::ICommonProxy sid=u:r:bluetooth:s0 pid=2254 scontext=u:r:bluetooth:s0 tcontext=u:object_r:com_desaysv_vehiclelan_proxy:s0 tclass=hwservice_manager permissive=1
11-27 18:32:28.567  2254  2254 I android_os_HwBinder: HwBinder: Starting thread pool for default::com.desaysv.vehiclelan.proxy@1.0::ICommonProxy
11-27 18:32:28.699  2560  2659 I VehiclePlatform: [linkdevicemanager|MCHP] : event change@/devices/platform/regulatory.0
11-27 18:32:28.702  1999  2044 I ActivityManager: Start proc 2839:com.desaysv.vehicle.carplayapp/1000 for service com.desaysv.vehicle.carplayapp/.CarplayService
11-27 18:32:28.741  1707  2140 I dsp_hal : tinymix_set_value, control: Tbox_Vol; values: 119; num_values 1:
11-27 18:32:28.827  2694  2715 I ysv.tboxservic: Background concurrent copying GC freed 9373(1406KB) AllocSpace objects, 0(0B) LOS objects, 58% free, 1096KB/2MB, paused 33.646ms total 414.300ms
11-27 18:32:28.867  1583  1612 W automotive.vehicle@2.0-impl: Sample rate is greater than zero for on change type. Ignoring it.
11-27 18:32:28.868  1583  1612 I automotive.vehicle@2.0-impl: SubscriptionManager::addOrUpdateSubscription, callback: 0xeab98acb47e0
11-27 18:32:28.868  1583  1612 I automotive.vehicle@2.0-impl: addOrUpdateSubscription opts.propId: 0x11600207
11-27 18:32:29.250  2839  2839 W CarStateManager: register callback:com.desaysv.vehicle.carplayapp.CarplayService$9@a717311
11-27 18:32:29.405  2779  2779 I CLS.LinkDeviceManager: [init:50-main]
11-27 18:32:29.426  2779  2779 I CLS.PhoneLinkServiceInfo: [getPackageName:137-main]-package: com.desaysv.service.link, class: com.desaysv.service.link.TestLinkDeviceService
11-27 18:32:29.459  2779  2779 I CLS.TestLinkDeviceService: [onCreate:20-main]
11-27 18:32:29.459  2779  2911 I CLS.LinkDeviceManager: [onPhoneLinkServiceChanged:78-PhoneLinkConnection-2]-serverId=2, status=1
11-27 18:32:29.467  2779  2779 I CLS.PhoneLinkService: [onBind:36-main]-Client: com.desaysv.vrservice bind Service: com.desaysv.service.link.TestLinkDeviceService@4ad496f
11-27 18:32:29.469  2596  2596 I CLC.PhoneLinkConnection: [onServiceConnected:128-main]-ComponentInfo{com.desaysv.service.link/com.desaysv.service.link.TestLinkDeviceService}
11-27 18:32:29.488  2779  2838 I CLS.ConnectedDeviceManager: [getConnectingDevice:573-Binder:2779_1]-return connecting data: PhoneLinkData{serverId=0, dataId=27, isGetter=true, dataBool=false, dataInt=-1, dataStr='null', dataObj=null, dataObjClz='com.desaysv.persistence.model.LinkDevice', dataObjList=null, isSync=false, success=true}
11-27 18:32:29.491  2779  2838 I CLS.ConnectedDeviceManager: [getConnectionState:97-Binder:2779_1]-return connection: PhoneLinkData{serverId=0, dataId=1, isGetter=true, dataBool=false, dataInt=0, dataStr='null', dataObj=LinkDevice{id=0, type=-1, connectStatus=0, name='', serialNum='', btAddress='', wireless=false, isFirstConnectWireless=true, isSupportWireless=false, lastConnectedTime=0, isWirelessAvailable=false}, dataObjClz='com.desaysv.persistence.model.LinkDevice', dataObjList=null, isSync=false, success=true}
11-27 18:32:29.492  2596  2596 I PhoneLinkAdapterManager.LinkStateSource: [loadConnectState:412-main]-response: PhoneLinkData{serverId=0, dataId=1, isGetter=true, dataBool=false, dataInt=0, dataStr='null', dataObj=LinkDevice{id=0, type=-1, connectStatus=0, name='', serialNum='', btAddress='', wireless=false, isFirstConnectWireless=true, isSupportWireless=false, lastConnectedTime=0, isWirelessAvailable=false}, dataObjClz='com.desaysv.persistence.model.LinkDevice', dataObjList=null, isSync=false, success=true}
11-27 18:32:29.493  2596  2596 I PhoneLinkAdapterManager.LinkStateSource: [updateConnectState:424-main]-serverId: 0, lastDevice: LinkDevice{id=0, type=-1, connectStatus=0, name='', serialNum='', btAddress='', wireless=false, isFirstConnectWireless=true, isSupportWireless=false, lastConnectedTime=0, isWirelessAvailable=false}, productName: null
11-27 18:32:29.495  2596  2596 W PhoneLinkAdapterManager.LinkStateSource: [updateConnectState:440-main]-may be connect device fail result:LinkDevice{id=0, type=-1, connectStatus=0, name='', serialNum='', btAddress='', wireless=false, isFirstConnectWireless=true, isSupportWireless=false, lastConnectedTime=0, isWirelessAvailable=false}
11-27 18:32:29.661  1707  2140 I dsp_hal : tinymix_set_value, control: Tbox_Vol; values: 119; num_values 1:
11-27 18:32:30.474  2839  2839 I VehiclePlatform: [libbasic|thread] : SetPriority[2]
11-27 18:32:30.498  2839  2839 I chatty  : uid=1000(system) com.desaysv.vehicle.carplayapp identical 13 lines
11-27 18:32:30.498  2839  2839 I VehiclePlatform: [libbasic|thread] : SetPriority[2]
11-27 18:32:30.499  2839  2839 I VehiclePlatform: [libcarplay|server] : SVP_GetCarPlayService - Begin
11-27 18:32:30.499  2839  2839 I VehiclePlatform: [libcarplay|server] : SVPCarPlay_Server - Begin
11-27 18:32:30.500  2839  2839 I VehiclePlatform: [libcarplay|server] : SVPCarPlay_Server - End
11-27 18:32:30.500  2839  2839 I VehiclePlatform: [libcarplay|server] : SVP_GetCarPlayService - End
11-27 18:32:30.500  2839  2973 I VehiclePlatform: [libcarplay|server] : runInitThread - Begin
11-27 18:32:30.500  2839  2973 I VehiclePlatform: [libcarplay|CarPlayMgr] : SVPCarPlayMgr - Begin
11-27 18:32:30.507  2839  2839 I VehiclePlatform: [libcarplay|server] : SetCarPlayMessageFilterFlag:CarPlayTrasferType=0
11-27 18:32:30.507  2839  2839 I VehiclePlatform: [libcarplay|server] : InitInstance - Begin
11-27 18:32:30.534  2839  2973 I VehiclePlatform: [libcarplay|ConfigMgr] : enablecarplay is true
11-27 18:32:30.534  2839  2973 I VehiclePlatform: [libcarplay|ConfigMgr] : isonlychargeport2 is false
11-27 18:32:30.534  2839  2973 I VehiclePlatform: [libcarplay|ConfigMgr] : height_offset is 0
11-27 18:32:30.534  2839  2973 I VehiclePlatform: [libcarplay|ConfigMgr] : width_offset is 0
11-27 18:32:30.534  2839  2973 I VehiclePlatform: [libcarplay|ConfigMgr] : force_video_height is 720
11-27 18:32:30.534  2839  2973 I VehiclePlatform: [libcarplay|ConfigMgr] : force_video_width is 1920
11-27 18:32:30.534  2839  2973 I VehiclePlatform: [libcarplay|ConfigMgr] : wired_audio_time is 100
11-27 18:32:30.534  2839  2973 I VehiclePlatform: [libcarplay|ConfigMgr] : wireless_audio_time is 80
11-27 18:32:30.534  2839  2973 I VehiclePlatform: [libcarplay|ConfigMgr] : isconnect_all_bt is false
11-27 18:32:30.534  2839  2973 I VehiclePlatform: [libcarplay|ConfigMgr] : input_event_device_name is  cyttsp6_mt
11-27 18:32:30.534  2839  2973 I VehiclePlatform: [libcarplay|ConfigMgr] : start_carplay_directly is true
11-27 18:32:30.534  2839  2973 I VehiclePlatform: [libcarplay|ConfigMgr] : input_event_from_driver is false
11-27 18:32:30.534  2839  2973 I VehiclePlatform: [libcarplay|ConfigMgr] : carplay_accoff_need_stop_session is false
11-27 18:32:30.534  2839  2973 I VehiclePlatform: [libcarplay|CarPlayMgr] : SVPCarPlayMgr - End
11-27 18:32:30.534  2839  2973 I VehiclePlatform: [libcarplay|CarPlayMgr] : OnSystemBootCompleted - Begin
11-27 18:32:30.534  2839  2973 I VehiclePlatform: [libcarplay|CarPlayMgr] : OnSystemBootCompleted - End
11-27 18:32:30.534  2839  2839 I VehiclePlatform: [libcarplay|CarPlayMgr] : InitInstance - Begin
11-27 18:32:30.534  2839  2973 I VehiclePlatform: [libcarplay|server] : runInitThread - End
11-27 18:32:30.534  2839  2839 I VehiclePlatform: [libcarplay|CarPlayMgr] : InitInstance:enum device begin
11-27 18:32:30.534  2839  2978 I VehiclePlatform: [libcarplay|CarPlayMgr] : RunInitThread - Begin
11-27 18:32:30.534  2839  2978 I VehiclePlatform: [libcarplay|CarPlayMgr] : GetScreenResolution - Begin
11-27 18:32:30.534  2839  2978 I VehiclePlatform: [SVPLinkUtil|ConfigMgr] : SVPLinkUtilConfigMgr - Begin
11-27 18:32:30.534  2839  2839 W VehiclePlatform: [remotequeued] : SVPRemoteQueuedProxy_Binder - IsStarted(SVP_TRUE)
11-27 18:32:30.537  2839  2839 I VehiclePlatform: [liblinkdevicemanager] : InitInstance - Begin
11-27 18:32:30.537  2839  2839 I VehiclePlatform: [liblinkdevicemanager] : InitInstance - End
11-27 18:32:30.537  2839  2839 I VehiclePlatform: [liblinkdevicemanager] : GetLinkDeviceContextAll - Begin
11-27 18:32:30.537  2560  2641 I VehiclePlatform: [linkdevicemanager] : SVPLinkDeviceManager_Server::OnTransactProcess[258]
11-27 18:32:30.538  2560  2641 I VehiclePlatform: [linkdevicemanager] : GetLinkDeviceContextAll - Begin
11-27 18:32:30.538  2560  2641 I VehiclePlatform: [linkdevicemanager|MCHP] : [GetLinkDeviceContextAll] devices count 0
11-27 18:32:30.538  2560  2641 I VehiclePlatform: [linkdevicemanager] : GetLinkDeviceContextAll - End
11-27 18:32:30.538  2839  2839 I VehiclePlatform: [liblinkdevicemanager] : GetLinkDeviceContextAll - End
11-27 18:32:30.538  2839  2839 I VehiclePlatform: [libcarplay|CarPlayMgr] : InitInstance:enum device end
11-27 18:32:30.538  2839  2839 I VehiclePlatform: [libcarplay|CarPlayMgr] : InitInstance - End
11-27 18:32:30.538  2839  2839 I VehiclePlatform: [libcarplay|server] : InitInstance - End
11-27 18:32:30.542  2839  2978 I VehiclePlatform: [SVPLinkUtil|ConfigMgr] : i2c_path: /dev/i2c-4
11-27 18:32:30.542  2839  2978 I VehiclePlatform: [SVPLinkUtil|ConfigMgr] : i2c_reset_path: /sys/devices/platform/sv-gpio/IPOD.Reset
11-27 18:32:30.542  2839  2978 I VehiclePlatform: [SVPLinkUtil|ConfigMgr] : uevent_path: /sys/devices/platform/soc/ee0a0100.usb
11-27 18:32:30.542  2839  2978 I VehiclePlatform: [SVPLinkUtil|ConfigMgr] : usb_mode_path: /sys/devices/platform/soc/ee080200.usb-phy/role
11-27 18:32:30.542  2839  2978 I VehiclePlatform: [SVPLinkUtil|ConfigMgr] : screen_fb_path: /dev/graphics/fb0
11-27 18:32:30.542  2839  2978 I VehiclePlatform: [SVPLinkUtil|ConfigMgr] : SVPLinkUtilConfigMgr - End
11-27 18:32:30.542  2839  2978 I VehiclePlatform: [SVPLinkUtil] : SVPLinkUtils_GetPlatformScreenSolution(1920,720)
11-27 18:32:30.542  2839  2978 I VehiclePlatform: [libcarplay|CarPlayMgr] : m_screen_width =1920,m_screen_height =720
11-27 18:32:30.542  2839  2978 I VehiclePlatform: [libcarplay|CarPlayMgr] : GetScreenResolution - End
11-27 18:32:30.542  2839  2978 I VehiclePlatform: [libcarplay|InputMgr] : SVPLinkInputMgr SVPLinkInputMgr, 42
11-27 18:32:30.542  2839  2978 I VehiclePlatform: [libcarplay|InputMgr] : SVPLinkInputMgr init, 235, to match:  cyttsp6_mt
11-27 18:32:30.542  2839  2978 I VehiclePlatform: [libcarplay|VideoMgr] : videoCreate - Begin
11-27 18:32:30.542  2839  2978 I VehiclePlatform: [libcarplay|VideoMgr] : videoCreate - End
11-27 18:32:30.542  2839  2978 I VehiclePlatform: [libcarplay|WirelessLinkMgr] : SVPWirelessLinkMgr begin
11-27 18:32:30.574  2839  2978 I VehiclePlatform: [svp] : name (Cloudrive)
11-27 18:32:30.575  2839  2978 I VehiclePlatform: [svp] : serialNumber (CG00141000069)
11-27 18:32:30.575  2839  2978 I VehiclePlatform: [svp] : modelNumber (Tiggo)
11-27 18:32:30.575  2839  2978 I VehiclePlatform: [svp] : firmwareVersion (1.0.0)
11-27 18:32:30.575  2839  2978 I VehiclePlatform: [svp] : hardwareVersion (1.0.0)
11-27 18:32:30.575  2839  2978 I VehiclePlatform: [svp] : vehicleDisplayName (Cloudrive)
11-27 18:32:30.575  2839  2978 I VehiclePlatform: [svp] : currentForDevice (2100)
11-27 18:32:30.575  2839  2978 I VehiclePlatform: [svp] : LocationIsSensorsMode  (false)
11-27 18:32:30.575  2839  2978 I VehiclePlatform: [svp] : CarPlayProductPlanUUID (170a4b9b)
11-27 18:32:30.575  2839  2978 I VehiclePlatform: [svp] : RouteGuidanceDisplayComponentID (45)
11-27 18:32:30.575  2839  2978 I VehiclePlatform: [svp] : SourceSupportsRouteGuidance (false)
11-27 18:32:30.575  2839  2978 I VehiclePlatform: [svp] : MaxRouteGuidanceStringLength (16)
11-27 18:32:30.575  2839  2978 I VehiclePlatform: [svp] : MaxGuidanceManeuverCapacity (1)
11-27 18:32:30.575  2839  2978 I VehiclePlatform: [svp] : MaxLaneGuidanceStorageCapacity (1)
11-27 18:32:30.575  2839  2978 I VehiclePlatform: [libcarplay|WirelessLinkMgr] : SVPWirelessLinkMgr ipodInfo name = Cloudrive
11-27 18:32:30.575  2839  2978 I VehiclePlatform: [libcarplay|WirelessLinkMgr] : SVPWirelessLinkMgr end
11-27 18:32:30.575  2839  2978 I VehiclePlatform: [libcarplay|CarPlayMgr] : RunInitThread - End
11-27 18:32:30.608  2839  2839 I VehiclePlatform: [libcarplay|server] : SVP_GetCarPlayService - Begin
11-27 18:32:30.608  2839  2839 I VehiclePlatform: [libcarplay|server] : SVP_GetCarPlayService - End
11-27 18:32:30.680  2839  2839 I VehiclePlatform: [libcarplay|server] : SVP_GetCarPlayService - Begin
11-27 18:32:30.680  2839  2839 I VehiclePlatform: [libcarplay|server] : SVP_GetCarPlayService - End
11-27 18:32:30.680  2839  2839 I VehiclePlatform: [libcarplay|server] : SetCarPlayMessageFilterFlag:CarPlayTrasferType=1
11-27 18:32:30.681  2839  2839 I VehiclePlatform: [libcarplay|server] : RequestWirelessCarPlayConnection - Begin
11-27 18:32:30.681  2839  2839 I VehiclePlatform: [liblinkdevicemanager] : GetLinkDeviceContextAll - Begin
11-27 18:32:30.681  2560  2641 I VehiclePlatform: [linkdevicemanager] : SVPLinkDeviceManager_Server::OnTransactProcess[258]
11-27 18:32:30.681  2560  2641 I VehiclePlatform: [linkdevicemanager] : GetLinkDeviceContextAll - Begin
11-27 18:32:30.681  2560  2641 I VehiclePlatform: [linkdevicemanager|MCHP] : [GetLinkDeviceContextAll] devices count 0
11-27 18:32:30.681  2560  2641 I VehiclePlatform: [linkdevicemanager] : GetLinkDeviceContextAll - End
11-27 18:32:30.682  2839  2839 I VehiclePlatform: [liblinkdevicemanager] : GetLinkDeviceContextAll - End
11-27 18:32:30.682  2839  2839 I VehiclePlatform: [liblinkdevicemanager] : CarPlayIsEnable - Begin
11-27 18:32:30.682  2560  2641 I VehiclePlatform: [linkdevicemanager] : SVPLinkDeviceManager_Server::OnTransactProcess[260]
11-27 18:32:30.682  2560  2641 I VehiclePlatform: [linkdevicemanager] : CarPlayIsEnable - Begin
11-27 18:32:30.682  2560  2641 I VehiclePlatform: [linkdevicemanager|MCHP] : CarPlayIsEnable - Begin
11-27 18:32:30.682  2560  2641 I VehiclePlatform: [linkdevicemanager|MCHP] : read setting persist success strlinkType= 0
11-27 18:32:30.682  2560  2641 I VehiclePlatform: [linkdevicemanager|MCHP] : string linkType = 0
11-27 18:32:30.682  2560  2641 I VehiclePlatform: [linkdevicemanager|MCHP] : read build persist success:true
11-27 18:32:30.682  2560  2641 I VehiclePlatform: [linkdevicemanager|MCHP] : CarPlayEnabled = true
11-27 18:32:30.682  2560  2641 I VehiclePlatform: [linkdevicemanager|MCHP] : CarPlayIsEnable - End
11-27 18:32:30.682  2560  2641 I VehiclePlatform: [linkdevicemanager] : CarPlayIsEnable - End
11-27 18:32:30.683  2839  2839 I VehiclePlatform: [liblinkdevicemanager] : CarPlayIsEnable - End
11-27 18:32:30.683  2839  2839 I VehiclePlatform: [libcarplay|CarPlayMgr] : RequestWirelessCarPlayConnection WIRELESS_CARPLAY_CAN_CONNECT
11-27 18:32:30.683  2839  2839 I VehiclePlatform: [libcarplay|server] : RequestWirelessCarPlayConnection - End
11-27 18:32:30.810  2839  2839 I android_os_HwBinder: HwBinder: Starting thread pool for default::com.desaysv.vehiclelan.proxy@1.0::ICommonProxy
11-27 18:32:30.824  2839  2839 I VehiclePlatform: [libcarplay|server] : SVP_GetCarPlayService - Begin
11-27 18:32:30.824  2839  2839 I VehiclePlatform: [libcarplay|server] : SVP_GetCarPlayService - End
11-27 18:32:30.903  2839  2839 I VehiclePlatform: [libcarplay|server] : SVP_GetCarPlayService - Begin
11-27 18:32:30.904  2839  2839 I VehiclePlatform: [libcarplay|server] : SVP_GetCarPlayService - End
11-27 18:32:30.923  2839  2839 I VehiclePlatform: [libcarplay|server] : GetCarPlayScreenStatus - Begin
11-27 18:32:30.923  2839  2839 I VehiclePlatform: [libcarplay|server] : GetCarPlayScreenStatus - End
11-27 18:32:30.926  2839  2839 I VehiclePlatform: [libcarplay|server] : GetDeviceConnectStatus - Begin
11-27 18:32:30.926  2839  2839 I VehiclePlatform: [libcarplay|server] : GetDeviceConnectStatus - End
11-27 18:32:30.940  2915  2915 I AAPlatform.PhoneLinkServiceInfo: [getPackageName:137-main]-package: com.desaysv.service.link, class: com.desaysv.service.link.TestLinkDeviceService
11-27 18:32:31.124  2915  2915 I android_os_HwBinder: HwBinder: Starting thread pool for default::com.desaysv.vehiclelan.proxy@1.0::ICommonProxy
11-27 18:32:31.231  2915  2915 I AAPlatform.VehicleDataImpl: [init:43-main]
11-27 18:32:31.238  1589  2039 I vehiclelan|commonProxy: begin to writeMessage msgType = 0x1005 subtype = 1 ret = 0
11-27 18:32:31.308  2839  2839 I VehiclePlatform: [libcarplay|server] : SVP_GetCarPlayService - Begin
11-27 18:32:31.308  2839  2839 I VehiclePlatform: [libcarplay|server] : SVP_GetCarPlayService - End
11-27 18:32:31.372  2275  2294 I SYS_TBoxUtilLocal: onNetworkStatus: networkBean = NetworkBean{URI='content://tbox.automotive.neusoft.com/NetworkStatusNotification', DataConnection=false, SimCardRegistraionStatus=false, MobileNetworkType='NoNetwork', Roaming=false, SignalStrength=-1, RouterIPAddress='', VPNIPAddress=''}
11-27 18:32:31.375  2839  3102 I VehiclePlatform: [libcarplay|server] : SetAccessoryEvent - Begin
11-27 18:32:31.375  2839  3102 I VehiclePlatform: [libcarplay|CarPlayMgr] : SetAccessoryEvent - Begin
11-27 18:32:31.375  2839  3102 I VehiclePlatform: [libcarplay|CarPlayMgr] : SetAccessoryEvent : AccessoryEvent = 41
11-27 18:32:31.375  2839  3102 W VehiclePlatform: [libcarplay|CarPlayMgr] : SetAccessoryEvent link is not connect
11-27 18:32:31.375  2839  3102 I VehiclePlatform: [libcarplay|CarPlayMgr] : SetAccessoryEvent - End
11-27 18:32:31.375  2839  3102 I VehiclePlatform: [libcarplay|server] : SetAccessoryEvent - End
11-27 18:32:31.543  2839  2839 I VehiclePlatform: [libcarplay|server] : SetAccessoryBackgroundLightType - Begin
11-27 18:32:31.543  2839  2839 I VehiclePlatform: [libcarplay|CarPlayMgr] : SetAcccessoryBackgroundLightType:AccessoryBackgroundLightType = 1
11-27 18:32:31.543  2839  2839 I VehiclePlatform: [libcarplay|ExternMoudleMgr] : NotifyBackgroundLightChanged: AccessoryBackgroundLightType = 1 
