11-27 18:52:44.101  3565  3580 I SYS_TBoxUtilLocal: onNetworkStatus: networkBean = NetworkBean{URI='content://tbox.automotive.neusoft.com/NetworkStatusNotification', DataConnection=false, SimCardRegistraionStatus=false, MobileNetworkType='NoNetwork', Roaming=false, SignalStrength=-1, RouterIPAddress='', VPNIPAddress=''}
11-27 18:52:45.996  1583  1612 I VehiclePlatform: [remoteserver|services] : StoreDateTime() - LOCAL TIME: 2025-11-27 18:52:45
11-27 18:52:46.415  1589  2039 I vehiclelan|commonProxy: begin to writeMessage msgType = 0x1005 subtype = 1 ret = 0
11-27 18:52:46.520  2161  2161 W CarStateManagerService: <VehiclePower>send type is:0;temp is:0
11-27 18:52:49.097  2275  2294 I SYS_TBoxUtilLocal: onNetworkStatus: networkBean = NetworkBean{URI='content://tbox.automotive.neusoft.com/NetworkStatusNotification', DataConnection=false, SimCardRegistraionStatus=false, MobileNetworkType='NoNetwork', Roaming=false, SignalStrength=-1, RouterIPAddress='', VPNIPAddress=''}
11-27 18:52:49.099  3565  3889 I SYS_TBoxUtilLocal: onNetworkStatus: networkBean = NetworkBean{URI='content://tbox.automotive.neusoft.com/NetworkStatusNotification', DataConnection=false, SimCardRegistraionStatus=false, MobileNetworkType='NoNetwork', Roaming=false, SignalStrength=-1, RouterIPAddress='', VPNIPAddress=''}
11-27 18:52:51.534  2161  2161 W CarStateManagerService: <VehiclePower>send type is:0;temp is:0
11-27 18:52:53.364  7047  7047 I pidof   : type=1400 audit(0.0:9557): avc: denied { read } for scontext=u:r:direct_network_config:s0 tcontext=u:r:vehicle_shmemslaver:s0 tclass=file permissive=1
11-27 18:52:53.364  7047  7047 I pidof   : type=1400 audit(0.0:9558): avc: denied { read } for scontext=u:r:direct_network_config:s0 tcontext=u:r:vehicle_linkdevicemanager:s0 tclass=file permissive=1
11-27 18:52:53.368  7047  7047 I pidof   : type=1400 audit(0.0:9559): avc: denied { open } for path="/proc/2558/comm" dev="proc" ino=134860 scontext=u:r:direct_network_config:s0 tcontext=u:r:vehicle_shmemslaver:s0 tclass=file permissive=1
11-27 18:52:53.372  7047  7047 I pidof   : type=1400 audit(0.0:9560): avc: denied { open } for path="/proc/2560/comm" dev="proc" ino=134862 scontext=u:r:direct_network_config:s0 tcontext=u:r:vehicle_linkdevicemanager:s0 tclass=file permissive=1
11-27 18:52:54.098  2275  2294 I SYS_TBoxUtilLocal: onNetworkStatus: networkBean = NetworkBean{URI='content://tbox.automotive.neusoft.com/NetworkStatusNotification', DataConnection=false, SimCardRegistraionStatus=false, MobileNetworkType='NoNetwork', Roaming=false, SignalStrength=-1, RouterIPAddress='', VPNIPAddress=''}
11-27 18:52:54.101  3565  3889 I SYS_TBoxUtilLocal: onNetworkStatus: networkBean = NetworkBean{URI='content://tbox.automotive.neusoft.com/NetworkStatusNotification', DataConnection=false, SimCardRegistraionStatus=false, MobileNetworkType='NoNetwork', Roaming=false, SignalStrength=-1, RouterIPAddress='', VPNIPAddress=''}
11-27 18:52:56.423  1589  2039 I vehiclelan|commonProxy: begin to writeMessage msgType = 0x1005 subtype = 1 ret = 0
11-27 18:52:56.525  2161  2161 W CarStateManagerService: <VehiclePower>send type is:0;temp is:0
11-27 18:52:59.098  2275  2294 I SYS_TBoxUtilLocal: onNetworkStatus: networkBean = NetworkBean{URI='content://tbox.automotive.neusoft.com/NetworkStatusNotification', DataConnection=false, SimCardRegistraionStatus=false, MobileNetworkType='NoNetwork', Roaming=false, SignalStrength=-1, RouterIPAddress='', VPNIPAddress=''}
11-27 18:52:59.099  3565  3889 I SYS_TBoxUtilLocal: onNetworkStatus: networkBean = NetworkBean{URI='content://tbox.automotive.neusoft.com/NetworkStatusNotification', DataConnection=false, SimCardRegistraionStatus=false, MobileNetworkType='NoNetwork', Roaming=false, SignalStrength=-1, RouterIPAddress='', VPNIPAddress=''}
11-27 18:53:01.522  2161  2161 W CarStateManagerService: <VehiclePower>send type is:0;temp is:0
11-27 18:53:04.097  2275  2294 I SYS_TBoxUtilLocal: onNetworkStatus: networkBean = NetworkBean{URI='content://tbox.automotive.neusoft.com/NetworkStatusNotification', DataConnection=false, SimCardRegistraionStatus=false, MobileNetworkType='NoNetwork', Roaming=false, SignalStrength=-1, RouterIPAddress='', VPNIPAddress=''}
11-27 18:53:04.099  3565  3889 I SYS_TBoxUtilLocal: onNetworkStatus: networkBean = NetworkBean{URI='content://tbox.automotive.neusoft.com/NetworkStatusNotification', DataConnection=false, SimCardRegistraionStatus=false, MobileNetworkType='NoNetwork', Roaming=false, SignalStrength=-1, RouterIPAddress='', VPNIPAddress=''}
11-27 18:53:06.433  1589  2039 I vehiclelan|commonProxy: begin to writeMessage msgType = 0x1005 subtype = 1 ret = 0
11-27 18:53:06.525  2161  2161 W CarStateManagerService: <VehiclePower>send type is:0;temp is:0
11-27 18:53:09.097  2275  2294 I SYS_TBoxUtilLocal: onNetworkStatus: networkBean = NetworkBean{URI='content://tbox.automotive.neusoft.com/NetworkStatusNotification', DataConnection=false, SimCardRegistraionStatus=false, MobileNetworkType='NoNetwork', Roaming=false, SignalStrength=-1, RouterIPAddress='', VPNIPAddress=''}
11-27 18:53:09.098  3565  3889 I SYS_TBoxUtilLocal: onNetworkStatus: networkBean = NetworkBean{URI='content://tbox.automotive.neusoft.com/NetworkStatusNotification', DataConnection=false, SimCardRegistraionStatus=false, MobileNetworkType='NoNetwork', Roaming=false, SignalStrength=-1, RouterIPAddress='', VPNIPAddress=''}
11-27 18:53:11.533  2161  2161 W CarStateManagerService: <VehiclePower>send type is:0;temp is:0
11-27 18:53:14.099  2275  2294 I SYS_TBoxUtilLocal: onNetworkStatus: networkBean = NetworkBean{URI='content://tbox.automotive.neusoft.com/NetworkStatusNotification', DataConnection=false, SimCardRegistraionStatus=false, MobileNetworkType='NoNetwork', Roaming=false, SignalStrength=-1, RouterIPAddress='', VPNIPAddress=''}
11-27 18:53:14.100  3565  3578 I SYS_TBoxUtilLocal: onNetworkStatus: networkBean = NetworkBean{URI='content://tbox.automotive.neusoft.com/NetworkStatusNotification', DataConnection=false, SimCardRegistraionStatus=false, MobileNetworkType='NoNetwork', Roaming=false, SignalStrength=-1, RouterIPAddress='', VPNIPAddress=''}
11-27 18:53:16.440  1589  2039 I vehiclelan|commonProxy: begin to writeMessage msgType = 0x1005 subtype = 1 ret = 0
11-27 18:53:16.518  2161  2161 W CarStateManagerService: <VehiclePower>send type is:0;temp is:0
11-27 18:53:19.100  2275  2294 I SYS_TBoxUtilLocal: onNetworkStatus: networkBean = NetworkBean{URI='content://tbox.automotive.neusoft.com/NetworkStatusNotification', DataConnection=false, SimCardRegistraionStatus=false, MobileNetworkType='NoNetwork', Roaming=false, SignalStrength=-1, RouterIPAddress='', VPNIPAddress=''}
11-27 18:53:19.101  3565  4156 I SYS_TBoxUtilLocal: onNetworkStatus: networkBean = NetworkBean{URI='content://tbox.automotive.neusoft.com/NetworkStatusNotification', DataConnection=false, SimCardRegistraionStatus=false, MobileNetworkType='NoNetwork', Roaming=false, SignalStrength=-1, RouterIPAddress='', VPNIPAddress=''}
11-27 18:53:21.523  2161  2161 W CarStateManagerService: <VehiclePower>send type is:0;temp is:0
11-27 18:53:22.364  7094  7094 I pidof   : type=1400 audit(0.0:9562): avc: denied { search } for name="2560" dev="proc" ino=134613 scontext=u:r:direct_network_config:s0 tcontext=u:r:vehicle_linkdevicemanager:s0 tclass=dir permissive=1
11-27 18:53:24.098  2275  2294 I SYS_TBoxUtilLocal: onNetworkStatus: networkBean = NetworkBean{URI='content://tbox.automotive.neusoft.com/NetworkStatusNotification', DataConnection=false, SimCardRegistraionStatus=false, MobileNetworkType='NoNetwork', Roaming=false, SignalStrength=-1, RouterIPAddress='', VPNIPAddress=''}
11-27 18:53:24.099  3565  4156 I SYS_TBoxUtilLocal: onNetworkStatus: networkBean = NetworkBean{URI='content://tbox.automotive.neusoft.com/NetworkStatusNotification', DataConnection=false, SimCardRegistraionStatus=false, MobileNetworkType='NoNetwork', Roaming=false, SignalStrength=-1, RouterIPAddress='', VPNIPAddress=''}
11-27 18:53:26.448  1589  2039 I vehiclelan|commonProxy: begin to writeMessage msgType = 0x1005 subtype = 1 ret = 0
11-27 18:53:26.521  2161  2161 W CarStateManagerService: <VehiclePower>send type is:0;temp is:0
11-27 18:53:29.084  2560  2659 I VehiclePlatform: [linkdevicemanager|MCHP] : event change@/devices/virtual/xt_idletimer/timers
11-27 18:53:29.098  2275  2294 I SYS_TBoxUtilLocal: onNetworkStatus: networkBean = NetworkBean{URI='content://tbox.automotive.neusoft.com/NetworkStatusNotification', DataConnection=false, SimCardRegistraionStatus=false, MobileNetworkType='NoNetwork', Roaming=false, SignalStrength=-1, RouterIPAddress='', VPNIPAddress=''}
11-27 18:53:29.099  3565  3578 I SYS_TBoxUtilLocal: onNetworkStatus: networkBean = NetworkBean{URI='content://tbox.automotive.neusoft.com/NetworkStatusNotification', DataConnection=false, SimCardRegistraionStatus=false, MobileNetworkType='NoNetwork', Roaming=false, SignalStrength=-1, RouterIPAddress='', VPNIPAddress=''}
11-27 18:53:29.107  2694  2750 I ysv.tboxservic: Waiting for a blocking GC ProfileSaver
11-27 18:53:29.125  2694  2750 I ysv.tboxservic: WaitForGcToComplete blocked ProfileSaver on HeapTrim for 17.890ms
11-27 18:53:30.260  7107  7107 I pidof   : type=1400 audit(0.0:9565): avc: denied { search } for name="2558" dev="proc" ino=134612 scontext=u:r:direct_network_config:s0 tcontext=u:r:vehicle_shmemslaver:s0 tclass=dir permissive=1
11-27 18:53:31.531  2161  2161 W CarStateManagerService: <VehiclePower>send type is:0;temp is:0
11-27 18:53:34.098  2275  2294 I SYS_TBoxUtilLocal: onNetworkStatus: networkBean = NetworkBean{URI='content://tbox.automotive.neusoft.com/NetworkStatusNotification', DataConnection=false, SimCardRegistraionStatus=false, MobileNetworkType='NoNetwork', Roaming=false, SignalStrength=-1, RouterIPAddress='', VPNIPAddress=''}
11-27 18:53:34.100  3565  3578 I SYS_TBoxUtilLocal: onNetworkStatus: networkBean = NetworkBean{URI='content://tbox.automotive.neusoft.com/NetworkStatusNotification', DataConnection=false, SimCardRegistraionStatus=false, MobileNetworkType='NoNetwork', Roaming=false, SignalStrength=-1, RouterIPAddress='', VPNIPAddress=''}
11-27 18:53:35.175  2560  2659 I VehiclePlatform: [linkdevicemanager|MCHP] : event change@/devices/virtual/xt_idletimer/timers
11-27 18:53:36.464  1589  2039 I vehiclelan|commonProxy: begin to writeMessage msgType = 0x1005 subtype = 1 ret = 0
11-27 18:53:36.527  2161  2161 W CarStateManagerService: <VehiclePower>send type is:0;temp is:0
11-27 18:53:39.101  2275  2294 I SYS_TBoxUtilLocal: onNetworkStatus: networkBean = NetworkBean{URI='content://tbox.automotive.neusoft.com/NetworkStatusNotification', DataConnection=false, SimCardRegistraionStatus=false, MobileNetworkType='NoNetwork', Roaming=false, SignalStrength=-1, RouterIPAddress='', VPNIPAddress=''}
11-27 18:53:39.104  3565  3580 I SYS_TBoxUtilLocal: onNetworkStatus: networkBean = NetworkBean{URI='content://tbox.automotive.neusoft.com/NetworkStatusNotification', DataConnection=false, SimCardRegistraionStatus=false, MobileNetworkType='NoNetwork', Roaming=false, SignalStrength=-1, RouterIPAddress='', VPNIPAddress=''}
11-27 18:53:41.526  2161  2161 W CarStateManagerService: <VehiclePower>send type is:0;temp is:0
11-27 18:53:44.098  2275  2294 I SYS_TBoxUtilLocal: onNetworkStatus: networkBean = NetworkBean{URI='content://tbox.automotive.neusoft.com/NetworkStatusNotification', DataConnection=false, SimCardRegistraionStatus=false, MobileNetworkType='NoNetwork', Roaming=false, SignalStrength=-1, RouterIPAddress='', VPNIPAddress=''}
11-27 18:53:44.100  3565  3578 I SYS_TBoxUtilLocal: onNetworkStatus: networkBean = NetworkBean{URI='content://tbox.automotive.neusoft.com/NetworkStatusNotification', DataConnection=false, SimCardRegistraionStatus=false, MobileNetworkType='NoNetwork', Roaming=false, SignalStrength=-1, RouterIPAddress='', VPNIPAddress=''}
11-27 18:53:45.990  1583  1612 I VehiclePlatform: [remoteserver|services] : StoreDateTime() - LOCAL TIME: 2025-11-27 18:53:45
11-27 18:53:46.473  1589  2039 I vehiclelan|commonProxy: begin to writeMessage msgType = 0x1005 subtype = 1 ret = 0
11-27 18:53:46.514  2161  2161 W CarStateManagerService: <VehiclePower>send type is:0;temp is:0
11-27 18:53:49.099  2275  2294 I SYS_TBoxUtilLocal: onNetworkStatus: networkBean = NetworkBean{URI='content://tbox.automotive.neusoft.com/NetworkStatusNotification', DataConnection=false, SimCardRegistraionStatus=false, MobileNetworkType='NoNetwork', Roaming=false, SignalStrength=-1, RouterIPAddress='', VPNIPAddress=''}
11-27 18:53:49.101  3565  3578 I SYS_TBoxUtilLocal: onNetworkStatus: networkBean = NetworkBean{URI='content://tbox.automotive.neusoft.com/NetworkStatusNotification', DataConnection=false, SimCardRegistraionStatus=false, MobileNetworkType='NoNetwork', Roaming=false, SignalStrength=-1, RouterIPAddress='', VPNIPAddress=''}
11-27 18:53:51.520  2161  2161 W CarStateManagerService: <VehiclePower>send type is:0;temp is:0
11-27 18:53:54.099  2275  2294 I SYS_TBoxUtilLocal: onNetworkStatus: networkBean = NetworkBean{URI='content://tbox.automotive.neusoft.com/NetworkStatusNotification', DataConnection=false, SimCardRegistraionStatus=false, MobileNetworkType='NoNetwork', Roaming=false, SignalStrength=-1, RouterIPAddress='', VPNIPAddress=''}
11-27 18:53:54.101  3565  3580 I SYS_TBoxUtilLocal: onNetworkStatus: networkBean = NetworkBean{URI='content://tbox.automotive.neusoft.com/NetworkStatusNotification', DataConnection=false, SimCardRegistraionStatus=false, MobileNetworkType='NoNetwork', Roaming=false, SignalStrength=-1, RouterIPAddress='', VPNIPAddress=''}
11-27 18:53:55.452  2560  2659 I VehiclePlatform: [linkdevicemanager|MCHP] : event change@/devices/virtual/xt_idletimer/timers
11-27 18:53:56.488  1589  2039 I vehiclelan|commonProxy: begin to writeMessage msgType = 0x1005 subtype = 1 ret = 0
11-27 18:53:56.528  2161  2161 W CarStateManagerService: <VehiclePower>send type is:0;temp is:0
11-27 18:53:59.098  2275  2294 I SYS_TBoxUtilLocal: onNetworkStatus: networkBean = NetworkBean{URI='content://tbox.automotive.neusoft.com/NetworkStatusNotification', DataConnection=false, SimCardRegistraionStatus=false, MobileNetworkType='NoNetwork', Roaming=false, SignalStrength=-1, RouterIPAddress='', VPNIPAddress=''}
11-27 18:53:59.099  3565  3580 I SYS_TBoxUtilLocal: onNetworkStatus: networkBean = NetworkBean{URI='content://tbox.automotive.neusoft.com/NetworkStatusNotification', DataConnection=false, SimCardRegistraionStatus=false, MobileNetworkType='NoNetwork', Roaming=false, SignalStrength=-1, RouterIPAddress='', VPNIPAddress=''}
11-27 18:54:01.528  2161  2161 W CarStateManagerService: <VehiclePower>send type is:0;temp is:0
11-27 18:54:04.100  2275  2294 I SYS_TBoxUtilLocal: onNetworkStatus: networkBean = NetworkBean{URI='content://tbox.automotive.neusoft.com/NetworkStatusNotification', DataConnection=false, SimCardRegistraionStatus=false, MobileNetworkType='NoNetwork', Roaming=false, SignalStrength=-1, RouterIPAddress='', VPNIPAddress=''}
11-27 18:54:04.102  3565  3580 I SYS_TBoxUtilLocal: onNetworkStatus: networkBean = NetworkBean{URI='content://tbox.automotive.neusoft.com/NetworkStatusNotification', DataConnection=false, SimCardRegistraionStatus=false, MobileNetworkType='NoNetwork', Roaming=false, SignalStrength=-1, RouterIPAddress='', VPNIPAddress=''}
11-27 18:54:05.186  2560  2659 I VehiclePlatform: [linkdevicemanager|MCHP] : event change@/devices/virtual/xt_idletimer/timers
11-27 18:54:06.501  1589  2039 I vehiclelan|commonProxy: begin to writeMessage msgType = 0x1005 subtype = 1 ret = 0
11-27 18:54:06.521  2161  2161 W CarStateManagerService: <VehiclePower>send type is:0;temp is:0
11-27 18:54:09.098  2275  2294 I SYS_TBoxUtilLocal: onNetworkStatus: networkBean = NetworkBean{URI='content://tbox.automotive.neusoft.com/NetworkStatusNotification', DataConnection=false, SimCardRegistraionStatus=false, MobileNetworkType='NoNetwork', Roaming=false, SignalStrength=-1, RouterIPAddress='', VPNIPAddress=''}
11-27 18:54:09.099  3565  3580 I SYS_TBoxUtilLocal: onNetworkStatus: networkBean = NetworkBean{URI='content://tbox.automotive.neusoft.com/NetworkStatusNotification', DataConnection=false, SimCardRegistraionStatus=false, MobileNetworkType='NoNetwork', Roaming=false, SignalStrength=-1, RouterIPAddress='', VPNIPAddress=''}
11-27 18:54:11.521  2161  2161 W CarStateManagerService: <VehiclePower>send type is:0;temp is:0
11-27 18:54:14.104  2275  2294 I SYS_TBoxUtilLocal: onNetworkStatus: networkBean = NetworkBean{URI='content://tbox.automotive.neusoft.com/NetworkStatusNotification', DataConnection=false, SimCardRegistraionStatus=false, MobileNetworkType='NoNetwork', Roaming=false, SignalStrength=-1, RouterIPAddress='', VPNIPAddress=''}
11-27 18:54:14.106  3565  3580 I SYS_TBoxUtilLocal: onNetworkStatus: networkBean = NetworkBean{URI='content://tbox.automotive.neusoft.com/NetworkStatusNotification', DataConnection=false, SimCardRegistraionStatus=false, MobileNetworkType='NoNetwork', Roaming=false, SignalStrength=-1, RouterIPAddress='', VPNIPAddress=''}
11-27 18:54:16.509  1589  2039 I vehiclelan|commonProxy: begin to writeMessage msgType = 0x1005 subtype = 1 ret = 0
11-27 18:54:16.526  2161  2161 W CarStateManagerService: <VehiclePower>send type is:0;temp is:0
11-27 18:54:19.100  2275  2294 I SYS_TBoxUtilLocal: onNetworkStatus: networkBean = NetworkBean{URI='content://tbox.automotive.neusoft.com/NetworkStatusNotification', DataConnection=false, SimCardRegistraionStatus=false, MobileNetworkType='NoNetwork', Roaming=false, SignalStrength=-1, RouterIPAddress='', VPNIPAddress=''}
11-27 18:54:19.102  3565  3580 I SYS_TBoxUtilLocal: onNetworkStatus: networkBean = NetworkBean{URI='content://tbox.automotive.neusoft.com/NetworkStatusNotification', DataConnection=false, SimCardRegistraionStatus=false, MobileNetworkType='NoNetwork', Roaming=false, SignalStrength=-1, RouterIPAddress='', VPNIPAddress=''}
11-27 18:54:21.534  2161  2161 W CarStateManagerService: <VehiclePower>send type is:0;temp is:0
11-27 18:54:24.100  2275  2294 I SYS_TBoxUtilLocal: onNetworkStatus: networkBean = NetworkBean{URI='content://tbox.automotive.neusoft.com/NetworkStatusNotification', DataConnection=false, SimCardRegistraionStatus=false, MobileNetworkType='NoNetwork', Roaming=false, SignalStrength=-1, RouterIPAddress='', VPNIPAddress=''}
11-27 18:54:24.102  3565  4156 I SYS_TBoxUtilLocal: onNetworkStatus: networkBean = NetworkBean{URI='content://tbox.automotive.neusoft.com/NetworkStatusNotification', DataConnection=false, SimCardRegistraionStatus=false, MobileNetworkType='NoNetwork', Roaming=false, SignalStrength=-1, RouterIPAddress='', VPNIPAddress=''}
11-27 18:54:25.408  2560  2659 I VehiclePlatform: [linkdevicemanager|MCHP] : event change@/devices/virtual/xt_idletimer/timers
11-27 18:54:26.519  1589  2039 I vehiclelan|commonProxy: begin to writeMessage msgType = 0x1005 subtype = 1 ret = 0
11-27 18:54:26.538  2161  2161 W CarStateManagerService: <VehiclePower>send type is:0;temp is:0
11-27 18:54:29.098  2275  2294 I SYS_TBoxUtilLocal: onNetworkStatus: networkBean = NetworkBean{URI='content://tbox.automotive.neusoft.com/NetworkStatusNotification', DataConnection=false, SimCardRegistraionStatus=false, MobileNetworkType='NoNetwork', Roaming=false, SignalStrength=-1, RouterIPAddress='', VPNIPAddress=''}
11-27 18:54:29.099  3565  3580 I SYS_TBoxUtilLocal: onNetworkStatus: networkBean = NetworkBean{URI='content://tbox.automotive.neusoft.com/NetworkStatusNotification', DataConnection=false, SimCardRegistraionStatus=false, MobileNetworkType='NoNetwork', Roaming=false, SignalStrength=-1, RouterIPAddress='', VPNIPAddress=''}
11-27 18:54:31.520  2161  2161 W CarStateManagerService: <VehiclePower>send type is:0;temp is:0
11-27 18:54:34.099  2275  2294 I SYS_TBoxUtilLocal: onNetworkStatus: networkBean = NetworkBean{URI='content://tbox.automotive.neusoft.com/NetworkStatusNotification', DataConnection=false, SimCardRegistraionStatus=false, MobileNetworkType='NoNetwork', Roaming=false, SignalStrength=-1, RouterIPAddress='', VPNIPAddress=''}
11-27 18:54:34.100  3565  4156 I SYS_TBoxUtilLocal: onNetworkStatus: networkBean = NetworkBean{URI='content://tbox.automotive.neusoft.com/NetworkStatusNotification', DataConnection=false, SimCardRegistraionStatus=false, MobileNetworkType='NoNetwork', Roaming=false, SignalStrength=-1, RouterIPAddress='', VPNIPAddress=''}
11-27 18:54:35.203  2560  2659 I VehiclePlatform: [linkdevicemanager|MCHP] : event change@/devices/virtual/xt_idletimer/timers
11-27 18:54:36.531  1589  2039 I vehiclelan|commonProxy: begin to writeMessage msgType = 0x1005 subtype = 1 ret = 0
11-27 18:54:36.541  2161  2161 W CarStateManagerService: <VehiclePower>send type is:0;temp is:0
11-27 18:54:38.940  7294  7294 I pidof   : type=1400 audit(0.0:10683): avc: denied { search } for name="2558" dev="proc" ino=149404 scontext=u:r:direct_network_config:s0 tcontext=u:r:vehicle_shmemslaver:s0 tclass=dir permissive=1
11-27 18:54:39.099  2275  2294 I SYS_TBoxUtilLocal: onNetworkStatus: networkBean = NetworkBean{URI='content://tbox.automotive.neusoft.com/NetworkStatusNotification', DataConnection=false, SimCardRegistraionStatus=false, MobileNetworkType='NoNetwork', Roaming=false, SignalStrength=-1, RouterIPAddress='', VPNIPAddress=''}
11-27 18:54:39.100  3565  3580 I SYS_TBoxUtilLocal: onNetworkStatus: networkBean = NetworkBean{URI='content://tbox.automotive.neusoft.com/NetworkStatusNotification', DataConnection=false, SimCardRegistraionStatus=false, MobileNetworkType='NoNetwork', Roaming=false, SignalStrength=-1, RouterIPAddress='', VPNIPAddress=''}
11-27 18:54:41.527  2161  2161 W CarStateManagerService: <VehiclePower>send type is:0;temp is:0
11-27 18:54:44.100  3565  3580 I SYS_TBoxUtilLocal: onNetworkStatus: networkBean = NetworkBean{URI='content://tbox.automotive.neusoft.com/NetworkStatusNotification', DataConnection=false, SimCardRegistraionStatus=false, MobileNetworkType='NoNetwork', Roaming=false, SignalStrength=-1, RouterIPAddress='', VPNIPAddress=''}
11-27 18:54:44.102  2275  2294 I SYS_TBoxUtilLocal: onNetworkStatus: networkBean = NetworkBean{URI='content://tbox.automotive.neusoft.com/NetworkStatusNotification', DataConnection=false, SimCardRegistraionStatus=false, MobileNetworkType='NoNetwork', Roaming=false, SignalStrength=-1, RouterIPAddress='', VPNIPAddress=''}
11-27 18:54:45.989  1583  1612 I VehiclePlatform: [remoteserver|services] : StoreDateTime() - LOCAL TIME: 2025-11-27 18:54:45
11-27 18:54:46.526  2161  2161 W CarStateManagerService: <VehiclePower>send type is:0;temp is:0
11-27 18:54:46.541  1589  2039 I vehiclelan|commonProxy: begin to writeMessage msgType = 0x1005 subtype = 1 ret = 0
11-27 18:54:49.100  2275  2294 I SYS_TBoxUtilLocal: onNetworkStatus: networkBean = NetworkBean{URI='content://tbox.automotive.neusoft.com/NetworkStatusNotification', DataConnection=false, SimCardRegistraionStatus=false, MobileNetworkType='NoNetwork', Roaming=false, SignalStrength=-1, RouterIPAddress='', VPNIPAddress=''}
11-27 18:54:49.101  3565  3580 I SYS_TBoxUtilLocal: onNetworkStatus: networkBean = NetworkBean{URI='content://tbox.automotive.neusoft.com/NetworkStatusNotification', DataConnection=false, SimCardRegistraionStatus=false, MobileNetworkType='NoNetwork', Roaming=false, SignalStrength=-1, RouterIPAddress='', VPNIPAddress=''}
11-27 18:54:51.517  2161  2161 W CarStateManagerService: <VehiclePower>send type is:0;temp is:0
11-27 18:54:54.104  2275  2294 I SYS_TBoxUtilLocal: onNetworkStatus: networkBean = NetworkBean{URI='content://tbox.automotive.neusoft.com/NetworkStatusNotification', DataConnection=false, SimCardRegistraionStatus=false, MobileNetworkType='NoNetwork', Roaming=false, SignalStrength=-1, RouterIPAddress='', VPNIPAddress=''}
11-27 18:54:54.106  3565  3580 I SYS_TBoxUtilLocal: onNetworkStatus: networkBean = NetworkBean{URI='content://tbox.automotive.neusoft.com/NetworkStatusNotification', DataConnection=false, SimCardRegistraionStatus=false, MobileNetworkType='NoNetwork', Roaming=false, SignalStrength=-1, RouterIPAddress='', VPNIPAddress=''}
11-27 18:54:55.364  2560  2659 I VehiclePlatform: [linkdevicemanager|MCHP] : event change@/devices/virtual/xt_idletimer/timers
11-27 18:54:56.525  2161  2161 W CarStateManagerService: <VehiclePower>send type is:0;temp is:0
11-27 18:54:56.550  1589  2039 I vehiclelan|commonProxy: begin to writeMessage msgType = 0x1005 subtype = 1 ret = 0
11-27 18:54:59.099  2275  2294 I SYS_TBoxUtilLocal: onNetworkStatus: networkBean = NetworkBean{URI='content://tbox.automotive.neusoft.com/NetworkStatusNotification', DataConnection=false, SimCardRegistraionStatus=false, MobileNetworkType='NoNetwork', Roaming=false, SignalStrength=-1, RouterIPAddress='', VPNIPAddress=''}
11-27 18:54:59.105  3565  3580 I SYS_TBoxUtilLocal: onNetworkStatus: networkBean = NetworkBean{URI='content://tbox.automotive.neusoft.com/NetworkStatusNotification', DataConnection=false, SimCardRegistraionStatus=false, MobileNetworkType='NoNetwork', Roaming=false, SignalStrength=-1, RouterIPAddress='', VPNIPAddress=''}
11-27 18:55:01.509  2161  2161 W CarStateManagerService: <VehiclePower>send type is:0;temp is:0
11-27 18:55:04.104  2275  2294 I SYS_TBoxUtilLocal: onNetworkStatus: networkBean = NetworkBean{URI='content://tbox.automotive.neusoft.com/NetworkStatusNotification', DataConnection=false, SimCardRegistraionStatus=false, MobileNetworkType='NoNetwork', Roaming=false, SignalStrength=-1, RouterIPAddress='', VPNIPAddress=''}
11-27 18:55:04.106  3565  3580 I SYS_TBoxUtilLocal: onNetworkStatus: networkBean = NetworkBean{URI='content://tbox.automotive.neusoft.com/NetworkStatusNotification', DataConnection=false, SimCardRegistraionStatus=false, MobileNetworkType='NoNetwork', Roaming=false, SignalStrength=-1, RouterIPAddress='', VPNIPAddress=''}
11-27 18:55:05.228  2560  2659 I VehiclePlatform: [linkdevicemanager|MCHP] : event change@/devices/virtual/xt_idletimer/timers
11-27 18:55:06.521  2161  2161 W CarStateManagerService: <VehiclePower>send type is:0;temp is:0
11-27 18:55:06.558  1589  2039 I vehiclelan|commonProxy: begin to writeMessage msgType = 0x1005 subtype = 1 ret = 0
11-27 18:55:09.108  2275  2294 I SYS_TBoxUtilLocal: onNetworkStatus: networkBean = NetworkBean{URI='content://tbox.automotive.neusoft.com/NetworkStatusNotification', DataConnection=false, SimCardRegistraionStatus=false, MobileNetworkType='NoNetwork', Roaming=false, SignalStrength=-1, RouterIPAddress='', VPNIPAddress=''}
11-27 18:55:09.111  3565  3889 I SYS_TBoxUtilLocal: onNetworkStatus: networkBean = NetworkBean{URI='content://tbox.automotive.neusoft.com/NetworkStatusNotification', DataConnection=false, SimCardRegistraionStatus=false, MobileNetworkType='NoNetwork', Roaming=false, SignalStrength=-1, RouterIPAddress='', VPNIPAddress=''}
11-27 18:55:10.623  7374  7374 I pidof   : type=1400 audit(0.0:11111): avc: denied { search } for name="2558" dev="proc" ino=149404 scontext=u:r:direct_network_config:s0 tcontext=u:r:vehicle_shmemslaver:s0 tclass=dir permissive=1
11-27 18:55:10.623  7374  7374 I pidof   : type=1400 audit(0.0:11112): avc: denied { search } for name="2560" dev="proc" ino=149405 scontext=u:r:direct_network_config:s0 tcontext=u:r:vehicle_linkdevicemanager:s0 tclass=dir permissive=1
11-27 18:55:11.526  2161  2161 W CarStateManagerService: <VehiclePower>send type is:0;temp is:0
11-27 18:55:14.101  2275  2294 I SYS_TBoxUtilLocal: onNetworkStatus: networkBean = NetworkBean{URI='content://tbox.automotive.neusoft.com/NetworkStatusNotification', DataConnection=false, SimCardRegistraionStatus=false, MobileNetworkType='NoNetwork', Roaming=false, SignalStrength=-1, RouterIPAddress='', VPNIPAddress=''}
11-27 18:55:14.102  3565  3889 I SYS_TBoxUtilLocal: onNetworkStatus: networkBean = NetworkBean{URI='content://tbox.automotive.neusoft.com/NetworkStatusNotification', DataConnection=false, SimCardRegistraionStatus=false, MobileNetworkType='NoNetwork', Roaming=false, SignalStrength=-1, RouterIPAddress='', VPNIPAddress=''}
11-27 18:55:16.519  2161  2161 W CarStateManagerService: <VehiclePower>send type is:0;temp is:0
11-27 18:55:16.570  1589  2039 I vehiclelan|commonProxy: begin to writeMessage msgType = 0x1005 subtype = 1 ret = 0
11-27 18:55:19.099  2275  2294 I SYS_TBoxUtilLocal: onNetworkStatus: networkBean = NetworkBean{URI='content://tbox.automotive.neusoft.com/NetworkStatusNotification', DataConnection=false, SimCardRegistraionStatus=false, MobileNetworkType='NoNetwork', Roaming=false, SignalStrength=-1, RouterIPAddress='', VPNIPAddress=''}
11-27 18:55:19.101  3565  3889 I SYS_TBoxUtilLocal: onNetworkStatus: networkBean = NetworkBean{URI='content://tbox.automotive.neusoft.com/NetworkStatusNotification', DataConnection=false, SimCardRegistraionStatus=false, MobileNetworkType='NoNetwork', Roaming=false, SignalStrength=-1, RouterIPAddress='', VPNIPAddress=''}
11-27 18:55:21.517  2161  2161 W CarStateManagerService: <VehiclePower>send type is:0;temp is:0
11-27 18:55:24.101  2275  2294 I SYS_TBoxUtilLocal: onNetworkStatus: networkBean = NetworkBean{URI='content://tbox.automotive.neusoft.com/NetworkStatusNotification', DataConnection=false, SimCardRegistraionStatus=false, MobileNetworkType='NoNetwork', Roaming=false, SignalStrength=-1, RouterIPAddress='', VPNIPAddress=''}
11-27 18:55:24.102  3565  3889 I SYS_TBoxUtilLocal: onNetworkStatus: networkBean = NetworkBean{URI='content://tbox.automotive.neusoft.com/NetworkStatusNotification', DataConnection=false, SimCardRegistraionStatus=false, MobileNetworkType='NoNetwork', Roaming=false, SignalStrength=-1, RouterIPAddress='', VPNIPAddress=''}
11-27 18:55:26.535  2161  2161 W CarStateManagerService: <VehiclePower>send type is:0;temp is:0
11-27 18:55:26.588  1589  2039 I vehiclelan|commonProxy: begin to writeMessage msgType = 0x1005 subtype = 1 ret = 0
11-27 18:55:29.100  2275  2294 I SYS_TBoxUtilLocal: onNetworkStatus: networkBean = NetworkBean{URI='content://tbox.automotive.neusoft.com/NetworkStatusNotification', DataConnection=false, SimCardRegistraionStatus=false, MobileNetworkType='NoNetwork', Roaming=false, SignalStrength=-1, RouterIPAddress='', VPNIPAddress=''}
11-27 18:55:29.102  3565  3580 I SYS_TBoxUtilLocal: onNetworkStatus: networkBean = NetworkBean{URI='content://tbox.automotive.neusoft.com/NetworkStatusNotification', DataConnection=false, SimCardRegistraionStatus=false, MobileNetworkType='NoNetwork', Roaming=false, SignalStrength=-1, RouterIPAddress='', VPNIPAddress=''}
11-27 18:55:31.535  2161  2161 W CarStateManagerService: <VehiclePower>send type is:0;temp is:0
11-27 18:55:34.102  2275  2294 I SYS_TBoxUtilLocal: onNetworkStatus: networkBean = NetworkBean{URI='content://tbox.automotive.neusoft.com/NetworkStatusNotification', DataConnection=false, SimCardRegistraionStatus=false, MobileNetworkType='NoNetwork', Roaming=false, SignalStrength=-1, RouterIPAddress='', VPNIPAddress=''}
11-27 18:55:34.104  3565  3580 I SYS_TBoxUtilLocal: onNetworkStatus: networkBean = NetworkBean{URI='content://tbox.automotive.neusoft.com/NetworkStatusNotification', DataConnection=false, SimCardRegistraionStatus=false, MobileNetworkType='NoNetwork', Roaming=false, SignalStrength=-1, RouterIPAddress='', VPNIPAddress=''}
11-27 18:55:36.526  2161  2161 W CarStateManagerService: <VehiclePower>send type is:0;temp is:0
11-27 18:55:36.606  1589  2039 I vehiclelan|commonProxy: begin to writeMessage msgType = 0x1005 subtype = 1 ret = 0
11-27 18:55:37.023  7437  7437 I pidof   : type=1400 audit(0.0:11594): avc: denied { read } for scontext=u:r:direct_network_config:s0 tcontext=u:r:vehicle_shmemslaver:s0 tclass=file permissive=1
11-27 18:55:37.035  7437  7437 I pidof   : type=1400 audit(0.0:11595): avc: denied { open } for path="/proc/2558/comm" dev="proc" ino=151697 scontext=u:r:direct_network_config:s0 tcontext=u:r:vehicle_shmemslaver:s0 tclass=file permissive=1
11-27 18:55:39.099  2275  2294 I SYS_TBoxUtilLocal: onNetworkStatus: networkBean = NetworkBean{URI='content://tbox.automotive.neusoft.com/NetworkStatusNotification', DataConnection=false, SimCardRegistraionStatus=false, MobileNetworkType='NoNetwork', Roaming=false, SignalStrength=-1, RouterIPAddress='', VPNIPAddress=''}
11-27 18:55:39.100  3565  3889 I SYS_TBoxUtilLocal: onNetworkStatus: networkBean = NetworkBean{URI='content://tbox.automotive.neusoft.com/NetworkStatusNotification', DataConnection=false, SimCardRegistraionStatus=false, MobileNetworkType='NoNetwork', Roaming=false, SignalStrength=-1, RouterIPAddress='', VPNIPAddress=''}
11-27 18:55:41.531  2161  2161 W CarStateManagerService: <VehiclePower>send type is:0;temp is:0
11-27 18:55:44.099  2275  2294 I SYS_TBoxUtilLocal: onNetworkStatus: networkBean = NetworkBean{URI='content://tbox.automotive.neusoft.com/NetworkStatusNotification', DataConnection=false, SimCardRegistraionStatus=false, MobileNetworkType='NoNetwork', Roaming=false, SignalStrength=-1, RouterIPAddress='', VPNIPAddress=''}
11-27 18:55:44.101  3565  3580 I SYS_TBoxUtilLocal: onNetworkStatus: networkBean = NetworkBean{URI='content://tbox.automotive.neusoft.com/NetworkStatusNotification', DataConnection=false, SimCardRegistraionStatus=false, MobileNetworkType='NoNetwork', Roaming=false, SignalStrength=-1, RouterIPAddress='', VPNIPAddress=''}
11-27 18:55:46.002  1583  1612 I VehiclePlatform: [remoteserver|services] : StoreDateTime() - LOCAL TIME: 2025-11-27 18:55:46
11-27 18:55:46.527  2161  2161 W CarStateManagerService: <VehiclePower>send type is:0;temp is:0
11-27 18:55:46.614  1589  2039 I vehiclelan|commonProxy: begin to writeMessage msgType = 0x1005 subtype = 1 ret = 0
11-27 18:55:47.587  7453  7453 I pidof   : type=1400 audit(0.0:11597): avc: denied { read } for scontext=u:r:direct_network_config:s0 tcontext=u:r:vehicle_linkdevicemanager:s0 tclass=file permissive=1
11-27 18:55:47.595  7453  7453 I pidof   : type=1400 audit(0.0:11598): avc: denied { open } for path="/proc/2560/comm" dev="proc" ino=151699 scontext=u:r:direct_network_config:s0 tcontext=u:r:vehicle_linkdevicemanager:s0 tclass=file permissive=1
11-27 18:55:49.107  2275  2294 I SYS_TBoxUtilLocal: onNetworkStatus: networkBean = NetworkBean{URI='content://tbox.automotive.neusoft.com/NetworkStatusNotification', DataConnection=false, SimCardRegistraionStatus=false, MobileNetworkType='NoNetwork', Roaming=false, SignalStrength=-1, RouterIPAddress='', VPNIPAddress=''}
11-27 18:55:49.109  3565  3580 I SYS_TBoxUtilLocal: onNetworkStatus: networkBean = NetworkBean{URI='content://tbox.automotive.neusoft.com/NetworkStatusNotification', DataConnection=false, SimCardRegistraionStatus=false, MobileNetworkType='NoNetwork', Roaming=false, SignalStrength=-1, RouterIPAddress='', VPNIPAddress=''}
11-27 18:55:51.535  2161  2161 W CarStateManagerService: <VehiclePower>send type is:0;temp is:0
11-27 18:55:54.102  2275  2294 I SYS_TBoxUtilLocal: onNetworkStatus: networkBean = NetworkBean{URI='content://tbox.automotive.neusoft.com/NetworkStatusNotification', DataConnection=false, SimCardRegistraionStatus=false, MobileNetworkType='NoNetwork', Roaming=false, SignalStrength=-1, RouterIPAddress='', VPNIPAddress=''}
11-27 18:55:54.104  3565  3889 I SYS_TBoxUtilLocal: onNetworkStatus: networkBean = NetworkBean{URI='content://tbox.automotive.neusoft.com/NetworkStatusNotification', DataConnection=false, SimCardRegistraionStatus=false, MobileNetworkType='NoNetwork', Roaming=false, SignalStrength=-1, RouterIPAddress='', VPNIPAddress=''}
11-27 18:55:56.539  2161  2161 W CarStateManagerService: <VehiclePower>send type is:0;temp is:0
11-27 18:55:56.622  1589  2039 I vehiclelan|commonProxy: begin to writeMessage msgType = 0x1005 subtype = 1 ret = 0
11-27 18:55:59.113  2275  2294 I SYS_TBoxUtilLocal: onNetworkStatus: networkBean = NetworkBean{URI='content://tbox.automotive.neusoft.com/NetworkStatusNotification', DataConnection=false, SimCardRegistraionStatus=false, MobileNetworkType='NoNetwork', Roaming=false, SignalStrength=-1, RouterIPAddress='', VPNIPAddress=''}
11-27 18:55:59.117  3565  3889 I SYS_TBoxUtilLocal: onNetworkStatus: networkBean = NetworkBean{URI='content://tbox.automotive.neusoft.com/NetworkStatusNotification', DataConnection=false, SimCardRegistraionStatus=false, MobileNetworkType='NoNetwork', Roaming=false, SignalStrength=-1, RouterIPAddress='', VPNIPAddress=''}
11-27 18:56:00.636  2560  2659 I VehiclePlatform: [linkdevicemanager|MCHP] : event change@/devices/virtual/xt_idletimer/timers
11-27 18:56:00.819  7474  7474 I pidof   : type=1400 audit(0.0:11600): avc: denied { search } for name="2560" dev="proc" ino=149405 scontext=u:r:direct_network_config:s0 tcontext=u:r:vehicle_linkdevicemanager:s0 tclass=dir permissive=1
11-27 18:56:01.528  2161  2161 W CarStateManagerService: <VehiclePower>send type is:0;temp is:0
11-27 18:56:04.100  2275  2294 I SYS_TBoxUtilLocal: onNetworkStatus: networkBean = NetworkBean{URI='content://tbox.automotive.neusoft.com/NetworkStatusNotification', DataConnection=false, SimCardRegistraionStatus=false, MobileNetworkType='NoNetwork', Roaming=false, SignalStrength=-1, RouterIPAddress='', VPNIPAddress=''}
11-27 18:56:04.101  3565  3889 I SYS_TBoxUtilLocal: onNetworkStatus: networkBean = NetworkBean{URI='content://tbox.automotive.neusoft.com/NetworkStatusNotification', DataConnection=false, SimCardRegistraionStatus=false, MobileNetworkType='NoNetwork', Roaming=false, SignalStrength=-1, RouterIPAddress='', VPNIPAddress=''}
11-27 18:56:05.242  2560  2659 I VehiclePlatform: [linkdevicemanager|MCHP] : event change@/devices/virtual/xt_idletimer/timers
11-27 18:56:06.115  7489  7489 I pidof   : type=1400 audit(0.0:11602): avc: denied { search } for name="2558" dev="proc" ino=149404 scontext=u:r:direct_network_config:s0 tcontext=u:r:vehicle_shmemslaver:s0 tclass=dir permissive=1
11-27 18:56:06.526  2161  2161 W CarStateManagerService: <VehiclePower>send type is:0;temp is:0
11-27 18:56:06.629  1589  2039 I vehiclelan|commonProxy: begin to writeMessage msgType = 0x1005 subtype = 1 ret = 0
11-27 18:56:09.099  2275  2294 I SYS_TBoxUtilLocal: onNetworkStatus: networkBean = NetworkBean{URI='content://tbox.automotive.neusoft.com/NetworkStatusNotification', DataConnection=false, SimCardRegistraionStatus=false, MobileNetworkType='NoNetwork', Roaming=false, SignalStrength=-1, RouterIPAddress='', VPNIPAddress=''}
11-27 18:56:09.101  3565  4156 I SYS_TBoxUtilLocal: onNetworkStatus: networkBean = NetworkBean{URI='content://tbox.automotive.neusoft.com/NetworkStatusNotification', DataConnection=false, SimCardRegistraionStatus=false, MobileNetworkType='NoNetwork', Roaming=false, SignalStrength=-1, RouterIPAddress='', VPNIPAddress=''}
11-27 18:56:11.522  2161  2161 W CarStateManagerService: <VehiclePower>send type is:0;temp is:0
11-27 18:56:14.105  2275  2294 I SYS_TBoxUtilLocal: onNetworkStatus: networkBean = NetworkBean{URI='content://tbox.automotive.neusoft.com/NetworkStatusNotification', DataConnection=false, SimCardRegistraionStatus=false, MobileNetworkType='NoNetwork', Roaming=false, SignalStrength=-1, RouterIPAddress='', VPNIPAddress=''}
11-27 18:56:14.109  3565  3578 I SYS_TBoxUtilLocal: onNetworkStatus: networkBean = NetworkBean{URI='content://tbox.automotive.neusoft.com/NetworkStatusNotification', DataConnection=false, SimCardRegistraionStatus=false, MobileNetworkType='NoNetwork', Roaming=false, SignalStrength=-1, RouterIPAddress='', VPNIPAddress=''}
11-27 18:56:16.542  2161  2161 W CarStateManagerService: <VehiclePower>send type is:0;temp is:0
11-27 18:56:16.641  1589  2039 I vehiclelan|commonProxy: begin to writeMessage msgType = 0x1005 subtype = 1 ret = 0
11-27 18:56:19.099  2275  2294 I SYS_TBoxUtilLocal: onNetworkStatus: networkBean = NetworkBean{URI='content://tbox.automotive.neusoft.com/NetworkStatusNotification', DataConnection=false, SimCardRegistraionStatus=false, MobileNetworkType='NoNetwork', Roaming=false, SignalStrength=-1, RouterIPAddress='', VPNIPAddress=''}
11-27 18:56:19.100  3565  3889 I SYS_TBoxUtilLocal: onNetworkStatus: networkBean = NetworkBean{URI='content://tbox.automotive.neusoft.com/NetworkStatusNotification', DataConnection=false, SimCardRegistraionStatus=false, MobileNetworkType='NoNetwork', Roaming=false, SignalStrength=-1, RouterIPAddress='', VPNIPAddress=''}
11-27 18:56:21.526  2161  2161 W CarStateManagerService: <VehiclePower>send type is:0;temp is:0
11-27 18:56:24.099  2275  2294 I SYS_TBoxUtilLocal: onNetworkStatus: networkBean = NetworkBean{URI='content://tbox.automotive.neusoft.com/NetworkStatusNotification', DataConnection=false, SimCardRegistraionStatus=false, MobileNetworkType='NoNetwork', Roaming=false, SignalStrength=-1, RouterIPAddress='', VPNIPAddress=''}
11-27 18:56:24.101  3565  3578 I SYS_TBoxUtilLocal: onNetworkStatus: networkBean = NetworkBean{URI='content://tbox.automotive.neusoft.com/NetworkStatusNotification', DataConnection=false, SimCardRegistraionStatus=false, MobileNetworkType='NoNetwork', Roaming=false, SignalStrength=-1, RouterIPAddress='', VPNIPAddress=''}
11-27 18:56:26.545  2161  2161 W CarStateManagerService: <VehiclePower>send type is:0;temp is:0
11-27 18:56:26.659  1589  2039 I vehiclelan|commonProxy: begin to writeMessage msgType = 0x1005 subtype = 1 ret = 0
11-27 18:56:29.107  2275  2294 I SYS_TBoxUtilLocal: onNetworkStatus: networkBean = NetworkBean{URI='content://tbox.automotive.neusoft.com/NetworkStatusNotification', DataConnection=false, SimCardRegistraionStatus=false, MobileNetworkType='NoNetwork', Roaming=false, SignalStrength=-1, RouterIPAddress='', VPNIPAddress=''}
11-27 18:56:29.109  3565  3578 I SYS_TBoxUtilLocal: onNetworkStatus: networkBean = NetworkBean{URI='content://tbox.automotive.neusoft.com/NetworkStatusNotification', DataConnection=false, SimCardRegistraionStatus=false, MobileNetworkType='NoNetwork', Roaming=false, SignalStrength=-1, RouterIPAddress='', VPNIPAddress=''}
11-27 18:56:30.848  2560  2659 I VehiclePlatform: [linkdevicemanager|MCHP] : event change@/devices/virtual/xt_idletimer/timers
11-27 18:56:31.519  2161  2161 W CarStateManagerService: <VehiclePower>send type is:0;temp is:0
11-27 18:56:34.104  2275  2294 I SYS_TBoxUtilLocal: onNetworkStatus: networkBean = NetworkBean{URI='content://tbox.automotive.neusoft.com/NetworkStatusNotification', DataConnection=false, SimCardRegistraionStatus=false, MobileNetworkType='NoNetwork', Roaming=false, SignalStrength=-1, RouterIPAddress='', VPNIPAddress=''}
11-27 18:56:34.106  3565  3889 I SYS_TBoxUtilLocal: onNetworkStatus: networkBean = NetworkBean{URI='content://tbox.automotive.neusoft.com/NetworkStatusNotification', DataConnection=false, SimCardRegistraionStatus=false, MobileNetworkType='NoNetwork', Roaming=false, SignalStrength=-1, RouterIPAddress='', VPNIPAddress=''}
11-27 18:56:35.268  2560  2659 I VehiclePlatform: [linkdevicemanager|MCHP] : event change@/devices/virtual/xt_idletimer/timers
11-27 18:56:36.525  2161  2161 W CarStateManagerService: <VehiclePower>send type is:0;temp is:0
11-27 18:56:36.666  1589  2039 I vehiclelan|commonProxy: begin to writeMessage msgType = 0x1005 subtype = 1 ret = 0
11-27 18:56:37.887  7547  7547 I pidof   : type=1400 audit(0.0:11708): avc: denied { read } for scontext=u:r:direct_network_config:s0 tcontext=u:r:hal_vehicle_g6:s0 tclass=file permissive=1
11-27 18:56:37.887  7547  7547 I pidof   : type=1400 audit(0.0:11710): avc: denied { open } for path="/proc/1583/comm" dev="proc" ino=165579 scontext=u:r:direct_network_config:s0 tcontext=u:r:hal_vehicle_g6:s0 tclass=file permissive=1
11-27 18:56:39.099  2275  2294 I SYS_TBoxUtilLocal: onNetworkStatus: networkBean = NetworkBean{URI='content://tbox.automotive.neusoft.com/NetworkStatusNotification', DataConnection=false, SimCardRegistraionStatus=false, MobileNetworkType='NoNetwork', Roaming=false, SignalStrength=-1, RouterIPAddress='', VPNIPAddress=''}
11-27 18:56:39.103  3565  4156 I SYS_TBoxUtilLocal: onNetworkStatus: networkBean = NetworkBean{URI='content://tbox.automotive.neusoft.com/NetworkStatusNotification', DataConnection=false, SimCardRegistraionStatus=false, MobileNetworkType='NoNetwork', Roaming=false, SignalStrength=-1, RouterIPAddress='', VPNIPAddress=''}
11-27 18:56:41.520  2161  2161 W CarStateManagerService: <VehiclePower>send type is:0;temp is:0
11-27 18:56:44.099  2275  2294 I SYS_TBoxUtilLocal: onNetworkStatus: networkBean = NetworkBean{URI='content://tbox.automotive.neusoft.com/NetworkStatusNotification', DataConnection=false, SimCardRegistraionStatus=false, MobileNetworkType='NoNetwork', Roaming=false, SignalStrength=-1, RouterIPAddress='', VPNIPAddress=''}
11-27 18:56:44.100  3565  3578 I SYS_TBoxUtilLocal: onNetworkStatus: networkBean = NetworkBean{URI='content://tbox.automotive.neusoft.com/NetworkStatusNotification', DataConnection=false, SimCardRegistraionStatus=false, MobileNetworkType='NoNetwork', Roaming=false, SignalStrength=-1, RouterIPAddress='', VPNIPAddress=''}
11-27 18:56:45.994  1583  1612 I VehiclePlatform: [remoteserver|services] : StoreDateTime() - LOCAL TIME: 2025-11-27 18:56:45
11-27 18:56:46.530  2161  2161 W CarStateManagerService: <VehiclePower>send type is:0;temp is:0
11-27 18:56:46.673  1589  2039 I vehiclelan|commonProxy: begin to writeMessage msgType = 0x1005 subtype = 1 ret = 0
11-27 18:56:49.105  2275  2294 I SYS_TBoxUtilLocal: onNetworkStatus: networkBean = NetworkBean{URI='content://tbox.automotive.neusoft.com/NetworkStatusNotification', DataConnection=false, SimCardRegistraionStatus=false, MobileNetworkType='NoNetwork', Roaming=false, SignalStrength=-1, RouterIPAddress='', VPNIPAddress=''}
11-27 18:56:49.107  3565  3889 I SYS_TBoxUtilLocal: onNetworkStatus: networkBean = NetworkBean{URI='content://tbox.automotive.neusoft.com/NetworkStatusNotification', DataConnection=false, SimCardRegistraionStatus=false, MobileNetworkType='NoNetwork', Roaming=false, SignalStrength=-1, RouterIPAddress='', VPNIPAddress=''}
11-27 18:56:51.516  2161  2161 W CarStateManagerService: <VehiclePower>send type is:0;temp is:0
11-27 18:56:54.105  2275  2294 I SYS_TBoxUtilLocal: onNetworkStatus: networkBean = NetworkBean{URI='content://tbox.automotive.neusoft.com/NetworkStatusNotification', DataConnection=false, SimCardRegistraionStatus=false, MobileNetworkType='NoNetwork', Roaming=false, SignalStrength=-1, RouterIPAddress='', VPNIPAddress=''}
11-27 18:56:54.106  3565  3578 I SYS_TBoxUtilLocal: onNetworkStatus: networkBean = NetworkBean{URI='content://tbox.automotive.neusoft.com/NetworkStatusNotification', DataConnection=false, SimCardRegistraionStatus=false, MobileNetworkType='NoNetwork', Roaming=false, SignalStrength=-1, RouterIPAddress='', VPNIPAddress=''}
11-27 18:56:56.518  2161  2161 W CarStateManagerService: <VehiclePower>send type is:0;temp is:0
11-27 18:56:56.687  1589  2039 I vehiclelan|commonProxy: begin to writeMessage msgType = 0x1005 subtype = 1 ret = 0
11-27 18:56:59.100  2275  2294 I SYS_TBoxUtilLocal: onNetworkStatus: networkBean = NetworkBean{URI='content://tbox.automotive.neusoft.com/NetworkStatusNotification', DataConnection=false, SimCardRegistraionStatus=false, MobileNetworkType='NoNetwork', Roaming=false, SignalStrength=-1, RouterIPAddress='', VPNIPAddress=''}
11-27 18:56:59.101  3565  3889 I SYS_TBoxUtilLocal: onNetworkStatus: networkBean = NetworkBean{URI='content://tbox.automotive.neusoft.com/NetworkStatusNotification', DataConnection=false, SimCardRegistraionStatus=false, MobileNetworkType='NoNetwork', Roaming=false, SignalStrength=-1, RouterIPAddress='', VPNIPAddress=''}
11-27 18:57:01.529  2161  2161 W CarStateManagerService: <VehiclePower>send type is:0;temp is:0
11-27 18:57:04.099  2275  2294 I SYS_TBoxUtilLocal: onNetworkStatus: networkBean = NetworkBean{URI='content://tbox.automotive.neusoft.com/NetworkStatusNotification', DataConnection=false, SimCardRegistraionStatus=false, MobileNetworkType='NoNetwork', Roaming=false, SignalStrength=-1, RouterIPAddress='', VPNIPAddress=''}
11-27 18:57:04.101  3565  3578 I SYS_TBoxUtilLocal: onNetworkStatus: networkBean = NetworkBean{URI='content://tbox.automotive.neusoft.com/NetworkStatusNotification', DataConnection=false, SimCardRegistraionStatus=false, MobileNetworkType='NoNetwork', Roaming=false, SignalStrength=-1, RouterIPAddress='', VPNIPAddress=''}
11-27 18:57:06.523  2161  2161 W CarStateManagerService: <VehiclePower>send type is:0;temp is:0
11-27 18:57:06.696  1589  2039 I vehiclelan|commonProxy: begin to writeMessage msgType = 0x1005 subtype = 1 ret = 0
11-27 18:57:09.099  2275  2294 I SYS_TBoxUtilLocal: onNetworkStatus: networkBean = NetworkBean{URI='content://tbox.automotive.neusoft.com/NetworkStatusNotification', DataConnection=false, SimCardRegistraionStatus=false, MobileNetworkType='NoNetwork', Roaming=false, SignalStrength=-1, RouterIPAddress='', VPNIPAddress=''}
11-27 18:57:09.100  3565  3578 I SYS_TBoxUtilLocal: onNetworkStatus: networkBean = NetworkBean{URI='content://tbox.automotive.neusoft.com/NetworkStatusNotification', DataConnection=false, SimCardRegistraionStatus=false, MobileNetworkType='NoNetwork', Roaming=false, SignalStrength=-1, RouterIPAddress='', VPNIPAddress=''}
11-27 18:57:11.529  2161  2161 W CarStateManagerService: <VehiclePower>send type is:0;temp is:0
11-27 18:57:14.104  2275  2294 I SYS_TBoxUtilLocal: onNetworkStatus: networkBean = NetworkBean{URI='content://tbox.automotive.neusoft.com/NetworkStatusNotification', DataConnection=false, SimCardRegistraionStatus=false, MobileNetworkType='NoNetwork', Roaming=false, SignalStrength=-1, RouterIPAddress='', VPNIPAddress=''}
11-27 18:57:14.107  3565  3578 I SYS_TBoxUtilLocal: onNetworkStatus: networkBean = NetworkBean{URI='content://tbox.automotive.neusoft.com/NetworkStatusNotification', DataConnection=false, SimCardRegistraionStatus=false, MobileNetworkType='NoNetwork', Roaming=false, SignalStrength=-1, RouterIPAddress='', VPNIPAddress=''}
11-27 18:57:16.527  2161  2161 W CarStateManagerService: <VehiclePower>send type is:0;temp is:0
11-27 18:57:16.721  1589  2039 I vehiclelan|commonProxy: begin to writeMessage msgType = 0x1005 subtype = 1 ret = 0
